<html>
<body>
<pre>
<h1>礦ision Build Log</h1>
<h2>Tool Versions:</h2>
IDE-Version: μVision V5.35.0.0
Copyright (C) 2021 ARM Ltd and ARM Germany GmbH. All rights reserved.
License Information: xx xx, xx, LIC=585FJ-UCACM-IIX5V-PB281-EXBR9-G4UGJ
 
Tool Versions:
Toolchain:       MDK-ARM Plus  Version: 5.35.0.2
Toolchain Path:  C:\Keil_v5\ARM\ARMCC\Bin
C Compiler:      Armcc.exe V5.06 update 7 (build 960)
Assembler:       Armasm.exe V5.06 update 7 (build 960)
Linker/Locator:  ArmLink.exe V5.06 update 7 (build 960)
Library Manager: ArmAr.exe V5.06 update 7 (build 960)
Hex Converter:   FromElf.exe V5.06 update 7 (build 960)
CPU DLL:         SARMCM3.DLL V5.35.0.2
Dialog DLL:      DCM.DLL V1.17.3.0
Target DLL:      UL2CM3.DLL V1.164.0.0
Dialog DLL:      TCM.DLL V1.53.0.0
 
<h2>Project:</h2>
D:\C_CP_Project\Keil\RT-Thread\GD32F407-RT\Project\gd32f407-rt.uvprojx
Project File Date:  10/15/2025

<h2>Output:</h2>
*** Using Compiler 'V5.06 update 7 (build 960)', folder: 'C:\Keil_v5\ARM\ARMCC\Bin'
Build target 'RT-gd32f407'
assembling startup_gd32f407.s...
compiling gd32f4xx_ctc.c...
compiling system_gd32f4xx.c...
compiling gd32f4xx_dac.c...
compiling gd32f4xx_crc.c...
compiling gd32f4xx_adc.c...
compiling gd32f4xx_can.c...
compiling gd32f4xx_dbg.c...
compiling gd32f4xx_dci.c...
compiling gd32f4xx_enet.c...
compiling gd32f4xx_dma.c...
compiling gd32f4xx_exmc.c...
compiling gd32f4xx_exti.c...
compiling gd32f4xx_fmc.c...
..\Libraries\GD32F4xx_standard_peripheral\Source\gd32f4xx_fmc.c(260): warning:  #188-D: enumerated type mixed with another type
  		return fmc_sector;
..\Libraries\GD32F4xx_standard_peripheral\Source\gd32f4xx_fmc.c(261): warning:  #111-D: statement is unreachable
  		break;
..\Libraries\GD32F4xx_standard_peripheral\Source\gd32f4xx_fmc.c(265): warning:  #188-D: enumerated type mixed with another type
  	return fmc_sector;
..\Libraries\GD32F4xx_standard_peripheral\Source\gd32f4xx_fmc.c: 3 warnings, 0 errors
compiling gd32f4xx_fwdgt.c...
compiling gd32f4xx_gpio.c...
compiling gd32f4xx_i2c.c...
compiling gd32f4xx_ipa.c...
compiling gd32f4xx_iref.c...
compiling gd32f4xx_misc.c...
compiling gd32f4xx_pmu.c...
compiling gd32f4xx_rcu.c...
compiling gd32f4xx_rtc.c...
compiling gd32f4xx_sdio.c...
compiling gd32f4xx_spi.c...
compiling gd32f4xx_syscfg.c...
compiling gd32f4xx_timer.c...
compiling gd32f4xx_tli.c...
compiling gd32f4xx_trng.c...
compiling clock.c...
..\RT-Thread\src\clock.c(154): warning:  #223-D: function "rt_sched_tick_increase" declared implicitly
      rt_sched_tick_increase(1);
..\RT-Thread\src\clock.c(188): warning:  #223-D: function "rt_sched_tick_increase" declared implicitly
      rt_sched_tick_increase(tick);
..\RT-Thread\src\clock.c: 2 warnings, 0 errors
compiling components.c...
compiling idle.c...
compiling ipc.c...
..\RT-Thread\src\ipc.c(118): warning:  #223-D: function "rt_sched_thread_ready" declared implicitly
          error = rt_sched_thread_ready(thread);
..\RT-Thread\src\ipc.c(262): warning:  #223-D: function "rt_sched_thread_get_curr_prio" declared implicitly
                  if (rt_sched_thread_get_curr_prio(thread) < rt_sched_thread_get_curr_prio(sthread))
..\RT-Thread\src\ipc.c(834): warning:  #223-D: function "rt_sched_thread_get_curr_prio" declared implicitly
          mutex->priority = rt_sched_thread_get_curr_prio(thread);
..\RT-Thread\src\ipc.c(849): warning:  #223-D: function "rt_sched_thread_get_init_prio" declared implicitly
      rt_uint8_t priority = rt_sched_thread_get_init_prio(thread);
..\RT-Thread\src\ipc.c(876): warning:  #223-D: function "rt_sched_thread_change_priority" declared implicitly
      ret = rt_sched_thread_change_priority(thread, priority);
..\RT-Thread\src\ipc.c(878): warning:  #223-D: function "rt_sched_thread_is_suspended" declared implicitly
      while ((ret == RT_EOK) && rt_sched_thread_is_suspended(thread))
..\RT-Thread\src\ipc.c(903): warning:  #223-D: function "rt_sched_thread_get_curr_prio" declared implicitly
                  if (mutex_priority != rt_sched_thread_get_curr_prio(pending_mutex->owner))
..\RT-Thread\src\ipc.c(927): warning:  #223-D: function "rt_sched_thread_get_curr_prio" declared implicitly
      if ((mutex->ceiling_priority != 0xFF) || (rt_sched_thread_get_curr_prio(thread) == mutex->priority))
..\RT-Thread\src\ipc.c(934): warning:  #223-D: function "rt_sched_thread_change_priority" declared implicitly
          rt_sched_thread_change_priority(thread, priority);
..\RT-Thread\src\ipc.c(1105): warning:  #223-D: function "rt_sched_thread_get_curr_prio" declared implicitly
      if (mutex->owner && rt_sched_thread_get_curr_prio(mutex->owner) ==
..\RT-Thread\src\ipc.c(1119): warning:  #223-D: function "rt_sched_thread_get_curr_prio" declared implicitly
          mutex->priority = rt_sched_thread_get_curr_prio(th);
..\RT-Thread\src\ipc.c(1132): warning:  #223-D: function "rt_sched_thread_get_curr_prio" declared implicitly
          if (priority != rt_sched_thread_get_curr_prio(mutex->owner))
..\RT-Thread\src\ipc.c(1169): warning:  #223-D: function "rt_sched_thread_get_curr_prio" declared implicitly
              if (highest_prio != rt_sched_thread_get_curr_prio(mutex->owner))
..\RT-Thread\src\ipc.c(1378): warning:  #223-D: function "rt_sched_thread_get_curr_prio" declared implicitly
                  if (mutex->ceiling_priority < rt_sched_thread_get_curr_prio(mutex->owner))
..\RT-Thread\src\ipc.c(1419): warning:  #223-D: function "rt_sched_thread_get_curr_prio" declared implicitly
                  priority = rt_sched_thread_get_curr_prio(thread);
..\RT-Thread\src\ipc.c(1645): warning:  #223-D: function "rt_sched_thread_is_suspended" declared implicitly
                  RT_ASSERT(rt_sched_thread_is_suspended(next_thread));
..\RT-Thread\src\ipc.c(1651): warning:  #223-D: function "rt_sched_thread_ready" declared implicitly
                  if (rt_sched_thread_ready(next_thread) != RT_EOK)
..\RT-Thread\src\ipc.c(1680): warning:  #223-D: function "rt_sched_thread_get_curr_prio" declared implicitly
                      mutex->priority = rt_sched_thread_get_curr_prio(th);
..\RT-Thread\src\ipc.c: 18 warnings, 0 errors
compiling irq.c...
compiling gd32f4xx_usart.c...
compiling kservice.c...
compiling gd32f4xx_wwdgt.c...
compiling mem.c...
compiling mempool.c...
compiling object.c...
..\RT-Thread\src\object.c(726): warning:  #188-D: enumerated type mixed with another type
      if (name == RT_NULL || rt_object_get_information(type) == RT_NULL)
..\RT-Thread\src\object.c: 1 warning, 0 errors
compiling thread.c...
..\RT-Thread\src\thread.c(163): warning:  #223-D: function "rt_sched_thread_is_suspended" declared implicitly
      RT_ASSERT(rt_sched_thread_is_suspended(thread));
..\RT-Thread\src\thread.c(171): warning:  #223-D: function "rt_sched_insert_thread" declared implicitly
      rt_sched_insert_thread(thread);
..\RT-Thread\src\thread.c(187): warning:  #223-D: function "rt_sched_thread_init_ctx" declared implicitly
      rt_sched_thread_init_ctx(thread, tick, priority);
..\RT-Thread\src\thread.c(404): warning:  #223-D: function "rt_sched_thread_startup" declared implicitly
      rt_sched_thread_startup(thread);
..\RT-Thread\src\thread.c(436): warning:  #223-D: function "rt_sched_thread_get_stat" declared implicitly
      thread_status = rt_sched_thread_get_stat(thread);
..\RT-Thread\src\thread.c(442): warning:  #223-D: function "rt_sched_remove_thread" declared implicitly
              rt_sched_remove_thread(thread);
..\RT-Thread\src\thread.c(449): warning:  #223-D: function "rt_sched_thread_close" declared implicitly
          rt_sched_thread_close(thread);
..\RT-Thread\src\thread.c(597): warning:  #223-D: function "rt_sched_thread_yield" declared implicitly
      rt_sched_thread_yield(rt_thread_self());
..\RT-Thread\src\thread.c(802): warning:  #223-D: function "rt_sched_thread_change_priority" declared implicitly
              error = rt_sched_thread_change_priority(thread, *(rt_uint8_t *)arg);
..\RT-Thread\src\thread.c(812): warning:  #223-D: function "rt_sched_thread_reset_priority" declared implicitly
              error = rt_sched_thread_reset_priority(thread, *(rt_uint8_t *)arg);
..\RT-Thread\src\thread.c(845): warning:  #223-D: function "rt_sched_thread_bind_cpu" declared implicitly
              return rt_sched_thread_bind_cpu(thread, cpu);
..\RT-Thread\src\thread.c(923): warning:  #223-D: function "rt_sched_thread_get_stat" declared implicitly
      stat = rt_sched_thread_get_stat(thread);
..\RT-Thread\src\thread.c(965): warning:  #223-D: function "rt_sched_remove_thread" declared implicitly
      rt_sched_remove_thread(thread);
..\RT-Thread\src\thread.c(978): warning:  #223-D: function "rt_sched_thread_timer_stop" declared implicitly
      rt_sched_thread_timer_stop(thread);
..\RT-Thread\src\thread.c(1036): warning:  #223-D: function "rt_sched_thread_ready" declared implicitly
      error = rt_sched_thread_ready(thread);
..\RT-Thread\src\thread.c: 15 warnings, 0 errors
compiling timer.c...
..\RT-Thread\src\timer.c(601): warning:  #223-D: function "rt_sched_thread_timer_start" declared implicitly
          rt_sched_thread_timer_start(thread);
..\RT-Thread\src\timer.c: 1 warning, 0 errors
assembling context_rvds.S...
compiling cpu_up.c...
compiling defunct.c...
compiling scheduler_comm.c...
..\RT-Thread\src\scheduler_comm.c(44): warning:  #223-D: function "rt_sched_thread_init_priv" declared implicitly
      rt_sched_thread_init_priv(thread, tick, priority);
..\RT-Thread\src\scheduler_comm.c(265): warning:  #223-D: function "rt_sched_insert_thread" declared implicitly
              rt_sched_insert_thread(thread);
..\RT-Thread\src\scheduler_comm.c(354): warning:  #223-D: function "rt_sched_remove_thread" declared implicitly
          rt_sched_remove_thread(thread);
..\RT-Thread\src\scheduler_comm.c(374): warning:  #223-D: function "rt_sched_insert_thread" declared implicitly
          rt_sched_insert_thread(thread);
..\RT-Thread\src\scheduler_comm.c(484): warning:  #1-D: last line of file ends without a newline
  #endif /* RT_USING_OVERFLOW_CHECK */
..\RT-Thread\src\scheduler_comm.c: 5 warnings, 0 errors
compiling scheduler_up.c...
..\RT-Thread\src\scheduler_up.c(735): warning:  #1-D: last line of file ends without a newline
  /**@endcond*/
..\RT-Thread\src\scheduler_up.c: 1 warning, 0 errors
compiling cpuport.c...
..\RT-Thread\libcpu\arm\cortex-m4\cpuport.c(378): warning:  #177-D: variable "context"  was declared but never referenced
      struct stack_frame *context = &exception_info->stack_frame;
..\RT-Thread\libcpu\arm\cortex-m4\cpuport.c: 1 warning, 0 errors
compiling kerrno.c...
compiling kstdio.c...
compiling kstring.c...
compiling rt_vsnprintf_tiny.c...
compiling rt_vsscanf.c...
compiling gd32f4xx_it.c...
..\User\config\gd32f4xx_it.c(33): warning:  #223-D: function "debug_entry_USART0_IRQHandler" declared implicitly
  	debug_entry_USART0_IRQHandler();
..\User\config\gd32f4xx_it.c: 1 warning, 0 errors
compiling main.c...
..\User\main.c(19): warning:  #223-D: function "debug_deal" declared implicitly
  		debug_deal();
..\User\main.c(14): warning:  #177-D: variable "count"  was declared but never referenced
      rt_uint32_t count = 0;
..\User\main.c(49): warning:  #223-D: function "debug_init" declared implicitly
  	debug_init();											//usart初始化:包括串口驱动初始化
..\User\main.c: 3 warnings, 0 errors
compiling drv_usart.c...
..\User\driver\drv_usart.c(58): warning:  #188-D: enumerated type mixed with another type
      rcu_periph_clock_enable(usart_map->usart_clock);
..\User\driver\drv_usart.c(59): warning:  #188-D: enumerated type mixed with another type
      rcu_periph_clock_enable(usart_map->gpio_tx_clock);
..\User\driver\drv_usart.c(60): warning:  #188-D: enumerated type mixed with another type
      rcu_periph_clock_enable(usart_map->gpio_rx_clock);
..\User\driver\drv_usart.c(108): warning:  #188-D: enumerated type mixed with another type
      usart_interrupt_enable(usart_init_struct->usart_handle, usart_init_struct->usart_interrupt);
..\User\driver\drv_usart.c: 4 warnings, 0 errors
linking...
Program Size: Code=10834 RO-data=714 RW-data=676 ZI-data=11436  
After Build - User command #1: fromelf.exe --bin -o ./Bins/gd32f407-rt.bin ./Objects/gd32f407-rt.axf
"./Objects/gd32f407-rt.axf": Error: Q0122E: Could not open file './Objects/gd32f407-rt.axf': No such file or directory
Finished: 0 information, 0 warning and 1 error messages.
".\gd32f407-rt.axf" - 0 Error(s), 55 Warning(s).

<h2>Software Packages used:</h2>

Package Vendor: GigaDevice
                https://gd32mcu.com/data/documents/pack/GigaDevice.GD32F4xx_DFP.3.0.3.pack
                GigaDevice.GD32F4xx_DFP.3.0.3
                GigaDevice GD32F4xx Series Device Support and Examples

<h2>Collection of Component include folders:</h2>
  C:\Users\yubinfeng\AppData\Local\Arm\Packs\GigaDevice\GD32F4xx_DFP\3.0.3\Device\F4XX\Include

<h2>Collection of Component Files used:</h2>
Build Time Elapsed:  00:02:29
</pre>
</body>
</html>
