Component: ARM Compiler 5.06 update 7 (build 960) Tool: armlink [4d3601]

==============================================================================

Section Cross References

    system_gd32f4xx.o(i.SystemCoreClockUpdate) refers to system_gd32f4xx.o(.data) for .data
    system_gd32f4xx.o(i.SystemInit) refers to system_gd32f4xx.o(i.system_clock_168m_25m_hxtal) for system_clock_168m_25m_hxtal
    system_gd32f4xx.o(i.SystemInit) refers to gd32f4xx_misc.o(i.nvic_vector_table_set) for nvic_vector_table_set
    startup_gd32f407.o(RESET) refers to startup_gd32f407.o(STACK) for __initial_sp
    startup_gd32f407.o(RESET) refers to startup_gd32f407.o(.text) for Reset_Handler
    startup_gd32f407.o(RESET) refers to context_rvds.o(.text) for HardFault_Handler
    startup_gd32f407.o(RESET) refers to gd32f4xx_it.o(i.SysTick_Handler) for SysTick_Handler
    startup_gd32f407.o(RESET) refers to gd32f4xx_it.o(i.USART0_IRQHandler) for USART0_IRQHandler
    startup_gd32f407.o(.text) refers to gd32f4xx_it.o(i.hard_fault_handler_c) for hard_fault_handler_c
    startup_gd32f407.o(.text) refers to system_gd32f4xx.o(i.SystemInit) for SystemInit
    startup_gd32f407.o(.text) refers to entry.o(.ARM.Collect$$$$00000000) for __main
    gd32f4xx_adc.o(i.adc_deinit) refers to gd32f4xx_rcu.o(i.rcu_periph_reset_enable) for rcu_periph_reset_enable
    gd32f4xx_adc.o(i.adc_deinit) refers to gd32f4xx_rcu.o(i.rcu_periph_reset_disable) for rcu_periph_reset_disable
    gd32f4xx_can.o(i.can_debug_freeze_disable) refers to gd32f4xx_dbg.o(i.dbg_periph_disable) for dbg_periph_disable
    gd32f4xx_can.o(i.can_debug_freeze_enable) refers to gd32f4xx_dbg.o(i.dbg_periph_enable) for dbg_periph_enable
    gd32f4xx_can.o(i.can_deinit) refers to gd32f4xx_rcu.o(i.rcu_periph_reset_enable) for rcu_periph_reset_enable
    gd32f4xx_can.o(i.can_deinit) refers to gd32f4xx_rcu.o(i.rcu_periph_reset_disable) for rcu_periph_reset_disable
    gd32f4xx_can.o(i.can_interrupt_flag_get) refers to gd32f4xx_can.o(i.can_receive_message_length_get) for can_receive_message_length_get
    gd32f4xx_can.o(i.can_interrupt_flag_get) refers to gd32f4xx_can.o(i.can_error_get) for can_error_get
    gd32f4xx_ctc.o(i.ctc_deinit) refers to gd32f4xx_rcu.o(i.rcu_periph_reset_enable) for rcu_periph_reset_enable
    gd32f4xx_ctc.o(i.ctc_deinit) refers to gd32f4xx_rcu.o(i.rcu_periph_reset_disable) for rcu_periph_reset_disable
    gd32f4xx_dac.o(i.dac_deinit) refers to gd32f4xx_rcu.o(i.rcu_periph_reset_enable) for rcu_periph_reset_enable
    gd32f4xx_dac.o(i.dac_deinit) refers to gd32f4xx_rcu.o(i.rcu_periph_reset_disable) for rcu_periph_reset_disable
    gd32f4xx_dci.o(i.dci_deinit) refers to gd32f4xx_rcu.o(i.rcu_periph_reset_enable) for rcu_periph_reset_enable
    gd32f4xx_dci.o(i.dci_deinit) refers to gd32f4xx_rcu.o(i.rcu_periph_reset_disable) for rcu_periph_reset_disable
    gd32f4xx_enet.o(i.enet_deinit) refers to gd32f4xx_rcu.o(i.rcu_periph_reset_enable) for rcu_periph_reset_enable
    gd32f4xx_enet.o(i.enet_deinit) refers to gd32f4xx_rcu.o(i.rcu_periph_reset_disable) for rcu_periph_reset_disable
    gd32f4xx_enet.o(i.enet_deinit) refers to gd32f4xx_enet.o(i.enet_initpara_reset) for enet_initpara_reset
    gd32f4xx_enet.o(i.enet_descriptors_chain_init) refers to gd32f4xx_enet.o(.data) for .data
    gd32f4xx_enet.o(i.enet_descriptors_chain_init) refers to gd32f4xx_enet.o(.bss) for .bss
    gd32f4xx_enet.o(i.enet_descriptors_ring_init) refers to gd32f4xx_enet.o(.data) for .data
    gd32f4xx_enet.o(i.enet_descriptors_ring_init) refers to gd32f4xx_enet.o(.bss) for .bss
    gd32f4xx_enet.o(i.enet_disable) refers to gd32f4xx_enet.o(i.enet_tx_disable) for enet_tx_disable
    gd32f4xx_enet.o(i.enet_disable) refers to gd32f4xx_enet.o(i.enet_rx_disable) for enet_rx_disable
    gd32f4xx_enet.o(i.enet_enable) refers to gd32f4xx_enet.o(i.enet_tx_enable) for enet_tx_enable
    gd32f4xx_enet.o(i.enet_enable) refers to gd32f4xx_enet.o(i.enet_rx_enable) for enet_rx_enable
    gd32f4xx_enet.o(i.enet_frame_receive) refers to gd32f4xx_enet.o(.data) for .data
    gd32f4xx_enet.o(i.enet_frame_transmit) refers to gd32f4xx_enet.o(.data) for .data
    gd32f4xx_enet.o(i.enet_init) refers to gd32f4xx_enet.o(i.enet_phy_config) for enet_phy_config
    gd32f4xx_enet.o(i.enet_init) refers to gd32f4xx_enet.o(i.enet_delay) for enet_delay
    gd32f4xx_enet.o(i.enet_init) refers to gd32f4xx_enet.o(i.enet_phy_write_read) for enet_phy_write_read
    gd32f4xx_enet.o(i.enet_init) refers to gd32f4xx_enet.o(.bss) for .bss
    gd32f4xx_enet.o(i.enet_initpara_config) refers to gd32f4xx_enet.o(.bss) for .bss
    gd32f4xx_enet.o(i.enet_initpara_reset) refers to gd32f4xx_enet.o(.bss) for .bss
    gd32f4xx_enet.o(i.enet_phy_config) refers to gd32f4xx_rcu.o(i.rcu_clock_freq_get) for rcu_clock_freq_get
    gd32f4xx_enet.o(i.enet_phy_config) refers to gd32f4xx_enet.o(i.enet_phy_write_read) for enet_phy_write_read
    gd32f4xx_enet.o(i.enet_phy_config) refers to gd32f4xx_enet.o(i.enet_delay) for enet_delay
[...]
    .ARM.Collect$$$$0000000B                 0x08010190   Section        8  entry9a.o(.ARM.Collect$$$$0000000B)
    .ARM.Collect$$$$0000000E                 0x08010198   Section        4  entry12b.o(.ARM.Collect$$$$0000000E)
    .ARM.Collect$$$$0000000F                 0x0801019c   Section        0  entry10a.o(.ARM.Collect$$$$0000000F)
    .ARM.Collect$$$$00000011                 0x0801019c   Section        0  entry11a.o(.ARM.Collect$$$$00000011)
    .ARM.Collect$$$$00002712                 0x0801019c   Section        4  entry2.o(.ARM.Collect$$$$00002712)
    __lit__00000000                          0x0801019c   Data           4  entry2.o(.ARM.Collect$$$$00002712)
    .text                                    0x080101a0   Section       52  startup_gd32f407.o(.text)
    $v0                                      0x080101a0   Number         0  startup_gd32f407.o(.text)
    .text                                    0x080101d4   Section      348  context_rvds.o(.text)
    $v0                                      0x080101d4   Number         0  context_rvds.o(.text)
    .text                                    0x08010330   Section        0  memcpya.o(.text)
    .text                                    0x08010354   Section        0  memseta.o(.text)
    .text                                    0x08010378   Section        0  strcmp.o(.text)
    .text                                    0x08010394   Section       36  init.o(.text)
    .text                                    0x080103b8   Section        0  __dczerorl2.o(.text)
    i.NVIC_SetPriority                       0x0801040e   Section        0  main.o(i.NVIC_SetPriority)
    NVIC_SetPriority                         0x0801040f   Thumb Code    32  main.o(i.NVIC_SetPriority)
    i.SysTick_Handler                        0x0801042e   Section        0  gd32f4xx_it.o(i.SysTick_Handler)
    i.SystemInit                             0x08010440   Section        0  system_gd32f4xx.o(i.SystemInit)
    i.USART0_IRQHandler                      0x080104d4   Section        0  gd32f4xx_it.o(i.USART0_IRQHandler)
    i.__0printf$2                            0x080104d8   Section        0  printf2.o(i.__0printf$2)
    i.__rt_ffs                               0x080104f8   Section        0  kservice.o(i.__rt_ffs)
    i.__scatterload_copy                     0x0801053c   Section       14  handlers.o(i.__scatterload_copy)
    i.__scatterload_null                     0x0801054a   Section        2  handlers.o(i.__scatterload_null)
    i.__scatterload_zeroinit                 0x0801054c   Section       14  handlers.o(i.__scatterload_zeroinit)
    i._check_and_update_prio                 0x0801055a   Section        0  ipc.o(i._check_and_update_prio)
    _check_and_update_prio                   0x0801055b   Thumb Code    46  ipc.o(i._check_and_update_prio)
    i._heap_lock                             0x08010588   Section        0  kservice.o(i._heap_lock)
    _heap_lock                               0x08010589   Thumb Code    26  kservice.o(i._heap_lock)
    i._heap_unlock                           0x080105a8   Section        0  kservice.o(i._heap_unlock)
    _heap_unlock                             0x080105a9   Thumb Code    22  kservice.o(i._heap_unlock)
    i._printf_core                           0x080105c4   Section        0  printf2.o(i._printf_core)
    _printf_core                             0x080105c5   Thumb Code   214  printf2.o(i._printf_core)
    i._rt_mutex_take                         0x0801069a   Section        0  ipc.o(i._rt_mutex_take)
    _rt_mutex_take                           0x0801069b   Thumb Code   416  ipc.o(i._rt_mutex_take)
    i._rt_sched_update_priority              0x0801083a   Section        0  scheduler_comm.o(i._rt_sched_update_priority)
    _rt_sched_update_priority                0x0801083b   Thumb Code    76  scheduler_comm.o(i._rt_sched_update_priority)
    i._rt_sem_take                           0x08010886   Section        0  ipc.o(i._rt_sem_take)
    _rt_sem_take                             0x08010887   Thumb Code   160  ipc.o(i._rt_sem_take)
    i._scheduler_get_highest_priority_thread 0x08010928   Section        0  scheduler_up.o(i._scheduler_get_highest_priority_thread)
    _scheduler_get_highest_priority_thread   0x08010929   Thumb Code    28  scheduler_up.o(i._scheduler_get_highest_priority_thread)
    i._sem_object_init                       0x0801094c   Section        0  ipc.o(i._sem_object_init)
    _sem_object_init                         0x0801094d   Thumb Code    24  ipc.o(i._sem_object_init)
    i._thread_detach_from_mutex              0x08010964   Section        0  thread.o(i._thread_detach_from_mutex)
    _thread_detach_from_mutex                0x08010965   Thumb Code    86  thread.o(i._thread_detach_from_mutex)
    i._thread_exit                           0x080109ba   Section        0  thread.o(i._thread_exit)
    _thread_exit                             0x080109bb   Thumb Code    46  thread.o(i._thread_exit)
    i._thread_get_mutex_priority             0x080109e8   Section        0  ipc.o(i._thread_get_mutex_priority)
    _thread_get_mutex_priority               0x080109e9   Thumb Code    44  ipc.o(i._thread_get_mutex_priority)
    i._thread_init                           0x08010a14   Section        0  thread.o(i._thread_init)
    _thread_init                             0x08010a15   Thumb Code   116  thread.o(i._thread_init)
    i._thread_sleep                          0x08010a90   Section        0  thread.o(i._thread_sleep)
    _thread_sleep                            0x08010a91   Thumb Code   104  thread.o(i._thread_sleep)
    i._thread_timeout                        0x08010af8   Section        0  thread.o(i._thread_timeout)
    _thread_timeout                          0x08010af9   Thumb Code    60  thread.o(i._thread_timeout)
    i._thread_update_priority                0x08010b34   Section        0  ipc.o(i._thread_update_priority)
    _thread_update_priority                  0x08010b35   Thumb Code   118  ipc.o(i._thread_update_priority)
    i._timer_check                           0x08010baa   Section        0  timer.o(i._timer_check)
    _timer_check                             0x08010bab   Thumb Code   162  timer.o(i._timer_check)
    i._timer_init                            0x08010c4c   Section        0  timer.o(i._timer_init)
    _timer_init                              0x08010c4d   Thumb Code    38  timer.o(i._timer_init)
    i._timer_list_next_timeout               0x08010c72   Section        0  timer.o(i._timer_list_next_timeout)
    _timer_list_next_timeout                 0x08010c73   Thumb Code    28  timer.o(i._timer_list_next_timeout)
    i._timer_remove                          0x08010c8e   Section        0  timer.o(i._timer_remove)
    _timer_remove                            0x08010c8f   Thumb Code    24  timer.o(i._timer_remove)
    i._timer_start                           0x08010ca8   Section        0  timer.o(i._timer_start)
    _timer_start                             0x08010ca9   Thumb Code   122  timer.o(i._timer_start)
    i._timer_thread_entry                    0x08010d28   Section        0  timer.o(i._timer_thread_entry)
    _timer_thread_entry                      0x08010d29   Thumb Code    24  timer.o(i._timer_thread_entry)
    i._timerlock_idx                         0x08010d48   Section        0  timer.o(i._timerlock_idx)
    _timerlock_idx                           0x08010d49   Thumb Code    16  timer.o(i._timerlock_idx)
    i.debug_cmd_recv                         0x08010d5c   Section        0  debug_entry.o(i.debug_cmd_recv)
    debug_cmd_recv                           0x08010d5d   Thumb Code   106  debug_entry.o(i.debug_cmd_recv)
    i.debug_deal                             0x08010dd4   Section        0  debug_entry.o(i.debug_deal)
    i.debug_entry_USART0_IRQHandler          0x08010e20   Section        0  debug_entry.o(i.debug_entry_USART0_IRQHandler)
    i.debug_init                             0x08010e58   Section        0  debug_entry.o(i.debug_init)
    i.debug_parse_cmd                        0x08010ea8   Section        0  debug_entry.o(i.debug_parse_cmd)
    debug_parse_cmd                          0x08010ea9   Thumb Code    96  debug_entry.o(i.debug_parse_cmd)
    i.drv_usart_init                         0x08010f98   Section        0  drv_usart.o(i.drv_usart_init)
    i.fputc                                  0x08011038   Section        0  debug_entry.o(i.fputc)
    i.gpio_af_set                            0x0801104c   Section        0  gd32f4xx_gpio.o(i.gpio_af_set)
    i.gpio_mode_set                          0x080110a2   Section        0  gd32f4xx_gpio.o(i.gpio_mode_set)
    i.gpio_output_options_set                0x080110ea   Section        0  gd32f4xx_gpio.o(i.gpio_output_options_set)
    i.hard_fault_handler_c                   0x08011128   Section        0  gd32f4xx_it.o(i.hard_fault_handler_c)
    i.idle_thread_entry                      0x0801112a   Section        0  idle.o(i.idle_thread_entry)
    idle_thread_entry                        0x0801112b   Thumb Code     6  idle.o(i.idle_thread_entry)
    i.main                                   0x08011130   Section        0  main.o(i.main)
    i.nvic_irq_enable                        0x080111b0   Section        0  gd32f4xx_misc.o(i.nvic_irq_enable)
    i.nvic_priority_group_set                0x08011244   Section        0  gd32f4xx_misc.o(i.nvic_priority_group_set)
    i.nvic_vector_table_set                  0x08011258   Section        0  gd32f4xx_misc.o(i.nvic_vector_table_set)
    i.plug_holes                             0x08011270   Section        0  mem.o(i.plug_holes)
    plug_holes                               0x08011271   Thumb Code    92  mem.o(i.plug_holes)
    i.print_number                           0x080112cc   Section        0  rt_vsnprintf_tiny.o(i.print_number)
    print_number                             0x080112cd   Thumb Code   464  rt_vsnprintf_tiny.o(i.print_number)
    i.rcu_clock_freq_get                     0x080114a0   Section        0  gd32f4xx_rcu.o(i.rcu_clock_freq_get)
    i.rcu_periph_clock_enable                0x0801157c   Section        0  gd32f4xx_rcu.o(i.rcu_periph_clock_enable)
    i.rcu_periph_reset_disable               0x0801159c   Section        0  gd32f4xx_rcu.o(i.rcu_periph_reset_disable)
    i.rcu_periph_reset_enable                0x080115bc   Section        0  gd32f4xx_rcu.o(i.rcu_periph_reset_enable)
    i.rt_application_init                    0x080115dc   Section        0  main.o(i.rt_application_init)
    i.rt_cpu_index                           0x08011670   Section        0  cpu_up.o(i.rt_cpu_index)
    i.rt_cpu_self                            0x08011680   Section        0  cpu_up.o(i.rt_cpu_self)
    i.rt_critical_level                      0x08011688   Section        0  scheduler_up.o(i.rt_critical_level)
    i.rt_defunct_execute                     0x08011694   Section        0  defunct.o(i.rt_defunct_execute)
    i.rt_enter_critical                      0x080116cc   Section        0  scheduler_up.o(i.rt_enter_critical)
    i.rt_exit_critical                       0x080116e8   Section        0  scheduler_up.o(i.rt_exit_critical)
    i.rt_exit_critical_safe                  0x08011724   Section        0  scheduler_up.o(i.rt_exit_critical_safe)
    i.rt_free                                0x08011728   Section        0  kservice.o(i.rt_free)
    i.rt_hw_hard_fault_exception             0x08011748   Section        0  cpuport.o(i.rt_hw_hard_fault_exception)
    i.rt_hw_stack_init                       0x08011760   Section        0  cpuport.o(i.rt_hw_stack_init)
    i.rt_interrupt_enter                     0x0801179c   Section        0  irq.o(i.rt_interrupt_enter)
    i.rt_interrupt_get_nest                  0x080117b8   Section        0  irq.o(i.rt_interrupt_get_nest)
    i.rt_interrupt_leave                     0x080117dc   Section        0  irq.o(i.rt_interrupt_leave)
    i.rt_list_insert_after                   0x080117f8   Section        0  ipc.o(i.rt_list_insert_after)
    rt_list_insert_after                     0x080117f9   Thumb Code    14  ipc.o(i.rt_list_insert_after)
    i.rt_list_insert_after                   0x08011806   Section        0  object.o(i.rt_list_insert_after)
    rt_list_insert_after                     0x08011807   Thumb Code    14  object.o(i.rt_list_insert_after)
    i.rt_list_insert_after                   0x08011814   Section        0  timer.o(i.rt_list_insert_after)
    rt_list_insert_after                     0x08011815   Thumb Code    14  timer.o(i.rt_list_insert_after)
    i.rt_list_insert_before                  0x08011822   Section        0  ipc.o(i.rt_list_insert_before)
    rt_list_insert_before                    0x08011823   Thumb Code    14  ipc.o(i.rt_list_insert_before)
    i.rt_list_isempty                        0x08011830   Section        0  ipc.o(i.rt_list_isempty)
    rt_list_isempty                          0x08011831   Thumb Code    14  ipc.o(i.rt_list_isempty)
    i.rt_list_isempty                        0x0801183e   Section        0  timer.o(i.rt_list_isempty)
    rt_list_isempty                          0x0801183f   Thumb Code    14  timer.o(i.rt_list_isempty)
    i.rt_list_remove                         0x0801184c   Section        0  ipc.o(i.rt_list_remove)
    rt_list_remove                           0x0801184d   Thumb Code    18  ipc.o(i.rt_list_remove)
    i.rt_list_remove                         0x0801185e   Section        0  object.o(i.rt_list_remove)
    rt_list_remove                           0x0801185f   Thumb Code    18  object.o(i.rt_list_remove)
    i.rt_list_remove                         0x08011870   Section        0  timer.o(i.rt_list_remove)
    rt_list_remove                           0x08011871   Thumb Code    18  timer.o(i.rt_list_remove)
    i.rt_malloc                              0x08011884   Section        0  kservice.o(i.rt_malloc)
    i.rt_memcpy                              0x080118a8   Section        0  kstring.o(i.rt_memcpy)
    i.rt_memory_info                         0x080118f4   Section        0  kservice.o(i.rt_memory_info)
    i.rt_memset                              0x08011928   Section        0  kstring.o(i.rt_memset)
    i.rt_mutex_drop_thread                   0x0801197c   Section        0  ipc.o(i.rt_mutex_drop_thread)
    i.rt_mutex_init                          0x080119f8   Section        0  ipc.o(i.rt_mutex_init)
    i.rt_mutex_release                       0x08011a30   Section        0  ipc.o(i.rt_mutex_release)
    i.rt_mutex_take                          0x08011b1e   Section        0  ipc.o(i.rt_mutex_take)
    i.rt_object_allocate                     0x08011b24   Section        0  object.o(i.rt_object_allocate)
    i.rt_object_delete                       0x08011b8a   Section        0  object.o(i.rt_object_delete)
    i.rt_object_detach                       0x08011bbc   Section        0  object.o(i.rt_object_detach)
    i.rt_object_get_information              0x08011be8   Section        0  object.o(i.rt_object_get_information)
    i.rt_object_get_type                     0x08011c14   Section        0  object.o(i.rt_object_get_type)
    i.rt_object_init                         0x08011c1c   Section        0  object.o(i.rt_object_init)
    i.rt_object_is_systemobject              0x08011c74   Section        0  object.o(i.rt_object_is_systemobject)
    i.rt_sched_insert_thread                 0x08011c84   Section        0  scheduler_up.o(i.rt_sched_insert_thread)
    i.rt_sched_lock                          0x08011cfc   Section        0  scheduler_up.o(i.rt_sched_lock)
    i.rt_sched_remove_thread                 0x08011d14   Section        0  scheduler_up.o(i.rt_sched_remove_thread)
    i.rt_sched_thread_change_priority        0x08011d60   Section        0  scheduler_comm.o(i.rt_sched_thread_change_priority)
    i.rt_sched_thread_close                  0x08011d66   Section        0  scheduler_comm.o(i.rt_sched_thread_close)
    i.rt_sched_thread_get_curr_prio          0x08011d70   Section        0  scheduler_comm.o(i.rt_sched_thread_get_curr_prio)
    i.rt_sched_thread_get_init_prio          0x08011d76   Section        0  scheduler_comm.o(i.rt_sched_thread_get_init_prio)
    i.rt_sched_thread_get_stat               0x08011d7c   Section        0  scheduler_comm.o(i.rt_sched_thread_get_stat)
    i.rt_sched_thread_init_ctx               0x08011d86   Section        0  scheduler_comm.o(i.rt_sched_thread_init_ctx)
    i.rt_sched_thread_init_priv              0x08011d90   Section        0  scheduler_up.o(i.rt_sched_thread_init_priv)
    i.rt_sched_thread_is_suspended           0x08011dac   Section        0  scheduler_comm.o(i.rt_sched_thread_is_suspended)
    i.rt_sched_thread_ready                  0x08011db6   Section        0  scheduler_comm.o(i.rt_sched_thread_ready)
    i.rt_sched_thread_startup                0x08011dfe   Section        0  scheduler_up.o(i.rt_sched_thread_startup)
    i.rt_sched_thread_timer_start            0x08011e10   Section        0  scheduler_comm.o(i.rt_sched_thread_timer_start)
    i.rt_sched_thread_timer_stop             0x08011e1e   Section        0  scheduler_comm.o(i.rt_sched_thread_timer_stop)
    i.rt_sched_thread_yield                  0x08011e42   Section        0  scheduler_comm.o(i.rt_sched_thread_yield)
    i.rt_sched_tick_increase                 0x08011e54   Section        0  scheduler_comm.o(i.rt_sched_tick_increase)
    i.rt_sched_unlock                        0x08011e8c   Section        0  scheduler_up.o(i.rt_sched_unlock)
    i.rt_sched_unlock_n_resched              0x08011e96   Section        0  scheduler_up.o(i.rt_sched_unlock_n_resched)
    i.rt_schedule                            0x08011eb0   Section        0  scheduler_up.o(i.rt_schedule)
    i.rt_scheduler_stack_check               0x08011f90   Section        0  scheduler_comm.o(i.rt_scheduler_stack_check)
    i.rt_sem_control                         0x08011fae   Section        0  ipc.o(i.rt_sem_control)
    i.rt_sem_init                            0x08012038   Section        0  ipc.o(i.rt_sem_init)
    i.rt_sem_release                         0x0801205a   Section        0  ipc.o(i.rt_sem_release)
    i.rt_sem_take                            0x080120b8   Section        0  ipc.o(i.rt_sem_take)
    i.rt_smem_alloc                          0x080120be   Section        0  mem.o(i.rt_smem_alloc)
    i.rt_smem_free                           0x08012180   Section        0  mem.o(i.rt_smem_free)
    i.rt_smem_init                           0x080121c8   Section        0  mem.o(i.rt_smem_init)
    i.rt_snprintf                            0x08012258   Section        0  kstdio.o(i.rt_snprintf)
    i.rt_soft_atomic_add                     0x0801226a   Section        0  clock.o(i.rt_soft_atomic_add)
    rt_soft_atomic_add                       0x0801226b   Thumb Code    26  clock.o(i.rt_soft_atomic_add)
    i.rt_spin_lock                           0x08012284   Section        0  cpu_up.o(i.rt_spin_lock)
    i.rt_spin_lock_init                      0x08012288   Section        0  cpu_up.o(i.rt_spin_lock_init)
    i.rt_spin_lock_irqsave                   0x0801228a   Section        0  cpu_up.o(i.rt_spin_lock_irqsave)
    i.rt_spin_unlock                         0x0801229a   Section        0  cpu_up.o(i.rt_spin_unlock)
    i.rt_spin_unlock_irqrestore              0x080122a0   Section        0  cpu_up.o(i.rt_spin_unlock_irqrestore)
    i.rt_strlen                              0x080122b4   Section        0  kstring.o(i.rt_strlen)
    i.rt_susp_list_dequeue                   0x080122c4   Section        0  ipc.o(i.rt_susp_list_dequeue)
    i.rt_susp_list_enqueue                   0x080122f8   Section        0  ipc.o(i.rt_susp_list_enqueue)
    i.rt_susp_list_resume_all                0x08012350   Section        0  ipc.o(i.rt_susp_list_resume_all)
    i.rt_system_heap_init                    0x08012366   Section        0  kservice.o(i.rt_system_heap_init)
    i.rt_system_heap_init_generic            0x0801236c   Section        0  kservice.o(i.rt_system_heap_init_generic)
    i.rt_system_scheduler_init               0x080123ac   Section        0  scheduler_up.o(i.rt_system_scheduler_init)
    i.rt_system_scheduler_start              0x080123d4   Section        0  scheduler_up.o(i.rt_system_scheduler_start)
    i.rt_system_timer_init                   0x08012404   Section        0  timer.o(i.rt_system_timer_init)
    i.rt_system_timer_thread_init            0x08012420   Section        0  timer.o(i.rt_system_timer_thread_init)
    i.rt_thread_close                        0x08012494   Section        0  thread.o(i.rt_thread_close)
    i.rt_thread_create                       0x080124d6   Section        0  thread.o(i.rt_thread_create)
    i.rt_thread_defunct_dequeue              0x08012520   Section        0  defunct.o(i.rt_thread_defunct_dequeue)
    i.rt_thread_defunct_enqueue              0x08012558   Section        0  defunct.o(i.rt_thread_defunct_enqueue)
    i.rt_thread_defunct_init                 0x08012584   Section        0  defunct.o(i.rt_thread_defunct_init)
    i.rt_thread_idle_init                    0x08012590   Section        0  idle.o(i.rt_thread_idle_init)
    i.rt_thread_init                         0x08012604   Section        0  thread.o(i.rt_thread_init)
    i.rt_thread_mdelay                       0x0801263e   Section        0  thread.o(i.rt_thread_mdelay)
    i.rt_thread_resume                       0x0801264c   Section        0  thread.o(i.rt_thread_resume)
    i.rt_thread_self                         0x0801267e   Section        0  thread.o(i.rt_thread_self)
    i.rt_thread_startup                      0x08012688   Section        0  thread.o(i.rt_thread_startup)
    i.rt_thread_suspend_to_list              0x080126a0   Section        0  thread.o(i.rt_thread_suspend_to_list)
    i.rt_thread_suspend_with_flag            0x08012718   Section        0  thread.o(i.rt_thread_suspend_with_flag)
    i.rt_tick_from_millisecond               0x08012722   Section        0  clock.o(i.rt_tick_from_millisecond)
    i.rt_tick_get                            0x0801272c   Section        0  clock.o(i.rt_tick_get)
    i.rt_tick_increase                       0x08012744   Section        0  clock.o(i.rt_tick_increase)
    i.rt_timer_check                         0x08012764   Section        0  timer.o(i.rt_timer_check)
    i.rt_timer_control                       0x0801279c   Section        0  timer.o(i.rt_timer_control)
    i.rt_timer_detach                        0x08012826   Section        0  timer.o(i.rt_timer_detach)
    i.rt_timer_init                          0x08012862   Section        0  timer.o(i.rt_timer_init)
    i.rt_timer_start                         0x0801288c   Section        0  timer.o(i.rt_timer_start)
    i.rt_timer_stop                          0x080128f8   Section        0  timer.o(i.rt_timer_stop)
    i.rt_vsnprintf                           0x0801293c   Section        0  rt_vsnprintf_tiny.o(i.rt_vsnprintf)
    i.skip_atoi                              0x08012c04   Section        0  rt_vsnprintf_tiny.o(i.skip_atoi)
    skip_atoi                                0x08012c05   Thumb Code    40  rt_vsnprintf_tiny.o(i.skip_atoi)
    i.system_clock_168m_25m_hxtal            0x08012c2c   Section        0  system_gd32f4xx.o(i.system_clock_168m_25m_hxtal)
    system_clock_168m_25m_hxtal              0x08012c2d   Thumb Code   158  system_gd32f4xx.o(i.system_clock_168m_25m_hxtal)
    i.thread_debug_deal_entry                0x08012cd8   Section        0  main.o(i.thread_debug_deal_entry)
    thread_debug_deal_entry                  0x08012cd9   Thumb Code    12  main.o(i.thread_debug_deal_entry)
    i.usart_baudrate_set                     0x08012ce4   Section        0  gd32f4xx_usart.o(i.usart_baudrate_set)
    i.usart_data_receive                     0x08012d64   Section        0  gd32f4xx_usart.o(i.usart_data_receive)
    i.usart_data_transmit                    0x08012d6c   Section        0  gd32f4xx_usart.o(i.usart_data_transmit)
    i.usart_deinit                           0x08012d74   Section        0  gd32f4xx_usart.o(i.usart_deinit)
    i.usart_enable                           0x08012df0   Section        0  gd32f4xx_usart.o(i.usart_enable)
    i.usart_flag_get                         0x08012dfa   Section        0  gd32f4xx_usart.o(i.usart_flag_get)
    i.usart_gpio_config                      0x08012e10   Section        0  drv_usart.o(i.usart_gpio_config)
    usart_gpio_config                        0x08012e11   Thumb Code    88  drv_usart.o(i.usart_gpio_config)
    i.usart_interrupt_enable                 0x08012e68   Section        0  gd32f4xx_usart.o(i.usart_interrupt_enable)
    i.usart_oversample_config                0x08012e7c   Section        0  gd32f4xx_usart.o(i.usart_oversample_config)
    i.usart_parity_config                    0x08012e8c   Section        0  gd32f4xx_usart.o(i.usart_parity_config)
    i.usart_receive_config                   0x08012e9c   Section        0  gd32f4xx_usart.o(i.usart_receive_config)
    i.usart_recv_data                        0x08012ea8   Section        0  drv_usart.o(i.usart_recv_data)
    i.usart_sample_bit_config                0x08012ec4   Section        0  gd32f4xx_usart.o(i.usart_sample_bit_config)
    i.usart_send_data                        0x08012ed4   Section        0  drv_usart.o(i.usart_send_data)
    i.usart_stop_bit_set                     0x08012eea   Section        0  gd32f4xx_usart.o(i.usart_stop_bit_set)
    i.usart_transmit_config                  0x08012efa   Section        0  gd32f4xx_usart.o(i.usart_transmit_config)
    i.usart_word_length_set                  0x08012f06   Section        0  gd32f4xx_usart.o(i.usart_word_length_set)
    .constdata                               0x08012f16   Section      256  kservice.o(.constdata)
    .constdata                               0x08013016   Section       34  rt_vsnprintf_tiny.o(.constdata)
    small_digits                             0x08013016   Data          17  rt_vsnprintf_tiny.o(.constdata)
    large_digits                             0x08013027   Data          17  rt_vsnprintf_tiny.o(.constdata)
    .data                                    0x20000000   Section        4  system_gd32f4xx.o(.data)
    .data                                    0x20000004   Section        4  clock.o(.data)
    rt_tick                                  0x20000004   Data           4  clock.o(.data)
    .data                                    0x20000008   Section        4  irq.o(.data)
    .data                                    0x2000000c   Section        4  kservice.o(.data)
    system_heap                              0x2000000c   Data           4  kservice.o(.data)
    .data                                    0x20000010   Section      160  object.o(.data)
    _object_container                        0x20000010   Data         160  object.o(.data)
    .data                                    0x200000b0   Section       28  timer.o(.data)
    random_nr                                0x200000b0   Data           4  timer.o(.data)
    _htimer_lock                             0x200000b4   Data           4  timer.o(.data)
    _stimer_lock                             0x200000b8   Data           4  timer.o(.data)
    _timer_list                              0x200000bc   Data           8  timer.o(.data)
    _soft_timer_list                         0x200000c4   Data           8  timer.o(.data)
    .data                                    0x200000cc   Section        8  cpu_up.o(.data)
    _cpu                                     0x200000cc   Data           8  cpu_up.o(.data)
    .data                                    0x200000d4   Section       12  defunct.o(.data)
    _defunct_spinlock                        0x200000d4   Data           4  defunct.o(.data)
    _rt_thread_defunct                       0x200000d8   Data           8  defunct.o(.data)
    .data                                    0x200000e0   Section        8  scheduler_up.o(.data)
    rt_scheduler_critical_switch_flag        0x200000e1   Data           1  scheduler_up.o(.data)
    rt_scheduler_lock_nest                   0x200000e2   Data           2  scheduler_up.o(.data)
    .data                                    0x200000e8   Section        4  cpuport.o(.data)
    rt_exception_hook                        0x200000e8   Data           4  cpuport.o(.data)
    .data                                    0x200000ec   Section        4  cpuport.o(.data)
    .data                                    0x200000f0   Section        4  cpuport.o(.data)
    .data                                    0x200000f4   Section        4  cpuport.o(.data)
    .data                                    0x200000f8   Section        4  main.o(.data)
    tid1                                     0x200000f8   Data           4  main.o(.data)
    .data                                    0x200000fc   Section        8  debug_entry.o(.data)
    gDebugState                              0x200000fc   Data           1  debug_entry.o(.data)
    recv_flag                                0x200000fd   Data           1  debug_entry.o(.data)
    recv_index                               0x20000100   Data           4  debug_entry.o(.data)
    .data                                    0x20000104   Section      396  drv_usart.o(.data)
    usart_map                                0x20000104   Data         396  drv_usart.o(.data)
    .data                                    0x20000290   Section        4  stdout.o(.data)
    .bss                                     0x20000294   Section      396  idle.o(.bss)
    idle_thread                              0x20000294   Data         140  idle.o(.bss)
    idle_thread_stack                        0x20000320   Data         256  idle.o(.bss)
    .bss                                     0x20000420   Section       48  kservice.o(.bss)
    _lock                                    0x20000420   Data          48  kservice.o(.bss)
    .bss                                     0x20000450   Section      432  timer.o(.bss)
    _timer_thread                            0x20000450   Data         140  timer.o(.bss)
    _soft_timer_sem                          0x200004dc   Data          36  timer.o(.bss)
    _timer_thread_stack                      0x20000500   Data         256  timer.o(.bss)
    .bss                                     0x20000600   Section      256  scheduler_up.o(.bss)
    .bss                                     0x20000700   Section       64  debug_entry.o(.bss)
    recv_buffer                              0x20000700   Data          64  debug_entry.o(.bss)
    STACK                                    0x20000740   Section    10240  startup_gd32f407.o(STACK)

    Global Symbols

    Symbol Name                              Value     Ov Type        Size  Object(Section)

    BuildAttributes$$THM_ISAv4$E$P$D$K$B$S$7EM$VFPi3$EXTD16$VFPS$VFMA$PE$A:L22UL41UL21$X:L11$S22US41US21$IEEE1$IW$USESV6$~STKCKD$USESV7$~SHL$OTIME$ROPI$IEEEJ$EBA8$MICROLIB$REQ8$PRES8$EABIv2 0x00000000   Number         0  anon$$obj.o ABSOLUTE
    __ARM_use_no_argv                        0x00000000   Number         0  main.o ABSOLUTE
    _printf_a                                0x00000000   Number         0  stubs.o ABSOLUTE
    _printf_c                                0x00000000   Number         0  stubs.o ABSOLUTE
    _printf_charcount                        0x00000000   Number         0  stubs.o ABSOLUTE
    _printf_d                                0x00000000   Number         0  stubs.o ABSOLUTE
    _printf_e                                0x00000000   Number         0  stubs.o ABSOLUTE
    _printf_f                                0x00000000   Number         0  stubs.o ABSOLUTE
    _printf_flags                            0x00000000   Number         0  stubs.o ABSOLUTE
    _printf_fp_dec                           0x00000000   Number         0  stubs.o ABSOLUTE
    _printf_fp_hex                           0x00000000   Number         0  stubs.o ABSOLUTE
    _printf_g                                0x00000000   Number         0  stubs.o ABSOLUTE
    _printf_i                                0x00000000   Number         0  stubs.o ABSOLUTE
    _printf_int_dec                          0x00000000   Number         0  stubs.o ABSOLUTE
    _printf_l                                0x00000000   Number         0  stubs.o ABSOLUTE
    _printf_lc                               0x00000000   Number         0  stubs.o ABSOLUTE
    _printf_ll                               0x00000000   Number         0  stubs.o ABSOLUTE
    _printf_lld                              0x00000000   Number         0  stubs.o ABSOLUTE
    _printf_lli                              0x00000000   Number         0  stubs.o ABSOLUTE
    _printf_llo                              0x00000000   Number         0  stubs.o ABSOLUTE
    _printf_llu                              0x00000000   Number         0  stubs.o ABSOLUTE
    _printf_llx                              0x00000000   Number         0  stubs.o ABSOLUTE
    _printf_longlong_dec                     0x00000000   Number         0  stubs.o ABSOLUTE
    _printf_longlong_hex                     0x00000000   Number         0  stubs.o ABSOLUTE
    _printf_longlong_oct                     0x00000000   Number         0  stubs.o ABSOLUTE
    _printf_ls                               0x00000000   Number         0  stubs.o ABSOLUTE
    _printf_mbtowc                           0x00000000   Number         0  stubs.o ABSOLUTE
    _printf_n                                0x00000000   Number         0  stubs.o ABSOLUTE
    _printf_o                                0x00000000   Number         0  stubs.o ABSOLUTE
    _printf_p                                0x00000000   Number         0  stubs.o ABSOLUTE
    _printf_percent                          0x00000000   Number         0  stubs.o ABSOLUTE
    _printf_pre_padding                      0x00000000   Number         0  stubs.o ABSOLUTE
    _printf_return_value                     0x00000000   Number         0  stubs.o ABSOLUTE
    _printf_s                                0x00000000   Number         0  stubs.o ABSOLUTE
    _printf_sizespec                         0x00000000   Number         0  stubs.o ABSOLUTE
    _printf_str                              0x00000000   Number         0  stubs.o ABSOLUTE
    _printf_truncate_signed                  0x00000000   Number         0  stubs.o ABSOLUTE
    _printf_truncate_unsigned                0x00000000   Number         0  stubs.o ABSOLUTE
    _printf_u                                0x00000000   Number         0  stubs.o ABSOLUTE
    _printf_wc                               0x00000000   Number         0  stubs.o ABSOLUTE
    _printf_wctomb                           0x00000000   Number         0  stubs.o ABSOLUTE
    _printf_widthprec                        0x00000000   Number         0  stubs.o ABSOLUTE
    _printf_x                                0x00000000   Number         0  stubs.o ABSOLUTE
    __arm_fini_                               - Undefined Weak Reference
    __cpp_initialize__aeabi_                  - Undefined Weak Reference
    __cxa_finalize                            - Undefined Weak Reference
    _clock_init                               - Undefined Weak Reference
    _microlib_exit                            - Undefined Weak Reference
    __Vectors_Size                           0x00000188   Number         0  startup_gd32f407.o ABSOLUTE
    __Vectors                                0x08010000   Data           4  startup_gd32f407.o(RESET)
    __Vectors_End                            0x08010188   Data           0  startup_gd32f407.o(RESET)
    __main                                   0x08010189   Thumb Code     0  entry.o(.ARM.Collect$$$$00000000)
    _main_stk                                0x08010189   Thumb Code     0  entry2.o(.ARM.Collect$$$$00000001)
    _main_scatterload                        0x0801018d   Thumb Code     0  entry5.o(.ARM.Collect$$$$00000004)
    __main_after_scatterload                 0x08010191   Thumb Code     0  entry5.o(.ARM.Collect$$$$00000004)
    _main_clock                              0x08010191   Thumb Code     0  entry7b.o(.ARM.Collect$$$$00000008)
    _main_cpp_init                           0x08010191   Thumb Code     0  entry8b.o(.ARM.Collect$$$$0000000A)
    _main_init                               0x08010191   Thumb Code     0  entry9a.o(.ARM.Collect$$$$0000000B)
    __rt_lib_shutdown_fini                   0x08010199   Thumb Code     0  entry12b.o(.ARM.Collect$$$$0000000E)
    __rt_final_cpp                           0x0801019d   Thumb Code     0  entry10a.o(.ARM.Collect$$$$0000000F)
    __rt_final_exit                          0x0801019d   Thumb Code     0  entry11a.o(.ARM.Collect$$$$00000011)
    Reset_Handler                            0x080101a1   Thumb Code     8  startup_gd32f407.o(.text)
    NMI_Handler                              0x080101a9   Thumb Code     2  startup_gd32f407.o(.text)
    MemManage_Handler                        0x080101bd   Thumb Code     2  startup_gd32f407.o(.text)
    BusFault_Handler                         0x080101bf   Thumb Code     2  startup_gd32f407.o(.text)
    UsageFault_Handler                       0x080101c1   Thumb Code     2  startup_gd32f407.o(.text)
    SVC_Handler                              0x080101c3   Thumb Code     2  startup_gd32f407.o(.text)
    DebugMon_Handler                         0x080101c5   Thumb Code     2  startup_gd32f407.o(.text)
    ADC_IRQHandler                           0x080101cb   Thumb Code     0  startup_gd32f407.o(.text)
    CAN0_EWMC_IRQHandler                     0x080101cb   Thumb Code     0  startup_gd32f407.o(.text)
    CAN0_RX0_IRQHandler                      0x080101cb   Thumb Code     0  startup_gd32f407.o(.text)
    CAN0_RX1_IRQHandler                      0x080101cb   Thumb Code     0  startup_gd32f407.o(.text)
    CAN0_TX_IRQHandler                       0x080101cb   Thumb Code     0  startup_gd32f407.o(.text)
    CAN1_EWMC_IRQHandler                     0x080101cb   Thumb Code     0  startup_gd32f407.o(.text)
    CAN1_RX0_IRQHandler                      0x080101cb   Thumb Code     0  startup_gd32f407.o(.text)
    CAN1_RX1_IRQHandler                      0x080101cb   Thumb Code     0  startup_gd32f407.o(.text)
    CAN1_TX_IRQHandler                       0x080101cb   Thumb Code     0  startup_gd32f407.o(.text)
    DCI_IRQHandler                           0x080101cb   Thumb Code     0  startup_gd32f407.o(.text)
    DMA0_Channel0_IRQHandler                 0x080101cb   Thumb Code     0  startup_gd32f407.o(.text)
    DMA0_Channel1_IRQHandler                 0x080101cb   Thumb Code     0  startup_gd32f407.o(.text)
    DMA0_Channel2_IRQHandler                 0x080101cb   Thumb Code     0  startup_gd32f407.o(.text)
    DMA0_Channel3_IRQHandler                 0x080101cb   Thumb Code     0  startup_gd32f407.o(.text)
    DMA0_Channel4_IRQHandler                 0x080101cb   Thumb Code     0  startup_gd32f407.o(.text)
    DMA0_Channel5_IRQHandler                 0x080101cb   Thumb Code     0  startup_gd32f407.o(.text)
    DMA0_Channel6_IRQHandler                 0x080101cb   Thumb Code     0  startup_gd32f407.o(.text)
    DMA0_Channel7_IRQHandler                 0x080101cb   Thumb Code     0  startup_gd32f407.o(.text)
    DMA1_Channel0_IRQHandler                 0x080101cb   Thumb Code     0  startup_gd32f407.o(.text)
    DMA1_Channel1_IRQHandler                 0x080101cb   Thumb Code     0  startup_gd32f407.o(.text)
    DMA1_Channel2_IRQHandler                 0x080101cb   Thumb Code     0  startup_gd32f407.o(.text)
    DMA1_Channel3_IRQHandler                 0x080101cb   Thumb Code     0  startup_gd32f407.o(.text)
    DMA1_Channel4_IRQHandler                 0x080101cb   Thumb Code     0  startup_gd32f407.o(.text)
    DMA1_Channel5_IRQHandler                 0x080101cb   Thumb Code     0  startup_gd32f407.o(.text)
    DMA1_Channel6_IRQHandler                 0x080101cb   Thumb Code     0  startup_gd32f407.o(.text)
    DMA1_Channel7_IRQHandler                 0x080101cb   Thumb Code     0  startup_gd32f407.o(.text)
    ENET_IRQHandler                          0x080101cb   Thumb Code     0  startup_gd32f407.o(.text)
    ENET_WKUP_IRQHandler                     0x080101cb   Thumb Code     0  startup_gd32f407.o(.text)
    EXMC_IRQHandler                          0x080101cb   Thumb Code     0  startup_gd32f407.o(.text)
    EXTI0_IRQHandler                         0x080101cb   Thumb Code     0  startup_gd32f407.o(.text)
    EXTI10_15_IRQHandler                     0x080101cb   Thumb Code     0  startup_gd32f407.o(.text)
    EXTI1_IRQHandler                         0x080101cb   Thumb Code     0  startup_gd32f407.o(.text)
    EXTI2_IRQHandler                         0x080101cb   Thumb Code     0  startup_gd32f407.o(.text)
    EXTI3_IRQHandler                         0x080101cb   Thumb Code     0  startup_gd32f407.o(.text)
    EXTI4_IRQHandler                         0x080101cb   Thumb Code     0  startup_gd32f407.o(.text)
    EXTI5_9_IRQHandler                       0x080101cb   Thumb Code     0  startup_gd32f407.o(.text)
    FMC_IRQHandler                           0x080101cb   Thumb Code     0  startup_gd32f407.o(.text)
    FPU_IRQHandler                           0x080101cb   Thumb Code     0  startup_gd32f407.o(.text)
    I2C0_ER_IRQHandler                       0x080101cb   Thumb Code     0  startup_gd32f407.o(.text)
    I2C0_EV_IRQHandler                       0x080101cb   Thumb Code     0  startup_gd32f407.o(.text)
    I2C1_ER_IRQHandler                       0x080101cb   Thumb Code     0  startup_gd32f407.o(.text)
    I2C1_EV_IRQHandler                       0x080101cb   Thumb Code     0  startup_gd32f407.o(.text)
    I2C2_ER_IRQHandler                       0x080101cb   Thumb Code     0  startup_gd32f407.o(.text)
    I2C2_EV_IRQHandler                       0x080101cb   Thumb Code     0  startup_gd32f407.o(.text)
    LVD_IRQHandler                           0x080101cb   Thumb Code     0  startup_gd32f407.o(.text)
    RCU_CTC_IRQHandler                       0x080101cb   Thumb Code     0  startup_gd32f407.o(.text)
    RTC_Alarm_IRQHandler                     0x080101cb   Thumb Code     0  startup_gd32f407.o(.text)
    RTC_WKUP_IRQHandler                      0x080101cb   Thumb Code     0  startup_gd32f407.o(.text)
    SDIO_IRQHandler                          0x080101cb   Thumb Code     0  startup_gd32f407.o(.text)
    SPI0_IRQHandler                          0x080101cb   Thumb Code     0  startup_gd32f407.o(.text)
    SPI1_IRQHandler                          0x080101cb   Thumb Code     0  startup_gd32f407.o(.text)
    SPI2_IRQHandler                          0x080101cb   Thumb Code     0  startup_gd32f407.o(.text)
    TAMPER_STAMP_IRQHandler                  0x080101cb   Thumb Code     0  startup_gd32f407.o(.text)
    TIMER0_BRK_TIMER8_IRQHandler             0x080101cb   Thumb Code     0  startup_gd32f407.o(.text)
    TIMER0_Channel_IRQHandler                0x080101cb   Thumb Code     0  startup_gd32f407.o(.text)
    TIMER0_TRG_CMT_TIMER10_IRQHandler        0x080101cb   Thumb Code     0  startup_gd32f407.o(.text)
    TIMER0_UP_TIMER9_IRQHandler              0x080101cb   Thumb Code     0  startup_gd32f407.o(.text)
    TIMER1_IRQHandler                        0x080101cb   Thumb Code     0  startup_gd32f407.o(.text)
    TIMER2_IRQHandler                        0x080101cb   Thumb Code     0  startup_gd32f407.o(.text)
    TIMER3_IRQHandler                        0x080101cb   Thumb Code     0  startup_gd32f407.o(.text)
    TIMER4_IRQHandler                        0x080101cb   Thumb Code     0  startup_gd32f407.o(.text)
    TIMER5_DAC_IRQHandler                    0x080101cb   Thumb Code     0  startup_gd32f407.o(.text)
    TIMER6_IRQHandler                        0x080101cb   Thumb Code     0  startup_gd32f407.o(.text)
    TIMER7_BRK_TIMER11_IRQHandler            0x080101cb   Thumb Code     0  startup_gd32f407.o(.text)
    TIMER7_Channel_IRQHandler                0x080101cb   Thumb Code     0  startup_gd32f407.o(.text)
    TIMER7_TRG_CMT_TIMER13_IRQHandler        0x080101cb   Thumb Code     0  startup_gd32f407.o(.text)
    TIMER7_UP_TIMER12_IRQHandler             0x080101cb   Thumb Code     0  startup_gd32f407.o(.text)
    TRNG_IRQHandler                          0x080101cb   Thumb Code     0  startup_gd32f407.o(.text)
    UART3_IRQHandler                         0x080101cb   Thumb Code     0  startup_gd32f407.o(.text)
    UART4_IRQHandler                         0x080101cb   Thumb Code     0  startup_gd32f407.o(.text)
    USART1_IRQHandler                        0x080101cb   Thumb Code     0  startup_gd32f407.o(.text)
    USART2_IRQHandler                        0x080101cb   Thumb Code     0  startup_gd32f407.o(.text)
    USART5_IRQHandler                        0x080101cb   Thumb Code     0  startup_gd32f407.o(.text)
    USBFS_IRQHandler                         0x080101cb   Thumb Code     0  startup_gd32f407.o(.text)
    USBFS_WKUP_IRQHandler                    0x080101cb   Thumb Code     0  startup_gd32f407.o(.text)
    USBHS_EP1_In_IRQHandler                  0x080101cb   Thumb Code     0  startup_gd32f407.o(.text)
    USBHS_EP1_Out_IRQHandler                 0x080101cb   Thumb Code     0  startup_gd32f407.o(.text)
    USBHS_IRQHandler                         0x080101cb   Thumb Code     0  startup_gd32f407.o(.text)
    USBHS_WKUP_IRQHandler                    0x080101cb   Thumb Code     0  startup_gd32f407.o(.text)
    WWDGT_IRQHandler                         0x080101cb   Thumb Code     0  startup_gd32f407.o(.text)
    rt_hw_interrupt_disable                  0x080101d5   Thumb Code     8  context_rvds.o(.text)
    rt_hw_interrupt_enable                   0x080101dd   Thumb Code     6  context_rvds.o(.text)
    rt_hw_context_switch                     0x080101e3   Thumb Code    32  context_rvds.o(.text)
    rt_hw_context_switch_interrupt           0x080101e3   Thumb Code     0  context_rvds.o(.text)
    PendSV_Handler                           0x08010203   Thumb Code   108  context_rvds.o(.text)
    rt_hw_context_switch_to                  0x0801026f   Thumb Code    84  context_rvds.o(.text)
    rt_hw_interrupt_thread_switch            0x080102c3   Thumb Code     2  context_rvds.o(.text)
    HardFault_Handler                        0x080102c5   Thumb Code    78  context_rvds.o(.text)
    __aeabi_memcpy                           0x08010331   Thumb Code    36  memcpya.o(.text)
    __aeabi_memcpy4                          0x08010331   Thumb Code     0  memcpya.o(.text)
    __aeabi_memcpy8                          0x08010331   Thumb Code     0  memcpya.o(.text)
    __aeabi_memset                           0x08010355   Thumb Code    14  memseta.o(.text)
    __aeabi_memset4                          0x08010355   Thumb Code     0  memseta.o(.text)
    __aeabi_memset8                          0x08010355   Thumb Code     0  memseta.o(.text)
    __aeabi_memclr                           0x08010363   Thumb Code     4  memseta.o(.text)
    __aeabi_memclr4                          0x08010363   Thumb Code     0  memseta.o(.text)
    __aeabi_memclr8                          0x08010363   Thumb Code     0  memseta.o(.text)
    _memset$wrapper                          0x08010367   Thumb Code    18  memseta.o(.text)
    strcmp                                   0x08010379   Thumb Code    28  strcmp.o(.text)
    __scatterload                            0x08010395   Thumb Code    28  init.o(.text)
    __scatterload_rt2                        0x08010395   Thumb Code     0  init.o(.text)
    __decompress                             0x080103b9   Thumb Code     0  __dczerorl2.o(.text)
    __decompress1                            0x080103b9   Thumb Code    86  __dczerorl2.o(.text)
    SysTick_Handler                          0x0801042f   Thumb Code    18  gd32f4xx_it.o(i.SysTick_Handler)
    SystemInit                               0x08010441   Thumb Code   132  system_gd32f4xx.o(i.SystemInit)
    USART0_IRQHandler                        0x080104d5   Thumb Code     4  gd32f4xx_it.o(i.USART0_IRQHandler)
    __0printf$2                              0x080104d9   Thumb Code    22  printf2.o(i.__0printf$2)
    __1printf$2                              0x080104d9   Thumb Code     0  printf2.o(i.__0printf$2)
    __2printf                                0x080104d9   Thumb Code     0  printf2.o(i.__0printf$2)
    __rt_ffs                                 0x080104f9   Thumb Code    64  kservice.o(i.__rt_ffs)
    __scatterload_copy                       0x0801053d   Thumb Code    14  handlers.o(i.__scatterload_copy)
    __scatterload_null                       0x0801054b   Thumb Code     2  handlers.o(i.__scatterload_null)
    __scatterload_zeroinit                   0x0801054d   Thumb Code    14  handlers.o(i.__scatterload_zeroinit)
    debug_deal                               0x08010dd5   Thumb Code    58  debug_entry.o(i.debug_deal)
    debug_entry_USART0_IRQHandler            0x08010e21   Thumb Code    48  debug_entry.o(i.debug_entry_USART0_IRQHandler)
    debug_init                               0x08010e59   Thumb Code    62  debug_entry.o(i.debug_init)
    drv_usart_init                           0x08010f99   Thumb Code   156  drv_usart.o(i.drv_usart_init)
    fputc                                    0x08011039   Thumb Code    16  debug_entry.o(i.fputc)
    gpio_af_set                              0x0801104d   Thumb Code    86  gd32f4xx_gpio.o(i.gpio_af_set)
    gpio_mode_set                            0x080110a3   Thumb Code    72  gd32f4xx_gpio.o(i.gpio_mode_set)
    gpio_output_options_set                  0x080110eb   Thumb Code    62  gd32f4xx_gpio.o(i.gpio_output_options_set)
    hard_fault_handler_c                     0x08011129   Thumb Code     2  gd32f4xx_it.o(i.hard_fault_handler_c)
    main                                     0x08011131   Thumb Code   114  main.o(i.main)
    nvic_irq_enable                          0x080111b1   Thumb Code   144  gd32f4xx_misc.o(i.nvic_irq_enable)
    nvic_priority_group_set                  0x08011245   Thumb Code    10  gd32f4xx_misc.o(i.nvic_priority_group_set)
    nvic_vector_table_set                    0x08011259   Thumb Code    16  gd32f4xx_misc.o(i.nvic_vector_table_set)
    rcu_clock_freq_get                       0x080114a1   Thumb Code   192  gd32f4xx_rcu.o(i.rcu_clock_freq_get)
    rcu_periph_clock_enable                  0x0801157d   Thumb Code    26  gd32f4xx_rcu.o(i.rcu_periph_clock_enable)
    rcu_periph_reset_disable                 0x0801159d   Thumb Code    26  gd32f4xx_rcu.o(i.rcu_periph_reset_disable)
    rcu_periph_reset_enable                  0x080115bd   Thumb Code    26  gd32f4xx_rcu.o(i.rcu_periph_reset_enable)
    rt_application_init                      0x080115dd   Thumb Code    48  main.o(i.rt_application_init)
    rt_cpu_index                             0x08011671   Thumb Code    10  cpu_up.o(i.rt_cpu_index)
    rt_cpu_self                              0x08011681   Thumb Code     4  cpu_up.o(i.rt_cpu_self)
    rt_critical_level                        0x08011689   Thumb Code     8  scheduler_up.o(i.rt_critical_level)
    rt_defunct_execute                       0x08011695   Thumb Code    54  defunct.o(i.rt_defunct_execute)
    rt_enter_critical                        0x080116cd   Thumb Code    24  scheduler_up.o(i.rt_enter_critical)
    rt_exit_critical                         0x080116e9   Thumb Code    54  scheduler_up.o(i.rt_exit_critical)
    rt_exit_critical_safe                    0x08011725   Thumb Code     4  scheduler_up.o(i.rt_exit_critical_safe)
    rt_free                                  0x08011729   Thumb Code    30  kservice.o(i.rt_free)
    rt_hw_hard_fault_exception               0x08011749   Thumb Code    20  cpuport.o(i.rt_hw_hard_fault_exception)
    rt_hw_stack_init                         0x08011761   Thumb Code    56  cpuport.o(i.rt_hw_stack_init)
    rt_interrupt_enter                       0x0801179d   Thumb Code    24  irq.o(i.rt_interrupt_enter)
    rt_interrupt_get_nest                    0x080117b9   Thumb Code    32  irq.o(i.rt_interrupt_get_nest)
    rt_interrupt_leave                       0x080117dd   Thumb Code    24  irq.o(i.rt_interrupt_leave)
    rt_malloc                                0x08011885   Thumb Code    32  kservice.o(i.rt_malloc)
    rt_memcpy                                0x080118a9   Thumb Code    74  kstring.o(i.rt_memcpy)
    rt_memory_info                           0x080118f5   Thumb Code    46  kservice.o(i.rt_memory_info)
    rt_memset                                0x08011929   Thumb Code    84  kstring.o(i.rt_memset)
    rt_mutex_drop_thread                     0x0801197d   Thumb Code   124  ipc.o(i.rt_mutex_drop_thread)
    rt_mutex_init                            0x080119f9   Thumb Code    56  ipc.o(i.rt_mutex_init)
    rt_mutex_release                         0x08011a31   Thumb Code   238  ipc.o(i.rt_mutex_release)
    rt_mutex_take                            0x08011b1f   Thumb Code     6  ipc.o(i.rt_mutex_take)
    rt_object_allocate                       0x08011b25   Thumb Code   102  object.o(i.rt_object_allocate)
    rt_object_delete                         0x08011b8b   Thumb Code    50  object.o(i.rt_object_delete)
    rt_object_detach                         0x08011bbd   Thumb Code    42  object.o(i.rt_object_detach)
    rt_object_get_information                0x08011be9   Thumb Code    40  object.o(i.rt_object_get_information)
    rt_object_get_type                       0x08011c15   Thumb Code     8  object.o(i.rt_object_get_type)
    rt_object_init                           0x08011c1d   Thumb Code    88  object.o(i.rt_object_init)
    rt_object_is_systemobject                0x08011c75   Thumb Code    14  object.o(i.rt_object_is_systemobject)
    rt_sched_insert_thread                   0x08011c85   Thumb Code   110  scheduler_up.o(i.rt_sched_insert_thread)
    rt_sched_lock                            0x08011cfd   Thumb Code    22  scheduler_up.o(i.rt_sched_lock)
    rt_sched_remove_thread                   0x08011d15   Thumb Code    66  scheduler_up.o(i.rt_sched_remove_thread)
    rt_sched_thread_change_priority          0x08011d61   Thumb Code     6  scheduler_comm.o(i.rt_sched_thread_change_priority)
    rt_sched_thread_close                    0x08011d67   Thumb Code    10  scheduler_comm.o(i.rt_sched_thread_close)
    rt_sched_thread_get_curr_prio            0x08011d71   Thumb Code     6  scheduler_comm.o(i.rt_sched_thread_get_curr_prio)
    rt_sched_thread_get_init_prio            0x08011d77   Thumb Code     6  scheduler_comm.o(i.rt_sched_thread_get_init_prio)
    rt_sched_thread_get_stat                 0x08011d7d   Thumb Code    10  scheduler_comm.o(i.rt_sched_thread_get_stat)
    rt_sched_thread_init_ctx                 0x08011d87   Thumb Code    10  scheduler_comm.o(i.rt_sched_thread_init_ctx)
    rt_sched_thread_init_priv                0x08011d91   Thumb Code    28  scheduler_up.o(i.rt_sched_thread_init_priv)
    rt_sched_thread_is_suspended             0x08011dad   Thumb Code    10  scheduler_comm.o(i.rt_sched_thread_is_suspended)
    rt_sched_thread_ready                    0x08011db7   Thumb Code    72  scheduler_comm.o(i.rt_sched_thread_ready)
    rt_sched_thread_startup                  0x08011dff   Thumb Code    18  scheduler_up.o(i.rt_sched_thread_startup)
    rt_sched_thread_timer_start              0x08011e11   Thumb Code    14  scheduler_comm.o(i.rt_sched_thread_timer_start)
    rt_sched_thread_timer_stop               0x08011e1f   Thumb Code    36  scheduler_comm.o(i.rt_sched_thread_timer_stop)
    rt_sched_thread_yield                    0x08011e43   Thumb Code    18  scheduler_comm.o(i.rt_sched_thread_yield)
    rt_sched_tick_increase                   0x08011e55   Thumb Code    56  scheduler_comm.o(i.rt_sched_tick_increase)
    rt_sched_unlock                          0x08011e8d   Thumb Code    10  scheduler_up.o(i.rt_sched_unlock)
    rt_sched_unlock_n_resched                0x08011e97   Thumb Code    24  scheduler_up.o(i.rt_sched_unlock_n_resched)
    rt_schedule                              0x08011eb1   Thumb Code   216  scheduler_up.o(i.rt_schedule)
    rt_scheduler_stack_check                 0x08011f91   Thumb Code    30  scheduler_comm.o(i.rt_scheduler_stack_check)
    rt_sem_control                           0x08011faf   Thumb Code   138  ipc.o(i.rt_sem_control)
    rt_sem_init                              0x08012039   Thumb Code    34  ipc.o(i.rt_sem_init)
    rt_sem_release                           0x0801205b   Thumb Code    94  ipc.o(i.rt_sem_release)
    rt_sem_take                              0x080120b9   Thumb Code     6  ipc.o(i.rt_sem_take)
    rt_smem_alloc                            0x080120bf   Thumb Code   194  mem.o(i.rt_smem_alloc)
    rt_smem_free                             0x08012181   Thumb Code    70  mem.o(i.rt_smem_free)
    rt_smem_init                             0x080121c9   Thumb Code   136  mem.o(i.rt_smem_init)
    rt_snprintf                              0x08012259   Thumb Code    18  kstdio.o(i.rt_snprintf)
    rt_spin_lock                             0x08012285   Thumb Code     4  cpu_up.o(i.rt_spin_lock)
    rt_spin_lock_init                        0x08012289   Thumb Code     2  cpu_up.o(i.rt_spin_lock_init)
    rt_spin_lock_irqsave                     0x0801228b   Thumb Code    16  cpu_up.o(i.rt_spin_lock_irqsave)
    rt_spin_unlock                           0x0801229b   Thumb Code     6  cpu_up.o(i.rt_spin_unlock)
    rt_spin_unlock_irqrestore                0x080122a1   Thumb Code    20  cpu_up.o(i.rt_spin_unlock_irqrestore)
    rt_strlen                                0x080122b5   Thumb Code    16  kstring.o(i.rt_strlen)
    rt_susp_list_dequeue                     0x080122c5   Thumb Code    52  ipc.o(i.rt_susp_list_dequeue)
    rt_susp_list_enqueue                     0x080122f9   Thumb Code    88  ipc.o(i.rt_susp_list_enqueue)
    rt_susp_list_resume_all                  0x08012351   Thumb Code    22  ipc.o(i.rt_susp_list_resume_all)
    rt_system_heap_init                      0x08012367   Thumb Code     4  kservice.o(i.rt_system_heap_init)
    rt_system_heap_init_generic              0x0801236d   Thumb Code    40  kservice.o(i.rt_system_heap_init_generic)
    rt_system_scheduler_init                 0x080123ad   Thumb Code    30  scheduler_up.o(i.rt_system_scheduler_init)
    rt_system_scheduler_start                0x080123d5   Thumb Code    44  scheduler_up.o(i.rt_system_scheduler_start)
    rt_system_timer_init                     0x08012405   Thumb Code    24  timer.o(i.rt_system_timer_init)
    rt_system_timer_thread_init              0x08012421   Thumb Code    88  timer.o(i.rt_system_timer_thread_init)
    rt_thread_close                          0x08012495   Thumb Code    66  thread.o(i.rt_thread_close)
    rt_thread_create                         0x080124d7   Thumb Code    72  thread.o(i.rt_thread_create)
    rt_thread_defunct_dequeue                0x08012521   Thumb Code    52  defunct.o(i.rt_thread_defunct_dequeue)
    rt_thread_defunct_enqueue                0x08012559   Thumb Code    40  defunct.o(i.rt_thread_defunct_enqueue)
    rt_thread_defunct_init                   0x08012585   Thumb Code     6  defunct.o(i.rt_thread_defunct_init)
    rt_thread_idle_init                      0x08012591   Thumb Code    98  idle.o(i.rt_thread_idle_init)
    rt_thread_init                           0x08012605   Thumb Code    58  thread.o(i.rt_thread_init)
    rt_thread_mdelay                         0x0801263f   Thumb Code    14  thread.o(i.rt_thread_mdelay)
    rt_thread_resume                         0x0801264d   Thumb Code    50  thread.o(i.rt_thread_resume)
    rt_thread_self                           0x0801267f   Thumb Code    10  thread.o(i.rt_thread_self)
    rt_thread_startup                        0x08012689   Thumb Code    24  thread.o(i.rt_thread_startup)
    rt_thread_suspend_to_list                0x080126a1   Thumb Code   120  thread.o(i.rt_thread_suspend_to_list)
    rt_thread_suspend_with_flag              0x08012719   Thumb Code    10  thread.o(i.rt_thread_suspend_with_flag)
    rt_tick_from_millisecond                 0x08012723   Thumb Code    10  clock.o(i.rt_tick_from_millisecond)
    rt_tick_get                              0x0801272d   Thumb Code    18  clock.o(i.rt_tick_get)
    rt_tick_increase                         0x08012745   Thumb Code    28  clock.o(i.rt_tick_increase)
    rt_timer_check                           0x08012765   Thumb Code    46  timer.o(i.rt_timer_check)
    rt_timer_control                         0x0801279d   Thumb Code   138  timer.o(i.rt_timer_control)
    rt_timer_detach                          0x08012827   Thumb Code    60  timer.o(i.rt_timer_detach)
    rt_timer_init                            0x08012863   Thumb Code    40  timer.o(i.rt_timer_init)
    rt_timer_start                           0x0801288d   Thumb Code   102  timer.o(i.rt_timer_start)
    rt_timer_stop                            0x080128f9   Thumb Code    68  timer.o(i.rt_timer_stop)
    rt_vsnprintf                             0x0801293d   Thumb Code   704  rt_vsnprintf_tiny.o(i.rt_vsnprintf)
    usart_baudrate_set                       0x08012ce5   Thumb Code   118  gd32f4xx_usart.o(i.usart_baudrate_set)
    usart_data_receive                       0x08012d65   Thumb Code     8  gd32f4xx_usart.o(i.usart_data_receive)
    usart_data_transmit                      0x08012d6d   Thumb Code     8  gd32f4xx_usart.o(i.usart_data_transmit)
    usart_deinit                             0x08012d75   Thumb Code   116  gd32f4xx_usart.o(i.usart_deinit)
    usart_enable                             0x08012df1   Thumb Code    10  gd32f4xx_usart.o(i.usart_enable)
    usart_flag_get                           0x08012dfb   Thumb Code    22  gd32f4xx_usart.o(i.usart_flag_get)
    usart_interrupt_enable                   0x08012e69   Thumb Code    20  gd32f4xx_usart.o(i.usart_interrupt_enable)
    usart_oversample_config                  0x08012e7d   Thumb Code    16  gd32f4xx_usart.o(i.usart_oversample_config)
    usart_parity_config                      0x08012e8d   Thumb Code    16  gd32f4xx_usart.o(i.usart_parity_config)
    usart_receive_config                     0x08012e9d   Thumb Code    12  gd32f4xx_usart.o(i.usart_receive_config)
    usart_recv_data                          0x08012ea9   Thumb Code    28  drv_usart.o(i.usart_recv_data)
    usart_sample_bit_config                  0x08012ec5   Thumb Code    16  gd32f4xx_usart.o(i.usart_sample_bit_config)
    usart_send_data                          0x08012ed5   Thumb Code    22  drv_usart.o(i.usart_send_data)
    usart_stop_bit_set                       0x08012eeb   Thumb Code    16  gd32f4xx_usart.o(i.usart_stop_bit_set)
    usart_transmit_config                    0x08012efb   Thumb Code    12  gd32f4xx_usart.o(i.usart_transmit_config)
    usart_word_length_set                    0x08012f07   Thumb Code    16  gd32f4xx_usart.o(i.usart_word_length_set)
    __lowest_bit_bitmap                      0x08012f16   Data         256  kservice.o(.constdata)
    Region$$Table$$Base                      0x08013038   Number         0  anon$$obj.o(Region$$Table)
    Region$$Table$$Limit                     0x08013058   Number         0  anon$$obj.o(Region$$Table)
    SystemCoreClock                          0x20000000   Data           4  system_gd32f4xx.o(.data)
    rt_interrupt_nest                        0x20000008   Data           4  irq.o(.data)
    rt_current_priority                      0x200000e0   Data           1  scheduler_up.o(.data)
    rt_thread_ready_priority_group           0x200000e4   Data           4  scheduler_up.o(.data)
    rt_interrupt_from_thread                 0x200000ec   Data           4  cpuport.o(.data)
    rt_interrupt_to_thread                   0x200000f0   Data           4  cpuport.o(.data)
    rt_thread_switch_interrupt_flag          0x200000f4   Data           4  cpuport.o(.data)
    __stdout                                 0x20000290   Data           4  stdout.o(.data)
    rt_thread_priority_table                 0x20000600   Data         256  scheduler_up.o(.bss)
    Image$$RW_IRAM1$$ZI$$Limit               0x20002f40   Number         0  anon$$obj.o ABSOLUTE
    __initial_sp                             0x20002f40   Data           0  startup_gd32f407.o(STACK)



==============================================================================

Memory Map of the image

  Image Entry point : 0x08010189

  Load Region LR_IROM1 (Base: 0x08010000, Size: 0x000032ec, Max: 0x00030000, ABSOLUTE, COMPRESSED[0x0000314c])

    Execution Region ER_IROM1 (Exec base: 0x08010000, Load base: 0x08010000, Size: 0x00003058, Max: 0x00030000, ABSOLUTE)

    Exec Addr    Load Addr    Size         Type   Attr      Idx    E Section Name        Object

    0x08010000   0x08010000   0x00000188   Data   RO           10    RESET               startup_gd32f407.o
    0x08010188   0x08010188   0x00000000   Code   RO         1305  * .ARM.Collect$$$$00000000  mc_w.l(entry.o)
    0x08010188   0x08010188   0x00000004   Code   RO         1461    .ARM.Collect$$$$00000001  mc_w.l(entry2.o)
    0x0801018c   0x0801018c   0x00000004   Code   RO         1464    .ARM.Collect$$$$00000004  mc_w.l(entry5.o)
    0x08010190   0x08010190   0x00000000   Code   RO         1466    .ARM.Collect$$$$00000008  mc_w.l(entry7b.o)
    0x08010190   0x08010190   0x00000000   Code   RO         1468    .ARM.Collect$$$$0000000A  mc_w.l(entry8b.o)
    0x08010190   0x08010190   0x00000008   Code   RO         1469    .ARM.Collect$$$$0000000B  mc_w.l(entry9a.o)
    0x08010198   0x08010198   0x00000004   Code   RO         1476    .ARM.Collect$$$$0000000E  mc_w.l(entry12b.o)
    0x0801019c   0x0801019c   0x00000000   Code   RO         1471    .ARM.Collect$$$$0000000F  mc_w.l(entry10a.o)
    0x0801019c   0x0801019c   0x00000000   Code   RO         1473    .ARM.Collect$$$$00000011  mc_w.l(entry11a.o)
    0x0801019c   0x0801019c   0x00000004   Code   RO         1462    .ARM.Collect$$$$00002712  mc_w.l(entry2.o)
    0x080101a0   0x080101a0   0x00000034   Code   RO           11    .text               startup_gd32f407.o
    0x080101d4   0x080101d4   0x0000015c   Code   RO         1181    .text               context_rvds.o
    0x08010330   0x08010330   0x00000024   Code   RO         1323    .text               mc_w.l(memcpya.o)
    0x08010354   0x08010354   0x00000024   Code   RO         1324    .text               mc_w.l(memseta.o)
    0x08010378   0x08010378   0x0000001c   Code   RO         1325    .text               mc_w.l(strcmp.o)
    0x08010394   0x08010394   0x00000024   Code   RO         1494    .text               mc_w.l(init.o)
    0x080103b8   0x080103b8   0x00000056   Code   RO         1524    .text               mc_w.l(__dczerorl2.o)
    0x0801040e   0x0801040e   0x00000020   Code   RO         1257    i.NVIC_SetPriority  main.o
    0x0801042e   0x0801042e   0x00000012   Code   RO         1273    i.SysTick_Handler   gd32f4xx_it.o
    0x08010440   0x08010440   0x00000094   Code   RO            5    i.SystemInit        system_gd32f4xx.o
    0x080104d4   0x080104d4   0x00000004   Code   RO         1274    i.USART0_IRQHandler  gd32f4xx_it.o
    0x080104d8   0x080104d8   0x00000020   Code   RO         1361    i.__0printf$2       mc_w.l(printf2.o)
    0x080104f8   0x080104f8   0x00000044   Code   RO         1037    i.__rt_ffs          kservice.o
    0x0801053c   0x0801053c   0x0000000e   Code   RO         1521    i.__scatterload_copy  mc_w.l(handlers.o)
    0x0801054a   0x0801054a   0x00000002   Code   RO         1522    i.__scatterload_null  mc_w.l(handlers.o)
    0x0801054c   0x0801054c   0x0000000e   Code   RO         1523    i.__scatterload_zeroinit  mc_w.l(handlers.o)
    0x0801055a   0x0801055a   0x0000002e   Code   RO          959    i._check_and_update_prio  ipc.o
    0x08010588   0x08010588   0x00000020   Code   RO         1038    i._heap_lock        kservice.o
    0x080105a8   0x080105a8   0x0000001c   Code   RO         1039    i._heap_unlock      kservice.o
    0x080105c4   0x080105c4   0x000000d6   Code   RO         1368    i._printf_core      mc_w.l(printf2.o)
    0x0801069a   0x0801069a   0x000001a0   Code   RO          965    i._rt_mutex_take    ipc.o
    0x0801083a   0x0801083a   0x0000004c   Code   RO         1148    i._rt_sched_update_priority  scheduler_comm.o
    0x08010886   0x08010886   0x000000a0   Code   RO          966    i._rt_sem_take      ipc.o
    0x08010926   0x08010926   0x00000002   PAD
    0x08010928   0x08010928   0x00000024   Code   RO         1163    i._scheduler_get_highest_priority_thread  scheduler_up.o
    0x0801094c   0x0801094c   0x00000018   Code   RO          967    i._sem_object_init  ipc.o
    0x08010964   0x08010964   0x00000056   Code   RO         1089    i._thread_detach_from_mutex  thread.o
    0x080109ba   0x080109ba   0x0000002e   Code   RO         1090    i._thread_exit      thread.o
    0x080109e8   0x080109e8   0x0000002c   Code   RO          968    i._thread_get_mutex_priority  ipc.o
    0x08010a14   0x08010a14   0x0000007c   Code   RO         1091    i._thread_init      thread.o
    0x08010a90   0x08010a90   0x00000068   Code   RO         1092    i._thread_sleep     thread.o
    0x08010af8   0x08010af8   0x0000003c   Code   RO         1093    i._thread_timeout   thread.o
    0x08010b34   0x08010b34   0x00000076   Code   RO          969    i._thread_update_priority  ipc.o
    0x08010baa   0x08010baa   0x000000a2   Code   RO         1112    i._timer_check      timer.o
    0x08010c4c   0x08010c4c   0x00000026   Code   RO         1113    i._timer_init       timer.o
    0x08010c72   0x08010c72   0x0000001c   Code   RO         1114    i._timer_list_next_timeout  timer.o
    0x08010c8e   0x08010c8e   0x00000018   Code   RO         1115    i._timer_remove     timer.o
    0x08010ca6   0x08010ca6   0x00000002   PAD
    0x08010ca8   0x08010ca8   0x00000080   Code   RO         1116    i._timer_start      timer.o
    0x08010d28   0x08010d28   0x00000020   Code   RO         1117    i._timer_thread_entry  timer.o
    0x08010d48   0x08010d48   0x00000014   Code   RO         1118    i._timerlock_idx    timer.o
    0x08010d5c   0x08010d5c   0x00000078   Code   RO         1265    i.debug_cmd_recv    debug_entry.o
    0x08010dd4   0x08010dd4   0x0000004c   Code   RO         1266    i.debug_deal        debug_entry.o
    0x08010e20   0x08010e20   0x00000038   Code   RO         1267    i.debug_entry_USART0_IRQHandler  debug_entry.o
    0x08010e58   0x08010e58   0x00000050   Code   RO         1268    i.debug_init        debug_entry.o
    0x08010ea8   0x08010ea8   0x000000f0   Code   RO         1269    i.debug_parse_cmd   debug_entry.o
    0x08010f98   0x08010f98   0x000000a0   Code   RO         1279    i.drv_usart_init    drv_usart.o
    0x08011038   0x08011038   0x00000014   Code   RO         1270    i.fputc             debug_entry.o
    0x0801104c   0x0801104c   0x00000056   Code   RO          436    i.gpio_af_set       gd32f4xx_gpio.o
    0x080110a2   0x080110a2   0x00000048   Code   RO          444    i.gpio_mode_set     gd32f4xx_gpio.o
    0x080110ea   0x080110ea   0x0000003e   Code   RO          446    i.gpio_output_options_set  gd32f4xx_gpio.o
    0x08011128   0x08011128   0x00000002   Code   RO         1275    i.hard_fault_handler_c  gd32f4xx_it.o
    0x0801112a   0x0801112a   0x00000006   Code   RO          955    i.idle_thread_entry  idle.o
    0x08011130   0x08011130   0x00000080   Code   RO         1258    i.main              main.o
    0x080111b0   0x080111b0   0x00000094   Code   RO          535    i.nvic_irq_enable   gd32f4xx_misc.o
    0x08011244   0x08011244   0x00000014   Code   RO          536    i.nvic_priority_group_set  gd32f4xx_misc.o
    0x08011258   0x08011258   0x00000018   Code   RO          537    i.nvic_vector_table_set  gd32f4xx_misc.o
    0x08011270   0x08011270   0x0000005c   Code   RO         1064    i.plug_holes        mem.o
    0x080112cc   0x080112cc   0x000001d4   Code   RO         1213    i.print_number      rt_vsnprintf_tiny.o
    0x080114a0   0x080114a0   0x000000dc   Code   RO          577    i.rcu_clock_freq_get  gd32f4xx_rcu.o
    0x0801157c   0x0801157c   0x00000020   Code   RO          596    i.rcu_periph_clock_enable  gd32f4xx_rcu.o
    0x0801159c   0x0801159c   0x00000020   Code   RO          599    i.rcu_periph_reset_disable  gd32f4xx_rcu.o
    0x080115bc   0x080115bc   0x00000020   Code   RO          600    i.rcu_periph_reset_enable  gd32f4xx_rcu.o
    0x080115dc   0x080115dc   0x00000094   Code   RO         1259    i.rt_application_init  main.o
    0x08011670   0x08011670   0x00000010   Code   RO         1135    i.rt_cpu_index      cpu_up.o
    0x08011680   0x08011680   0x00000008   Code   RO         1136    i.rt_cpu_self       cpu_up.o
    0x08011688   0x08011688   0x0000000c   Code   RO         1164    i.rt_critical_level  scheduler_up.o
    0x08011694   0x08011694   0x00000036   Code   RO         1143    i.rt_defunct_execute  defunct.o
    0x080116ca   0x080116ca   0x00000002   PAD
    0x080116cc   0x080116cc   0x0000001c   Code   RO         1165    i.rt_enter_critical  scheduler_up.o
    0x080116e8   0x080116e8   0x0000003c   Code   RO         1166    i.rt_exit_critical  scheduler_up.o
    0x08011724   0x08011724   0x00000004   Code   RO         1167    i.rt_exit_critical_safe  scheduler_up.o
    0x08011728   0x08011728   0x0000001e   Code   RO         1046    i.rt_free           kservice.o
    0x08011746   0x08011746   0x00000002   PAD
    0x08011748   0x08011748   0x00000018   Code   RO         1184    i.rt_hw_hard_fault_exception  cpuport.o
    0x08011760   0x08011760   0x0000003c   Code   RO         1185    i.rt_hw_stack_init  cpuport.o
    0x0801179c   0x0801179c   0x0000001c   Code   RO         1033    i.rt_interrupt_enter  irq.o
    0x080117b8   0x080117b8   0x00000024   Code   RO         1034    i.rt_interrupt_get_nest  irq.o
    0x080117dc   0x080117dc   0x0000001c   Code   RO         1035    i.rt_interrupt_leave  irq.o
    0x080117f8   0x080117f8   0x0000000e   Code   RO          970    i.rt_list_insert_after  ipc.o
    0x08011806   0x08011806   0x0000000e   Code   RO         1073    i.rt_list_insert_after  object.o
    0x08011814   0x08011814   0x0000000e   Code   RO         1119    i.rt_list_insert_after  timer.o
    0x08011822   0x08011822   0x0000000e   Code   RO          971    i.rt_list_insert_before  ipc.o
    0x08011830   0x08011830   0x0000000e   Code   RO          972    i.rt_list_isempty   ipc.o
    0x0801183e   0x0801183e   0x0000000e   Code   RO         1120    i.rt_list_isempty   timer.o
    0x0801184c   0x0801184c   0x00000012   Code   RO          973    i.rt_list_remove    ipc.o
    0x0801185e   0x0801185e   0x00000012   Code   RO         1074    i.rt_list_remove    object.o
    0x08011870   0x08011870   0x00000012   Code   RO         1121    i.rt_list_remove    timer.o
    0x08011882   0x08011882   0x00000002   PAD
    0x08011884   0x08011884   0x00000024   Code   RO         1054    i.rt_malloc         kservice.o
    0x080118a8   0x080118a8   0x0000004a   Code   RO         1201    i.rt_memcpy         kstring.o
    0x080118f2   0x080118f2   0x00000002   PAD
    0x080118f4   0x080118f4   0x00000034   Code   RO         1056    i.rt_memory_info    kservice.o
    0x08011928   0x08011928   0x00000054   Code   RO         1203    i.rt_memset         kstring.o
    0x0801197c   0x0801197c   0x0000007c   Code   RO         1008    i.rt_mutex_drop_thread  ipc.o
    0x080119f8   0x080119f8   0x00000038   Code   RO         1010    i.rt_mutex_init     ipc.o
    0x08011a30   0x08011a30   0x000000ee   Code   RO         1011    i.rt_mutex_release  ipc.o
    0x08011b1e   0x08011b1e   0x00000006   Code   RO         1013    i.rt_mutex_take     ipc.o
    0x08011b24   0x08011b24   0x00000066   Code   RO         1075    i.rt_object_allocate  object.o
    0x08011b8a   0x08011b8a   0x00000032   Code   RO         1076    i.rt_object_delete  object.o
    0x08011bbc   0x08011bbc   0x0000002a   Code   RO         1077    i.rt_object_detach  object.o
    0x08011be6   0x08011be6   0x00000002   PAD
    0x08011be8   0x08011be8   0x0000002c   Code   RO         1080    i.rt_object_get_information  object.o
    0x08011c14   0x08011c14   0x00000008   Code   RO         1084    i.rt_object_get_type  object.o
    0x08011c1c   0x08011c1c   0x00000058   Code   RO         1085    i.rt_object_init    object.o
    0x08011c74   0x08011c74   0x0000000e   Code   RO         1086    i.rt_object_is_systemobject  object.o
    0x08011c82   0x08011c82   0x00000002   PAD
    0x08011c84   0x08011c84   0x00000078   Code   RO         1168    i.rt_sched_insert_thread  scheduler_up.o
    0x08011cfc   0x08011cfc   0x00000016   Code   RO         1169    i.rt_sched_lock     scheduler_up.o
    0x08011d12   0x08011d12   0x00000002   PAD
    0x08011d14   0x08011d14   0x0000004c   Code   RO         1170    i.rt_sched_remove_thread  scheduler_up.o
    0x08011d60   0x08011d60   0x00000006   Code   RO         1149    i.rt_sched_thread_change_priority  scheduler_comm.o
    0x08011d66   0x08011d66   0x0000000a   Code   RO         1150    i.rt_sched_thread_close  scheduler_comm.o
    0x08011d70   0x08011d70   0x00000006   Code   RO         1151    i.rt_sched_thread_get_curr_prio  scheduler_comm.o
    0x08011d76   0x08011d76   0x00000006   Code   RO         1152    i.rt_sched_thread_get_init_prio  scheduler_comm.o
    0x08011d7c   0x08011d7c   0x0000000a   Code   RO         1153    i.rt_sched_thread_get_stat  scheduler_comm.o
    0x08011d86   0x08011d86   0x0000000a   Code   RO         1154    i.rt_sched_thread_init_ctx  scheduler_comm.o
    0x08011d90   0x08011d90   0x0000001c   Code   RO         1172    i.rt_sched_thread_init_priv  scheduler_up.o
    0x08011dac   0x08011dac   0x0000000a   Code   RO         1155    i.rt_sched_thread_is_suspended  scheduler_comm.o
    0x08011db6   0x08011db6   0x00000048   Code   RO         1156    i.rt_sched_thread_ready  scheduler_comm.o
    0x08011dfe   0x08011dfe   0x00000012   Code   RO         1173    i.rt_sched_thread_startup  scheduler_up.o
    0x08011e10   0x08011e10   0x0000000e   Code   RO         1158    i.rt_sched_thread_timer_start  scheduler_comm.o
    0x08011e1e   0x08011e1e   0x00000024   Code   RO         1159    i.rt_sched_thread_timer_stop  scheduler_comm.o
    0x08011e42   0x08011e42   0x00000012   Code   RO         1160    i.rt_sched_thread_yield  scheduler_comm.o
    0x08011e54   0x08011e54   0x00000038   Code   RO         1161    i.rt_sched_tick_increase  scheduler_comm.o
    0x08011e8c   0x08011e8c   0x0000000a   Code   RO         1174    i.rt_sched_unlock   scheduler_up.o
    0x08011e96   0x08011e96   0x00000018   Code   RO         1175    i.rt_sched_unlock_n_resched  scheduler_up.o
    0x08011eae   0x08011eae   0x00000002   PAD
    0x08011eb0   0x08011eb0   0x000000e0   Code   RO         1176    i.rt_schedule       scheduler_up.o
    0x08011f90   0x08011f90   0x0000001e   Code   RO         1162    i.rt_scheduler_stack_check  scheduler_comm.o
    0x08011fae   0x08011fae   0x0000008a   Code   RO         1017    i.rt_sem_control    ipc.o
    0x08012038   0x08012038   0x00000022   Code   RO         1021    i.rt_sem_init       ipc.o
    0x0801205a   0x0801205a   0x0000005e   Code   RO         1022    i.rt_sem_release    ipc.o
    0x080120b8   0x080120b8   0x00000006   Code   RO         1023    i.rt_sem_take       ipc.o
    0x080120be   0x080120be   0x000000c2   Code   RO         1065    i.rt_smem_alloc     mem.o
    0x08012180   0x08012180   0x00000046   Code   RO         1067    i.rt_smem_free      mem.o
    0x080121c6   0x080121c6   0x00000002   PAD
    0x080121c8   0x080121c8   0x00000090   Code   RO         1068    i.rt_smem_init      mem.o
    0x08012258   0x08012258   0x00000012   Code   RO         1196    i.rt_snprintf       kstdio.o
    0x0801226a   0x0801226a   0x0000001a   Code   RO          946    i.rt_soft_atomic_add  clock.o
    0x08012284   0x08012284   0x00000004   Code   RO         1137    i.rt_spin_lock      cpu_up.o
    0x08012288   0x08012288   0x00000002   Code   RO         1138    i.rt_spin_lock_init  cpu_up.o
    0x0801228a   0x0801228a   0x00000010   Code   RO         1139    i.rt_spin_lock_irqsave  cpu_up.o
    0x0801229a   0x0801229a   0x00000006   Code   RO         1140    i.rt_spin_unlock    cpu_up.o
    0x080122a0   0x080122a0   0x00000014   Code   RO         1141    i.rt_spin_unlock_irqrestore  cpu_up.o
    0x080122b4   0x080122b4   0x00000010   Code   RO         1208    i.rt_strlen         kstring.o
    0x080122c4   0x080122c4   0x00000034   Code   RO         1027    i.rt_susp_list_dequeue  ipc.o
    0x080122f8   0x080122f8   0x00000058   Code   RO         1028    i.rt_susp_list_enqueue  ipc.o
    0x08012350   0x08012350   0x00000016   Code   RO         1030    i.rt_susp_list_resume_all  ipc.o
    0x08012366   0x08012366   0x00000004   Code   RO         1059    i.rt_system_heap_init  kservice.o
    0x0801236a   0x0801236a   0x00000002   PAD
    0x0801236c   0x0801236c   0x00000040   Code   RO         1060    i.rt_system_heap_init_generic  kservice.o
    0x080123ac   0x080123ac   0x00000028   Code   RO         1177    i.rt_system_scheduler_init  scheduler_up.o
    0x080123d4   0x080123d4   0x00000030   Code   RO         1178    i.rt_system_scheduler_start  scheduler_up.o
    0x08012404   0x08012404   0x0000001c   Code   RO         1122    i.rt_system_timer_init  timer.o
    0x08012420   0x08012420   0x00000074   Code   RO         1123    i.rt_system_timer_thread_init  timer.o
    0x08012494   0x08012494   0x00000042   Code   RO         1094    i.rt_thread_close   thread.o
    0x080124d6   0x080124d6   0x00000048   Code   RO         1096    i.rt_thread_create  thread.o
    0x0801251e   0x0801251e   0x00000002   PAD
    0x08012520   0x08012520   0x00000038   Code   RO         1144    i.rt_thread_defunct_dequeue  defunct.o
    0x08012558   0x08012558   0x0000002c   Code   RO         1145    i.rt_thread_defunct_enqueue  defunct.o
    0x08012584   0x08012584   0x0000000c   Code   RO         1146    i.rt_thread_defunct_init  defunct.o
    0x08012590   0x08012590   0x00000074   Code   RO          957    i.rt_thread_idle_init  idle.o
    0x08012604   0x08012604   0x0000003a   Code   RO         1103    i.rt_thread_init    thread.o
    0x0801263e   0x0801263e   0x0000000e   Code   RO         1104    i.rt_thread_mdelay  thread.o
    0x0801264c   0x0801264c   0x00000032   Code   RO         1105    i.rt_thread_resume  thread.o
    0x0801267e   0x0801267e   0x0000000a   Code   RO         1106    i.rt_thread_self    thread.o
    0x08012688   0x08012688   0x00000018   Code   RO         1107    i.rt_thread_startup  thread.o
    0x080126a0   0x080126a0   0x00000078   Code   RO         1109    i.rt_thread_suspend_to_list  thread.o
    0x08012718   0x08012718   0x0000000a   Code   RO         1110    i.rt_thread_suspend_with_flag  thread.o
    0x08012722   0x08012722   0x0000000a   Code   RO          947    i.rt_tick_from_millisecond  clock.o
    0x0801272c   0x0801272c   0x00000018   Code   RO          948    i.rt_tick_get       clock.o
    0x08012744   0x08012744   0x00000020   Code   RO          951    i.rt_tick_increase  clock.o
    0x08012764   0x08012764   0x00000038   Code   RO         1124    i.rt_timer_check    timer.o
    0x0801279c   0x0801279c   0x0000008a   Code   RO         1125    i.rt_timer_control  timer.o
    0x08012826   0x08012826   0x0000003c   Code   RO         1128    i.rt_timer_detach   timer.o
    0x08012862   0x08012862   0x00000028   Code   RO         1129    i.rt_timer_init     timer.o
    0x0801288a   0x0801288a   0x00000002   PAD
    0x0801288c   0x0801288c   0x0000006c   Code   RO         1131    i.rt_timer_start    timer.o
    0x080128f8   0x080128f8   0x00000044   Code   RO         1132    i.rt_timer_stop     timer.o
    0x0801293c   0x0801293c   0x000002c8   Code   RO         1214    i.rt_vsnprintf      rt_vsnprintf_tiny.o
    0x08012c04   0x08012c04   0x00000028   Code   RO         1215    i.skip_atoi         rt_vsnprintf_tiny.o
    0x08012c2c   0x08012c2c   0x000000ac   Code   RO            6    i.system_clock_168m_25m_hxtal  system_gd32f4xx.o
    0x08012cd8   0x08012cd8   0x0000000c   Code   RO         1260    i.thread_debug_deal_entry  main.o
    0x08012ce4   0x08012ce4   0x00000080   Code   RO          882    i.usart_baudrate_set  gd32f4xx_usart.o
    0x08012d64   0x08012d64   0x00000008   Code   RO          886    i.usart_data_receive  gd32f4xx_usart.o
    0x08012d6c   0x08012d6c   0x00000008   Code   RO          887    i.usart_data_transmit  gd32f4xx_usart.o
    0x08012d74   0x08012d74   0x0000007c   Code   RO          888    i.usart_deinit      gd32f4xx_usart.o
    0x08012df0   0x08012df0   0x0000000a   Code   RO          892    i.usart_enable      gd32f4xx_usart.o
    0x08012dfa   0x08012dfa   0x00000016   Code   RO          894    i.usart_flag_get    gd32f4xx_usart.o
    0x08012e10   0x08012e10   0x00000058   Code   RO         1282    i.usart_gpio_config  drv_usart.o
    0x08012e68   0x08012e68   0x00000014   Code   RO          902    i.usart_interrupt_enable  gd32f4xx_usart.o
    0x08012e7c   0x08012e7c   0x00000010   Code   RO          915    i.usart_oversample_config  gd32f4xx_usart.o
    0x08012e8c   0x08012e8c   0x00000010   Code   RO          917    i.usart_parity_config  gd32f4xx_usart.o
    0x08012e9c   0x08012e9c   0x0000000c   Code   RO          919    i.usart_receive_config  gd32f4xx_usart.o
    0x08012ea8   0x08012ea8   0x0000001c   Code   RO         1283    i.usart_recv_data   drv_usart.o
    0x08012ec4   0x08012ec4   0x00000010   Code   RO          923    i.usart_sample_bit_config  gd32f4xx_usart.o
    0x08012ed4   0x08012ed4   0x00000016   Code   RO         1284    i.usart_send_data   drv_usart.o
    0x08012eea   0x08012eea   0x00000010   Code   RO          930    i.usart_stop_bit_set  gd32f4xx_usart.o
    0x08012efa   0x08012efa   0x0000000c   Code   RO          934    i.usart_transmit_config  gd32f4xx_usart.o
    0x08012f06   0x08012f06   0x00000010   Code   RO          935    i.usart_word_length_set  gd32f4xx_usart.o
    0x08012f16   0x08012f16   0x00000100   Data   RO         1062    .constdata          kservice.o
    0x08013016   0x08013016   0x00000022   Data   RO         1216    .constdata          rt_vsnprintf_tiny.o
    0x08013038   0x08013038   0x00000020   Data   RO         1519    Region$$Table       anon$$obj.o


    Execution Region RW_IRAM2 (Exec base: 0x10000000, Load base: 0x0801314c, Size: 0x00000000, Max: 0x00010000, ABSOLUTE)

    **** No section assigned to this execution region ****


    Execution Region RW_IRAM1 (Exec base: 0x20000000, Load base: 0x08013058, Size: 0x00002f40, Max: 0x00020000, ABSOLUTE, COMPRESSED[0x000000f4])

    Exec Addr    Load Addr    Size         Type   Attr      Idx    E Section Name        Object

    0x20000000   COMPRESSED   0x00000004   Data   RW            7    .data               system_gd32f4xx.o
    0x20000004   COMPRESSED   0x00000004   Data   RW          954    .data               clock.o
    0x20000008   COMPRESSED   0x00000004   Data   RW         1036    .data               irq.o
    0x2000000c   COMPRESSED   0x00000004   Data   RW         1063    .data               kservice.o
    0x20000010   COMPRESSED   0x000000a0   Data   RW         1087    .data               object.o
    0x200000b0   COMPRESSED   0x0000001c   Data   RW         1134    .data               timer.o
    0x200000cc   COMPRESSED   0x00000008   Data   RW         1142    .data               cpu_up.o
    0x200000d4   COMPRESSED   0x0000000c   Data   RW         1147    .data               defunct.o
    0x200000e0   COMPRESSED   0x00000008   Data   RW         1180    .data               scheduler_up.o
    0x200000e8   COMPRESSED   0x00000004   Data   RW         1186    .data               cpuport.o
    0x200000ec   COMPRESSED   0x00000004   Data   RW         1187    .data               cpuport.o
    0x200000f0   COMPRESSED   0x00000004   Data   RW         1188    .data               cpuport.o
    0x200000f4   COMPRESSED   0x00000004   Data   RW         1189    .data               cpuport.o
    0x200000f8   COMPRESSED   0x00000004   Data   RW         1261    .data               main.o
    0x200000fc   COMPRESSED   0x00000008   Data   RW         1272    .data               debug_entry.o
    0x20000104   COMPRESSED   0x0000018c   Data   RW         1285    .data               drv_usart.o
    0x20000290   COMPRESSED   0x00000004   Data   RW         1477    .data               mc_w.l(stdout.o)
    0x20000294        -       0x0000018c   Zero   RW          958    .bss                idle.o
    0x20000420        -       0x00000030   Zero   RW         1061    .bss                kservice.o
    0x20000450        -       0x000001b0   Zero   RW         1133    .bss                timer.o
    0x20000600        -       0x00000100   Zero   RW         1179    .bss                scheduler_up.o
    0x20000700        -       0x00000040   Zero   RW         1271    .bss                debug_entry.o
    0x20000740        -       0x00002800   Zero   RW            8    STACK               startup_gd32f407.o


==============================================================================

Image component sizes


      Code (inc. data)   RO Data    RW Data    ZI Data      Debug   Object Name

        92         10          0          4          0          0   clock.o
       348         30          0          0          0          0   context_rvds.o
        72         10          0          8          0          0   cpu_up.o
        84          8          0         16          0          0   cpuport.o
       592        206          0          8         64          0   debug_entry.o
       166         14          0         12          0          0   defunct.o
       298          4          0        396          0          0   drv_usart.o
       220          0          0          0          0          0   gd32f4xx_gpio.o
        24          0          0          0          0          0   gd32f4xx_it.o
       192         22          0          0          0          0   gd32f4xx_misc.o
       316         46          0          0          0          0   gd32f4xx_rcu.o
       424         18          0          0          0          0   gd32f4xx_usart.o
       122         18          0          0        396          0   idle.o
      1726          0          0          0          0          0   ipc.o
        92         12          0          4          0          0   irq.o
       314         50        256          4         48          0   kservice.o
        18          0          0          0          0          0   kstdio.o
       174          0          0          0          0          0   kstring.o
       320        114          0          4          0          0   main.o
       500          8          0          0          0          0   mem.o
       380          4          0        160          0          0   object.o
      1220         12         34          0          0          0   rt_vsnprintf_tiny.o
       360          0          0          0          0          0   scheduler_comm.o
       750         64          0          8        256          0   scheduler_up.o
        52          8        392          0      10240          0   startup_gd32f407.o
       320         30          0          4          0          0   system_gd32f4xx.o
       844          8          0          0          0          0   thread.o
      1092         76          0         28        432          0   timer.o

    ----------------------------------------------------------------------
     11140        772        714        656      11436          0   Object Totals
         0          0         32          0          0          0   (incl. Generated)
        28          0          0          0          0          0   (incl. Padding)

    ----------------------------------------------------------------------

      Code (inc. data)   RO Data    RW Data    ZI Data      Debug   Library Member Name

        86          0          0          0          0          0   __dczerorl2.o
         0          0          0          0          0          0   entry.o
         0          0          0          0          0          0   entry10a.o
         0          0          0          0          0          0   entry11a.o
         4          0          0          0          0          0   entry12b.o
         8          4          0          0          0          0   entry2.o
         4          0          0          0          0          0   entry5.o
         0          0          0          0          0          0   entry7b.o
         0          0          0          0          0          0   entry8b.o
         8          4          0          0          0          0   entry9a.o
        30          0          0          0          0          0   handlers.o
        36          8          0          0          0          0   init.o
        36          0          0          0          0          0   memcpya.o
        36          0          0          0          0          0   memseta.o
       246         10          0          0          0          0   printf2.o
         0          0          0          4          0          0   stdout.o
        28          0          0          0          0          0   strcmp.o

    ----------------------------------------------------------------------
       522         26          0          4          0          0   Library Totals
         0          0          0          0          0          0   (incl. Padding)

    ----------------------------------------------------------------------

      Code (inc. data)   RO Data    RW Data    ZI Data      Debug   Library Name

       522         26          0          4          0          0   mc_w.l

    ----------------------------------------------------------------------
       522         26          0          4          0          0   Library Totals

    ----------------------------------------------------------------------

==============================================================================


      Code (inc. data)   RO Data    RW Data    ZI Data      Debug   

     11662        798        714        660      11436          0   Grand Totals
     11662        798        714        244      11436          0   ELF Image Totals (compressed)
     11662        798        714        244          0          0   ROM Totals

==============================================================================

    Total RO  Size (Code + RO Data)                12376 (  12.09kB)
    Total RW  Size (RW Data + ZI Data)             12096 (  11.81kB)
    Total ROM Size (Code + RO Data + RW Data)      12620 (  12.32kB)

==============================================================================

