Component: ARM Compiler 5.06 update 7 (build 960) Tool: armlink [4d3601]

==============================================================================

Section Cross References

    stm32f4xx_adc.o(i.ADC_DeInit) refers to stm32f4xx_rcc.o(i.RCC_APB2PeriphResetCmd) for RCC_APB2PeriphResetCmd
    stm32f4xx_can.o(i.CAN_DeInit) refers to stm32f4xx_rcc.o(i.RCC_APB1PeriphResetCmd) for RCC_APB1PeriphResetCmd
    stm32f4xx_can.o(i.CAN_GetITStatus) refers to stm32f4xx_can.o(i.CheckITStatus) for CheckITStatus
    stm32f4xx_cryp.o(i.CRYP_DeInit) refers to stm32f4xx_rcc.o(i.RCC_AHB2PeriphResetCmd) for RCC_AHB2PeriphResetCmd
    stm32f4xx_cryp_aes.o(i.CRYP_AES_CBC) refers to stm32f4xx_cryp.o(i.CRYP_KeyStructInit) for CRYP_KeyStructInit
    stm32f4xx_cryp_aes.o(i.CRYP_AES_CBC) refers to stm32f4xx_cryp.o(i.CRYP_FIFOFlush) for CRYP_FIFOFlush
    stm32f4xx_cryp_aes.o(i.CRYP_AES_CBC) refers to stm32f4xx_cryp.o(i.CRYP_Init) for CRYP_Init
    stm32f4xx_cryp_aes.o(i.CRYP_AES_CBC) refers to stm32f4xx_cryp.o(i.CRYP_KeyInit) for CRYP_KeyInit
    stm32f4xx_cryp_aes.o(i.CRYP_AES_CBC) refers to stm32f4xx_cryp.o(i.CRYP_Cmd) for CRYP_Cmd
    stm32f4xx_cryp_aes.o(i.CRYP_AES_CBC) refers to stm32f4xx_cryp.o(i.CRYP_GetFlagStatus) for CRYP_GetFlagStatus
    stm32f4xx_cryp_aes.o(i.CRYP_AES_CBC) refers to stm32f4xx_cryp.o(i.CRYP_IVInit) for CRYP_IVInit
    stm32f4xx_cryp_aes.o(i.CRYP_AES_CBC) refers to stm32f4xx_cryp.o(i.CRYP_GetCmdStatus) for CRYP_GetCmdStatus
    stm32f4xx_cryp_aes.o(i.CRYP_AES_CBC) refers to stm32f4xx_cryp.o(i.CRYP_DataIn) for CRYP_DataIn
    stm32f4xx_cryp_aes.o(i.CRYP_AES_CBC) refers to stm32f4xx_cryp.o(i.CRYP_DataOut) for CRYP_DataOut
    stm32f4xx_cryp_aes.o(i.CRYP_AES_CCM) refers to stm32f4xx_cryp.o(i.CRYP_KeyStructInit) for CRYP_KeyStructInit
    stm32f4xx_cryp_aes.o(i.CRYP_AES_CCM) refers to stm32f4xx_cryp.o(i.CRYP_FIFOFlush) for CRYP_FIFOFlush
    stm32f4xx_cryp_aes.o(i.CRYP_AES_CCM) refers to stm32f4xx_cryp.o(i.CRYP_KeyInit) for CRYP_KeyInit
    stm32f4xx_cryp_aes.o(i.CRYP_AES_CCM) refers to stm32f4xx_cryp.o(i.CRYP_IVInit) for CRYP_IVInit
    stm32f4xx_cryp_aes.o(i.CRYP_AES_CCM) refers to stm32f4xx_cryp.o(i.CRYP_Init) for CRYP_Init
    stm32f4xx_cryp_aes.o(i.CRYP_AES_CCM) refers to stm32f4xx_cryp.o(i.CRYP_PhaseConfig) for CRYP_PhaseConfig
    stm32f4xx_cryp_aes.o(i.CRYP_AES_CCM) refers to stm32f4xx_cryp.o(i.CRYP_DataIn) for CRYP_DataIn
    stm32f4xx_cryp_aes.o(i.CRYP_AES_CCM) refers to stm32f4xx_cryp.o(i.CRYP_Cmd) for CRYP_Cmd
    stm32f4xx_cryp_aes.o(i.CRYP_AES_CCM) refers to stm32f4xx_cryp.o(i.CRYP_GetCmdStatus) for CRYP_GetCmdStatus
    stm32f4xx_cryp_aes.o(i.CRYP_AES_CCM) refers to stm32f4xx_cryp.o(i.CRYP_GetFlagStatus) for CRYP_GetFlagStatus
    stm32f4xx_cryp_aes.o(i.CRYP_AES_CCM) refers to stm32f4xx_cryp.o(i.CRYP_DataOut) for CRYP_DataOut
    stm32f4xx_cryp_aes.o(i.CRYP_AES_CTR) refers to stm32f4xx_cryp.o(i.CRYP_KeyStructInit) for CRYP_KeyStructInit
    stm32f4xx_cryp_aes.o(i.CRYP_AES_CTR) refers to stm32f4xx_cryp.o(i.CRYP_KeyInit) for CRYP_KeyInit
    stm32f4xx_cryp_aes.o(i.CRYP_AES_CTR) refers to stm32f4xx_cryp.o(i.CRYP_Init) for CRYP_Init
    stm32f4xx_cryp_aes.o(i.CRYP_AES_CTR) refers to stm32f4xx_cryp.o(i.CRYP_IVInit) for CRYP_IVInit
    stm32f4xx_cryp_aes.o(i.CRYP_AES_CTR) refers to stm32f4xx_cryp.o(i.CRYP_FIFOFlush) for CRYP_FIFOFlush
    stm32f4xx_cryp_aes.o(i.CRYP_AES_CTR) refers to stm32f4xx_cryp.o(i.CRYP_Cmd) for CRYP_Cmd
    stm32f4xx_cryp_aes.o(i.CRYP_AES_CTR) refers to stm32f4xx_cryp.o(i.CRYP_GetCmdStatus) for CRYP_GetCmdStatus
    stm32f4xx_cryp_aes.o(i.CRYP_AES_CTR) refers to stm32f4xx_cryp.o(i.CRYP_DataIn) for CRYP_DataIn
    stm32f4xx_cryp_aes.o(i.CRYP_AES_CTR) refers to stm32f4xx_cryp.o(i.CRYP_GetFlagStatus) for CRYP_GetFlagStatus
    stm32f4xx_cryp_aes.o(i.CRYP_AES_CTR) refers to stm32f4xx_cryp.o(i.CRYP_DataOut) for CRYP_DataOut
    stm32f4xx_cryp_aes.o(i.CRYP_AES_ECB) refers to stm32f4xx_cryp.o(i.CRYP_KeyStructInit) for CRYP_KeyStructInit
    stm32f4xx_cryp_aes.o(i.CRYP_AES_ECB) refers to stm32f4xx_cryp.o(i.CRYP_FIFOFlush) for CRYP_FIFOFlush
    stm32f4xx_cryp_aes.o(i.CRYP_AES_ECB) refers to stm32f4xx_cryp.o(i.CRYP_Init) for CRYP_Init
    stm32f4xx_cryp_aes.o(i.CRYP_AES_ECB) refers to stm32f4xx_cryp.o(i.CRYP_KeyInit) for CRYP_KeyInit
    stm32f4xx_cryp_aes.o(i.CRYP_AES_ECB) refers to stm32f4xx_cryp.o(i.CRYP_Cmd) for CRYP_Cmd
    stm32f4xx_cryp_aes.o(i.CRYP_AES_ECB) refers to stm32f4xx_cryp.o(i.CRYP_GetFlagStatus) for CRYP_GetFlagStatus
    stm32f4xx_cryp_aes.o(i.CRYP_AES_ECB) refers to stm32f4xx_cryp.o(i.CRYP_GetCmdStatus) for CRYP_GetCmdStatus
    stm32f4xx_cryp_aes.o(i.CRYP_AES_ECB) refers to stm32f4xx_cryp.o(i.CRYP_DataIn) for CRYP_DataIn
    stm32f4xx_cryp_aes.o(i.CRYP_AES_ECB) refers to stm32f4xx_cryp.o(i.CRYP_DataOut) for CRYP_DataOut
    stm32f4xx_cryp_aes.o(i.CRYP_AES_GCM) refers to stm32f4xx_cryp.o(i.CRYP_KeyStructInit) for CRYP_KeyStructInit
    stm32f4xx_cryp_aes.o(i.CRYP_AES_GCM) refers to stm32f4xx_cryp.o(i.CRYP_FIFOFlush) for CRYP_FIFOFlush
[...]
    ..\Libraries\Board\STM32\STM32407_std_periph\src\stm32f4xx_fsmc.c 0x00000000   Number         0  stm32f4xx_fsmc.o ABSOLUTE
    ..\Libraries\Board\STM32\STM32407_std_periph\src\stm32f4xx_gpio.c 0x00000000   Number         0  stm32f4xx_gpio.o ABSOLUTE
    ..\Libraries\Board\STM32\STM32407_std_periph\src\stm32f4xx_hash.c 0x00000000   Number         0  stm32f4xx_hash.o ABSOLUTE
    ..\Libraries\Board\STM32\STM32407_std_periph\src\stm32f4xx_hash_md5.c 0x00000000   Number         0  stm32f4xx_hash_md5.o ABSOLUTE
    ..\Libraries\Board\STM32\STM32407_std_periph\src\stm32f4xx_hash_sha1.c 0x00000000   Number         0  stm32f4xx_hash_sha1.o ABSOLUTE
    ..\Libraries\Board\STM32\STM32407_std_periph\src\stm32f4xx_i2c.c 0x00000000   Number         0  stm32f4xx_i2c.o ABSOLUTE
    ..\Libraries\Board\STM32\STM32407_std_periph\src\stm32f4xx_iwdg.c 0x00000000   Number         0  stm32f4xx_iwdg.o ABSOLUTE
    ..\Libraries\Board\STM32\STM32407_std_periph\src\stm32f4xx_lptim.c 0x00000000   Number         0  stm32f4xx_lptim.o ABSOLUTE
    ..\Libraries\Board\STM32\STM32407_std_periph\src\stm32f4xx_ltdc.c 0x00000000   Number         0  stm32f4xx_ltdc.o ABSOLUTE
    ..\Libraries\Board\STM32\STM32407_std_periph\src\stm32f4xx_pwr.c 0x00000000   Number         0  stm32f4xx_pwr.o ABSOLUTE
    ..\Libraries\Board\STM32\STM32407_std_periph\src\stm32f4xx_qspi.c 0x00000000   Number         0  stm32f4xx_qspi.o ABSOLUTE
    ..\Libraries\Board\STM32\STM32407_std_periph\src\stm32f4xx_rcc.c 0x00000000   Number         0  stm32f4xx_rcc.o ABSOLUTE
    ..\Libraries\Board\STM32\STM32407_std_periph\src\stm32f4xx_rng.c 0x00000000   Number         0  stm32f4xx_rng.o ABSOLUTE
    ..\Libraries\Board\STM32\STM32407_std_periph\src\stm32f4xx_rtc.c 0x00000000   Number         0  stm32f4xx_rtc.o ABSOLUTE
    ..\Libraries\Board\STM32\STM32407_std_periph\src\stm32f4xx_sai.c 0x00000000   Number         0  stm32f4xx_sai.o ABSOLUTE
    ..\Libraries\Board\STM32\STM32407_std_periph\src\stm32f4xx_sdio.c 0x00000000   Number         0  stm32f4xx_sdio.o ABSOLUTE
    ..\Libraries\Board\STM32\STM32407_std_periph\src\stm32f4xx_spdifrx.c 0x00000000   Number         0  stm32f4xx_spdifrx.o ABSOLUTE
    ..\Libraries\Board\STM32\STM32407_std_periph\src\stm32f4xx_spi.c 0x00000000   Number         0  stm32f4xx_spi.o ABSOLUTE
    ..\Libraries\Board\STM32\STM32407_std_periph\src\stm32f4xx_syscfg.c 0x00000000   Number         0  stm32f4xx_syscfg.o ABSOLUTE
    ..\Libraries\Board\STM32\STM32407_std_periph\src\stm32f4xx_tim.c 0x00000000   Number         0  stm32f4xx_tim.o ABSOLUTE
    ..\Libraries\Board\STM32\STM32407_std_periph\src\stm32f4xx_usart.c 0x00000000   Number         0  stm32f4xx_usart.o ABSOLUTE
    ..\Libraries\Board\STM32\STM32407_std_periph\src\stm32f4xx_wwdg.c 0x00000000   Number         0  stm32f4xx_wwdg.o ABSOLUTE
    ..\User\app\main.c                       0x00000000   Number         0  main.o ABSOLUTE
    ..\User\config\stm32f4xx_it.c            0x00000000   Number         0  stm32f4xx_it.o ABSOLUTE
    ..\User\drivers\drv_eeprom.c             0x00000000   Number         0  drv_eeprom.o ABSOLUTE
    ..\User\drivers\drv_gpio.c               0x00000000   Number         0  drv_gpio.o ABSOLUTE
    ..\User\drivers\drv_i2c.c                0x00000000   Number         0  drv_i2c.o ABSOLUTE
    ..\User\drivers\drv_key.c                0x00000000   Number         0  drv_key.o ABSOLUTE
    ..\User\drivers\drv_led.c                0x00000000   Number         0  drv_led.o ABSOLUTE
    ..\User\drivers\drv_misc_func.c          0x00000000   Number         0  drv_misc_func.o ABSOLUTE
    ..\User\drivers\drv_rtc.c                0x00000000   Number         0  drv_rtc.o ABSOLUTE
    ..\User\drivers\drv_serial.c             0x00000000   Number         0  drv_serial.o ABSOLUTE
    ..\User\drivers\drv_spi.c                0x00000000   Number         0  drv_spi.o ABSOLUTE
    ..\User\drivers\drv_spi_flash.c          0x00000000   Number         0  drv_spi_flash.o ABSOLUTE
    ..\User\drivers\drv_time.c               0x00000000   Number         0  drv_time.o ABSOLUTE
    ..\User\drivers\drv_usart.c              0x00000000   Number         0  drv_usart.o ABSOLUTE
    ..\User\kservice\bus\bus.c               0x00000000   Number         0  bus.o ABSOLUTE
    ..\User\kservice\dev\device.c            0x00000000   Number         0  device.o ABSOLUTE
    ..\User\kservice\event\simple_event_engine.c 0x00000000   Number         0  simple_event_engine.o ABSOLUTE
    ..\User\kservice\timer\timer_manager.c   0x00000000   Number         0  timer_manager.o ABSOLUTE
    ..\User\middleware\fs\fat\diskio.c       0x00000000   Number         0  diskio.o ABSOLUTE
    ..\User\middleware\fs\fat\ff.c           0x00000000   Number         0  ff.o ABSOLUTE
    ..\User\middleware\fs\fat\ffsystem.c     0x00000000   Number         0  ffsystem.o ABSOLUTE
    ..\User\middleware\fs\fat\ffunicode.c    0x00000000   Number         0  ffunicode.o ABSOLUTE
    ..\\Libraries\\Board\\STM32\\STM32407_startup\\src\\system_stm32f4xx.c 0x00000000   Number         0  system_stm32f4xx.o ABSOLUTE
    ..\\Libraries\\Board\\STM32\\STM32407_std_periph\\src\\misc.c 0x00000000   Number         0  misc.o ABSOLUTE
    ..\\Libraries\\Board\\STM32\\STM32407_std_periph\\src\\stm32f4xx_adc.c 0x00000000   Number         0  stm32f4xx_adc.o ABSOLUTE
    ..\\Libraries\\Board\\STM32\\STM32407_std_periph\\src\\stm32f4xx_can.c 0x00000000   Number         0  stm32f4xx_can.o ABSOLUTE
    ..\\Libraries\\Board\\STM32\\STM32407_std_periph\\src\\stm32f4xx_cec.c 0x00000000   Number         0  stm32f4xx_cec.o ABSOLUTE
    ..\\Libraries\\Board\\STM32\\STM32407_std_periph\\src\\stm32f4xx_crc.c 0x00000000   Number         0  stm32f4xx_crc.o ABSOLUTE
    ..\\Libraries\\Board\\STM32\\STM32407_std_periph\\src\\stm32f4xx_cryp.c 0x00000000   Number         0  stm32f4xx_cryp.o ABSOLUTE
    ..\\Libraries\\Board\\STM32\\STM32407_std_periph\\src\\stm32f4xx_cryp_aes.c 0x00000000   Number         0  stm32f4xx_cryp_aes.o ABSOLUTE
    ..\\Libraries\\Board\\STM32\\STM32407_std_periph\\src\\stm32f4xx_cryp_des.c 0x00000000   Number         0  stm32f4xx_cryp_des.o ABSOLUTE
    ..\\Libraries\\Board\\STM32\\STM32407_std_periph\\src\\stm32f4xx_cryp_tdes.c 0x00000000   Number         0  stm32f4xx_cryp_tdes.o ABSOLUTE
    ..\\Libraries\\Board\\STM32\\STM32407_std_periph\\src\\stm32f4xx_dac.c 0x00000000   Number         0  stm32f4xx_dac.o ABSOLUTE
    ..\\Libraries\\Board\\STM32\\STM32407_std_periph\\src\\stm32f4xx_dbgmcu.c 0x00000000   Number         0  stm32f4xx_dbgmcu.o ABSOLUTE
    ..\\Libraries\\Board\\STM32\\STM32407_std_periph\\src\\stm32f4xx_dcmi.c 0x00000000   Number         0  stm32f4xx_dcmi.o ABSOLUTE
    ..\\Libraries\\Board\\STM32\\STM32407_std_periph\\src\\stm32f4xx_dfsdm.c 0x00000000   Number         0  stm32f4xx_dfsdm.o ABSOLUTE
    ..\\Libraries\\Board\\STM32\\STM32407_std_periph\\src\\stm32f4xx_dma.c 0x00000000   Number         0  stm32f4xx_dma.o ABSOLUTE
    ..\\Libraries\\Board\\STM32\\STM32407_std_periph\\src\\stm32f4xx_dma2d.c 0x00000000   Number         0  stm32f4xx_dma2d.o ABSOLUTE
    ..\\Libraries\\Board\\STM32\\STM32407_std_periph\\src\\stm32f4xx_dsi.c 0x00000000   Number         0  stm32f4xx_dsi.o ABSOLUTE
    ..\\Libraries\\Board\\STM32\\STM32407_std_periph\\src\\stm32f4xx_exti.c 0x00000000   Number         0  stm32f4xx_exti.o ABSOLUTE
    ..\\Libraries\\Board\\STM32\\STM32407_std_periph\\src\\stm32f4xx_flash.c 0x00000000   Number         0  stm32f4xx_flash.o ABSOLUTE
    ..\\Libraries\\Board\\STM32\\STM32407_std_periph\\src\\stm32f4xx_flash_ramfunc.c 0x00000000   Number         0  stm32f4xx_flash_ramfunc.o ABSOLUTE
    ..\\Libraries\\Board\\STM32\\STM32407_std_periph\\src\\stm32f4xx_fmpi2c.c 0x00000000   Number         0  stm32f4xx_fmpi2c.o ABSOLUTE
    ..\\Libraries\\Board\\STM32\\STM32407_std_periph\\src\\stm32f4xx_fsmc.c 0x00000000   Number         0  stm32f4xx_fsmc.o ABSOLUTE
    ..\\Libraries\\Board\\STM32\\STM32407_std_periph\\src\\stm32f4xx_gpio.c 0x00000000   Number         0  stm32f4xx_gpio.o ABSOLUTE
    ..\\Libraries\\Board\\STM32\\STM32407_std_periph\\src\\stm32f4xx_hash.c 0x00000000   Number         0  stm32f4xx_hash.o ABSOLUTE
    ..\\Libraries\\Board\\STM32\\STM32407_std_periph\\src\\stm32f4xx_hash_md5.c 0x00000000   Number         0  stm32f4xx_hash_md5.o ABSOLUTE
    ..\\Libraries\\Board\\STM32\\STM32407_std_periph\\src\\stm32f4xx_hash_sha1.c 0x00000000   Number         0  stm32f4xx_hash_sha1.o ABSOLUTE
    ..\\Libraries\\Board\\STM32\\STM32407_std_periph\\src\\stm32f4xx_i2c.c 0x00000000   Number         0  stm32f4xx_i2c.o ABSOLUTE
    ..\\Libraries\\Board\\STM32\\STM32407_std_periph\\src\\stm32f4xx_iwdg.c 0x00000000   Number         0  stm32f4xx_iwdg.o ABSOLUTE
    ..\\Libraries\\Board\\STM32\\STM32407_std_periph\\src\\stm32f4xx_lptim.c 0x00000000   Number         0  stm32f4xx_lptim.o ABSOLUTE
    ..\\Libraries\\Board\\STM32\\STM32407_std_periph\\src\\stm32f4xx_ltdc.c 0x00000000   Number         0  stm32f4xx_ltdc.o ABSOLUTE
    ..\\Libraries\\Board\\STM32\\STM32407_std_periph\\src\\stm32f4xx_pwr.c 0x00000000   Number         0  stm32f4xx_pwr.o ABSOLUTE
    ..\\Libraries\\Board\\STM32\\STM32407_std_periph\\src\\stm32f4xx_qspi.c 0x00000000   Number         0  stm32f4xx_qspi.o ABSOLUTE
    ..\\Libraries\\Board\\STM32\\STM32407_std_periph\\src\\stm32f4xx_rcc.c 0x00000000   Number         0  stm32f4xx_rcc.o ABSOLUTE
    ..\\Libraries\\Board\\STM32\\STM32407_std_periph\\src\\stm32f4xx_rng.c 0x00000000   Number         0  stm32f4xx_rng.o ABSOLUTE
    ..\\Libraries\\Board\\STM32\\STM32407_std_periph\\src\\stm32f4xx_rtc.c 0x00000000   Number         0  stm32f4xx_rtc.o ABSOLUTE
    ..\\Libraries\\Board\\STM32\\STM32407_std_periph\\src\\stm32f4xx_sai.c 0x00000000   Number         0  stm32f4xx_sai.o ABSOLUTE
    ..\\Libraries\\Board\\STM32\\STM32407_std_periph\\src\\stm32f4xx_sdio.c 0x00000000   Number         0  stm32f4xx_sdio.o ABSOLUTE
    ..\\Libraries\\Board\\STM32\\STM32407_std_periph\\src\\stm32f4xx_spdifrx.c 0x00000000   Number         0  stm32f4xx_spdifrx.o ABSOLUTE
    ..\\Libraries\\Board\\STM32\\STM32407_std_periph\\src\\stm32f4xx_spi.c 0x00000000   Number         0  stm32f4xx_spi.o ABSOLUTE
    ..\\Libraries\\Board\\STM32\\STM32407_std_periph\\src\\stm32f4xx_syscfg.c 0x00000000   Number         0  stm32f4xx_syscfg.o ABSOLUTE
    ..\\Libraries\\Board\\STM32\\STM32407_std_periph\\src\\stm32f4xx_tim.c 0x00000000   Number         0  stm32f4xx_tim.o ABSOLUTE
    ..\\Libraries\\Board\\STM32\\STM32407_std_periph\\src\\stm32f4xx_usart.c 0x00000000   Number         0  stm32f4xx_usart.o ABSOLUTE
    ..\\Libraries\\Board\\STM32\\STM32407_std_periph\\src\\stm32f4xx_wwdg.c 0x00000000   Number         0  stm32f4xx_wwdg.o ABSOLUTE
    ..\\User\\app\\main.c                    0x00000000   Number         0  main.o ABSOLUTE
    ..\\User\\config\\stm32f4xx_it.c         0x00000000   Number         0  stm32f4xx_it.o ABSOLUTE
    ..\\User\\drivers\\drv_eeprom.c          0x00000000   Number         0  drv_eeprom.o ABSOLUTE
    ..\\User\\drivers\\drv_gpio.c            0x00000000   Number         0  drv_gpio.o ABSOLUTE
    ..\\User\\drivers\\drv_i2c.c             0x00000000   Number         0  drv_i2c.o ABSOLUTE
    ..\\User\\drivers\\drv_key.c             0x00000000   Number         0  drv_key.o ABSOLUTE
    ..\\User\\drivers\\drv_led.c             0x00000000   Number         0  drv_led.o ABSOLUTE
    ..\\User\\drivers\\drv_misc_func.c       0x00000000   Number         0  drv_misc_func.o ABSOLUTE
    ..\\User\\drivers\\drv_rtc.c             0x00000000   Number         0  drv_rtc.o ABSOLUTE
    ..\\User\\drivers\\drv_serial.c          0x00000000   Number         0  drv_serial.o ABSOLUTE
    ..\\User\\drivers\\drv_spi.c             0x00000000   Number         0  drv_spi.o ABSOLUTE
    ..\\User\\drivers\\drv_spi_flash.c       0x00000000   Number         0  drv_spi_flash.o ABSOLUTE
    ..\\User\\drivers\\drv_usart.c           0x00000000   Number         0  drv_usart.o ABSOLUTE
    ..\\User\\kservice\\event\\simple_event_engine.c 0x00000000   Number         0  simple_event_engine.o ABSOLUTE
    ..\\User\\kservice\\timer\\timer_manager.c 0x00000000   Number         0  timer_manager.o ABSOLUTE
    ..\\User\\middleware\\fs\\fat\\diskio.c  0x00000000   Number         0  diskio.o ABSOLUTE
    cdrcmple.s                               0x00000000   Number         0  cdrcmple.o ABSOLUTE
    dc.s                                     0x00000000   Number         0  dc.o ABSOLUTE
    handlers.s                               0x00000000   Number         0  handlers.o ABSOLUTE
    init.s                                   0x00000000   Number         0  init.o ABSOLUTE
    RESET                                    0x08000000   Section      392  startup_stm32f40xx.o(RESET)
    .ARM.Collect$$$$00000000                 0x08000188   Section        0  entry.o(.ARM.Collect$$$$00000000)
    .ARM.Collect$$$$00000001                 0x08000188   Section        4  entry2.o(.ARM.Collect$$$$00000001)
    .ARM.Collect$$$$00000004                 0x0800018c   Section        4  entry5.o(.ARM.Collect$$$$00000004)
    .ARM.Collect$$$$00000008                 0x08000190   Section        0  entry7b.o(.ARM.Collect$$$$00000008)
    .ARM.Collect$$$$0000000A                 0x08000190   Section        0  entry8b.o(.ARM.Collect$$$$0000000A)
    .ARM.Collect$$$$0000000B                 0x08000190   Section        8  entry9a.o(.ARM.Collect$$$$0000000B)
    .ARM.Collect$$$$0000000E                 0x08000198   Section        4  entry12b.o(.ARM.Collect$$$$0000000E)
    .ARM.Collect$$$$0000000F                 0x0800019c   Section        0  entry10a.o(.ARM.Collect$$$$0000000F)
    .ARM.Collect$$$$00000011                 0x0800019c   Section        0  entry11a.o(.ARM.Collect$$$$00000011)
    .ARM.Collect$$$$00002712                 0x0800019c   Section        4  entry2.o(.ARM.Collect$$$$00002712)
    __lit__00000000                          0x0800019c   Data           4  entry2.o(.ARM.Collect$$$$00002712)
    .text                                    0x080001a0   Section       36  startup_stm32f40xx.o(.text)
    $v0                                      0x080001a0   Number         0  startup_stm32f40xx.o(.text)
    .text                                    0x080001c4   Section        0  memcpya.o(.text)
    .text                                    0x080001e8   Section        0  strncpy.o(.text)
    .text                                    0x08000200   Section        0  strcmp.o(.text)
    .text                                    0x0800021c   Section        0  strcpy.o(.text)
    .text                                    0x0800022e   Section        0  uldiv.o(.text)
    .text                                    0x08000290   Section       36  init.o(.text)
    .text                                    0x080002b4   Section        0  llshl.o(.text)
    .text                                    0x080002d2   Section        0  llushr.o(.text)
    .text                                    0x080002f2   Section        0  __dczerorl2.o(.text)
    i.BusFault_Handler                       0x08000348   Section        0  stm32f4xx_it.o(i.BusFault_Handler)
    i.EXTI_Init                              0x08000388   Section        0  stm32f4xx_exti.o(i.EXTI_Init)
    i.GPIO_Init                              0x0800041c   Section        0  stm32f4xx_gpio.o(i.GPIO_Init)
    i.GPIO_PinAFConfig                       0x080004ac   Section        0  stm32f4xx_gpio.o(i.GPIO_PinAFConfig)
    i.GPIO_ReadInputDataBit                  0x080004f2   Section        0  stm32f4xx_gpio.o(i.GPIO_ReadInputDataBit)
    i.GPIO_ResetBits                         0x08000504   Section        0  stm32f4xx_gpio.o(i.GPIO_ResetBits)
    i.GPIO_SetBits                           0x08000508   Section        0  stm32f4xx_gpio.o(i.GPIO_SetBits)
    i.HardFault_Handler                      0x0800050c   Section        0  stm32f4xx_it.o(i.HardFault_Handler)
    i.NVIC_Init                              0x0800054c   Section        0  misc.o(i.NVIC_Init)
    i.PWR_BackupAccessCmd                    0x080005c4   Section        0  stm32f4xx_pwr.o(i.PWR_BackupAccessCmd)
    i.RCC_AHB1PeriphClockCmd                 0x080005d0   Section        0  stm32f4xx_rcc.o(i.RCC_AHB1PeriphClockCmd)
    i.RCC_APB1PeriphClockCmd                 0x080005f0   Section        0  stm32f4xx_rcc.o(i.RCC_APB1PeriphClockCmd)
    i.RCC_APB2PeriphClockCmd                 0x08000610   Section        0  stm32f4xx_rcc.o(i.RCC_APB2PeriphClockCmd)
    i.RCC_GetClocksFreq                      0x08000630   Section        0  stm32f4xx_rcc.o(i.RCC_GetClocksFreq)
    i.RCC_GetFlagStatus                      0x08000718   Section        0  stm32f4xx_rcc.o(i.RCC_GetFlagStatus)
    i.RCC_LSICmd                             0x08000758   Section        0  stm32f4xx_rcc.o(i.RCC_LSICmd)
    i.RCC_RTCCLKCmd                          0x08000764   Section        0  stm32f4xx_rcc.o(i.RCC_RTCCLKCmd)
    i.RCC_RTCCLKConfig                       0x08000770   Section        0  stm32f4xx_rcc.o(i.RCC_RTCCLKConfig)
    i.RTC_Bcd2ToByte                         0x080007ac   Section        0  stm32f4xx_rtc.o(i.RTC_Bcd2ToByte)
    RTC_Bcd2ToByte                           0x080007ad   Thumb Code    22  stm32f4xx_rtc.o(i.RTC_Bcd2ToByte)
    i.RTC_ByteToBcd2                         0x080007c2   Section        0  stm32f4xx_rtc.o(i.RTC_ByteToBcd2)
    RTC_ByteToBcd2                           0x080007c3   Thumb Code    28  stm32f4xx_rtc.o(i.RTC_ByteToBcd2)
    i.RTC_EnterInitMode                      0x080007e0   Section        0  stm32f4xx_rtc.o(i.RTC_EnterInitMode)
    i.RTC_ExitInitMode                       0x08000830   Section        0  stm32f4xx_rtc.o(i.RTC_ExitInitMode)
    i.RTC_GetDate                            0x08000844   Section        0  stm32f4xx_rtc.o(i.RTC_GetDate)
    i.RTC_GetTime                            0x08000890   Section        0  stm32f4xx_rtc.o(i.RTC_GetTime)
    i.RTC_Init                               0x080008e0   Section        0  stm32f4xx_rtc.o(i.RTC_Init)
    i.RTC_SetDate                            0x08000944   Section        0  stm32f4xx_rtc.o(i.RTC_SetDate)
    i.RTC_SetTime                            0x08000a0c   Section        0  stm32f4xx_rtc.o(i.RTC_SetTime)
    i.RTC_WaitForSynchro                     0x08000adc   Section        0  stm32f4xx_rtc.o(i.RTC_WaitForSynchro)
    i.RTC_WriteBackupRegister                0x08000b3c   Section        0  stm32f4xx_rtc.o(i.RTC_WriteBackupRegister)
    i.SPI_Cmd                                0x08000b58   Section        0  stm32f4xx_spi.o(i.SPI_Cmd)
    i.SPI_I2S_GetFlagStatus                  0x08000b70   Section        0  stm32f4xx_spi.o(i.SPI_I2S_GetFlagStatus)
    i.SPI_I2S_ReceiveData                    0x08000b82   Section        0  stm32f4xx_spi.o(i.SPI_I2S_ReceiveData)
    i.SPI_I2S_SendData                       0x08000b88   Section        0  stm32f4xx_spi.o(i.SPI_I2S_SendData)
    i.SPI_Init                               0x08000b8c   Section        0  stm32f4xx_spi.o(i.SPI_Init)
    i.SYSCFG_EXTILineConfig                  0x08000bc8   Section        0  stm32f4xx_syscfg.o(i.SYSCFG_EXTILineConfig)
    i.SetSysClock                            0x08000c08   Section        0  system_stm32f4xx.o(i.SetSysClock)
    SetSysClock                              0x08000c09   Thumb Code   220  system_stm32f4xx.o(i.SetSysClock)
    i.SysTick_Handler                        0x08000cf4   Section        0  stm32f4xx_it.o(i.SysTick_Handler)
    i.SystemInit                             0x08000d00   Section        0  system_stm32f4xx.o(i.SystemInit)
    i.USART_Cmd                              0x08000d68   Section        0  stm32f4xx_usart.o(i.USART_Cmd)
    i.USART_GetFlagStatus                    0x08000d80   Section        0  stm32f4xx_usart.o(i.USART_GetFlagStatus)
    i.USART_Init                             0x08000d9c   Section        0  stm32f4xx_usart.o(i.USART_Init)
    i.USART_ReceiveData                      0x08000e70   Section        0  stm32f4xx_usart.o(i.USART_ReceiveData)
    i.USART_SendData                         0x08000e7a   Section        0  stm32f4xx_usart.o(i.USART_SendData)
    i.UsageFault_Handler                     0x08000e84   Section        0  stm32f4xx_it.o(i.UsageFault_Handler)
    i.__0printf$8                            0x08000ec4   Section        0  printf8.o(i.__0printf$8)
    i.__scatterload_copy                     0x08000ee4   Section       14  handlers.o(i.__scatterload_copy)
    i.__scatterload_null                     0x08000ef2   Section        2  handlers.o(i.__scatterload_null)
    i.__scatterload_zeroinit                 0x08000ef4   Section       14  handlers.o(i.__scatterload_zeroinit)
    i._printf_core                           0x08000f04   Section        0  printf8.o(i._printf_core)
    _printf_core                             0x08000f05   Thumb Code   984  printf8.o(i._printf_core)
    i._printf_post_padding                   0x08001308   Section        0  printf8.o(i._printf_post_padding)
    _printf_post_padding                     0x08001309   Thumb Code    36  printf8.o(i._printf_post_padding)
    i._printf_pre_padding                    0x0800132c   Section        0  printf8.o(i._printf_pre_padding)
    _printf_pre_padding                      0x0800132d   Thumb Code    46  printf8.o(i._printf_pre_padding)
    i.app_init                               0x0800135c   Section        0  main.o(i.app_init)
    i.board_init                             0x080013ac   Section        0  main.o(i.board_init)
    i.drv_flash_W25Q128_ChipErase            0x080013e4   Section        0  drv_spi_flash.o(i.drv_flash_W25Q128_ChipErase)
    drv_flash_W25Q128_ChipErase              0x080013e5   Thumb Code    84  drv_spi_flash.o(i.drv_flash_W25Q128_ChipErase)
    i.drv_flash_W25Q128_PageWrite            0x080014b4   Section        0  drv_spi_flash.o(i.drv_flash_W25Q128_PageWrite)
    drv_flash_W25Q128_PageWrite              0x080014b5   Thumb Code   200  drv_spi_flash.o(i.drv_flash_W25Q128_PageWrite)
    i.drv_flash_W25Q128_PowerDown            0x08001668   Section        0  drv_spi_flash.o(i.drv_flash_W25Q128_PowerDown)
    drv_flash_W25Q128_PowerDown              0x08001669   Thumb Code    40  drv_spi_flash.o(i.drv_flash_W25Q128_PowerDown)
    i.drv_flash_W25Q128_ReadDeviceID         0x080016c0   Section        0  drv_spi_flash.o(i.drv_flash_W25Q128_ReadDeviceID)
    drv_flash_W25Q128_ReadDeviceID           0x080016c1   Thumb Code   112  drv_spi_flash.o(i.drv_flash_W25Q128_ReadDeviceID)
    i.drv_flash_W25Q128_SectorErase          0x08001798   Section        0  drv_spi_flash.o(i.drv_flash_W25Q128_SectorErase)
    drv_flash_W25Q128_SectorErase            0x08001799   Thumb Code   106  drv_spi_flash.o(i.drv_flash_W25Q128_SectorErase)
    i.drv_flash_W25Q128_WaitForWriteEnd      0x0800187c   Section        0  drv_spi_flash.o(i.drv_flash_W25Q128_WaitForWriteEnd)
    drv_flash_W25Q128_WaitForWriteEnd        0x0800187d   Thumb Code   164  drv_spi_flash.o(i.drv_flash_W25Q128_WaitForWriteEnd)
    i.drv_flash_W25Q128_WakeUp               0x080019b0   Section        0  drv_spi_flash.o(i.drv_flash_W25Q128_WakeUp)
    drv_flash_W25Q128_WakeUp                 0x080019b1   Thumb Code    40  drv_spi_flash.o(i.drv_flash_W25Q128_WakeUp)
    i.drv_flash_W25Q128_WriteEnable          0x08001a08   Section        0  drv_spi_flash.o(i.drv_flash_W25Q128_WriteEnable)
    drv_flash_W25Q128_WriteEnable            0x08001a09   Thumb Code    34  drv_spi_flash.o(i.drv_flash_W25Q128_WriteEnable)
    i.drv_flash_W25Q128_control              0x08001a5c   Section        0  drv_spi_flash.o(i.drv_flash_W25Q128_control)
    i.drv_flash_W25Q128_init                 0x08001acc   Section        0  drv_spi_flash.o(i.drv_flash_W25Q128_init)
    i.drv_flash_W25Q128_read                 0x08001b04   Section        0  drv_spi_flash.o(i.drv_flash_W25Q128_read)
    i.drv_flash_W25Q128_read_with_addr       0x08001b60   Section        0  drv_spi_flash.o(i.drv_flash_W25Q128_read_with_addr)
    i.drv_flash_W25Q128_send_data            0x08001c60   Section        0  drv_spi_flash.o(i.drv_flash_W25Q128_send_data)
    drv_flash_W25Q128_send_data              0x08001c61   Thumb Code    88  drv_spi_flash.o(i.drv_flash_W25Q128_send_data)
    i.drv_flash_W25Q128_single_sector_write  0x08001cf4   Section        0  drv_spi_flash.o(i.drv_flash_W25Q128_single_sector_write)
    drv_flash_W25Q128_single_sector_write    0x08001cf5   Thumb Code   164  drv_spi_flash.o(i.drv_flash_W25Q128_single_sector_write)
    i.drv_flash_W25Q128_write                0x08001e4c   Section        0  drv_spi_flash.o(i.drv_flash_W25Q128_write)
    i.drv_gpio_enable_clk                    0x08001f74   Section        0  drv_misc_func.o(i.drv_gpio_enable_clk)
    i.drv_gpio_exti_config                   0x08001fc4   Section        0  drv_misc_func.o(i.drv_gpio_exti_config)
    i.drv_gpio_get_af_src                    0x08002000   Section        0  drv_misc_func.o(i.drv_gpio_get_af_src)
    i.drv_gpio_get_exti_iqr_channel          0x08002030   Section        0  drv_misc_func.o(i.drv_gpio_get_exti_iqr_channel)
    i.drv_gpio_get_exti_line                 0x080020c4   Section        0  drv_misc_func.o(i.drv_gpio_get_exti_line)
    i.drv_gpio_get_exti_src                  0x080020f4   Section        0  drv_misc_func.o(i.drv_gpio_get_exti_src)
    i.drv_gpio_get_usart_af                  0x08002124   Section        0  drv_misc_func.o(i.drv_gpio_get_usart_af)
    i.drv_key_init                           0x0800214c   Section        0  drv_key.o(i.drv_key_init)
    i.drv_led_init                           0x08002230   Section        0  drv_led.o(i.drv_led_init)
    i.drv_rtc_init                           0x08002290   Section        0  drv_rtc.o(i.drv_rtc_init)
    i.drv_serial_init                        0x080022e4   Section        0  drv_serial.o(i.drv_serial_init)
    i.drv_spi_flash_init                     0x08002360   Section        0  drv_spi_flash.o(i.drv_spi_flash_init)
    i.drv_spi_hw_init                        0x080023d0   Section        0  drv_spi.o(i.drv_spi_hw_init)
    i.drv_stm32_spi_bus_init                 0x080023f4   Section        0  drv_spi.o(i.drv_stm32_spi_bus_init)
    i.drv_stm32_spi_clk_enable               0x08002514   Section        0  drv_spi.o(i.drv_stm32_spi_clk_enable)
    drv_stm32_spi_clk_enable                 0x08002515   Thumb Code    58  drv_spi.o(i.drv_stm32_spi_clk_enable)
    i.drv_stm32_usart_bus_control            0x08002554   Section        0  drv_usart.o(i.drv_stm32_usart_bus_control)
    drv_stm32_usart_bus_control              0x08002555   Thumb Code    46  drv_usart.o(i.drv_stm32_usart_bus_control)
    i.drv_stm32_usart_bus_init               0x08002582   Section        0  drv_usart.o(i.drv_stm32_usart_bus_init)
    drv_stm32_usart_bus_init                 0x08002583   Thumb Code   218  drv_usart.o(i.drv_stm32_usart_bus_init)
    i.drv_stm32_usart_bus_recv_byte          0x0800265c   Section        0  drv_usart.o(i.drv_stm32_usart_bus_recv_byte)
    drv_stm32_usart_bus_recv_byte            0x0800265d   Thumb Code    54  drv_usart.o(i.drv_stm32_usart_bus_recv_byte)
    i.drv_stm32_usart_bus_send_byte          0x08002692   Section        0  drv_usart.o(i.drv_stm32_usart_bus_send_byte)
    drv_stm32_usart_bus_send_byte            0x08002693   Thumb Code    54  drv_usart.o(i.drv_stm32_usart_bus_send_byte)
    i.drv_stm32_usart_recv                   0x080026c8   Section        0  drv_usart.o(i.drv_stm32_usart_recv)
    drv_stm32_usart_recv                     0x080026c9   Thumb Code    48  drv_usart.o(i.drv_stm32_usart_recv)
    i.drv_stm32_usart_send                   0x080026f8   Section        0  drv_usart.o(i.drv_stm32_usart_send)
    drv_stm32_usart_send                     0x080026f9   Thumb Code    48  drv_usart.o(i.drv_stm32_usart_send)
    i.drv_time_get_sys_tick                  0x08002728   Section        0  drv_time.o(i.drv_time_get_sys_tick)
    i.drv_time_sys_tick_increment            0x08002734   Section        0  drv_time.o(i.drv_time_sys_tick_increment)
    i.drv_usart_hw_init                      0x08002744   Section        0  drv_usart.o(i.drv_usart_hw_init)
    i.dy_bus_attach_device                   0x08002768   Section        0  bus.o(i.dy_bus_attach_device)
    i.dy_bus_control                         0x08002798   Section        0  bus.o(i.dy_bus_control)
    i.dy_bus_find                            0x080027f4   Section        0  bus.o(i.dy_bus_find)
    i.dy_bus_get_state                       0x08002820   Section        0  bus.o(i.dy_bus_get_state)
    dy_bus_get_state                         0x08002821   Thumb Code    16  bus.o(i.dy_bus_get_state)
    i.dy_bus_manager_init                    0x08002830   Section        0  bus.o(i.dy_bus_manager_init)
    i.dy_bus_register                        0x08002840   Section        0  bus.o(i.dy_bus_register)
    i.dy_bus_set_state                       0x08002884   Section        0  bus.o(i.dy_bus_set_state)
    dy_bus_set_state                         0x08002885   Thumb Code    16  bus.o(i.dy_bus_set_state)
    i.dy_device_control                      0x08002894   Section        0  device.o(i.dy_device_control)
    i.dy_device_manager_init                 0x080028cc   Section        0  device.o(i.dy_device_manager_init)
    i.dy_device_register                     0x080028dc   Section        0  device.o(i.dy_device_register)
    i.dy_find_device                         0x08002914   Section        0  device.o(i.dy_find_device)
    i.dy_stm32_spi_bus_control               0x08002940   Section        0  drv_spi.o(i.dy_stm32_spi_bus_control)
    dy_stm32_spi_bus_control                 0x08002941   Thumb Code    64  drv_spi.o(i.dy_stm32_spi_bus_control)
    i.dy_stm32_spi_bus_full_duplex_recv      0x08002980   Section        0  drv_spi.o(i.dy_stm32_spi_bus_full_duplex_recv)
    dy_stm32_spi_bus_full_duplex_recv        0x08002981   Thumb Code   136  drv_spi.o(i.dy_stm32_spi_bus_full_duplex_recv)
    i.dy_stm32_spi_bus_full_duplex_send      0x08002a50   Section        0  drv_spi.o(i.dy_stm32_spi_bus_full_duplex_send)
    dy_stm32_spi_bus_full_duplex_send        0x08002a51   Thumb Code   138  drv_spi.o(i.dy_stm32_spi_bus_full_duplex_send)
    i.event_engine_init                      0x08002b24   Section        0  simple_event_engine.o(i.event_engine_init)
    i.event_process                          0x08002b44   Section        0  simple_event_engine.o(i.event_process)
    i.event_publish                          0x08002bec   Section        0  simple_event_engine.o(i.event_publish)
    i.event_subscribe                        0x08002c44   Section        0  simple_event_engine.o(i.event_subscribe)
    i.find_free_timer                        0x08002ce4   Section        0  timer_manager.o(i.find_free_timer)
    find_free_timer                          0x08002ce5   Thumb Code    34  timer_manager.o(i.find_free_timer)
    i.fputc                                  0x08002d0c   Section        0  drv_serial.o(i.fputc)
    i.key1_timer_callback                    0x08002d58   Section        0  drv_key.o(i.key1_timer_callback)
    i.key_control                            0x08002e3c   Section        0  drv_key.o(i.key_control)
    key_control                              0x08002e3d   Thumb Code    98  drv_key.o(i.key_control)
    i.key_event_handler                      0x08002ea0   Section        0  main.o(i.key_event_handler)
    i.key_init                               0x08002ef8   Section        0  drv_key.o(i.key_init)
    key_init                                 0x08002ef9   Thumb Code   130  drv_key.o(i.key_init)
    i.key_read                               0x08002f7a   Section        0  drv_key.o(i.key_read)
    key_read                                 0x08002f7b   Thumb Code    50  drv_key.o(i.key_read)
    i.led_control                            0x08002fac   Section        0  drv_led.o(i.led_control)
    led_control                              0x08002fad   Thumb Code   216  drv_led.o(i.led_control)
    i.led_init                               0x08003084   Section        0  drv_led.o(i.led_init)
    led_init                                 0x08003085   Thumb Code   130  drv_led.o(i.led_init)
    i.main                                   0x08003106   Section        0  main.o(i.main)
    i.rtc_control                            0x0800311e   Section        0  drv_rtc.o(i.rtc_control)
    rtc_control                              0x0800311f   Thumb Code    64  drv_rtc.o(i.rtc_control)
    i.rtc_get_date_time                      0x08003160   Section        0  drv_rtc.o(i.rtc_get_date_time)
    rtc_get_date_time                        0x08003161   Thumb Code    80  drv_rtc.o(i.rtc_get_date_time)
    i.rtc_init                               0x080031d4   Section        0  drv_rtc.o(i.rtc_init)
    rtc_init                                 0x080031d5   Thumb Code   100  drv_rtc.o(i.rtc_init)
    i.rtc_set_date_time                      0x0800324c   Section        0  drv_rtc.o(i.rtc_set_date_time)
    rtc_set_date_time                        0x0800324d   Thumb Code    94  drv_rtc.o(i.rtc_set_date_time)
    i.rtc_time_test                          0x080032ac   Section        0  main.o(i.rtc_time_test)
    i.serial_control                         0x08003340   Section        0  drv_serial.o(i.serial_control)
    serial_control                           0x08003341   Thumb Code    48  drv_serial.o(i.serial_control)
    i.serial_init                            0x08003370   Section        0  drv_serial.o(i.serial_init)
    serial_init                              0x08003371   Thumb Code    28  drv_serial.o(i.serial_init)
    i.serial_read                            0x0800338c   Section        0  drv_serial.o(i.serial_read)
    serial_read                              0x0800338d   Thumb Code    28  drv_serial.o(i.serial_read)
    i.serial_write                           0x080033a8   Section        0  drv_serial.o(i.serial_write)
    serial_write                             0x080033a9   Thumb Code    28  drv_serial.o(i.serial_write)
    i.set_rtc_time                           0x080033c4   Section        0  main.o(i.set_rtc_time)
    set_rtc_time                             0x080033c5   Thumb Code    94  main.o(i.set_rtc_time)
    i.system_init                            0x08003454   Section        0  main.o(i.system_init)
    i.systick_init                           0x08003460   Section        0  main.o(i.systick_init)
    i.timer_create                           0x080034bc   Section        0  timer_manager.o(i.timer_create)
    i.timer_manager_expired_timer_handler    0x0800350c   Section        0  timer_manager.o(i.timer_manager_expired_timer_handler)
    i.timer_manager_init                     0x08003574   Section        0  timer_manager.o(i.timer_manager_init)
    i.timer_manager_tick_decrement_handler   0x080035b4   Section        0  timer_manager.o(i.timer_manager_tick_decrement_handler)
    i.timer_start                            0x080035f4   Section        0  timer_manager.o(i.timer_start)
    .conststring                             0x0800362c   Section      136  drv_spi.o(.conststring)
    .conststring                             0x080036b4   Section       81  drv_spi_flash.o(.conststring)
    .conststring                             0x08003708   Section       88  main.o(.conststring)
    .data                                    0x20000000   Section       16  stm32f4xx_rcc.o(.data)
    APBAHBPrescTable                         0x20000000   Data          16  stm32f4xx_rcc.o(.data)
    .data                                    0x20000010   Section       20  system_stm32f4xx.o(.data)
    .data                                    0x20000024   Section        8  bus.o(.data)
    g_bus_mgr                                0x20000024   Data           8  bus.o(.data)
    .data                                    0x2000002c   Section        8  device.o(.data)
    g_device_mgr                             0x2000002c   Data           8  device.o(.data)
    .data                                    0x20000034   Section       28  drv_led.o(.data)
    led_dev_ops                              0x20000034   Data          28  drv_led.o(.data)
    .data                                    0x20000050   Section       36  drv_key.o(.data)
    key_dev_ops                              0x20000050   Data          28  drv_key.o(.data)
    key_last_state                           0x2000006c   Data           1  drv_key.o(.data)
    cur_timestamp                            0x20000070   Data           4  drv_key.o(.data)
    .data                                    0x20000074   Section      252  drv_misc_func.o(.data)
    g_gpio_pin_set                           0x20000074   Data          64  drv_misc_func.o(.data)
    g_gpio_af_src_set                        0x200000b4   Data          64  drv_misc_func.o(.data)
    g_gpio_exti_line_set                     0x200000f4   Data          64  drv_misc_func.o(.data)
    g_gpio_exti_pin_src_set                  0x20000134   Data          16  drv_misc_func.o(.data)
    g_gpio_exti_port_src_set                 0x20000144   Data          44  drv_misc_func.o(.data)
    .data                                    0x20000170   Section      152  drv_usart.o(.data)
    .data                                    0x20000208   Section       28  drv_serial.o(.data)
    .data                                    0x20000224   Section        4  drv_time.o(.data)
    g_sys_tick                               0x20000224   Data           4  drv_time.o(.data)
    .data                                    0x20000228   Section      160  drv_spi.o(.data)
    .data                                    0x200002c8   Section       28  drv_spi_flash.o(.data)
    .data                                    0x200002e4   Section       28  drv_rtc.o(.data)
    .data                                    0x20000300   Section        4  stdout.o(.data)
    .bss                                     0x20000304   Section      136  timer_manager.o(.bss)
    g_tim_mnger                              0x20000304   Data         136  timer_manager.o(.bss)
    .bss                                     0x2000038c   Section      712  simple_event_engine.o(.bss)
    g_event_queue                            0x2000038c   Data         516  simple_event_engine.o(.bss)
    g_subscription_table                     0x20000590   Data         196  simple_event_engine.o(.bss)
    .bss                                     0x20000654   Section       88  drv_led.o(.bss)
    g_led_dev                                0x20000654   Data          88  drv_led.o(.bss)
    .bss                                     0x200006ac   Section      280  drv_key.o(.bss)
    g_key_dev1                               0x200006ac   Data         140  drv_key.o(.bss)
    g_key_dev2                               0x20000738   Data         140  drv_key.o(.bss)
    .bss                                     0x200007c4   Section       64  drv_serial.o(.bss)
    .bss                                     0x20000804   Section       80  drv_spi_flash.o(.bss)
    .bss                                     0x20000854   Section       76  drv_rtc.o(.bss)
    STACK                                    0x200008a0   Section     8192  startup_stm32f40xx.o(STACK)

    Global Symbols

    Symbol Name                              Value     Ov Type        Size  Object(Section)

    BuildAttributes$$THM_ISAv4$E$P$D$K$B$S$7EM$VFPi3$EXTD16$VFPS$VFMA$PE$A:L22UL41UL21$X:L11$S22US41US21$IEEE1$IW$USESV6$~STKCKD$USESV7$~SHL$OSPACE$ROPI$EBA8$MICROLIB$REQ8$PRES8$EABIv2 0x00000000   Number         0  anon$$obj.o ABSOLUTE
    __ARM_use_no_argv                        0x00000000   Number         0  main.o ABSOLUTE
    _printf_a                                0x00000000   Number         0  stubs.o ABSOLUTE
    _printf_c                                0x00000000   Number         0  stubs.o ABSOLUTE
    _printf_charcount                        0x00000000   Number         0  stubs.o ABSOLUTE
    _printf_d                                0x00000000   Number         0  stubs.o ABSOLUTE
    _printf_e                                0x00000000   Number         0  stubs.o ABSOLUTE
    _printf_f                                0x00000000   Number         0  stubs.o ABSOLUTE
    _printf_flags                            0x00000000   Number         0  stubs.o ABSOLUTE
    _printf_fp_dec                           0x00000000   Number         0  stubs.o ABSOLUTE
    _printf_fp_hex                           0x00000000   Number         0  stubs.o ABSOLUTE
    _printf_g                                0x00000000   Number         0  stubs.o ABSOLUTE
    _printf_i                                0x00000000   Number         0  stubs.o ABSOLUTE
    _printf_int_dec                          0x00000000   Number         0  stubs.o ABSOLUTE
    _printf_l                                0x00000000   Number         0  stubs.o ABSOLUTE
    _printf_lc                               0x00000000   Number         0  stubs.o ABSOLUTE
    _printf_ll                               0x00000000   Number         0  stubs.o ABSOLUTE
    _printf_lld                              0x00000000   Number         0  stubs.o ABSOLUTE
    _printf_lli                              0x00000000   Number         0  stubs.o ABSOLUTE
    _printf_llo                              0x00000000   Number         0  stubs.o ABSOLUTE
    _printf_llu                              0x00000000   Number         0  stubs.o ABSOLUTE
    _printf_llx                              0x00000000   Number         0  stubs.o ABSOLUTE
    _printf_longlong_dec                     0x00000000   Number         0  stubs.o ABSOLUTE
    _printf_longlong_hex                     0x00000000   Number         0  stubs.o ABSOLUTE
    _printf_longlong_oct                     0x00000000   Number         0  stubs.o ABSOLUTE
    _printf_ls                               0x00000000   Number         0  stubs.o ABSOLUTE
    _printf_mbtowc                           0x00000000   Number         0  stubs.o ABSOLUTE
    _printf_n                                0x00000000   Number         0  stubs.o ABSOLUTE
    _printf_o                                0x00000000   Number         0  stubs.o ABSOLUTE
    _printf_p                                0x00000000   Number         0  stubs.o ABSOLUTE
    _printf_percent                          0x00000000   Number         0  stubs.o ABSOLUTE
    _printf_pre_padding                      0x00000000   Number         0  stubs.o ABSOLUTE
    _printf_return_value                     0x00000000   Number         0  stubs.o ABSOLUTE
    _printf_s                                0x00000000   Number         0  stubs.o ABSOLUTE
    _printf_sizespec                         0x00000000   Number         0  stubs.o ABSOLUTE
    _printf_str                              0x00000000   Number         0  stubs.o ABSOLUTE
    _printf_truncate_signed                  0x00000000   Number         0  stubs.o ABSOLUTE
    _printf_truncate_unsigned                0x00000000   Number         0  stubs.o ABSOLUTE
    _printf_u                                0x00000000   Number         0  stubs.o ABSOLUTE
    _printf_wc                               0x00000000   Number         0  stubs.o ABSOLUTE
    _printf_wctomb                           0x00000000   Number         0  stubs.o ABSOLUTE
    _printf_widthprec                        0x00000000   Number         0  stubs.o ABSOLUTE
    _printf_x                                0x00000000   Number         0  stubs.o ABSOLUTE
    __arm_fini_                               - Undefined Weak Reference
    __cpp_initialize__aeabi_                  - Undefined Weak Reference
    __cxa_finalize                            - Undefined Weak Reference
    _clock_init                               - Undefined Weak Reference
    _microlib_exit                            - Undefined Weak Reference
    __Vectors_Size                           0x00000188   Number         0  startup_stm32f40xx.o ABSOLUTE
    __Vectors                                0x08000000   Data           4  startup_stm32f40xx.o(RESET)
    __Vectors_End                            0x08000188   Data           0  startup_stm32f40xx.o(RESET)
    __main                                   0x08000189   Thumb Code     0  entry.o(.ARM.Collect$$$$00000000)
    _main_stk                                0x08000189   Thumb Code     0  entry2.o(.ARM.Collect$$$$00000001)
    _main_scatterload                        0x0800018d   Thumb Code     0  entry5.o(.ARM.Collect$$$$00000004)
    __main_after_scatterload                 0x08000191   Thumb Code     0  entry5.o(.ARM.Collect$$$$00000004)
    _main_clock                              0x08000191   Thumb Code     0  entry7b.o(.ARM.Collect$$$$00000008)
    _main_cpp_init                           0x08000191   Thumb Code     0  entry8b.o(.ARM.Collect$$$$0000000A)
    _main_init                               0x08000191   Thumb Code     0  entry9a.o(.ARM.Collect$$$$0000000B)
    __rt_lib_shutdown_fini                   0x08000199   Thumb Code     0  entry12b.o(.ARM.Collect$$$$0000000E)
    __rt_final_cpp                           0x0800019d   Thumb Code     0  entry10a.o(.ARM.Collect$$$$0000000F)
    __rt_final_exit                          0x0800019d   Thumb Code     0  entry11a.o(.ARM.Collect$$$$00000011)
    Reset_Handler                            0x080001a1   Thumb Code     8  startup_stm32f40xx.o(.text)
    NMI_Handler                              0x080001a9   Thumb Code     2  startup_stm32f40xx.o(.text)
    MemManage_Handler                        0x080001ad   Thumb Code     2  startup_stm32f40xx.o(.text)
    SVC_Handler                              0x080001b3   Thumb Code     2  startup_stm32f40xx.o(.text)
    DebugMon_Handler                         0x080001b5   Thumb Code     2  startup_stm32f40xx.o(.text)
    PendSV_Handler                           0x080001b7   Thumb Code     2  startup_stm32f40xx.o(.text)
    ADC_IRQHandler                           0x080001bb   Thumb Code     0  startup_stm32f40xx.o(.text)
    CAN1_RX0_IRQHandler                      0x080001bb   Thumb Code     0  startup_stm32f40xx.o(.text)
    CAN1_RX1_IRQHandler                      0x080001bb   Thumb Code     0  startup_stm32f40xx.o(.text)
    CAN1_SCE_IRQHandler                      0x080001bb   Thumb Code     0  startup_stm32f40xx.o(.text)
    CAN1_TX_IRQHandler                       0x080001bb   Thumb Code     0  startup_stm32f40xx.o(.text)
    CAN2_RX0_IRQHandler                      0x080001bb   Thumb Code     0  startup_stm32f40xx.o(.text)
    CAN2_RX1_IRQHandler                      0x080001bb   Thumb Code     0  startup_stm32f40xx.o(.text)
    CAN2_SCE_IRQHandler                      0x080001bb   Thumb Code     0  startup_stm32f40xx.o(.text)
    CAN2_TX_IRQHandler                       0x080001bb   Thumb Code     0  startup_stm32f40xx.o(.text)
    CRYP_IRQHandler                          0x080001bb   Thumb Code     0  startup_stm32f40xx.o(.text)
    DCMI_IRQHandler                          0x080001bb   Thumb Code     0  startup_stm32f40xx.o(.text)
    DMA1_Stream0_IRQHandler                  0x080001bb   Thumb Code     0  startup_stm32f40xx.o(.text)
    DMA1_Stream1_IRQHandler                  0x080001bb   Thumb Code     0  startup_stm32f40xx.o(.text)
    DMA1_Stream2_IRQHandler                  0x080001bb   Thumb Code     0  startup_stm32f40xx.o(.text)
    DMA1_Stream3_IRQHandler                  0x080001bb   Thumb Code     0  startup_stm32f40xx.o(.text)
    DMA1_Stream4_IRQHandler                  0x080001bb   Thumb Code     0  startup_stm32f40xx.o(.text)
    DMA1_Stream5_IRQHandler                  0x080001bb   Thumb Code     0  startup_stm32f40xx.o(.text)
    DMA1_Stream6_IRQHandler                  0x080001bb   Thumb Code     0  startup_stm32f40xx.o(.text)
    DMA1_Stream7_IRQHandler                  0x080001bb   Thumb Code     0  startup_stm32f40xx.o(.text)
    DMA2_Stream0_IRQHandler                  0x080001bb   Thumb Code     0  startup_stm32f40xx.o(.text)
    DMA2_Stream1_IRQHandler                  0x080001bb   Thumb Code     0  startup_stm32f40xx.o(.text)
    DMA2_Stream2_IRQHandler                  0x080001bb   Thumb Code     0  startup_stm32f40xx.o(.text)
    DMA2_Stream3_IRQHandler                  0x080001bb   Thumb Code     0  startup_stm32f40xx.o(.text)
    DMA2_Stream4_IRQHandler                  0x080001bb   Thumb Code     0  startup_stm32f40xx.o(.text)
    DMA2_Stream5_IRQHandler                  0x080001bb   Thumb Code     0  startup_stm32f40xx.o(.text)
    DMA2_Stream6_IRQHandler                  0x080001bb   Thumb Code     0  startup_stm32f40xx.o(.text)
    DMA2_Stream7_IRQHandler                  0x080001bb   Thumb Code     0  startup_stm32f40xx.o(.text)
    ETH_IRQHandler                           0x080001bb   Thumb Code     0  startup_stm32f40xx.o(.text)
    ETH_WKUP_IRQHandler                      0x080001bb   Thumb Code     0  startup_stm32f40xx.o(.text)
    EXTI0_IRQHandler                         0x080001bb   Thumb Code     0  startup_stm32f40xx.o(.text)
    EXTI15_10_IRQHandler                     0x080001bb   Thumb Code     0  startup_stm32f40xx.o(.text)
    EXTI1_IRQHandler                         0x080001bb   Thumb Code     0  startup_stm32f40xx.o(.text)
    EXTI2_IRQHandler                         0x080001bb   Thumb Code     0  startup_stm32f40xx.o(.text)
    EXTI3_IRQHandler                         0x080001bb   Thumb Code     0  startup_stm32f40xx.o(.text)
    EXTI4_IRQHandler                         0x080001bb   Thumb Code     0  startup_stm32f40xx.o(.text)
    EXTI9_5_IRQHandler                       0x080001bb   Thumb Code     0  startup_stm32f40xx.o(.text)
    FLASH_IRQHandler                         0x080001bb   Thumb Code     0  startup_stm32f40xx.o(.text)
    FPU_IRQHandler                           0x080001bb   Thumb Code     0  startup_stm32f40xx.o(.text)
    FSMC_IRQHandler                          0x080001bb   Thumb Code     0  startup_stm32f40xx.o(.text)
    HASH_RNG_IRQHandler                      0x080001bb   Thumb Code     0  startup_stm32f40xx.o(.text)
    I2C1_ER_IRQHandler                       0x080001bb   Thumb Code     0  startup_stm32f40xx.o(.text)
    I2C1_EV_IRQHandler                       0x080001bb   Thumb Code     0  startup_stm32f40xx.o(.text)
    I2C2_ER_IRQHandler                       0x080001bb   Thumb Code     0  startup_stm32f40xx.o(.text)
    I2C2_EV_IRQHandler                       0x080001bb   Thumb Code     0  startup_stm32f40xx.o(.text)
    I2C3_ER_IRQHandler                       0x080001bb   Thumb Code     0  startup_stm32f40xx.o(.text)
    I2C3_EV_IRQHandler                       0x080001bb   Thumb Code     0  startup_stm32f40xx.o(.text)
    OTG_FS_IRQHandler                        0x080001bb   Thumb Code     0  startup_stm32f40xx.o(.text)
    OTG_FS_WKUP_IRQHandler                   0x080001bb   Thumb Code     0  startup_stm32f40xx.o(.text)
    OTG_HS_EP1_IN_IRQHandler                 0x080001bb   Thumb Code     0  startup_stm32f40xx.o(.text)
    OTG_HS_EP1_OUT_IRQHandler                0x080001bb   Thumb Code     0  startup_stm32f40xx.o(.text)
    OTG_HS_IRQHandler                        0x080001bb   Thumb Code     0  startup_stm32f40xx.o(.text)
    OTG_HS_WKUP_IRQHandler                   0x080001bb   Thumb Code     0  startup_stm32f40xx.o(.text)
    PVD_IRQHandler                           0x080001bb   Thumb Code     0  startup_stm32f40xx.o(.text)
    RCC_IRQHandler                           0x080001bb   Thumb Code     0  startup_stm32f40xx.o(.text)
    RTC_Alarm_IRQHandler                     0x080001bb   Thumb Code     0  startup_stm32f40xx.o(.text)
    RTC_WKUP_IRQHandler                      0x080001bb   Thumb Code     0  startup_stm32f40xx.o(.text)
    SDIO_IRQHandler                          0x080001bb   Thumb Code     0  startup_stm32f40xx.o(.text)
    SPI1_IRQHandler                          0x080001bb   Thumb Code     0  startup_stm32f40xx.o(.text)
    SPI2_IRQHandler                          0x080001bb   Thumb Code     0  startup_stm32f40xx.o(.text)
    SPI3_IRQHandler                          0x080001bb   Thumb Code     0  startup_stm32f40xx.o(.text)
    TAMP_STAMP_IRQHandler                    0x080001bb   Thumb Code     0  startup_stm32f40xx.o(.text)
    TIM1_BRK_TIM9_IRQHandler                 0x080001bb   Thumb Code     0  startup_stm32f40xx.o(.text)
    TIM1_CC_IRQHandler                       0x080001bb   Thumb Code     0  startup_stm32f40xx.o(.text)
    TIM1_TRG_COM_TIM11_IRQHandler            0x080001bb   Thumb Code     0  startup_stm32f40xx.o(.text)
    TIM1_UP_TIM10_IRQHandler                 0x080001bb   Thumb Code     0  startup_stm32f40xx.o(.text)
    TIM2_IRQHandler                          0x080001bb   Thumb Code     0  startup_stm32f40xx.o(.text)
    TIM3_IRQHandler                          0x080001bb   Thumb Code     0  startup_stm32f40xx.o(.text)
    TIM4_IRQHandler                          0x080001bb   Thumb Code     0  startup_stm32f40xx.o(.text)
    TIM5_IRQHandler                          0x080001bb   Thumb Code     0  startup_stm32f40xx.o(.text)
    TIM6_DAC_IRQHandler                      0x080001bb   Thumb Code     0  startup_stm32f40xx.o(.text)
    TIM7_IRQHandler                          0x080001bb   Thumb Code     0  startup_stm32f40xx.o(.text)
    TIM8_BRK_TIM12_IRQHandler                0x080001bb   Thumb Code     0  startup_stm32f40xx.o(.text)
    TIM8_CC_IRQHandler                       0x080001bb   Thumb Code     0  startup_stm32f40xx.o(.text)
    TIM8_TRG_COM_TIM14_IRQHandler            0x080001bb   Thumb Code     0  startup_stm32f40xx.o(.text)
    TIM8_UP_TIM13_IRQHandler                 0x080001bb   Thumb Code     0  startup_stm32f40xx.o(.text)
    UART4_IRQHandler                         0x080001bb   Thumb Code     0  startup_stm32f40xx.o(.text)
    UART5_IRQHandler                         0x080001bb   Thumb Code     0  startup_stm32f40xx.o(.text)
    USART1_IRQHandler                        0x080001bb   Thumb Code     0  startup_stm32f40xx.o(.text)
    USART2_IRQHandler                        0x080001bb   Thumb Code     0  startup_stm32f40xx.o(.text)
    USART3_IRQHandler                        0x080001bb   Thumb Code     0  startup_stm32f40xx.o(.text)
    USART6_IRQHandler                        0x080001bb   Thumb Code     0  startup_stm32f40xx.o(.text)
    WWDG_IRQHandler                          0x080001bb   Thumb Code     0  startup_stm32f40xx.o(.text)
    __aeabi_memcpy                           0x080001c5   Thumb Code    36  memcpya.o(.text)
    __aeabi_memcpy4                          0x080001c5   Thumb Code     0  memcpya.o(.text)
    __aeabi_memcpy8                          0x080001c5   Thumb Code     0  memcpya.o(.text)
    strncpy                                  0x080001e9   Thumb Code    24  strncpy.o(.text)
    strcmp                                   0x08000201   Thumb Code    28  strcmp.o(.text)
    strcpy                                   0x0800021d   Thumb Code    18  strcpy.o(.text)
    __aeabi_uldivmod                         0x0800022f   Thumb Code    98  uldiv.o(.text)
    __scatterload                            0x08000291   Thumb Code    28  init.o(.text)
    __scatterload_rt2                        0x08000291   Thumb Code     0  init.o(.text)
    __aeabi_llsl                             0x080002b5   Thumb Code    30  llshl.o(.text)
    _ll_shift_l                              0x080002b5   Thumb Code     0  llshl.o(.text)
    __aeabi_llsr                             0x080002d3   Thumb Code    32  llushr.o(.text)
    _ll_ushift_r                             0x080002d3   Thumb Code     0  llushr.o(.text)
    __decompress                             0x080002f3   Thumb Code     0  __dczerorl2.o(.text)
    __decompress1                            0x080002f3   Thumb Code    86  __dczerorl2.o(.text)
    BusFault_Handler                         0x08000349   Thumb Code    58  stm32f4xx_it.o(i.BusFault_Handler)
    EXTI_Init                                0x08000389   Thumb Code   142  stm32f4xx_exti.o(i.EXTI_Init)
    GPIO_Init                                0x0800041d   Thumb Code   144  stm32f4xx_gpio.o(i.GPIO_Init)
    GPIO_PinAFConfig                         0x080004ad   Thumb Code    70  stm32f4xx_gpio.o(i.GPIO_PinAFConfig)
    GPIO_ReadInputDataBit                    0x080004f3   Thumb Code    18  stm32f4xx_gpio.o(i.GPIO_ReadInputDataBit)
    GPIO_ResetBits                           0x08000505   Thumb Code     4  stm32f4xx_gpio.o(i.GPIO_ResetBits)
    GPIO_SetBits                             0x08000509   Thumb Code     4  stm32f4xx_gpio.o(i.GPIO_SetBits)
    HardFault_Handler                        0x0800050d   Thumb Code    58  stm32f4xx_it.o(i.HardFault_Handler)
    NVIC_Init                                0x0800054d   Thumb Code   106  misc.o(i.NVIC_Init)
    PWR_BackupAccessCmd                      0x080005c5   Thumb Code     6  stm32f4xx_pwr.o(i.PWR_BackupAccessCmd)
    RCC_AHB1PeriphClockCmd                   0x080005d1   Thumb Code    26  stm32f4xx_rcc.o(i.RCC_AHB1PeriphClockCmd)
    RCC_APB1PeriphClockCmd                   0x080005f1   Thumb Code    26  stm32f4xx_rcc.o(i.RCC_APB1PeriphClockCmd)
    RCC_APB2PeriphClockCmd                   0x08000611   Thumb Code    26  stm32f4xx_rcc.o(i.RCC_APB2PeriphClockCmd)
    RCC_GetClocksFreq                        0x08000631   Thumb Code   214  stm32f4xx_rcc.o(i.RCC_GetClocksFreq)
    RCC_GetFlagStatus                        0x08000719   Thumb Code    60  stm32f4xx_rcc.o(i.RCC_GetFlagStatus)
    RCC_LSICmd                               0x08000759   Thumb Code     6  stm32f4xx_rcc.o(i.RCC_LSICmd)
    RCC_RTCCLKCmd                            0x08000765   Thumb Code     6  stm32f4xx_rcc.o(i.RCC_RTCCLKCmd)
    RCC_RTCCLKConfig                         0x08000771   Thumb Code    50  stm32f4xx_rcc.o(i.RCC_RTCCLKConfig)
    RTC_EnterInitMode                        0x080007e1   Thumb Code    76  stm32f4xx_rtc.o(i.RTC_EnterInitMode)
    RTC_ExitInitMode                         0x08000831   Thumb Code    14  stm32f4xx_rtc.o(i.RTC_ExitInitMode)
    RTC_GetDate                              0x08000845   Thumb Code    68  stm32f4xx_rtc.o(i.RTC_GetDate)
    RTC_GetTime                              0x08000891   Thumb Code    72  stm32f4xx_rtc.o(i.RTC_GetTime)
    RTC_Init                                 0x080008e1   Thumb Code    94  stm32f4xx_rtc.o(i.RTC_Init)
    RTC_SetDate                              0x08000945   Thumb Code   190  stm32f4xx_rtc.o(i.RTC_SetDate)
    RTC_SetTime                              0x08000a0d   Thumb Code   198  stm32f4xx_rtc.o(i.RTC_SetTime)
    RTC_WaitForSynchro                       0x08000add   Thumb Code    92  stm32f4xx_rtc.o(i.RTC_WaitForSynchro)
    RTC_WriteBackupRegister                  0x08000b3d   Thumb Code    24  stm32f4xx_rtc.o(i.RTC_WriteBackupRegister)
    SPI_Cmd                                  0x08000b59   Thumb Code    24  stm32f4xx_spi.o(i.SPI_Cmd)
    SPI_I2S_GetFlagStatus                    0x08000b71   Thumb Code    18  stm32f4xx_spi.o(i.SPI_I2S_GetFlagStatus)
    SPI_I2S_ReceiveData                      0x08000b83   Thumb Code     6  stm32f4xx_spi.o(i.SPI_I2S_ReceiveData)
    SPI_I2S_SendData                         0x08000b89   Thumb Code     4  stm32f4xx_spi.o(i.SPI_I2S_SendData)
    SPI_Init                                 0x08000b8d   Thumb Code    60  stm32f4xx_spi.o(i.SPI_Init)
    SYSCFG_EXTILineConfig                    0x08000bc9   Thumb Code    60  stm32f4xx_syscfg.o(i.SYSCFG_EXTILineConfig)
    SysTick_Handler                          0x08000cf5   Thumb Code    12  stm32f4xx_it.o(i.SysTick_Handler)
    SystemInit                               0x08000d01   Thumb Code    88  system_stm32f4xx.o(i.SystemInit)
    USART_Cmd                                0x08000d69   Thumb Code    24  stm32f4xx_usart.o(i.USART_Cmd)
    USART_GetFlagStatus                      0x08000d81   Thumb Code    26  stm32f4xx_usart.o(i.USART_GetFlagStatus)
    USART_Init                               0x08000d9d   Thumb Code   204  stm32f4xx_usart.o(i.USART_Init)
    USART_ReceiveData                        0x08000e71   Thumb Code    10  stm32f4xx_usart.o(i.USART_ReceiveData)
    USART_SendData                           0x08000e7b   Thumb Code     8  stm32f4xx_usart.o(i.USART_SendData)
    UsageFault_Handler                       0x08000e85   Thumb Code    58  stm32f4xx_it.o(i.UsageFault_Handler)
    __0printf$8                              0x08000ec5   Thumb Code    22  printf8.o(i.__0printf$8)
    __1printf$8                              0x08000ec5   Thumb Code     0  printf8.o(i.__0printf$8)
    __2printf                                0x08000ec5   Thumb Code     0  printf8.o(i.__0printf$8)
    __scatterload_copy                       0x08000ee5   Thumb Code    14  handlers.o(i.__scatterload_copy)
    __scatterload_null                       0x08000ef3   Thumb Code     2  handlers.o(i.__scatterload_null)
    __scatterload_zeroinit                   0x08000ef5   Thumb Code    14  handlers.o(i.__scatterload_zeroinit)
    app_init                                 0x0800135d   Thumb Code    66  main.o(i.app_init)
    board_init                               0x080013ad   Thumb Code    54  main.o(i.board_init)
    drv_flash_W25Q128_control                0x08001a5d   Thumb Code   112  drv_spi_flash.o(i.drv_flash_W25Q128_control)
    drv_flash_W25Q128_init                   0x08001acd   Thumb Code    36  drv_spi_flash.o(i.drv_flash_W25Q128_init)
    drv_flash_W25Q128_read                   0x08001b05   Thumb Code    48  drv_spi_flash.o(i.drv_flash_W25Q128_read)
    drv_flash_W25Q128_read_with_addr         0x08001b61   Thumb Code   142  drv_spi_flash.o(i.drv_flash_W25Q128_read_with_addr)
    drv_flash_W25Q128_write                  0x08001e4d   Thumb Code   172  drv_spi_flash.o(i.drv_flash_W25Q128_write)
    drv_gpio_enable_clk                      0x08001f75   Thumb Code    76  drv_misc_func.o(i.drv_gpio_enable_clk)
    drv_gpio_exti_config                     0x08001fc5   Thumb Code    54  drv_misc_func.o(i.drv_gpio_exti_config)
    drv_gpio_get_af_src                      0x08002001   Thumb Code    40  drv_misc_func.o(i.drv_gpio_get_af_src)
    drv_gpio_get_exti_iqr_channel            0x08002031   Thumb Code   146  drv_misc_func.o(i.drv_gpio_get_exti_iqr_channel)
    drv_gpio_get_exti_line                   0x080020c5   Thumb Code    40  drv_misc_func.o(i.drv_gpio_get_exti_line)
    drv_gpio_get_exti_src                    0x080020f5   Thumb Code    38  drv_misc_func.o(i.drv_gpio_get_exti_src)
    drv_gpio_get_usart_af                    0x08002125   Thumb Code    36  drv_misc_func.o(i.drv_gpio_get_usart_af)
    drv_key_init                             0x0800214d   Thumb Code   192  drv_key.o(i.drv_key_init)
    drv_led_init                             0x08002231   Thumb Code    80  drv_led.o(i.drv_led_init)
    drv_rtc_init                             0x08002291   Thumb Code    70  drv_rtc.o(i.drv_rtc_init)
    drv_serial_init                          0x080022e5   Thumb Code    98  drv_serial.o(i.drv_serial_init)
    drv_spi_flash_init                       0x08002361   Thumb Code    82  drv_spi_flash.o(i.drv_spi_flash_init)
    drv_spi_hw_init                          0x080023d1   Thumb Code    32  drv_spi.o(i.drv_spi_hw_init)
    drv_stm32_spi_bus_init                   0x080023f5   Thumb Code   278  drv_spi.o(i.drv_stm32_spi_bus_init)
    drv_time_get_sys_tick                    0x08002729   Thumb Code     6  drv_time.o(i.drv_time_get_sys_tick)
    drv_time_sys_tick_increment              0x08002735   Thumb Code    12  drv_time.o(i.drv_time_sys_tick_increment)
    drv_usart_hw_init                        0x08002745   Thumb Code    30  drv_usart.o(i.drv_usart_hw_init)
    dy_bus_attach_device                     0x08002769   Thumb Code    48  bus.o(i.dy_bus_attach_device)
    dy_bus_control                           0x08002799   Thumb Code    90  bus.o(i.dy_bus_control)
    dy_bus_find                              0x080027f5   Thumb Code    40  bus.o(i.dy_bus_find)
    dy_bus_manager_init                      0x08002831   Thumb Code    10  bus.o(i.dy_bus_manager_init)
    dy_bus_register                          0x08002841   Thumb Code    62  bus.o(i.dy_bus_register)
    dy_device_control                        0x08002895   Thumb Code    56  device.o(i.dy_device_control)
    dy_device_manager_init                   0x080028cd   Thumb Code    12  device.o(i.dy_device_manager_init)
    dy_device_register                       0x080028dd   Thumb Code    52  device.o(i.dy_device_register)
    dy_find_device                           0x08002915   Thumb Code    40  device.o(i.dy_find_device)
    event_engine_init                        0x08002b25   Thumb Code    24  simple_event_engine.o(i.event_engine_init)
    event_process                            0x08002b45   Thumb Code   160  simple_event_engine.o(i.event_process)
    event_publish                            0x08002bed   Thumb Code    84  simple_event_engine.o(i.event_publish)
    event_subscribe                          0x08002c45   Thumb Code   154  simple_event_engine.o(i.event_subscribe)
    fputc                                    0x08002d0d   Thumb Code    62  drv_serial.o(i.fputc)
    key1_timer_callback                      0x08002d59   Thumb Code   206  drv_key.o(i.key1_timer_callback)
    key_event_handler                        0x08002ea1   Thumb Code    82  main.o(i.key_event_handler)
    main                                     0x08003107   Thumb Code    24  main.o(i.main)
    rtc_time_test                            0x080032ad   Thumb Code    96  main.o(i.rtc_time_test)
    system_init                              0x08003455   Thumb Code    12  main.o(i.system_init)
    systick_init                             0x08003461   Thumb Code    80  main.o(i.systick_init)
    timer_create                             0x080034bd   Thumb Code    76  timer_manager.o(i.timer_create)
    timer_manager_expired_timer_handler      0x0800350d   Thumb Code    98  timer_manager.o(i.timer_manager_expired_timer_handler)
    timer_manager_init                       0x08003575   Thumb Code    58  timer_manager.o(i.timer_manager_init)
    timer_manager_tick_decrement_handler     0x080035b5   Thumb Code    58  timer_manager.o(i.timer_manager_tick_decrement_handler)
    timer_start                              0x080035f5   Thumb Code    50  timer_manager.o(i.timer_start)
    Region$$Table$$Base                      0x08003760   Number         0  anon$$obj.o(Region$$Table)
    Region$$Table$$Limit                     0x08003780   Number         0  anon$$obj.o(Region$$Table)
    SystemCoreClock                          0x20000010   Data           4  system_stm32f4xx.o(.data)
    AHBPrescTable                            0x20000014   Data          16  system_stm32f4xx.o(.data)
    usart_bus_ops                            0x20000170   Data          16  drv_usart.o(.data)
    usart1_impl                              0x20000180   Data          72  drv_usart.o(.data)
    usart1_stm32_bus                         0x200001c8   Data          64  drv_usart.o(.data)
    serial_ops                               0x20000208   Data          28  drv_serial.o(.data)
    stm32_spi1_impl                          0x20000228   Data          80  drv_spi.o(.data)
    spi_bus_ops                              0x20000278   Data          16  drv_spi.o(.data)
    stm32_spi1_bus                           0x20000288   Data          64  drv_spi.o(.data)
    g_flash_W25Q128_ops                      0x200002c8   Data          28  drv_spi_flash.o(.data)
    g_rtc_ops                                0x200002e4   Data          28  drv_rtc.o(.data)
    __stdout                                 0x20000300   Data           4  stdout.o(.data)
    g_serial_dev                             0x200007c4   Data          64  drv_serial.o(.bss)
    g_flash_W25Q128_dev                      0x20000804   Data          80  drv_spi_flash.o(.bss)
    g_rtc_dev                                0x20000854   Data          76  drv_rtc.o(.bss)
    __initial_sp                             0x200028a0   Data           0  startup_stm32f40xx.o(STACK)



==============================================================================

Memory Map of the image

  Image Entry point : 0x08000189

  Load Region LR_IROM1 (Base: 0x08000000, Size: 0x00003a84, Max: 0x00100000, ABSOLUTE, COMPRESSED[0x000038a0])

    Execution Region ER_IROM1 (Exec base: 0x08000000, Load base: 0x08000000, Size: 0x00003780, Max: 0x00100000, ABSOLUTE)

    Exec Addr    Load Addr    Size         Type   Attr      Idx    E Section Name        Object

    0x08000000   0x08000000   0x00000188   Data   RO         5115    RESET               startup_stm32f40xx.o
    0x08000188   0x08000188   0x00000000   Code   RO         6841  * .ARM.Collect$$$$00000000  mc_w.l(entry.o)
    0x08000188   0x08000188   0x00000004   Code   RO         7149    .ARM.Collect$$$$00000001  mc_w.l(entry2.o)
    0x0800018c   0x0800018c   0x00000004   Code   RO         7152    .ARM.Collect$$$$00000004  mc_w.l(entry5.o)
    0x08000190   0x08000190   0x00000000   Code   RO         7154    .ARM.Collect$$$$00000008  mc_w.l(entry7b.o)
    0x08000190   0x08000190   0x00000000   Code   RO         7156    .ARM.Collect$$$$0000000A  mc_w.l(entry8b.o)
    0x08000190   0x08000190   0x00000008   Code   RO         7157    .ARM.Collect$$$$0000000B  mc_w.l(entry9a.o)
    0x08000198   0x08000198   0x00000004   Code   RO         7164    .ARM.Collect$$$$0000000E  mc_w.l(entry12b.o)
    0x0800019c   0x0800019c   0x00000000   Code   RO         7159    .ARM.Collect$$$$0000000F  mc_w.l(entry10a.o)
    0x0800019c   0x0800019c   0x00000000   Code   RO         7161    .ARM.Collect$$$$00000011  mc_w.l(entry11a.o)
    0x0800019c   0x0800019c   0x00000004   Code   RO         7150    .ARM.Collect$$$$00002712  mc_w.l(entry2.o)
    0x080001a0   0x080001a0   0x00000024   Code   RO         5116    .text               startup_stm32f40xx.o
    0x080001c4   0x080001c4   0x00000024   Code   RO         6844    .text               mc_w.l(memcpya.o)
    0x080001e8   0x080001e8   0x00000018   Code   RO         6848    .text               mc_w.l(strncpy.o)
    0x08000200   0x08000200   0x0000001c   Code   RO         6852    .text               mc_w.l(strcmp.o)
    0x0800021c   0x0800021c   0x00000012   Code   RO         6856    .text               mc_w.l(strcpy.o)
    0x0800022e   0x0800022e   0x00000062   Code   RO         7168    .text               mc_w.l(uldiv.o)
    0x08000290   0x08000290   0x00000024   Code   RO         7183    .text               mc_w.l(init.o)
    0x080002b4   0x080002b4   0x0000001e   Code   RO         7185    .text               mc_w.l(llshl.o)
    0x080002d2   0x080002d2   0x00000020   Code   RO         7187    .text               mc_w.l(llushr.o)
    0x080002f2   0x080002f2   0x00000056   Code   RO         7201    .text               mc_w.l(__dczerorl2.o)
    0x08000348   0x08000348   0x00000040   Code   RO         5164    i.BusFault_Handler  stm32f4xx_it.o
    0x08000388   0x08000388   0x00000094   Code   RO         1478    i.EXTI_Init         stm32f4xx_exti.o
    0x0800041c   0x0800041c   0x00000090   Code   RO         1986    i.GPIO_Init         stm32f4xx_gpio.o
    0x080004ac   0x080004ac   0x00000046   Code   RO         1987    i.GPIO_PinAFConfig  stm32f4xx_gpio.o
    0x080004f2   0x080004f2   0x00000012   Code   RO         1990    i.GPIO_ReadInputDataBit  stm32f4xx_gpio.o
    0x08000504   0x08000504   0x00000004   Code   RO         1993    i.GPIO_ResetBits    stm32f4xx_gpio.o
    0x08000508   0x08000508   0x00000004   Code   RO         1994    i.GPIO_SetBits      stm32f4xx_gpio.o
    0x0800050c   0x0800050c   0x00000040   Code   RO         5165    i.HardFault_Handler  stm32f4xx_it.o
    0x0800054c   0x0800054c   0x00000078   Code   RO            4    i.NVIC_Init         misc.o
    0x080005c4   0x080005c4   0x0000000c   Code   RO         2777    i.PWR_BackupAccessCmd  stm32f4xx_pwr.o
    0x080005d0   0x080005d0   0x00000020   Code   RO         2912    i.RCC_AHB1PeriphClockCmd  stm32f4xx_rcc.o
    0x080005f0   0x080005f0   0x00000020   Code   RO         2921    i.RCC_APB1PeriphClockCmd  stm32f4xx_rcc.o
    0x08000610   0x08000610   0x00000020   Code   RO         2924    i.RCC_APB2PeriphClockCmd  stm32f4xx_rcc.o
    0x08000630   0x08000630   0x000000e8   Code   RO         2933    i.RCC_GetClocksFreq  stm32f4xx_rcc.o
    0x08000718   0x08000718   0x00000040   Code   RO         2934    i.RCC_GetFlagStatus  stm32f4xx_rcc.o
    0x08000758   0x08000758   0x0000000c   Code   RO         2944    i.RCC_LSICmd        stm32f4xx_rcc.o
    0x08000764   0x08000764   0x0000000c   Code   RO         2956    i.RCC_RTCCLKCmd     stm32f4xx_rcc.o
    0x08000770   0x08000770   0x0000003c   Code   RO         2957    i.RCC_RTCCLKConfig  stm32f4xx_rcc.o
    0x080007ac   0x080007ac   0x00000016   Code   RO         3319    i.RTC_Bcd2ToByte    stm32f4xx_rtc.o
    0x080007c2   0x080007c2   0x0000001c   Code   RO         3321    i.RTC_ByteToBcd2    stm32f4xx_rtc.o
    0x080007de   0x080007de   0x00000002   PAD
    0x080007e0   0x080007e0   0x00000050   Code   RO         3331    i.RTC_EnterInitMode  stm32f4xx_rtc.o
    0x08000830   0x08000830   0x00000014   Code   RO         3332    i.RTC_ExitInitMode  stm32f4xx_rtc.o
    0x08000844   0x08000844   0x0000004c   Code   RO         3335    i.RTC_GetDate       stm32f4xx_rtc.o
    0x08000890   0x08000890   0x00000050   Code   RO         3340    i.RTC_GetTime       stm32f4xx_rtc.o
    0x080008e0   0x080008e0   0x00000064   Code   RO         3345    i.RTC_Init          stm32f4xx_rtc.o
    0x08000944   0x08000944   0x000000c8   Code   RO         3351    i.RTC_SetDate       stm32f4xx_rtc.o
    0x08000a0c   0x08000a0c   0x000000d0   Code   RO         3352    i.RTC_SetTime       stm32f4xx_rtc.o
    0x08000adc   0x08000adc   0x00000060   Code   RO         3368    i.RTC_WaitForSynchro  stm32f4xx_rtc.o
    0x08000b3c   0x08000b3c   0x0000001c   Code   RO         3371    i.RTC_WriteBackupRegister  stm32f4xx_rtc.o
    0x08000b58   0x08000b58   0x00000018   Code   RO         4070    i.SPI_Cmd           stm32f4xx_spi.o
    0x08000b70   0x08000b70   0x00000012   Code   RO         4078    i.SPI_I2S_GetFlagStatus  stm32f4xx_spi.o
    0x08000b82   0x08000b82   0x00000006   Code   RO         4081    i.SPI_I2S_ReceiveData  stm32f4xx_spi.o
    0x08000b88   0x08000b88   0x00000004   Code   RO         4082    i.SPI_I2S_SendData  stm32f4xx_spi.o
    0x08000b8c   0x08000b8c   0x0000003c   Code   RO         4083    i.SPI_Init          stm32f4xx_spi.o
    0x08000bc8   0x08000bc8   0x00000040   Code   RO         4235    i.SYSCFG_EXTILineConfig  stm32f4xx_syscfg.o
    0x08000c08   0x08000c08   0x000000ec   Code   RO         5123    i.SetSysClock       system_stm32f4xx.o
    0x08000cf4   0x08000cf4   0x0000000c   Code   RO         5166    i.SysTick_Handler   stm32f4xx_it.o
    0x08000d00   0x08000d00   0x00000068   Code   RO         5125    i.SystemInit        system_stm32f4xx.o
    0x08000d68   0x08000d68   0x00000018   Code   RO         4862    i.USART_Cmd         stm32f4xx_usart.o
    0x08000d80   0x08000d80   0x0000001a   Code   RO         4865    i.USART_GetFlagStatus  stm32f4xx_usart.o
    0x08000d9a   0x08000d9a   0x00000002   PAD
    0x08000d9c   0x08000d9c   0x000000d4   Code   RO         4869    i.USART_Init        stm32f4xx_usart.o
    0x08000e70   0x08000e70   0x0000000a   Code   RO         4876    i.USART_ReceiveData  stm32f4xx_usart.o
    0x08000e7a   0x08000e7a   0x00000008   Code   RO         4879    i.USART_SendData    stm32f4xx_usart.o
    0x08000e82   0x08000e82   0x00000002   PAD
    0x08000e84   0x08000e84   0x00000040   Code   RO         5167    i.UsageFault_Handler  stm32f4xx_it.o
    0x08000ec4   0x08000ec4   0x00000020   Code   RO         7067    i.__0printf$8       mc_w.l(printf8.o)
    0x08000ee4   0x08000ee4   0x0000000e   Code   RO         7195    i.__scatterload_copy  mc_w.l(handlers.o)
    0x08000ef2   0x08000ef2   0x00000002   Code   RO         7196    i.__scatterload_null  mc_w.l(handlers.o)
    0x08000ef4   0x08000ef4   0x0000000e   Code   RO         7197    i.__scatterload_zeroinit  mc_w.l(handlers.o)
    0x08000f02   0x08000f02   0x00000002   PAD
    0x08000f04   0x08000f04   0x00000404   Code   RO         7074    i._printf_core      mc_w.l(printf8.o)
    0x08001308   0x08001308   0x00000024   Code   RO         7075    i._printf_post_padding  mc_w.l(printf8.o)
    0x0800132c   0x0800132c   0x0000002e   Code   RO         7076    i._printf_pre_padding  mc_w.l(printf8.o)
    0x0800135a   0x0800135a   0x00000002   PAD
    0x0800135c   0x0800135c   0x00000050   Code   RO         6745    i.app_init          main.o
    0x080013ac   0x080013ac   0x00000036   Code   RO         6746    i.board_init        main.o
    0x080013e2   0x080013e2   0x00000002   PAD
    0x080013e4   0x080013e4   0x000000d0   Code   RO         6113    i.drv_flash_W25Q128_ChipErase  drv_spi_flash.o
    0x080014b4   0x080014b4   0x000001b4   Code   RO         6114    i.drv_flash_W25Q128_PageWrite  drv_spi_flash.o
    0x08001668   0x08001668   0x00000058   Code   RO         6115    i.drv_flash_W25Q128_PowerDown  drv_spi_flash.o
    0x080016c0   0x080016c0   0x000000d8   Code   RO         6116    i.drv_flash_W25Q128_ReadDeviceID  drv_spi_flash.o
    0x08001798   0x08001798   0x000000e4   Code   RO         6117    i.drv_flash_W25Q128_SectorErase  drv_spi_flash.o
    0x0800187c   0x0800187c   0x00000134   Code   RO         6118    i.drv_flash_W25Q128_WaitForWriteEnd  drv_spi_flash.o
    0x080019b0   0x080019b0   0x00000058   Code   RO         6119    i.drv_flash_W25Q128_WakeUp  drv_spi_flash.o
    0x08001a08   0x08001a08   0x00000054   Code   RO         6120    i.drv_flash_W25Q128_WriteEnable  drv_spi_flash.o
    0x08001a5c   0x08001a5c   0x00000070   Code   RO         6121    i.drv_flash_W25Q128_control  drv_spi_flash.o
    0x08001acc   0x08001acc   0x00000038   Code   RO         6122    i.drv_flash_W25Q128_init  drv_spi_flash.o
    0x08001b04   0x08001b04   0x0000005c   Code   RO         6123    i.drv_flash_W25Q128_read  drv_spi_flash.o
    0x08001b60   0x08001b60   0x00000100   Code   RO         6124    i.drv_flash_W25Q128_read_with_addr  drv_spi_flash.o
    0x08001c60   0x08001c60   0x00000094   Code   RO         6125    i.drv_flash_W25Q128_send_data  drv_spi_flash.o
    0x08001cf4   0x08001cf4   0x00000158   Code   RO         6126    i.drv_flash_W25Q128_single_sector_write  drv_spi_flash.o
    0x08001e4c   0x08001e4c   0x00000128   Code   RO         6127    i.drv_flash_W25Q128_write  drv_spi_flash.o
    0x08001f74   0x08001f74   0x00000050   Code   RO         5688    i.drv_gpio_enable_clk  drv_misc_func.o
    0x08001fc4   0x08001fc4   0x0000003c   Code   RO         5689    i.drv_gpio_exti_config  drv_misc_func.o
    0x08002000   0x08002000   0x00000030   Code   RO         5690    i.drv_gpio_get_af_src  drv_misc_func.o
    0x08002030   0x08002030   0x00000092   Code   RO         5691    i.drv_gpio_get_exti_iqr_channel  drv_misc_func.o
    0x080020c2   0x080020c2   0x00000002   PAD
    0x080020c4   0x080020c4   0x00000030   Code   RO         5692    i.drv_gpio_get_exti_line  drv_misc_func.o
    0x080020f4   0x080020f4   0x00000030   Code   RO         5693    i.drv_gpio_get_exti_src  drv_misc_func.o
    0x08002124   0x08002124   0x00000028   Code   RO         5696    i.drv_gpio_get_usart_af  drv_misc_func.o
    0x0800214c   0x0800214c   0x000000e4   Code   RO         5628    i.drv_key_init      drv_key.o
    0x08002230   0x08002230   0x00000060   Code   RO         5564    i.drv_led_init      drv_led.o
    0x08002290   0x08002290   0x00000054   Code   RO         6235    i.drv_rtc_init      drv_rtc.o
    0x080022e4   0x080022e4   0x0000007c   Code   RO         5965    i.drv_serial_init   drv_serial.o
    0x08002360   0x08002360   0x00000070   Code   RO         6128    i.drv_spi_flash_init  drv_spi_flash.o
    0x080023d0   0x080023d0   0x00000024   Code   RO         6052    i.drv_spi_hw_init   drv_spi.o
    0x080023f4   0x080023f4   0x00000120   Code   RO         6053    i.drv_stm32_spi_bus_init  drv_spi.o
    0x08002514   0x08002514   0x00000040   Code   RO         6054    i.drv_stm32_spi_clk_enable  drv_spi.o
    0x08002554   0x08002554   0x0000002e   Code   RO         5901    i.drv_stm32_usart_bus_control  drv_usart.o
    0x08002582   0x08002582   0x000000da   Code   RO         5902    i.drv_stm32_usart_bus_init  drv_usart.o
    0x0800265c   0x0800265c   0x00000036   Code   RO         5903    i.drv_stm32_usart_bus_recv_byte  drv_usart.o
    0x08002692   0x08002692   0x00000036   Code   RO         5904    i.drv_stm32_usart_bus_send_byte  drv_usart.o
    0x080026c8   0x080026c8   0x00000030   Code   RO         5905    i.drv_stm32_usart_recv  drv_usart.o
    0x080026f8   0x080026f8   0x00000030   Code   RO         5906    i.drv_stm32_usart_send  drv_usart.o
    0x08002728   0x08002728   0x0000000c   Code   RO         6024    i.drv_time_get_sys_tick  drv_time.o
    0x08002734   0x08002734   0x00000010   Code   RO         6025    i.drv_time_sys_tick_increment  drv_time.o
    0x08002744   0x08002744   0x00000024   Code   RO         5907    i.drv_usart_hw_init  drv_usart.o
    0x08002768   0x08002768   0x00000030   Code   RO         5307    i.dy_bus_attach_device  bus.o
    0x08002798   0x08002798   0x0000005a   Code   RO         5308    i.dy_bus_control    bus.o
    0x080027f2   0x080027f2   0x00000002   PAD
    0x080027f4   0x080027f4   0x0000002c   Code   RO         5311    i.dy_bus_find       bus.o
    0x08002820   0x08002820   0x00000010   Code   RO         5315    i.dy_bus_get_state  bus.o
    0x08002830   0x08002830   0x00000010   Code   RO         5316    i.dy_bus_manager_init  bus.o
    0x08002840   0x08002840   0x00000044   Code   RO         5317    i.dy_bus_register   bus.o
    0x08002884   0x08002884   0x00000010   Code   RO         5318    i.dy_bus_set_state  bus.o
    0x08002894   0x08002894   0x00000038   Code   RO         5396    i.dy_device_control  device.o
    0x080028cc   0x080028cc   0x00000010   Code   RO         5402    i.dy_device_manager_init  device.o
    0x080028dc   0x080028dc   0x00000038   Code   RO         5405    i.dy_device_register  device.o
    0x08002914   0x08002914   0x0000002c   Code   RO         5408    i.dy_find_device    device.o
    0x08002940   0x08002940   0x00000040   Code   RO         6055    i.dy_stm32_spi_bus_control  drv_spi.o
    0x08002980   0x08002980   0x000000d0   Code   RO         6056    i.dy_stm32_spi_bus_full_duplex_recv  drv_spi.o
    0x08002a50   0x08002a50   0x000000d4   Code   RO         6057    i.dy_stm32_spi_bus_full_duplex_send  drv_spi.o
    0x08002b24   0x08002b24   0x00000020   Code   RO         5500    i.event_engine_init  simple_event_engine.o
    0x08002b44   0x08002b44   0x000000a8   Code   RO         5502    i.event_process     simple_event_engine.o
    0x08002bec   0x08002bec   0x00000058   Code   RO         5503    i.event_publish     simple_event_engine.o
    0x08002c44   0x08002c44   0x000000a0   Code   RO         5504    i.event_subscribe   simple_event_engine.o
    0x08002ce4   0x08002ce4   0x00000028   Code   RO         5222    i.find_free_timer   timer_manager.o
    0x08002d0c   0x08002d0c   0x0000004c   Code   RO         5966    i.fputc             drv_serial.o
    0x08002d58   0x08002d58   0x000000e4   Code   RO         5629    i.key1_timer_callback  drv_key.o
    0x08002e3c   0x08002e3c   0x00000062   Code   RO         5631    i.key_control       drv_key.o
    0x08002e9e   0x08002e9e   0x00000002   PAD
    0x08002ea0   0x08002ea0   0x00000058   Code   RO         6747    i.key_event_handler  main.o
    0x08002ef8   0x08002ef8   0x00000082   Code   RO         5632    i.key_init          drv_key.o
    0x08002f7a   0x08002f7a   0x00000032   Code   RO         5633    i.key_read          drv_key.o
    0x08002fac   0x08002fac   0x000000d8   Code   RO         5565    i.led_control       drv_led.o
    0x08003084   0x08003084   0x00000082   Code   RO         5566    i.led_init          drv_led.o
    0x08003106   0x08003106   0x00000018   Code   RO         6749    i.main              main.o
    0x0800311e   0x0800311e   0x00000040   Code   RO         6236    i.rtc_control       drv_rtc.o
    0x0800315e   0x0800315e   0x00000002   PAD
    0x08003160   0x08003160   0x00000074   Code   RO         6237    i.rtc_get_date_time  drv_rtc.o
    0x080031d4   0x080031d4   0x00000078   Code   RO         6238    i.rtc_init          drv_rtc.o
    0x0800324c   0x0800324c   0x0000005e   Code   RO         6239    i.rtc_set_date_time  drv_rtc.o
    0x080032aa   0x080032aa   0x00000002   PAD
    0x080032ac   0x080032ac   0x00000094   Code   RO         6750    i.rtc_time_test     main.o
    0x08003340   0x08003340   0x00000030   Code   RO         5967    i.serial_control    drv_serial.o
    0x08003370   0x08003370   0x0000001c   Code   RO         5968    i.serial_init       drv_serial.o
    0x0800338c   0x0800338c   0x0000001c   Code   RO         5969    i.serial_read       drv_serial.o
    0x080033a8   0x080033a8   0x0000001c   Code   RO         5970    i.serial_write      drv_serial.o
    0x080033c4   0x080033c4   0x00000090   Code   RO         6751    i.set_rtc_time      main.o
    0x08003454   0x08003454   0x0000000c   Code   RO         6754    i.system_init       main.o
    0x08003460   0x08003460   0x0000005c   Code   RO         6755    i.systick_init      main.o
    0x080034bc   0x080034bc   0x00000050   Code   RO         5223    i.timer_create      timer_manager.o
    0x0800350c   0x0800350c   0x00000068   Code   RO         5225    i.timer_manager_expired_timer_handler  timer_manager.o
    0x08003574   0x08003574   0x00000040   Code   RO         5226    i.timer_manager_init  timer_manager.o
    0x080035b4   0x080035b4   0x00000040   Code   RO         5227    i.timer_manager_tick_decrement_handler  timer_manager.o
    0x080035f4   0x080035f4   0x00000038   Code   RO         5231    i.timer_start       timer_manager.o
    0x0800362c   0x0800362c   0x00000088   Data   RO         6058    .conststring        drv_spi.o
    0x080036b4   0x080036b4   0x00000051   Data   RO         6130    .conststring        drv_spi_flash.o
    0x08003705   0x08003705   0x00000003   PAD
    0x08003708   0x08003708   0x00000058   Data   RO         6757    .conststring        main.o
    0x08003760   0x08003760   0x00000020   Data   RO         7193    Region$$Table       anon$$obj.o


    Execution Region RW_IRAM1 (Exec base: 0x20000000, Load base: 0x08003780, Size: 0x000028a0, Max: 0x00020000, ABSOLUTE, COMPRESSED[0x00000120])

    Exec Addr    Load Addr    Size         Type   Attr      Idx    E Section Name        Object

    0x20000000   COMPRESSED   0x00000010   Data   RW         2965    .data               stm32f4xx_rcc.o
    0x20000010   COMPRESSED   0x00000014   Data   RW         5126    .data               system_stm32f4xx.o
    0x20000024   COMPRESSED   0x00000008   Data   RW         5319    .data               bus.o
    0x2000002c   COMPRESSED   0x00000008   Data   RW         5409    .data               device.o
    0x20000034   COMPRESSED   0x0000001c   Data   RW         5568    .data               drv_led.o
    0x20000050   COMPRESSED   0x00000024   Data   RW         5635    .data               drv_key.o
    0x20000074   COMPRESSED   0x000000fc   Data   RW         5697    .data               drv_misc_func.o
    0x20000170   COMPRESSED   0x00000098   Data   RW         5908    .data               drv_usart.o
    0x20000208   COMPRESSED   0x0000001c   Data   RW         5972    .data               drv_serial.o
    0x20000224   COMPRESSED   0x00000004   Data   RW         6026    .data               drv_time.o
    0x20000228   COMPRESSED   0x000000a0   Data   RW         6059    .data               drv_spi.o
    0x200002c8   COMPRESSED   0x0000001c   Data   RW         6131    .data               drv_spi_flash.o
    0x200002e4   COMPRESSED   0x0000001c   Data   RW         6241    .data               drv_rtc.o
    0x20000300   COMPRESSED   0x00000004   Data   RW         7165    .data               mc_w.l(stdout.o)
    0x20000304        -       0x00000088   Zero   RW         5233    .bss                timer_manager.o
    0x2000038c        -       0x000002c8   Zero   RW         5506    .bss                simple_event_engine.o
    0x20000654        -       0x00000058   Zero   RW         5567    .bss                drv_led.o
    0x200006ac        -       0x00000118   Zero   RW         5634    .bss                drv_key.o
    0x200007c4        -       0x00000040   Zero   RW         5971    .bss                drv_serial.o
    0x20000804        -       0x00000050   Zero   RW         6129    .bss                drv_spi_flash.o
    0x20000854        -       0x0000004c   Zero   RW         6240    .bss                drv_rtc.o
    0x200008a0        -       0x00002000   Zero   RW         5113    STACK               startup_stm32f40xx.o


==============================================================================

Image component sizes


      Code (inc. data)   RO Data    RW Data    ZI Data      Debug   Object Name

       298         16          0          8          0       7826   bus.o
       172         12          0          8          0       3535   device.o
       734         64          0         36        280       6053   drv_key.o
       442         22          0         28         88       3243   drv_led.o
       470         40          0        252          0       5528   drv_misc_func.o
       478         70          0         28         76       4849   drv_rtc.o
       332         40          0         28         64       6284   drv_serial.o
       872        166        136        160          0       6684   drv_spi.o
      3072       1454         81         28         80      15242   drv_spi_flash.o
        28         10          0          4          0       1202   drv_time.o
       504          6          0        152          0       7201   drv_usart.o
       642        134         88          0          0      30899   main.o
       120         14          0          0          0     299276   misc.o
       448         26          0          0        712       4714   simple_event_engine.o
        36          8        392          0       8192        904   startup_stm32f40xx.o
       148          6          0          0          0       1252   stm32f4xx_exti.o
       240          0          0          0          0       4091   stm32f4xx_gpio.o
       204         18          0          0          0       2910   stm32f4xx_it.o
        12          6          0          0          0        602   stm32f4xx_pwr.o
       476         62          0         16          0       7783   stm32f4xx_rcc.o
       938         60          0          0          0       9045   stm32f4xx_rtc.o
       112          0          0          0          0       4070   stm32f4xx_spi.o
        64          4          0          0          0        724   stm32f4xx_syscfg.o
       280          8          0          0          0       4396   stm32f4xx_usart.o
       340         32          0         20          0       2241   system_stm32f4xx.o
       408         34          0          0        136       4579   timer_manager.o

    ----------------------------------------------------------------------
     11888       2312        732        768       9628     445133   Object Totals
         0          0         32          0          0          0   (incl. Generated)
        18          0          3          0          0          0   (incl. Padding)

    ----------------------------------------------------------------------

      Code (inc. data)   RO Data    RW Data    ZI Data      Debug   Library Member Name

        86          0          0          0          0          0   __dczerorl2.o
         0          0          0          0          0          0   entry.o
         0          0          0          0          0          0   entry10a.o
         0          0          0          0          0          0   entry11a.o
         4          0          0          0          0          0   entry12b.o
         8          4          0          0          0          0   entry2.o
         4          0          0          0          0          0   entry5.o
         0          0          0          0          0          0   entry7b.o
         0          0          0          0          0          0   entry8b.o
         8          4          0          0          0          0   entry9a.o
        30          0          0          0          0          0   handlers.o
        36          8          0          0          0         68   init.o
        30          0          0          0          0         68   llshl.o
        32          0          0          0          0         68   llushr.o
        36          0          0          0          0         68   memcpya.o
      1142         54          0          0          0        352   printf8.o
         0          0          0          4          0          0   stdout.o
        28          0          0          0          0         76   strcmp.o
        18          0          0          0          0         68   strcpy.o
        24          0          0          0          0         76   strncpy.o
        98          0          0          0          0         92   uldiv.o

    ----------------------------------------------------------------------
      1588         70          0          4          0        936   Library Totals
         4          0          0          0          0          0   (incl. Padding)

    ----------------------------------------------------------------------

      Code (inc. data)   RO Data    RW Data    ZI Data      Debug   Library Name

      1584         70          0          4          0        936   mc_w.l

    ----------------------------------------------------------------------
      1588         70          0          4          0        936   Library Totals

    ----------------------------------------------------------------------

==============================================================================


      Code (inc. data)   RO Data    RW Data    ZI Data      Debug   

     13476       2382        732        772       9628     433385   Grand Totals
     13476       2382        732        288       9628     433385   ELF Image Totals (compressed)
     13476       2382        732        288          0          0   ROM Totals

==============================================================================

    Total RO  Size (Code + RO Data)                14208 (  13.88kB)
    Total RW  Size (RW Data + ZI Data)             10400 (  10.16kB)
    Total ROM Size (Code + RO Data + RW Data)      14496 (  14.16kB)

==============================================================================

