Component: ARM Compiler 5.06 update 7 (build 960) Tool: armlink [4d3601]

==============================================================================

Section Cross References

    stm32f4xx_adc.o(i.ADC_DeInit) refers to stm32f4xx_rcc.o(i.RCC_APB2PeriphResetCmd) for RCC_APB2PeriphResetCmd
    stm32f4xx_can.o(i.CAN_DeInit) refers to stm32f4xx_rcc.o(i.RCC_APB1PeriphResetCmd) for RCC_APB1PeriphResetCmd
    stm32f4xx_can.o(i.CAN_GetITStatus) refers to stm32f4xx_can.o(i.CheckITStatus) for CheckITStatus
    stm32f4xx_cryp.o(i.CRYP_DeInit) refers to stm32f4xx_rcc.o(i.RCC_AHB2PeriphResetCmd) for RCC_AHB2PeriphResetCmd
    stm32f4xx_cryp_aes.o(i.CRYP_AES_CBC) refers to stm32f4xx_cryp.o(i.CRYP_KeyStructInit) for CRYP_KeyStructInit
    stm32f4xx_cryp_aes.o(i.CRYP_AES_CBC) refers to stm32f4xx_cryp.o(i.CRYP_FIFOFlush) for CRYP_FIFOFlush
    stm32f4xx_cryp_aes.o(i.CRYP_AES_CBC) refers to stm32f4xx_cryp.o(i.CRYP_Init) for CRYP_Init
    stm32f4xx_cryp_aes.o(i.CRYP_AES_CBC) refers to stm32f4xx_cryp.o(i.CRYP_KeyInit) for CRYP_KeyInit
    stm32f4xx_cryp_aes.o(i.CRYP_AES_CBC) refers to stm32f4xx_cryp.o(i.CRYP_Cmd) for CRYP_Cmd
    stm32f4xx_cryp_aes.o(i.CRYP_AES_CBC) refers to stm32f4xx_cryp.o(i.CRYP_GetFlagStatus) for CRYP_GetFlagStatus
    stm32f4xx_cryp_aes.o(i.CRYP_AES_CBC) refers to stm32f4xx_cryp.o(i.CRYP_IVInit) for CRYP_IVInit
    stm32f4xx_cryp_aes.o(i.CRYP_AES_CBC) refers to stm32f4xx_cryp.o(i.CRYP_GetCmdStatus) for CRYP_GetCmdStatus
    stm32f4xx_cryp_aes.o(i.CRYP_AES_CBC) refers to stm32f4xx_cryp.o(i.CRYP_DataIn) for CRYP_DataIn
    stm32f4xx_cryp_aes.o(i.CRYP_AES_CBC) refers to stm32f4xx_cryp.o(i.CRYP_DataOut) for CRYP_DataOut
    stm32f4xx_cryp_aes.o(i.CRYP_AES_CCM) refers to stm32f4xx_cryp.o(i.CRYP_KeyStructInit) for CRYP_KeyStructInit
    stm32f4xx_cryp_aes.o(i.CRYP_AES_CCM) refers to stm32f4xx_cryp.o(i.CRYP_FIFOFlush) for CRYP_FIFOFlush
    stm32f4xx_cryp_aes.o(i.CRYP_AES_CCM) refers to stm32f4xx_cryp.o(i.CRYP_KeyInit) for CRYP_KeyInit
    stm32f4xx_cryp_aes.o(i.CRYP_AES_CCM) refers to stm32f4xx_cryp.o(i.CRYP_IVInit) for CRYP_IVInit
    stm32f4xx_cryp_aes.o(i.CRYP_AES_CCM) refers to stm32f4xx_cryp.o(i.CRYP_Init) for CRYP_Init
    stm32f4xx_cryp_aes.o(i.CRYP_AES_CCM) refers to stm32f4xx_cryp.o(i.CRYP_PhaseConfig) for CRYP_PhaseConfig
    stm32f4xx_cryp_aes.o(i.CRYP_AES_CCM) refers to stm32f4xx_cryp.o(i.CRYP_DataIn) for CRYP_DataIn
    stm32f4xx_cryp_aes.o(i.CRYP_AES_CCM) refers to stm32f4xx_cryp.o(i.CRYP_Cmd) for CRYP_Cmd
    stm32f4xx_cryp_aes.o(i.CRYP_AES_CCM) refers to stm32f4xx_cryp.o(i.CRYP_GetCmdStatus) for CRYP_GetCmdStatus
    stm32f4xx_cryp_aes.o(i.CRYP_AES_CCM) refers to stm32f4xx_cryp.o(i.CRYP_GetFlagStatus) for CRYP_GetFlagStatus
    stm32f4xx_cryp_aes.o(i.CRYP_AES_CCM) refers to stm32f4xx_cryp.o(i.CRYP_DataOut) for CRYP_DataOut
    stm32f4xx_cryp_aes.o(i.CRYP_AES_CTR) refers to stm32f4xx_cryp.o(i.CRYP_KeyStructInit) for CRYP_KeyStructInit
    stm32f4xx_cryp_aes.o(i.CRYP_AES_CTR) refers to stm32f4xx_cryp.o(i.CRYP_KeyInit) for CRYP_KeyInit
    stm32f4xx_cryp_aes.o(i.CRYP_AES_CTR) refers to stm32f4xx_cryp.o(i.CRYP_Init) for CRYP_Init
    stm32f4xx_cryp_aes.o(i.CRYP_AES_CTR) refers to stm32f4xx_cryp.o(i.CRYP_IVInit) for CRYP_IVInit
    stm32f4xx_cryp_aes.o(i.CRYP_AES_CTR) refers to stm32f4xx_cryp.o(i.CRYP_FIFOFlush) for CRYP_FIFOFlush
    stm32f4xx_cryp_aes.o(i.CRYP_AES_CTR) refers to stm32f4xx_cryp.o(i.CRYP_Cmd) for CRYP_Cmd
    stm32f4xx_cryp_aes.o(i.CRYP_AES_CTR) refers to stm32f4xx_cryp.o(i.CRYP_GetCmdStatus) for CRYP_GetCmdStatus
    stm32f4xx_cryp_aes.o(i.CRYP_AES_CTR) refers to stm32f4xx_cryp.o(i.CRYP_DataIn) for CRYP_DataIn
    stm32f4xx_cryp_aes.o(i.CRYP_AES_CTR) refers to stm32f4xx_cryp.o(i.CRYP_GetFlagStatus) for CRYP_GetFlagStatus
    stm32f4xx_cryp_aes.o(i.CRYP_AES_CTR) refers to stm32f4xx_cryp.o(i.CRYP_DataOut) for CRYP_DataOut
    stm32f4xx_cryp_aes.o(i.CRYP_AES_ECB) refers to stm32f4xx_cryp.o(i.CRYP_KeyStructInit) for CRYP_KeyStructInit
    stm32f4xx_cryp_aes.o(i.CRYP_AES_ECB) refers to stm32f4xx_cryp.o(i.CRYP_FIFOFlush) for CRYP_FIFOFlush
    stm32f4xx_cryp_aes.o(i.CRYP_AES_ECB) refers to stm32f4xx_cryp.o(i.CRYP_Init) for CRYP_Init
    stm32f4xx_cryp_aes.o(i.CRYP_AES_ECB) refers to stm32f4xx_cryp.o(i.CRYP_KeyInit) for CRYP_KeyInit
    stm32f4xx_cryp_aes.o(i.CRYP_AES_ECB) refers to stm32f4xx_cryp.o(i.CRYP_Cmd) for CRYP_Cmd
    stm32f4xx_cryp_aes.o(i.CRYP_AES_ECB) refers to stm32f4xx_cryp.o(i.CRYP_GetFlagStatus) for CRYP_GetFlagStatus
    stm32f4xx_cryp_aes.o(i.CRYP_AES_ECB) refers to stm32f4xx_cryp.o(i.CRYP_GetCmdStatus) for CRYP_GetCmdStatus
    stm32f4xx_cryp_aes.o(i.CRYP_AES_ECB) refers to stm32f4xx_cryp.o(i.CRYP_DataIn) for CRYP_DataIn
    stm32f4xx_cryp_aes.o(i.CRYP_AES_ECB) refers to stm32f4xx_cryp.o(i.CRYP_DataOut) for CRYP_DataOut
    stm32f4xx_cryp_aes.o(i.CRYP_AES_GCM) refers to stm32f4xx_cryp.o(i.CRYP_KeyStructInit) for CRYP_KeyStructInit
    stm32f4xx_cryp_aes.o(i.CRYP_AES_GCM) refers to stm32f4xx_cryp.o(i.CRYP_FIFOFlush) for CRYP_FIFOFlush
[...]
    i.dir_sdi                                0x08002330   Section        0  ff.o(i.dir_sdi)
    dir_sdi                                  0x08002331   Thumb Code   166  ff.o(i.dir_sdi)
    i.disk_initialize                        0x080023d8   Section        0  diskio.o(i.disk_initialize)
    i.disk_ioctl                             0x080024c8   Section        0  diskio.o(i.disk_ioctl)
    i.disk_read                              0x08002508   Section        0  diskio.o(i.disk_read)
    i.disk_status                            0x080025c8   Section        0  diskio.o(i.disk_status)
    i.disk_write                             0x08002630   Section        0  diskio.o(i.disk_write)
    i.drv_flash_W25Q128_ChipErase            0x080026f4   Section        0  drv_spi_flash.o(i.drv_flash_W25Q128_ChipErase)
    drv_flash_W25Q128_ChipErase              0x080026f5   Thumb Code    88  drv_spi_flash.o(i.drv_flash_W25Q128_ChipErase)
    i.drv_flash_W25Q128_PageWrite            0x080027c8   Section        0  drv_spi_flash.o(i.drv_flash_W25Q128_PageWrite)
    drv_flash_W25Q128_PageWrite              0x080027c9   Thumb Code   200  drv_spi_flash.o(i.drv_flash_W25Q128_PageWrite)
    i.drv_flash_W25Q128_PowerDown            0x0800297c   Section        0  drv_spi_flash.o(i.drv_flash_W25Q128_PowerDown)
    drv_flash_W25Q128_PowerDown              0x0800297d   Thumb Code    40  drv_spi_flash.o(i.drv_flash_W25Q128_PowerDown)
    i.drv_flash_W25Q128_ReadDeviceID         0x080029d4   Section        0  drv_spi_flash.o(i.drv_flash_W25Q128_ReadDeviceID)
    drv_flash_W25Q128_ReadDeviceID           0x080029d5   Thumb Code   112  drv_spi_flash.o(i.drv_flash_W25Q128_ReadDeviceID)
    i.drv_flash_W25Q128_SectorErase          0x08002aac   Section        0  drv_spi_flash.o(i.drv_flash_W25Q128_SectorErase)
    drv_flash_W25Q128_SectorErase            0x08002aad   Thumb Code   106  drv_spi_flash.o(i.drv_flash_W25Q128_SectorErase)
    i.drv_flash_W25Q128_WaitForEraseEnd      0x08002b90   Section        0  drv_spi_flash.o(i.drv_flash_W25Q128_WaitForEraseEnd)
    drv_flash_W25Q128_WaitForEraseEnd        0x08002b91   Thumb Code   162  drv_spi_flash.o(i.drv_flash_W25Q128_WaitForEraseEnd)
    i.drv_flash_W25Q128_WaitForWriteEnd      0x08002cc4   Section        0  drv_spi_flash.o(i.drv_flash_W25Q128_WaitForWriteEnd)
    drv_flash_W25Q128_WaitForWriteEnd        0x08002cc5   Thumb Code   164  drv_spi_flash.o(i.drv_flash_W25Q128_WaitForWriteEnd)
    i.drv_flash_W25Q128_WakeUp               0x08002df8   Section        0  drv_spi_flash.o(i.drv_flash_W25Q128_WakeUp)
    drv_flash_W25Q128_WakeUp                 0x08002df9   Thumb Code    40  drv_spi_flash.o(i.drv_flash_W25Q128_WakeUp)
    i.drv_flash_W25Q128_WriteEnable          0x08002e50   Section        0  drv_spi_flash.o(i.drv_flash_W25Q128_WriteEnable)
    drv_flash_W25Q128_WriteEnable            0x08002e51   Thumb Code    34  drv_spi_flash.o(i.drv_flash_W25Q128_WriteEnable)
    i.drv_flash_W25Q128_control              0x08002ea4   Section        0  drv_spi_flash.o(i.drv_flash_W25Q128_control)
    i.drv_flash_W25Q128_init                 0x08002f14   Section        0  drv_spi_flash.o(i.drv_flash_W25Q128_init)
    i.drv_flash_W25Q128_read                 0x08002f4c   Section        0  drv_spi_flash.o(i.drv_flash_W25Q128_read)
    i.drv_flash_W25Q128_read_with_addr       0x08002fa8   Section        0  drv_spi_flash.o(i.drv_flash_W25Q128_read_with_addr)
    i.drv_flash_W25Q128_send_data            0x080030a8   Section        0  drv_spi_flash.o(i.drv_flash_W25Q128_send_data)
    drv_flash_W25Q128_send_data              0x080030a9   Thumb Code    88  drv_spi_flash.o(i.drv_flash_W25Q128_send_data)
    i.drv_flash_W25Q128_single_sector_write  0x0800313c   Section        0  drv_spi_flash.o(i.drv_flash_W25Q128_single_sector_write)
    drv_flash_W25Q128_single_sector_write    0x0800313d   Thumb Code   164  drv_spi_flash.o(i.drv_flash_W25Q128_single_sector_write)
    i.drv_flash_W25Q128_write                0x08003294   Section        0  drv_spi_flash.o(i.drv_flash_W25Q128_write)
    i.drv_gpio_enable_clk                    0x08003374   Section        0  drv_misc_func.o(i.drv_gpio_enable_clk)
    i.drv_gpio_exti_config                   0x080033c4   Section        0  drv_misc_func.o(i.drv_gpio_exti_config)
    i.drv_gpio_get_af_src                    0x08003400   Section        0  drv_misc_func.o(i.drv_gpio_get_af_src)
    i.drv_gpio_get_exti_iqr_channel          0x08003430   Section        0  drv_misc_func.o(i.drv_gpio_get_exti_iqr_channel)
    i.drv_gpio_get_exti_line                 0x080034c4   Section        0  drv_misc_func.o(i.drv_gpio_get_exti_line)
    i.drv_gpio_get_exti_src                  0x080034f4   Section        0  drv_misc_func.o(i.drv_gpio_get_exti_src)
    i.drv_gpio_get_usart_af                  0x08003524   Section        0  drv_misc_func.o(i.drv_gpio_get_usart_af)
    i.drv_key_init                           0x0800354c   Section        0  drv_key.o(i.drv_key_init)
    i.drv_led_init                           0x08003630   Section        0  drv_led.o(i.drv_led_init)
    i.drv_rtc_init                           0x08003690   Section        0  drv_rtc.o(i.drv_rtc_init)
    i.drv_serial_init                        0x080036e4   Section        0  drv_serial.o(i.drv_serial_init)
    i.drv_spi_flash_init                     0x08003760   Section        0  drv_spi_flash.o(i.drv_spi_flash_init)
    i.drv_spi_hw_init                        0x080037d4   Section        0  drv_spi.o(i.drv_spi_hw_init)
    i.drv_stm32_spi_bus_init                 0x080037f8   Section        0  drv_spi.o(i.drv_stm32_spi_bus_init)
    i.drv_stm32_spi_clk_enable               0x08003918   Section        0  drv_spi.o(i.drv_stm32_spi_clk_enable)
    drv_stm32_spi_clk_enable                 0x08003919   Thumb Code    58  drv_spi.o(i.drv_stm32_spi_clk_enable)
    i.drv_stm32_usart_bus_control            0x08003958   Section        0  drv_usart.o(i.drv_stm32_usart_bus_control)
    drv_stm32_usart_bus_control              0x08003959   Thumb Code    46  drv_usart.o(i.drv_stm32_usart_bus_control)
    i.drv_stm32_usart_bus_init               0x08003986   Section        0  drv_usart.o(i.drv_stm32_usart_bus_init)
    drv_stm32_usart_bus_init                 0x08003987   Thumb Code   218  drv_usart.o(i.drv_stm32_usart_bus_init)
    i.drv_stm32_usart_bus_recv_byte          0x08003a60   Section        0  drv_usart.o(i.drv_stm32_usart_bus_recv_byte)
    drv_stm32_usart_bus_recv_byte            0x08003a61   Thumb Code    54  drv_usart.o(i.drv_stm32_usart_bus_recv_byte)
    i.drv_stm32_usart_bus_send_byte          0x08003a96   Section        0  drv_usart.o(i.drv_stm32_usart_bus_send_byte)
    drv_stm32_usart_bus_send_byte            0x08003a97   Thumb Code    54  drv_usart.o(i.drv_stm32_usart_bus_send_byte)
    i.drv_stm32_usart_recv                   0x08003acc   Section        0  drv_usart.o(i.drv_stm32_usart_recv)
    drv_stm32_usart_recv                     0x08003acd   Thumb Code    48  drv_usart.o(i.drv_stm32_usart_recv)
    i.drv_stm32_usart_send                   0x08003afc   Section        0  drv_usart.o(i.drv_stm32_usart_send)
    drv_stm32_usart_send                     0x08003afd   Thumb Code    48  drv_usart.o(i.drv_stm32_usart_send)
    i.drv_time_get_sys_tick                  0x08003b2c   Section        0  drv_time.o(i.drv_time_get_sys_tick)
    i.drv_time_sys_tick_increment            0x08003b38   Section        0  drv_time.o(i.drv_time_sys_tick_increment)
    i.drv_usart_hw_init                      0x08003b48   Section        0  drv_usart.o(i.drv_usart_hw_init)
    i.dy_bus_attach_device                   0x08003b6c   Section        0  bus.o(i.dy_bus_attach_device)
    i.dy_bus_control                         0x08003b9c   Section        0  bus.o(i.dy_bus_control)
    i.dy_bus_find                            0x08003bf8   Section        0  bus.o(i.dy_bus_find)
    i.dy_bus_get_state                       0x08003c24   Section        0  bus.o(i.dy_bus_get_state)
    dy_bus_get_state                         0x08003c25   Thumb Code    16  bus.o(i.dy_bus_get_state)
    i.dy_bus_manager_init                    0x08003c34   Section        0  bus.o(i.dy_bus_manager_init)
    i.dy_bus_register                        0x08003c44   Section        0  bus.o(i.dy_bus_register)
    i.dy_bus_set_state                       0x08003c88   Section        0  bus.o(i.dy_bus_set_state)
    dy_bus_set_state                         0x08003c89   Thumb Code    16  bus.o(i.dy_bus_set_state)
    i.dy_device_control                      0x08003c98   Section        0  device.o(i.dy_device_control)
    i.dy_device_manager_init                 0x08003cd0   Section        0  device.o(i.dy_device_manager_init)
    i.dy_device_register                     0x08003ce0   Section        0  device.o(i.dy_device_register)
    i.dy_find_device                         0x08003d18   Section        0  device.o(i.dy_find_device)
    i.dy_stm32_spi_bus_control               0x08003d44   Section        0  drv_spi.o(i.dy_stm32_spi_bus_control)
    dy_stm32_spi_bus_control                 0x08003d45   Thumb Code    64  drv_spi.o(i.dy_stm32_spi_bus_control)
    i.dy_stm32_spi_bus_full_duplex_recv      0x08003d84   Section        0  drv_spi.o(i.dy_stm32_spi_bus_full_duplex_recv)
    dy_stm32_spi_bus_full_duplex_recv        0x08003d85   Thumb Code   136  drv_spi.o(i.dy_stm32_spi_bus_full_duplex_recv)
    i.dy_stm32_spi_bus_full_duplex_send      0x08003e54   Section        0  drv_spi.o(i.dy_stm32_spi_bus_full_duplex_send)
    dy_stm32_spi_bus_full_duplex_send        0x08003e55   Thumb Code   138  drv_spi.o(i.dy_stm32_spi_bus_full_duplex_send)
    i.event_engine_init                      0x08003f28   Section        0  simple_event_engine.o(i.event_engine_init)
    i.event_process                          0x08003f48   Section        0  simple_event_engine.o(i.event_process)
    i.event_publish                          0x08003ff0   Section        0  simple_event_engine.o(i.event_publish)
    i.event_subscribe                        0x08004048   Section        0  simple_event_engine.o(i.event_subscribe)
    i.f_close                                0x080040e8   Section        0  ff.o(i.f_close)
    i.f_getfree                              0x0800410a   Section        0  ff.o(i.f_getfree)
    i.f_lseek                                0x0800420e   Section        0  ff.o(i.f_lseek)
    i.f_mkfs                                 0x080043b0   Section        0  ff.o(i.f_mkfs)
    i.f_mount                                0x08004a9c   Section        0  ff.o(i.f_mount)
    i.f_open                                 0x08004afc   Section        0  ff.o(i.f_open)
    i.f_opendir                              0x08004d0a   Section        0  ff.o(i.f_opendir)
    i.f_read                                 0x08004d82   Section        0  ff.o(i.f_read)
    i.f_readdir                              0x08004f5a   Section        0  ff.o(i.f_readdir)
    i.f_sync                                 0x08004fc2   Section        0  ff.o(i.f_sync)
    i.f_write                                0x08005064   Section        0  ff.o(i.f_write)
    i.fatfs_mount                            0x08005278   Section        0  ff_app.o(i.fatfs_mount)
    i.fatfs_scan_path                        0x08005380   Section        0  ff_app.o(i.fatfs_scan_path)
    i.fatfs_test                             0x080054a0   Section        0  main.o(i.fatfs_test)
    i.ff_oem2uni                             0x08005668   Section        0  ffunicode.o(i.ff_oem2uni)
    i.ff_uni2oem                             0x080056d0   Section        0  ffunicode.o(i.ff_uni2oem)
    i.ff_wtoupper                            0x08005744   Section        0  ffunicode.o(i.ff_wtoupper)
    i.find_free_timer                        0x080057f4   Section        0  timer_manager.o(i.find_free_timer)
    find_free_timer                          0x080057f5   Thumb Code    34  timer_manager.o(i.find_free_timer)
    i.find_volume                            0x0800581c   Section        0  ff.o(i.find_volume)
    find_volume                              0x0800581d   Thumb Code   120  ff.o(i.find_volume)
    i.follow_path                            0x08005894   Section        0  ff.o(i.follow_path)
    follow_path                              0x08005895   Thumb Code   168  ff.o(i.follow_path)
    i.fputc                                  0x0800593c   Section        0  drv_serial.o(i.fputc)
    i.gen_numname                            0x08005960   Section        0  ff.o(i.gen_numname)
    gen_numname                              0x08005961   Thumb Code   226  ff.o(i.gen_numname)
    i.get_fat                                0x08005a48   Section        0  ff.o(i.get_fat)
    get_fat                                  0x08005a49   Thumb Code   306  ff.o(i.get_fat)
    i.get_fattime                            0x08005b7c   Section        0  diskio.o(i.get_fattime)
    i.get_fileinfo                           0x08005c10   Section        0  ff.o(i.get_fileinfo)
    get_fileinfo                             0x08005c11   Thumb Code   380  ff.o(i.get_fileinfo)
    i.get_ldnumber                           0x08005d8c   Section        0  ff.o(i.get_ldnumber)
    get_ldnumber                             0x08005d8d   Thumb Code    82  ff.o(i.get_ldnumber)
    i.key1_timer_callback                    0x08005de0   Section        0  drv_key.o(i.key1_timer_callback)
    i.key_control                            0x08005ec4   Section        0  drv_key.o(i.key_control)
    key_control                              0x08005ec5   Thumb Code    98  drv_key.o(i.key_control)
    i.key_event_handler                      0x08005f28   Section        0  main.o(i.key_event_handler)
    i.key_init                               0x08005f80   Section        0  drv_key.o(i.key_init)
    key_init                                 0x08005f81   Thumb Code   130  drv_key.o(i.key_init)
    i.key_read                               0x08006002   Section        0  drv_key.o(i.key_read)
    key_read                                 0x08006003   Thumb Code    50  drv_key.o(i.key_read)
    i.ld_16                                  0x08006034   Section        0  ff.o(i.ld_16)
    ld_16                                    0x08006035   Thumb Code    12  ff.o(i.ld_16)
    i.ld_32                                  0x08006040   Section        0  ff.o(i.ld_32)
    ld_32                                    0x08006041   Thumb Code    24  ff.o(i.ld_32)
    i.ld_clust                               0x08006058   Section        0  ff.o(i.ld_clust)
    ld_clust                                 0x08006059   Thumb Code    38  ff.o(i.ld_clust)
    i.led_control                            0x0800607e   Section        0  drv_led.o(i.led_control)
    led_control                              0x0800607f   Thumb Code   216  drv_led.o(i.led_control)
    i.led_init                               0x08006156   Section        0  drv_led.o(i.led_init)
    led_init                                 0x08006157   Thumb Code   130  drv_led.o(i.led_init)
    i.main                                   0x080061d8   Section        0  main.o(i.main)
    i.mount_volume                           0x080061f0   Section        0  ff.o(i.mount_volume)
    mount_volume                             0x080061f1   Thumb Code   730  ff.o(i.mount_volume)
    i.move_window                            0x080064e4   Section        0  ff.o(i.move_window)
    move_window                              0x080064e5   Thumb Code    52  ff.o(i.move_window)
    i.pick_lfn                               0x08006518   Section        0  ff.o(i.pick_lfn)
    pick_lfn                                 0x08006519   Thumb Code   136  ff.o(i.pick_lfn)
    i.put_fat                                0x080065a4   Section        0  ff.o(i.put_fat)
    put_fat                                  0x080065a5   Thumb Code   400  ff.o(i.put_fat)
    i.put_lfn                                0x08006734   Section        0  ff.o(i.put_lfn)
    put_lfn                                  0x08006735   Thumb Code   124  ff.o(i.put_lfn)
    i.put_utf                                0x080067b4   Section        0  ff.o(i.put_utf)
    put_utf                                  0x080067b5   Thumb Code    66  ff.o(i.put_utf)
    i.remove_chain                           0x080067f6   Section        0  ff.o(i.remove_chain)
    remove_chain                             0x080067f7   Thumb Code   154  ff.o(i.remove_chain)
    i.rtc_control                            0x08006890   Section        0  drv_rtc.o(i.rtc_control)
    rtc_control                              0x08006891   Thumb Code    64  drv_rtc.o(i.rtc_control)
    i.rtc_get_date_time                      0x080068d0   Section        0  drv_rtc.o(i.rtc_get_date_time)
    rtc_get_date_time                        0x080068d1   Thumb Code    70  drv_rtc.o(i.rtc_get_date_time)
    i.rtc_init                               0x08006918   Section        0  drv_rtc.o(i.rtc_init)
    rtc_init                                 0x08006919   Thumb Code   100  drv_rtc.o(i.rtc_init)
    i.rtc_set_date_time                      0x08006990   Section        0  drv_rtc.o(i.rtc_set_date_time)
    rtc_set_date_time                        0x08006991   Thumb Code    94  drv_rtc.o(i.rtc_set_date_time)
    i.scan_root_file                         0x080069f0   Section        0  main.o(i.scan_root_file)
    i.serial_control                         0x08006a00   Section        0  drv_serial.o(i.serial_control)
    serial_control                           0x08006a01   Thumb Code    48  drv_serial.o(i.serial_control)
    i.serial_init                            0x08006a30   Section        0  drv_serial.o(i.serial_init)
    serial_init                              0x08006a31   Thumb Code    28  drv_serial.o(i.serial_init)
    i.serial_read                            0x08006a4c   Section        0  drv_serial.o(i.serial_read)
    serial_read                              0x08006a4d   Thumb Code    28  drv_serial.o(i.serial_read)
    i.serial_write                           0x08006a68   Section        0  drv_serial.o(i.serial_write)
    serial_write                             0x08006a69   Thumb Code    28  drv_serial.o(i.serial_write)
    i.set_rtc_time                           0x08006a84   Section        0  main.o(i.set_rtc_time)
    set_rtc_time                             0x08006a85   Thumb Code    94  main.o(i.set_rtc_time)
    i.st_16                                  0x08006b14   Section        0  ff.o(i.st_16)
    st_16                                    0x08006b15   Thumb Code    12  ff.o(i.st_16)
    i.st_32                                  0x08006b20   Section        0  ff.o(i.st_32)
    st_32                                    0x08006b21   Thumb Code    24  ff.o(i.st_32)
    i.st_clust                               0x08006b38   Section        0  ff.o(i.st_clust)
    st_clust                                 0x08006b39   Thumb Code    36  ff.o(i.st_clust)
    i.sum_sfn                                0x08006b5c   Section        0  ff.o(i.sum_sfn)
    sum_sfn                                  0x08006b5d   Thumb Code    32  ff.o(i.sum_sfn)
    i.sync_fs                                0x08006b7c   Section        0  ff.o(i.sync_fs)
    sync_fs                                  0x08006b7d   Thumb Code   132  ff.o(i.sync_fs)
    i.sync_window                            0x08006c0c   Section        0  ff.o(i.sync_window)
    sync_window                              0x08006c0d   Thumb Code    74  ff.o(i.sync_window)
    i.system_init                            0x08006c58   Section        0  main.o(i.system_init)
    i.systick_init                           0x08006c8c   Section        0  main.o(i.systick_init)
    i.tchar2uni                              0x08006ce8   Section        0  ff.o(i.tchar2uni)
    tchar2uni                                0x08006ce9   Thumb Code    76  ff.o(i.tchar2uni)
    i.timer_create                           0x08006d34   Section        0  timer_manager.o(i.timer_create)
    i.timer_manager_expired_timer_handler    0x08006d84   Section        0  timer_manager.o(i.timer_manager_expired_timer_handler)
    i.timer_manager_init                     0x08006dec   Section        0  timer_manager.o(i.timer_manager_init)
    i.timer_manager_tick_decrement_handler   0x08006e2c   Section        0  timer_manager.o(i.timer_manager_tick_decrement_handler)
    i.timer_start                            0x08006e6c   Section        0  timer_manager.o(i.timer_start)
    i.validate                               0x08006ea4   Section        0  ff.o(i.validate)
    validate                                 0x08006ea5   Thumb Code    60  ff.o(i.validate)
    .constdata                               0x08006ee0   Section       68  ff.o(.constdata)
    LfnOfs                                   0x08006ee0   Data          13  ff.o(.constdata)
    DbcTbl                                   0x08006eed   Data          10  ff.o(.constdata)
    cst                                      0x08006ef8   Data          14  ff.o(.constdata)
    cst32                                    0x08006f06   Data          14  ff.o(.constdata)
    defopt                                   0x08006f14   Data          16  ff.o(.constdata)
    .constdata                               0x08006f24   Section    175030  ffunicode.o(.constdata)
    uni2oem936                               0x08006f24   Data       87172  ffunicode.o(.constdata)
    oem2uni936                               0x0801c3a8   Data       87172  ffunicode.o(.constdata)
    cvt1                                     0x0803182c   Data         498  ffunicode.o(.constdata)
    cvt2                                     0x08031a1e   Data         188  ffunicode.o(.constdata)
    .conststring                             0x08031adc   Section      136  drv_spi.o(.conststring)
    .conststring                             0x08031b64   Section       72  drv_spi_flash.o(.conststring)
    .conststring                             0x08031bac   Section        3  ff_app.o(.conststring)
    .data                                    0x20000000   Section       16  stm32f4xx_rcc.o(.data)
    APBAHBPrescTable                         0x20000000   Data          16  stm32f4xx_rcc.o(.data)
    .data                                    0x20000010   Section       20  system_stm32f4xx.o(.data)
    .data                                    0x20000024   Section        8  bus.o(.data)
    g_bus_mgr                                0x20000024   Data           8  bus.o(.data)
    .data                                    0x2000002c   Section        8  device.o(.data)
    g_device_mgr                             0x2000002c   Data           8  device.o(.data)
    .data                                    0x20000034   Section       28  drv_led.o(.data)
    led_dev_ops                              0x20000034   Data          28  drv_led.o(.data)
    .data                                    0x20000050   Section       36  drv_key.o(.data)
    key_dev_ops                              0x20000050   Data          28  drv_key.o(.data)
    key_last_state                           0x2000006c   Data           1  drv_key.o(.data)
    cur_timestamp                            0x20000070   Data           4  drv_key.o(.data)
    .data                                    0x20000074   Section      252  drv_misc_func.o(.data)
    g_gpio_pin_set                           0x20000074   Data          64  drv_misc_func.o(.data)
    g_gpio_af_src_set                        0x200000b4   Data          64  drv_misc_func.o(.data)
    g_gpio_exti_line_set                     0x200000f4   Data          64  drv_misc_func.o(.data)
    g_gpio_exti_pin_src_set                  0x20000134   Data          16  drv_misc_func.o(.data)
    g_gpio_exti_port_src_set                 0x20000144   Data          44  drv_misc_func.o(.data)
    .data                                    0x20000170   Section      152  drv_usart.o(.data)
    .data                                    0x20000208   Section       28  drv_serial.o(.data)
    .data                                    0x20000224   Section        4  drv_time.o(.data)
    g_sys_tick                               0x20000224   Data           4  drv_time.o(.data)
    .data                                    0x20000228   Section      160  drv_spi.o(.data)
    .data                                    0x200002c8   Section       28  drv_spi_flash.o(.data)
    .data                                    0x200002e4   Section       28  drv_rtc.o(.data)
    .data                                    0x20000300   Section        8  diskio.o(.data)
    .data                                    0x20000308   Section       10  ff.o(.data)
    FatFs                                    0x20000308   Data           8  ff.o(.data)
    Fsid                                     0x20000310   Data           2  ff.o(.data)
    .data                                    0x20000314   Section     8256  ff_app.o(.data)
    .data                                    0x20002354   Section     1025  main.o(.data)
    count                                    0x20002754   Data           1  main.o(.data)
    .data                                    0x20002758   Section        4  stdout.o(.data)
    .bss                                     0x2000275c   Section      136  timer_manager.o(.bss)
    g_tim_mnger                              0x2000275c   Data         136  timer_manager.o(.bss)
    .bss                                     0x200027e4   Section      712  simple_event_engine.o(.bss)
    g_event_queue                            0x200027e4   Data         516  simple_event_engine.o(.bss)
    g_subscription_table                     0x200029e8   Data         196  simple_event_engine.o(.bss)
    .bss                                     0x20002aac   Section       88  drv_led.o(.bss)
    g_led_dev                                0x20002aac   Data          88  drv_led.o(.bss)
    .bss                                     0x20002b04   Section      280  drv_key.o(.bss)
    g_key_dev1                               0x20002b04   Data         140  drv_key.o(.bss)
    g_key_dev2                               0x20002b90   Data         140  drv_key.o(.bss)
    .bss                                     0x20002c1c   Section       64  drv_serial.o(.bss)
    .bss                                     0x20002c5c   Section       84  drv_spi_flash.o(.bss)
    .bss                                     0x20002cb0   Section       76  drv_rtc.o(.bss)
    .bss                                     0x20002cfc   Section     1024  main.o(.bss)
    STACK                                    0x20003100   Section    16384  startup_stm32f40xx.o(STACK)

    Global Symbols

    Symbol Name                              Value     Ov Type        Size  Object(Section)

    BuildAttributes$$THM_ISAv4$E$P$D$K$B$S$7EM$VFPi3$EXTD16$VFPS$VFMA$PE$A:L22UL41UL21$X:L11$S22US41US21$IEEE1$IW$USESV6$~STKCKD$USESV7$~SHL$OSPACE$ROPI$EBA8$MICROLIB$REQ8$PRES8$EABIv2 0x00000000   Number         0  anon$$obj.o ABSOLUTE
    __ARM_use_no_argv                        0x00000000   Number         0  main.o ABSOLUTE
    _printf_a                                0x00000000   Number         0  stubs.o ABSOLUTE
    _printf_c                                0x00000000   Number         0  stubs.o ABSOLUTE
    _printf_charcount                        0x00000000   Number         0  stubs.o ABSOLUTE
    _printf_d                                0x00000000   Number         0  stubs.o ABSOLUTE
    _printf_e                                0x00000000   Number         0  stubs.o ABSOLUTE
    _printf_f                                0x00000000   Number         0  stubs.o ABSOLUTE
    _printf_flags                            0x00000000   Number         0  stubs.o ABSOLUTE
    _printf_fp_dec                           0x00000000   Number         0  stubs.o ABSOLUTE
    _printf_fp_hex                           0x00000000   Number         0  stubs.o ABSOLUTE
    _printf_g                                0x00000000   Number         0  stubs.o ABSOLUTE
    _printf_i                                0x00000000   Number         0  stubs.o ABSOLUTE
    _printf_int_dec                          0x00000000   Number         0  stubs.o ABSOLUTE
    _printf_l                                0x00000000   Number         0  stubs.o ABSOLUTE
    _printf_lc                               0x00000000   Number         0  stubs.o ABSOLUTE
    _printf_ll                               0x00000000   Number         0  stubs.o ABSOLUTE
    _printf_lld                              0x00000000   Number         0  stubs.o ABSOLUTE
    _printf_lli                              0x00000000   Number         0  stubs.o ABSOLUTE
    _printf_llo                              0x00000000   Number         0  stubs.o ABSOLUTE
    _printf_llu                              0x00000000   Number         0  stubs.o ABSOLUTE
    _printf_llx                              0x00000000   Number         0  stubs.o ABSOLUTE
    _printf_longlong_dec                     0x00000000   Number         0  stubs.o ABSOLUTE
    _printf_longlong_hex                     0x00000000   Number         0  stubs.o ABSOLUTE
    _printf_longlong_oct                     0x00000000   Number         0  stubs.o ABSOLUTE
    _printf_ls                               0x00000000   Number         0  stubs.o ABSOLUTE
    _printf_mbtowc                           0x00000000   Number         0  stubs.o ABSOLUTE
    _printf_n                                0x00000000   Number         0  stubs.o ABSOLUTE
    _printf_o                                0x00000000   Number         0  stubs.o ABSOLUTE
    _printf_p                                0x00000000   Number         0  stubs.o ABSOLUTE
    _printf_percent                          0x00000000   Number         0  stubs.o ABSOLUTE
    _printf_pre_padding                      0x00000000   Number         0  stubs.o ABSOLUTE
    _printf_return_value                     0x00000000   Number         0  stubs.o ABSOLUTE
    _printf_s                                0x00000000   Number         0  stubs.o ABSOLUTE
    _printf_sizespec                         0x00000000   Number         0  stubs.o ABSOLUTE
    _printf_str                              0x00000000   Number         0  stubs.o ABSOLUTE
    _printf_truncate_signed                  0x00000000   Number         0  stubs.o ABSOLUTE
    _printf_truncate_unsigned                0x00000000   Number         0  stubs.o ABSOLUTE
    _printf_u                                0x00000000   Number         0  stubs.o ABSOLUTE
    _printf_wc                               0x00000000   Number         0  stubs.o ABSOLUTE
    _printf_wctomb                           0x00000000   Number         0  stubs.o ABSOLUTE
    _printf_widthprec                        0x00000000   Number         0  stubs.o ABSOLUTE
    _printf_x                                0x00000000   Number         0  stubs.o ABSOLUTE
    __arm_fini_                               - Undefined Weak Reference
    __cpp_initialize__aeabi_                  - Undefined Weak Reference
    __cxa_finalize                            - Undefined Weak Reference
    _clock_init                               - Undefined Weak Reference
    _microlib_exit                            - Undefined Weak Reference
    __Vectors_Size                           0x00000188   Number         0  startup_stm32f40xx.o ABSOLUTE
    __Vectors                                0x08000000   Data           4  startup_stm32f40xx.o(RESET)
    __Vectors_End                            0x08000188   Data           0  startup_stm32f40xx.o(RESET)
    __main                                   0x08000189   Thumb Code     0  entry.o(.ARM.Collect$$$$00000000)
    _main_stk                                0x08000189   Thumb Code     0  entry2.o(.ARM.Collect$$$$00000001)
    _main_scatterload                        0x0800018d   Thumb Code     0  entry5.o(.ARM.Collect$$$$00000004)
    __main_after_scatterload                 0x08000191   Thumb Code     0  entry5.o(.ARM.Collect$$$$00000004)
    _main_clock                              0x08000191   Thumb Code     0  entry7b.o(.ARM.Collect$$$$00000008)
    _main_cpp_init                           0x08000191   Thumb Code     0  entry8b.o(.ARM.Collect$$$$0000000A)
    _main_init                               0x08000191   Thumb Code     0  entry9a.o(.ARM.Collect$$$$0000000B)
    __rt_lib_shutdown_fini                   0x08000199   Thumb Code     0  entry12b.o(.ARM.Collect$$$$0000000E)
    __rt_final_cpp                           0x0800019d   Thumb Code     0  entry10a.o(.ARM.Collect$$$$0000000F)
    __rt_final_exit                          0x0800019d   Thumb Code     0  entry11a.o(.ARM.Collect$$$$00000011)
    HardFault_Handler                        0x080001a1   Thumb Code    20  stm32f4xx_it.o(.emb_text)
    Reset_Handler                            0x080001b5   Thumb Code     8  startup_stm32f40xx.o(.text)
    NMI_Handler                              0x080001bd   Thumb Code     2  startup_stm32f40xx.o(.text)
    MemManage_Handler                        0x080001c1   Thumb Code     2  startup_stm32f40xx.o(.text)
    SVC_Handler                              0x080001c7   Thumb Code     2  startup_stm32f40xx.o(.text)
    DebugMon_Handler                         0x080001c9   Thumb Code     2  startup_stm32f40xx.o(.text)
    PendSV_Handler                           0x080001cb   Thumb Code     2  startup_stm32f40xx.o(.text)
    ADC_IRQHandler                           0x080001cf   Thumb Code     0  startup_stm32f40xx.o(.text)
    CAN1_RX0_IRQHandler                      0x080001cf   Thumb Code     0  startup_stm32f40xx.o(.text)
    CAN1_RX1_IRQHandler                      0x080001cf   Thumb Code     0  startup_stm32f40xx.o(.text)
    CAN1_SCE_IRQHandler                      0x080001cf   Thumb Code     0  startup_stm32f40xx.o(.text)
    CAN1_TX_IRQHandler                       0x080001cf   Thumb Code     0  startup_stm32f40xx.o(.text)
    CAN2_RX0_IRQHandler                      0x080001cf   Thumb Code     0  startup_stm32f40xx.o(.text)
    CAN2_RX1_IRQHandler                      0x080001cf   Thumb Code     0  startup_stm32f40xx.o(.text)
    CAN2_SCE_IRQHandler                      0x080001cf   Thumb Code     0  startup_stm32f40xx.o(.text)
    CAN2_TX_IRQHandler                       0x080001cf   Thumb Code     0  startup_stm32f40xx.o(.text)
    CRYP_IRQHandler                          0x080001cf   Thumb Code     0  startup_stm32f40xx.o(.text)
    DCMI_IRQHandler                          0x080001cf   Thumb Code     0  startup_stm32f40xx.o(.text)
    DMA1_Stream0_IRQHandler                  0x080001cf   Thumb Code     0  startup_stm32f40xx.o(.text)
    DMA1_Stream1_IRQHandler                  0x080001cf   Thumb Code     0  startup_stm32f40xx.o(.text)
    DMA1_Stream2_IRQHandler                  0x080001cf   Thumb Code     0  startup_stm32f40xx.o(.text)
    DMA1_Stream3_IRQHandler                  0x080001cf   Thumb Code     0  startup_stm32f40xx.o(.text)
    DMA1_Stream4_IRQHandler                  0x080001cf   Thumb Code     0  startup_stm32f40xx.o(.text)
    DMA1_Stream5_IRQHandler                  0x080001cf   Thumb Code     0  startup_stm32f40xx.o(.text)
    DMA1_Stream6_IRQHandler                  0x080001cf   Thumb Code     0  startup_stm32f40xx.o(.text)
    DMA1_Stream7_IRQHandler                  0x080001cf   Thumb Code     0  startup_stm32f40xx.o(.text)
    DMA2_Stream0_IRQHandler                  0x080001cf   Thumb Code     0  startup_stm32f40xx.o(.text)
    DMA2_Stream1_IRQHandler                  0x080001cf   Thumb Code     0  startup_stm32f40xx.o(.text)
    DMA2_Stream2_IRQHandler                  0x080001cf   Thumb Code     0  startup_stm32f40xx.o(.text)
    DMA2_Stream3_IRQHandler                  0x080001cf   Thumb Code     0  startup_stm32f40xx.o(.text)
    DMA2_Stream4_IRQHandler                  0x080001cf   Thumb Code     0  startup_stm32f40xx.o(.text)
    DMA2_Stream5_IRQHandler                  0x080001cf   Thumb Code     0  startup_stm32f40xx.o(.text)
    DMA2_Stream6_IRQHandler                  0x080001cf   Thumb Code     0  startup_stm32f40xx.o(.text)
    DMA2_Stream7_IRQHandler                  0x080001cf   Thumb Code     0  startup_stm32f40xx.o(.text)
    ETH_IRQHandler                           0x080001cf   Thumb Code     0  startup_stm32f40xx.o(.text)
    ETH_WKUP_IRQHandler                      0x080001cf   Thumb Code     0  startup_stm32f40xx.o(.text)
    EXTI0_IRQHandler                         0x080001cf   Thumb Code     0  startup_stm32f40xx.o(.text)
    EXTI15_10_IRQHandler                     0x080001cf   Thumb Code     0  startup_stm32f40xx.o(.text)
    EXTI1_IRQHandler                         0x080001cf   Thumb Code     0  startup_stm32f40xx.o(.text)
    EXTI2_IRQHandler                         0x080001cf   Thumb Code     0  startup_stm32f40xx.o(.text)
    EXTI3_IRQHandler                         0x080001cf   Thumb Code     0  startup_stm32f40xx.o(.text)
    EXTI4_IRQHandler                         0x080001cf   Thumb Code     0  startup_stm32f40xx.o(.text)
    EXTI9_5_IRQHandler                       0x080001cf   Thumb Code     0  startup_stm32f40xx.o(.text)
    FLASH_IRQHandler                         0x080001cf   Thumb Code     0  startup_stm32f40xx.o(.text)
    FPU_IRQHandler                           0x080001cf   Thumb Code     0  startup_stm32f40xx.o(.text)
    FSMC_IRQHandler                          0x080001cf   Thumb Code     0  startup_stm32f40xx.o(.text)
    HASH_RNG_IRQHandler                      0x080001cf   Thumb Code     0  startup_stm32f40xx.o(.text)
    I2C1_ER_IRQHandler                       0x080001cf   Thumb Code     0  startup_stm32f40xx.o(.text)
    I2C1_EV_IRQHandler                       0x080001cf   Thumb Code     0  startup_stm32f40xx.o(.text)
    I2C2_ER_IRQHandler                       0x080001cf   Thumb Code     0  startup_stm32f40xx.o(.text)
    I2C2_EV_IRQHandler                       0x080001cf   Thumb Code     0  startup_stm32f40xx.o(.text)
    I2C3_ER_IRQHandler                       0x080001cf   Thumb Code     0  startup_stm32f40xx.o(.text)
    I2C3_EV_IRQHandler                       0x080001cf   Thumb Code     0  startup_stm32f40xx.o(.text)
    OTG_FS_IRQHandler                        0x080001cf   Thumb Code     0  startup_stm32f40xx.o(.text)
    OTG_FS_WKUP_IRQHandler                   0x080001cf   Thumb Code     0  startup_stm32f40xx.o(.text)
    OTG_HS_EP1_IN_IRQHandler                 0x080001cf   Thumb Code     0  startup_stm32f40xx.o(.text)
    OTG_HS_EP1_OUT_IRQHandler                0x080001cf   Thumb Code     0  startup_stm32f40xx.o(.text)
    OTG_HS_IRQHandler                        0x080001cf   Thumb Code     0  startup_stm32f40xx.o(.text)
    OTG_HS_WKUP_IRQHandler                   0x080001cf   Thumb Code     0  startup_stm32f40xx.o(.text)
    PVD_IRQHandler                           0x080001cf   Thumb Code     0  startup_stm32f40xx.o(.text)
    RCC_IRQHandler                           0x080001cf   Thumb Code     0  startup_stm32f40xx.o(.text)
    RTC_Alarm_IRQHandler                     0x080001cf   Thumb Code     0  startup_stm32f40xx.o(.text)
    RTC_WKUP_IRQHandler                      0x080001cf   Thumb Code     0  startup_stm32f40xx.o(.text)
    SDIO_IRQHandler                          0x080001cf   Thumb Code     0  startup_stm32f40xx.o(.text)
    SPI1_IRQHandler                          0x080001cf   Thumb Code     0  startup_stm32f40xx.o(.text)
    SPI2_IRQHandler                          0x080001cf   Thumb Code     0  startup_stm32f40xx.o(.text)
    SPI3_IRQHandler                          0x080001cf   Thumb Code     0  startup_stm32f40xx.o(.text)
    TAMP_STAMP_IRQHandler                    0x080001cf   Thumb Code     0  startup_stm32f40xx.o(.text)
    TIM1_BRK_TIM9_IRQHandler                 0x080001cf   Thumb Code     0  startup_stm32f40xx.o(.text)
    TIM1_CC_IRQHandler                       0x080001cf   Thumb Code     0  startup_stm32f40xx.o(.text)
    TIM1_TRG_COM_TIM11_IRQHandler            0x080001cf   Thumb Code     0  startup_stm32f40xx.o(.text)
    TIM1_UP_TIM10_IRQHandler                 0x080001cf   Thumb Code     0  startup_stm32f40xx.o(.text)
    TIM2_IRQHandler                          0x080001cf   Thumb Code     0  startup_stm32f40xx.o(.text)
    TIM3_IRQHandler                          0x080001cf   Thumb Code     0  startup_stm32f40xx.o(.text)
    TIM4_IRQHandler                          0x080001cf   Thumb Code     0  startup_stm32f40xx.o(.text)
    TIM5_IRQHandler                          0x080001cf   Thumb Code     0  startup_stm32f40xx.o(.text)
    TIM6_DAC_IRQHandler                      0x080001cf   Thumb Code     0  startup_stm32f40xx.o(.text)
    TIM7_IRQHandler                          0x080001cf   Thumb Code     0  startup_stm32f40xx.o(.text)
    TIM8_BRK_TIM12_IRQHandler                0x080001cf   Thumb Code     0  startup_stm32f40xx.o(.text)
    TIM8_CC_IRQHandler                       0x080001cf   Thumb Code     0  startup_stm32f40xx.o(.text)
    TIM8_TRG_COM_TIM14_IRQHandler            0x080001cf   Thumb Code     0  startup_stm32f40xx.o(.text)
    TIM8_UP_TIM13_IRQHandler                 0x080001cf   Thumb Code     0  startup_stm32f40xx.o(.text)
    UART4_IRQHandler                         0x080001cf   Thumb Code     0  startup_stm32f40xx.o(.text)
    UART5_IRQHandler                         0x080001cf   Thumb Code     0  startup_stm32f40xx.o(.text)
    USART1_IRQHandler                        0x080001cf   Thumb Code     0  startup_stm32f40xx.o(.text)
    USART2_IRQHandler                        0x080001cf   Thumb Code     0  startup_stm32f40xx.o(.text)
    USART3_IRQHandler                        0x080001cf   Thumb Code     0  startup_stm32f40xx.o(.text)
    USART6_IRQHandler                        0x080001cf   Thumb Code     0  startup_stm32f40xx.o(.text)
    WWDG_IRQHandler                          0x080001cf   Thumb Code     0  startup_stm32f40xx.o(.text)
    __aeabi_memcpy                           0x080001d9   Thumb Code    36  memcpya.o(.text)
    __aeabi_memcpy4                          0x080001d9   Thumb Code     0  memcpya.o(.text)
    __aeabi_memcpy8                          0x080001d9   Thumb Code     0  memcpya.o(.text)
    __aeabi_memset                           0x080001fd   Thumb Code    14  memseta.o(.text)
    __aeabi_memset4                          0x080001fd   Thumb Code     0  memseta.o(.text)
    __aeabi_memset8                          0x080001fd   Thumb Code     0  memseta.o(.text)
    __aeabi_memclr                           0x0800020b   Thumb Code     4  memseta.o(.text)
    __aeabi_memclr4                          0x0800020b   Thumb Code     0  memseta.o(.text)
    __aeabi_memclr8                          0x0800020b   Thumb Code     0  memseta.o(.text)
    _memset$wrapper                          0x0800020f   Thumb Code    18  memseta.o(.text)
    strncpy                                  0x08000221   Thumb Code    24  strncpy.o(.text)
    strchr                                   0x08000239   Thumb Code    20  strchr.o(.text)
    strlen                                   0x0800024d   Thumb Code    14  strlen.o(.text)
    strcmp                                   0x0800025b   Thumb Code    28  strcmp.o(.text)
    memcmp                                   0x08000277   Thumb Code    26  memcmp.o(.text)
    strcpy                                   0x08000291   Thumb Code    18  strcpy.o(.text)
    __aeabi_uldivmod                         0x080002a3   Thumb Code    98  uldiv.o(.text)
    __scatterload                            0x08000305   Thumb Code    28  init.o(.text)
    __scatterload_rt2                        0x08000305   Thumb Code     0  init.o(.text)
    __aeabi_llsl                             0x08000329   Thumb Code    30  llshl.o(.text)
    _ll_shift_l                              0x08000329   Thumb Code     0  llshl.o(.text)
    __aeabi_llsr                             0x08000347   Thumb Code    32  llushr.o(.text)
    _ll_ushift_r                             0x08000347   Thumb Code     0  llushr.o(.text)
    __decompress                             0x08000367   Thumb Code     0  __dczerorl2.o(.text)
    __decompress1                            0x08000367   Thumb Code    86  __dczerorl2.o(.text)
    BusFault_Handler                         0x080003bd   Thumb Code    10  stm32f4xx_it.o(i.BusFault_Handler)
    EXTI_Init                                0x080003e5   Thumb Code   142  stm32f4xx_exti.o(i.EXTI_Init)
    GPIO_Init                                0x08000479   Thumb Code   144  stm32f4xx_gpio.o(i.GPIO_Init)
    GPIO_PinAFConfig                         0x08000509   Thumb Code    70  stm32f4xx_gpio.o(i.GPIO_PinAFConfig)
    GPIO_ReadInputDataBit                    0x0800054f   Thumb Code    18  stm32f4xx_gpio.o(i.GPIO_ReadInputDataBit)
    GPIO_ResetBits                           0x08000561   Thumb Code     4  stm32f4xx_gpio.o(i.GPIO_ResetBits)
    GPIO_SetBits                             0x08000565   Thumb Code     4  stm32f4xx_gpio.o(i.GPIO_SetBits)
    HardFault_Handler_C                      0x08000569   Thumb Code   236  stm32f4xx_it.o(i.HardFault_Handler_C)
    NVIC_Init                                0x080008b1   Thumb Code   106  misc.o(i.NVIC_Init)
    PWR_BackupAccessCmd                      0x08000929   Thumb Code     6  stm32f4xx_pwr.o(i.PWR_BackupAccessCmd)
    RCC_AHB1PeriphClockCmd                   0x08000935   Thumb Code    26  stm32f4xx_rcc.o(i.RCC_AHB1PeriphClockCmd)
    RCC_APB1PeriphClockCmd                   0x08000955   Thumb Code    26  stm32f4xx_rcc.o(i.RCC_APB1PeriphClockCmd)
    RCC_APB2PeriphClockCmd                   0x08000975   Thumb Code    26  stm32f4xx_rcc.o(i.RCC_APB2PeriphClockCmd)
    RCC_GetClocksFreq                        0x08000995   Thumb Code   214  stm32f4xx_rcc.o(i.RCC_GetClocksFreq)
    RCC_GetFlagStatus                        0x08000a7d   Thumb Code    60  stm32f4xx_rcc.o(i.RCC_GetFlagStatus)
    RCC_LSICmd                               0x08000abd   Thumb Code     6  stm32f4xx_rcc.o(i.RCC_LSICmd)
    RCC_RTCCLKCmd                            0x08000ac9   Thumb Code     6  stm32f4xx_rcc.o(i.RCC_RTCCLKCmd)
    RCC_RTCCLKConfig                         0x08000ad5   Thumb Code    50  stm32f4xx_rcc.o(i.RCC_RTCCLKConfig)
    RTC_EnterInitMode                        0x08000b45   Thumb Code    76  stm32f4xx_rtc.o(i.RTC_EnterInitMode)
    RTC_ExitInitMode                         0x08000b95   Thumb Code    14  stm32f4xx_rtc.o(i.RTC_ExitInitMode)
    RTC_GetDate                              0x08000ba9   Thumb Code    68  stm32f4xx_rtc.o(i.RTC_GetDate)
    RTC_GetTime                              0x08000bf5   Thumb Code    72  stm32f4xx_rtc.o(i.RTC_GetTime)
    RTC_Init                                 0x08000c45   Thumb Code    94  stm32f4xx_rtc.o(i.RTC_Init)
    RTC_SetDate                              0x08000ca9   Thumb Code   190  stm32f4xx_rtc.o(i.RTC_SetDate)
    RTC_SetTime                              0x08000d71   Thumb Code   198  stm32f4xx_rtc.o(i.RTC_SetTime)
    RTC_WaitForSynchro                       0x08000e41   Thumb Code    92  stm32f4xx_rtc.o(i.RTC_WaitForSynchro)
    RTC_WriteBackupRegister                  0x08000ea1   Thumb Code    24  stm32f4xx_rtc.o(i.RTC_WriteBackupRegister)
    SPI_Cmd                                  0x08000ebd   Thumb Code    24  stm32f4xx_spi.o(i.SPI_Cmd)
    SPI_I2S_GetFlagStatus                    0x08000ed5   Thumb Code    18  stm32f4xx_spi.o(i.SPI_I2S_GetFlagStatus)
    SPI_I2S_ReceiveData                      0x08000ee7   Thumb Code     6  stm32f4xx_spi.o(i.SPI_I2S_ReceiveData)
    SPI_I2S_SendData                         0x08000eed   Thumb Code     4  stm32f4xx_spi.o(i.SPI_I2S_SendData)
    SPI_Init                                 0x08000ef1   Thumb Code    60  stm32f4xx_spi.o(i.SPI_Init)
    SYSCFG_EXTILineConfig                    0x08000f2d   Thumb Code    60  stm32f4xx_syscfg.o(i.SYSCFG_EXTILineConfig)
    SysTick_Handler                          0x08001059   Thumb Code    12  stm32f4xx_it.o(i.SysTick_Handler)
    SystemInit                               0x08001065   Thumb Code    88  system_stm32f4xx.o(i.SystemInit)
    USART_Cmd                                0x080010cd   Thumb Code    24  stm32f4xx_usart.o(i.USART_Cmd)
    USART_GetFlagStatus                      0x080010e5   Thumb Code    26  stm32f4xx_usart.o(i.USART_GetFlagStatus)
    USART_Init                               0x08001101   Thumb Code   204  stm32f4xx_usart.o(i.USART_Init)
    USART_ReceiveData                        0x080011d5   Thumb Code    10  stm32f4xx_usart.o(i.USART_ReceiveData)
    USART_SendData                           0x080011df   Thumb Code     8  stm32f4xx_usart.o(i.USART_SendData)
    UsageFault_Handler                       0x080011e9   Thumb Code    10  stm32f4xx_it.o(i.UsageFault_Handler)
    __0printf$8                              0x08001215   Thumb Code    22  printf8.o(i.__0printf$8)
    __1printf$8                              0x08001215   Thumb Code     0  printf8.o(i.__0printf$8)
    __2printf                                0x08001215   Thumb Code     0  printf8.o(i.__0printf$8)
    __0snprintf$8                            0x08001235   Thumb Code    48  printf8.o(i.__0snprintf$8)
    __1snprintf$8                            0x08001235   Thumb Code     0  printf8.o(i.__0snprintf$8)
    __2snprintf                              0x08001235   Thumb Code     0  printf8.o(i.__0snprintf$8)
    __scatterload_copy                       0x08001269   Thumb Code    14  handlers.o(i.__scatterload_copy)
    __scatterload_null                       0x08001277   Thumb Code     2  handlers.o(i.__scatterload_null)
    __scatterload_zeroinit                   0x08001279   Thumb Code    14  handlers.o(i.__scatterload_zeroinit)
    app_init                                 0x080016f5   Thumb Code    86  main.o(i.app_init)
    board_init                               0x0800175d   Thumb Code    54  main.o(i.board_init)
    disk_initialize                          0x080023d9   Thumb Code   128  diskio.o(i.disk_initialize)
    disk_ioctl                               0x080024c9   Thumb Code    64  diskio.o(i.disk_ioctl)
    disk_read                                0x08002509   Thumb Code   126  diskio.o(i.disk_read)
    disk_status                              0x080025c9   Thumb Code    74  diskio.o(i.disk_status)
    disk_write                               0x08002631   Thumb Code   126  diskio.o(i.disk_write)
    drv_flash_W25Q128_control                0x08002ea5   Thumb Code   112  drv_spi_flash.o(i.drv_flash_W25Q128_control)
    drv_flash_W25Q128_init                   0x08002f15   Thumb Code    36  drv_spi_flash.o(i.drv_flash_W25Q128_init)
    drv_flash_W25Q128_read                   0x08002f4d   Thumb Code    48  drv_spi_flash.o(i.drv_flash_W25Q128_read)
    drv_flash_W25Q128_read_with_addr         0x08002fa9   Thumb Code   142  drv_spi_flash.o(i.drv_flash_W25Q128_read_with_addr)
    drv_flash_W25Q128_write                  0x08003295   Thumb Code   162  drv_spi_flash.o(i.drv_flash_W25Q128_write)
    drv_gpio_enable_clk                      0x08003375   Thumb Code    76  drv_misc_func.o(i.drv_gpio_enable_clk)
    drv_gpio_exti_config                     0x080033c5   Thumb Code    54  drv_misc_func.o(i.drv_gpio_exti_config)
    drv_gpio_get_af_src                      0x08003401   Thumb Code    40  drv_misc_func.o(i.drv_gpio_get_af_src)
    drv_gpio_get_exti_iqr_channel            0x08003431   Thumb Code   146  drv_misc_func.o(i.drv_gpio_get_exti_iqr_channel)
    drv_gpio_get_exti_line                   0x080034c5   Thumb Code    40  drv_misc_func.o(i.drv_gpio_get_exti_line)
    drv_gpio_get_exti_src                    0x080034f5   Thumb Code    38  drv_misc_func.o(i.drv_gpio_get_exti_src)
    drv_gpio_get_usart_af                    0x08003525   Thumb Code    36  drv_misc_func.o(i.drv_gpio_get_usart_af)
    drv_key_init                             0x0800354d   Thumb Code   192  drv_key.o(i.drv_key_init)
    drv_led_init                             0x08003631   Thumb Code    80  drv_led.o(i.drv_led_init)
    drv_rtc_init                             0x08003691   Thumb Code    70  drv_rtc.o(i.drv_rtc_init)
    drv_serial_init                          0x080036e5   Thumb Code    98  drv_serial.o(i.drv_serial_init)
    drv_spi_flash_init                       0x08003761   Thumb Code    88  drv_spi_flash.o(i.drv_spi_flash_init)
    drv_spi_hw_init                          0x080037d5   Thumb Code    32  drv_spi.o(i.drv_spi_hw_init)
    drv_stm32_spi_bus_init                   0x080037f9   Thumb Code   278  drv_spi.o(i.drv_stm32_spi_bus_init)
    drv_time_get_sys_tick                    0x08003b2d   Thumb Code     6  drv_time.o(i.drv_time_get_sys_tick)
    drv_time_sys_tick_increment              0x08003b39   Thumb Code    12  drv_time.o(i.drv_time_sys_tick_increment)
    drv_usart_hw_init                        0x08003b49   Thumb Code    30  drv_usart.o(i.drv_usart_hw_init)
    dy_bus_attach_device                     0x08003b6d   Thumb Code    48  bus.o(i.dy_bus_attach_device)
    dy_bus_control                           0x08003b9d   Thumb Code    90  bus.o(i.dy_bus_control)
    dy_bus_find                              0x08003bf9   Thumb Code    40  bus.o(i.dy_bus_find)
    dy_bus_manager_init                      0x08003c35   Thumb Code    10  bus.o(i.dy_bus_manager_init)
    dy_bus_register                          0x08003c45   Thumb Code    62  bus.o(i.dy_bus_register)
    dy_device_control                        0x08003c99   Thumb Code    56  device.o(i.dy_device_control)
    dy_device_manager_init                   0x08003cd1   Thumb Code    12  device.o(i.dy_device_manager_init)
    dy_device_register                       0x08003ce1   Thumb Code    52  device.o(i.dy_device_register)
    dy_find_device                           0x08003d19   Thumb Code    40  device.o(i.dy_find_device)
    event_engine_init                        0x08003f29   Thumb Code    24  simple_event_engine.o(i.event_engine_init)
    event_process                            0x08003f49   Thumb Code   160  simple_event_engine.o(i.event_process)
    event_publish                            0x08003ff1   Thumb Code    84  simple_event_engine.o(i.event_publish)
    event_subscribe                          0x08004049   Thumb Code   154  simple_event_engine.o(i.event_subscribe)
    f_close                                  0x080040e9   Thumb Code    34  ff.o(i.f_close)
    f_getfree                                0x0800410b   Thumb Code   260  ff.o(i.f_getfree)
    f_lseek                                  0x0800420f   Thumb Code   416  ff.o(i.f_lseek)
    f_mkfs                                   0x080043b1   Thumb Code  1718  ff.o(i.f_mkfs)
    f_mount                                  0x08004a9d   Thumb Code    90  ff.o(i.f_mount)
    f_open                                   0x08004afd   Thumb Code   526  ff.o(i.f_open)
    f_opendir                                0x08004d0b   Thumb Code   120  ff.o(i.f_opendir)
    f_read                                   0x08004d83   Thumb Code   472  ff.o(i.f_read)
    f_readdir                                0x08004f5b   Thumb Code   104  ff.o(i.f_readdir)
    f_sync                                   0x08004fc3   Thumb Code   162  ff.o(i.f_sync)
    f_write                                  0x08005065   Thumb Code   532  ff.o(i.f_write)
    fatfs_mount                              0x08005279   Thumb Code   144  ff_app.o(i.fatfs_mount)
    fatfs_scan_path                          0x08005381   Thumb Code   164  ff_app.o(i.fatfs_scan_path)
    fatfs_test                               0x080054a1   Thumb Code   200  main.o(i.fatfs_test)
    ff_oem2uni                               0x08005669   Thumb Code   100  ffunicode.o(i.ff_oem2uni)
    ff_uni2oem                               0x080056d1   Thumb Code   112  ffunicode.o(i.ff_uni2oem)
    ff_wtoupper                              0x08005745   Thumb Code   166  ffunicode.o(i.ff_wtoupper)
    fputc                                    0x0800593d   Thumb Code    32  drv_serial.o(i.fputc)
    get_fattime                              0x08005b7d   Thumb Code   104  diskio.o(i.get_fattime)
    key1_timer_callback                      0x08005de1   Thumb Code   206  drv_key.o(i.key1_timer_callback)
    key_event_handler                        0x08005f29   Thumb Code    82  main.o(i.key_event_handler)
    main                                     0x080061d9   Thumb Code    24  main.o(i.main)
    scan_root_file                           0x080069f1   Thumb Code    10  main.o(i.scan_root_file)
    system_init                              0x08006c59   Thumb Code    28  main.o(i.system_init)
    systick_init                             0x08006c8d   Thumb Code    80  main.o(i.systick_init)
    timer_create                             0x08006d35   Thumb Code    76  timer_manager.o(i.timer_create)
    timer_manager_expired_timer_handler      0x08006d85   Thumb Code    98  timer_manager.o(i.timer_manager_expired_timer_handler)
    timer_manager_init                       0x08006ded   Thumb Code    58  timer_manager.o(i.timer_manager_init)
    timer_manager_tick_decrement_handler     0x08006e2d   Thumb Code    58  timer_manager.o(i.timer_manager_tick_decrement_handler)
    timer_start                              0x08006e6d   Thumb Code    50  timer_manager.o(i.timer_start)
    Region$$Table$$Base                      0x08031bb0   Number         0  anon$$obj.o(Region$$Table)
    Region$$Table$$Limit                     0x08031bd0   Number         0  anon$$obj.o(Region$$Table)
    SystemCoreClock                          0x20000010   Data           4  system_stm32f4xx.o(.data)
    AHBPrescTable                            0x20000014   Data          16  system_stm32f4xx.o(.data)
    usart_bus_ops                            0x20000170   Data          16  drv_usart.o(.data)
    usart1_impl                              0x20000180   Data          72  drv_usart.o(.data)
    usart1_stm32_bus                         0x200001c8   Data          64  drv_usart.o(.data)
    serial_ops                               0x20000208   Data          28  drv_serial.o(.data)
    stm32_spi1_impl                          0x20000228   Data          80  drv_spi.o(.data)
    spi_bus_ops                              0x20000278   Data          16  drv_spi.o(.data)
    stm32_spi1_bus                           0x20000288   Data          64  drv_spi.o(.data)
    g_flash_W25Q128_ops                      0x200002c8   Data          28  drv_spi_flash.o(.data)
    g_rtc_ops                                0x200002e4   Data          28  drv_rtc.o(.data)
    g_spi_flash                              0x20000300   Data           4  diskio.o(.data)
    g_rtc                                    0x20000304   Data           4  diskio.o(.data)
    g_fatfs_info                             0x20000314   Data        8256  ff_app.o(.data)
    g_write_buffer                           0x20002354   Data        1024  main.o(.data)
    __stdout                                 0x20002758   Data           4  stdout.o(.data)
    g_serial_dev                             0x20002c1c   Data          64  drv_serial.o(.bss)
    g_flash_W25Q128_dev                      0x20002c5c   Data          84  drv_spi_flash.o(.bss)
    g_rtc_dev                                0x20002cb0   Data          76  drv_rtc.o(.bss)
    g_read_buffer                            0x20002cfc   Data        1024  main.o(.bss)
    __initial_sp                             0x20007100   Data           0  startup_stm32f40xx.o(STACK)



==============================================================================

Memory Map of the image

  Image Entry point : 0x08000189

  Load Region LR_IROM1 (Base: 0x08000000, Size: 0x0003432c, Max: 0x00100000, ABSOLUTE, COMPRESSED[0x00031d64])

    Execution Region ER_IROM1 (Exec base: 0x08000000, Load base: 0x08000000, Size: 0x00031bd0, Max: 0x00100000, ABSOLUTE)

    Exec Addr    Load Addr    Size         Type   Attr      Idx    E Section Name        Object

    0x08000000   0x08000000   0x00000188   Data   RO         5115    RESET               startup_stm32f40xx.o
    0x08000188   0x08000188   0x00000000   Code   RO         6893  * .ARM.Collect$$$$00000000  mc_w.l(entry.o)
    0x08000188   0x08000188   0x00000004   Code   RO         7203    .ARM.Collect$$$$00000001  mc_w.l(entry2.o)
    0x0800018c   0x0800018c   0x00000004   Code   RO         7206    .ARM.Collect$$$$00000004  mc_w.l(entry5.o)
    0x08000190   0x08000190   0x00000000   Code   RO         7208    .ARM.Collect$$$$00000008  mc_w.l(entry7b.o)
    0x08000190   0x08000190   0x00000000   Code   RO         7210    .ARM.Collect$$$$0000000A  mc_w.l(entry8b.o)
    0x08000190   0x08000190   0x00000008   Code   RO         7211    .ARM.Collect$$$$0000000B  mc_w.l(entry9a.o)
    0x08000198   0x08000198   0x00000004   Code   RO         7218    .ARM.Collect$$$$0000000E  mc_w.l(entry12b.o)
    0x0800019c   0x0800019c   0x00000000   Code   RO         7213    .ARM.Collect$$$$0000000F  mc_w.l(entry10a.o)
    0x0800019c   0x0800019c   0x00000000   Code   RO         7215    .ARM.Collect$$$$00000011  mc_w.l(entry11a.o)
    0x0800019c   0x0800019c   0x00000004   Code   RO         7204    .ARM.Collect$$$$00002712  mc_w.l(entry2.o)
    0x080001a0   0x080001a0   0x00000014   Code   RO         5164    .emb_text           stm32f4xx_it.o
    0x080001b4   0x080001b4   0x00000024   Code   RO         5116    .text               startup_stm32f40xx.o
    0x080001d8   0x080001d8   0x00000024   Code   RO         6896    .text               mc_w.l(memcpya.o)
    0x080001fc   0x080001fc   0x00000024   Code   RO         6898    .text               mc_w.l(memseta.o)
    0x08000220   0x08000220   0x00000018   Code   RO         6900    .text               mc_w.l(strncpy.o)
    0x08000238   0x08000238   0x00000014   Code   RO         6902    .text               mc_w.l(strchr.o)
    0x0800024c   0x0800024c   0x0000000e   Code   RO         6904    .text               mc_w.l(strlen.o)
    0x0800025a   0x0800025a   0x0000001c   Code   RO         6906    .text               mc_w.l(strcmp.o)
    0x08000276   0x08000276   0x0000001a   Code   RO         6908    .text               mc_w.l(memcmp.o)
    0x08000290   0x08000290   0x00000012   Code   RO         6910    .text               mc_w.l(strcpy.o)
    0x080002a2   0x080002a2   0x00000062   Code   RO         7222    .text               mc_w.l(uldiv.o)
    0x08000304   0x08000304   0x00000024   Code   RO         7237    .text               mc_w.l(init.o)
    0x08000328   0x08000328   0x0000001e   Code   RO         7239    .text               mc_w.l(llshl.o)
    0x08000346   0x08000346   0x00000020   Code   RO         7241    .text               mc_w.l(llushr.o)
    0x08000366   0x08000366   0x00000056   Code   RO         7255    .text               mc_w.l(__dczerorl2.o)
    0x080003bc   0x080003bc   0x00000028   Code   RO         5165    i.BusFault_Handler  stm32f4xx_it.o
    0x080003e4   0x080003e4   0x00000094   Code   RO         1478    i.EXTI_Init         stm32f4xx_exti.o
    0x08000478   0x08000478   0x00000090   Code   RO         1986    i.GPIO_Init         stm32f4xx_gpio.o
    0x08000508   0x08000508   0x00000046   Code   RO         1987    i.GPIO_PinAFConfig  stm32f4xx_gpio.o
    0x0800054e   0x0800054e   0x00000012   Code   RO         1990    i.GPIO_ReadInputDataBit  stm32f4xx_gpio.o
    0x08000560   0x08000560   0x00000004   Code   RO         1993    i.GPIO_ResetBits    stm32f4xx_gpio.o
    0x08000564   0x08000564   0x00000004   Code   RO         1994    i.GPIO_SetBits      stm32f4xx_gpio.o
    0x08000568   0x08000568   0x00000348   Code   RO         5166    i.HardFault_Handler_C  stm32f4xx_it.o
    0x080008b0   0x080008b0   0x00000078   Code   RO            4    i.NVIC_Init         misc.o
    0x08000928   0x08000928   0x0000000c   Code   RO         2777    i.PWR_BackupAccessCmd  stm32f4xx_pwr.o
    0x08000934   0x08000934   0x00000020   Code   RO         2912    i.RCC_AHB1PeriphClockCmd  stm32f4xx_rcc.o
    0x08000954   0x08000954   0x00000020   Code   RO         2921    i.RCC_APB1PeriphClockCmd  stm32f4xx_rcc.o
    0x08000974   0x08000974   0x00000020   Code   RO         2924    i.RCC_APB2PeriphClockCmd  stm32f4xx_rcc.o
    0x08000994   0x08000994   0x000000e8   Code   RO         2933    i.RCC_GetClocksFreq  stm32f4xx_rcc.o
    0x08000a7c   0x08000a7c   0x00000040   Code   RO         2934    i.RCC_GetFlagStatus  stm32f4xx_rcc.o
    0x08000abc   0x08000abc   0x0000000c   Code   RO         2944    i.RCC_LSICmd        stm32f4xx_rcc.o
    0x08000ac8   0x08000ac8   0x0000000c   Code   RO         2956    i.RCC_RTCCLKCmd     stm32f4xx_rcc.o
    0x08000ad4   0x08000ad4   0x0000003c   Code   RO         2957    i.RCC_RTCCLKConfig  stm32f4xx_rcc.o
    0x08000b10   0x08000b10   0x00000016   Code   RO         3319    i.RTC_Bcd2ToByte    stm32f4xx_rtc.o
    0x08000b26   0x08000b26   0x0000001c   Code   RO         3321    i.RTC_ByteToBcd2    stm32f4xx_rtc.o
    0x08000b42   0x08000b42   0x00000002   PAD
    0x08000b44   0x08000b44   0x00000050   Code   RO         3331    i.RTC_EnterInitMode  stm32f4xx_rtc.o
    0x08000b94   0x08000b94   0x00000014   Code   RO         3332    i.RTC_ExitInitMode  stm32f4xx_rtc.o
    0x08000ba8   0x08000ba8   0x0000004c   Code   RO         3335    i.RTC_GetDate       stm32f4xx_rtc.o
    0x08000bf4   0x08000bf4   0x00000050   Code   RO         3340    i.RTC_GetTime       stm32f4xx_rtc.o
    0x08000c44   0x08000c44   0x00000064   Code   RO         3345    i.RTC_Init          stm32f4xx_rtc.o
    0x08000ca8   0x08000ca8   0x000000c8   Code   RO         3351    i.RTC_SetDate       stm32f4xx_rtc.o
    0x08000d70   0x08000d70   0x000000d0   Code   RO         3352    i.RTC_SetTime       stm32f4xx_rtc.o
    0x08000e40   0x08000e40   0x00000060   Code   RO         3368    i.RTC_WaitForSynchro  stm32f4xx_rtc.o
    0x08000ea0   0x08000ea0   0x0000001c   Code   RO         3371    i.RTC_WriteBackupRegister  stm32f4xx_rtc.o
    0x08000ebc   0x08000ebc   0x00000018   Code   RO         4070    i.SPI_Cmd           stm32f4xx_spi.o
    0x08000ed4   0x08000ed4   0x00000012   Code   RO         4078    i.SPI_I2S_GetFlagStatus  stm32f4xx_spi.o
    0x08000ee6   0x08000ee6   0x00000006   Code   RO         4081    i.SPI_I2S_ReceiveData  stm32f4xx_spi.o
    0x08000eec   0x08000eec   0x00000004   Code   RO         4082    i.SPI_I2S_SendData  stm32f4xx_spi.o
    0x08000ef0   0x08000ef0   0x0000003c   Code   RO         4083    i.SPI_Init          stm32f4xx_spi.o
    0x08000f2c   0x08000f2c   0x00000040   Code   RO         4235    i.SYSCFG_EXTILineConfig  stm32f4xx_syscfg.o
    0x08000f6c   0x08000f6c   0x000000ec   Code   RO         5123    i.SetSysClock       system_stm32f4xx.o
    0x08001058   0x08001058   0x0000000c   Code   RO         5167    i.SysTick_Handler   stm32f4xx_it.o
    0x08001064   0x08001064   0x00000068   Code   RO         5125    i.SystemInit        system_stm32f4xx.o
    0x080010cc   0x080010cc   0x00000018   Code   RO         4862    i.USART_Cmd         stm32f4xx_usart.o
    0x080010e4   0x080010e4   0x0000001a   Code   RO         4865    i.USART_GetFlagStatus  stm32f4xx_usart.o
    0x080010fe   0x080010fe   0x00000002   PAD
    0x08001100   0x08001100   0x000000d4   Code   RO         4869    i.USART_Init        stm32f4xx_usart.o
    0x080011d4   0x080011d4   0x0000000a   Code   RO         4876    i.USART_ReceiveData  stm32f4xx_usart.o
    0x080011de   0x080011de   0x00000008   Code   RO         4879    i.USART_SendData    stm32f4xx_usart.o
    0x080011e6   0x080011e6   0x00000002   PAD
    0x080011e8   0x080011e8   0x0000002c   Code   RO         5168    i.UsageFault_Handler  stm32f4xx_it.o
    0x08001214   0x08001214   0x00000020   Code   RO         7121    i.__0printf$8       mc_w.l(printf8.o)
    0x08001234   0x08001234   0x00000034   Code   RO         7122    i.__0snprintf$8     mc_w.l(printf8.o)
    0x08001268   0x08001268   0x0000000e   Code   RO         7249    i.__scatterload_copy  mc_w.l(handlers.o)
    0x08001276   0x08001276   0x00000002   Code   RO         7250    i.__scatterload_null  mc_w.l(handlers.o)
    0x08001278   0x08001278   0x0000000e   Code   RO         7251    i.__scatterload_zeroinit  mc_w.l(handlers.o)
    0x08001286   0x08001286   0x00000002   PAD
    0x08001288   0x08001288   0x00000404   Code   RO         7128    i._printf_core      mc_w.l(printf8.o)
    0x0800168c   0x0800168c   0x00000024   Code   RO         7129    i._printf_post_padding  mc_w.l(printf8.o)
    0x080016b0   0x080016b0   0x0000002e   Code   RO         7130    i._printf_pre_padding  mc_w.l(printf8.o)
    0x080016de   0x080016de   0x00000016   Code   RO         7131    i._snputc           mc_w.l(printf8.o)
    0x080016f4   0x080016f4   0x00000068   Code   RO         6804    i.app_init          main.o
    0x0800175c   0x0800175c   0x00000036   Code   RO         6805    i.board_init        main.o
    0x08001792   0x08001792   0x00000002   PAD
    0x08001794   0x08001794   0x000000e0   Code   RO         6381    i.check_fs          ff.o
    0x08001874   0x08001874   0x0000001a   Code   RO         6382    i.clst2sect         ff.o
    0x0800188e   0x0800188e   0x00000002   PAD
    0x08001890   0x08001890   0x00000098   Code   RO         6383    i.cmp_lfn           ff.o
    0x08001928   0x08001928   0x00000124   Code   RO         6384    i.create_chain      ff.o
    0x08001a4c   0x08001a4c   0x0000025c   Code   RO         6385    i.create_name       ff.o
    0x08001ca8   0x08001ca8   0x0000015a   Code   RO         6386    i.create_partition  ff.o
    0x08001e02   0x08001e02   0x00000002   PAD
    0x08001e04   0x08001e04   0x00000034   Code   RO         6387    i.dbc_1st           ff.o
    0x08001e38   0x08001e38   0x00000048   Code   RO         6388    i.dbc_2nd           ff.o
    0x08001e80   0x08001e80   0x00000060   Code   RO         6389    i.dir_alloc         ff.o
    0x08001ee0   0x08001ee0   0x0000005e   Code   RO         6390    i.dir_clear         ff.o
    0x08001f3e   0x08001f3e   0x000000fc   Code   RO         6391    i.dir_find          ff.o
    0x0800203a   0x0800203a   0x000000da   Code   RO         6392    i.dir_next          ff.o
    0x08002114   0x08002114   0x000000d2   Code   RO         6393    i.dir_read          ff.o
    0x080021e6   0x080021e6   0x0000014a   Code   RO         6394    i.dir_register      ff.o
    0x08002330   0x08002330   0x000000a6   Code   RO         6396    i.dir_sdi           ff.o
    0x080023d6   0x080023d6   0x00000002   PAD
    0x080023d8   0x080023d8   0x000000f0   Code   RO         6314    i.disk_initialize   diskio.o
    0x080024c8   0x080024c8   0x00000040   Code   RO         6315    i.disk_ioctl        diskio.o
    0x08002508   0x08002508   0x000000c0   Code   RO         6316    i.disk_read         diskio.o
    0x080025c8   0x080025c8   0x00000068   Code   RO         6317    i.disk_status       diskio.o
    0x08002630   0x08002630   0x000000c4   Code   RO         6318    i.disk_write        diskio.o
    0x080026f4   0x080026f4   0x000000d4   Code   RO         6126    i.drv_flash_W25Q128_ChipErase  drv_spi_flash.o
    0x080027c8   0x080027c8   0x000001b4   Code   RO         6127    i.drv_flash_W25Q128_PageWrite  drv_spi_flash.o
    0x0800297c   0x0800297c   0x00000058   Code   RO         6128    i.drv_flash_W25Q128_PowerDown  drv_spi_flash.o
    0x080029d4   0x080029d4   0x000000d8   Code   RO         6129    i.drv_flash_W25Q128_ReadDeviceID  drv_spi_flash.o
    0x08002aac   0x08002aac   0x000000e4   Code   RO         6130    i.drv_flash_W25Q128_SectorErase  drv_spi_flash.o
    0x08002b90   0x08002b90   0x00000134   Code   RO         6131    i.drv_flash_W25Q128_WaitForEraseEnd  drv_spi_flash.o
    0x08002cc4   0x08002cc4   0x00000134   Code   RO         6132    i.drv_flash_W25Q128_WaitForWriteEnd  drv_spi_flash.o
    0x08002df8   0x08002df8   0x00000058   Code   RO         6133    i.drv_flash_W25Q128_WakeUp  drv_spi_flash.o
    0x08002e50   0x08002e50   0x00000054   Code   RO         6134    i.drv_flash_W25Q128_WriteEnable  drv_spi_flash.o
    0x08002ea4   0x08002ea4   0x00000070   Code   RO         6135    i.drv_flash_W25Q128_control  drv_spi_flash.o
    0x08002f14   0x08002f14   0x00000038   Code   RO         6136    i.drv_flash_W25Q128_init  drv_spi_flash.o
    0x08002f4c   0x08002f4c   0x0000005c   Code   RO         6137    i.drv_flash_W25Q128_read  drv_spi_flash.o
    0x08002fa8   0x08002fa8   0x00000100   Code   RO         6138    i.drv_flash_W25Q128_read_with_addr  drv_spi_flash.o
    0x080030a8   0x080030a8   0x00000094   Code   RO         6139    i.drv_flash_W25Q128_send_data  drv_spi_flash.o
    0x0800313c   0x0800313c   0x00000158   Code   RO         6140    i.drv_flash_W25Q128_single_sector_write  drv_spi_flash.o
    0x08003294   0x08003294   0x000000e0   Code   RO         6141    i.drv_flash_W25Q128_write  drv_spi_flash.o
    0x08003374   0x08003374   0x00000050   Code   RO         5701    i.drv_gpio_enable_clk  drv_misc_func.o
    0x080033c4   0x080033c4   0x0000003c   Code   RO         5702    i.drv_gpio_exti_config  drv_misc_func.o
    0x08003400   0x08003400   0x00000030   Code   RO         5703    i.drv_gpio_get_af_src  drv_misc_func.o
    0x08003430   0x08003430   0x00000092   Code   RO         5704    i.drv_gpio_get_exti_iqr_channel  drv_misc_func.o
    0x080034c2   0x080034c2   0x00000002   PAD
    0x080034c4   0x080034c4   0x00000030   Code   RO         5705    i.drv_gpio_get_exti_line  drv_misc_func.o
    0x080034f4   0x080034f4   0x00000030   Code   RO         5706    i.drv_gpio_get_exti_src  drv_misc_func.o
    0x08003524   0x08003524   0x00000028   Code   RO         5709    i.drv_gpio_get_usart_af  drv_misc_func.o
    0x0800354c   0x0800354c   0x000000e4   Code   RO         5641    i.drv_key_init      drv_key.o
    0x08003630   0x08003630   0x00000060   Code   RO         5571    i.drv_led_init      drv_led.o
    0x08003690   0x08003690   0x00000054   Code   RO         6256    i.drv_rtc_init      drv_rtc.o
    0x080036e4   0x080036e4   0x0000007c   Code   RO         5978    i.drv_serial_init   drv_serial.o
    0x08003760   0x08003760   0x00000074   Code   RO         6142    i.drv_spi_flash_init  drv_spi_flash.o
    0x080037d4   0x080037d4   0x00000024   Code   RO         6065    i.drv_spi_hw_init   drv_spi.o
    0x080037f8   0x080037f8   0x00000120   Code   RO         6066    i.drv_stm32_spi_bus_init  drv_spi.o
    0x08003918   0x08003918   0x00000040   Code   RO         6067    i.drv_stm32_spi_clk_enable  drv_spi.o
    0x08003958   0x08003958   0x0000002e   Code   RO         5914    i.drv_stm32_usart_bus_control  drv_usart.o
    0x08003986   0x08003986   0x000000da   Code   RO         5915    i.drv_stm32_usart_bus_init  drv_usart.o
    0x08003a60   0x08003a60   0x00000036   Code   RO         5916    i.drv_stm32_usart_bus_recv_byte  drv_usart.o
    0x08003a96   0x08003a96   0x00000036   Code   RO         5917    i.drv_stm32_usart_bus_send_byte  drv_usart.o
    0x08003acc   0x08003acc   0x00000030   Code   RO         5918    i.drv_stm32_usart_recv  drv_usart.o
    0x08003afc   0x08003afc   0x00000030   Code   RO         5919    i.drv_stm32_usart_send  drv_usart.o
    0x08003b2c   0x08003b2c   0x0000000c   Code   RO         6037    i.drv_time_get_sys_tick  drv_time.o
    0x08003b38   0x08003b38   0x00000010   Code   RO         6038    i.drv_time_sys_tick_increment  drv_time.o
    0x08003b48   0x08003b48   0x00000024   Code   RO         5920    i.drv_usart_hw_init  drv_usart.o
    0x08003b6c   0x08003b6c   0x00000030   Code   RO         5311    i.dy_bus_attach_device  bus.o
    0x08003b9c   0x08003b9c   0x0000005a   Code   RO         5312    i.dy_bus_control    bus.o
    0x08003bf6   0x08003bf6   0x00000002   PAD
    0x08003bf8   0x08003bf8   0x0000002c   Code   RO         5315    i.dy_bus_find       bus.o
    0x08003c24   0x08003c24   0x00000010   Code   RO         5319    i.dy_bus_get_state  bus.o
    0x08003c34   0x08003c34   0x00000010   Code   RO         5320    i.dy_bus_manager_init  bus.o
    0x08003c44   0x08003c44   0x00000044   Code   RO         5321    i.dy_bus_register   bus.o
    0x08003c88   0x08003c88   0x00000010   Code   RO         5322    i.dy_bus_set_state  bus.o
    0x08003c98   0x08003c98   0x00000038   Code   RO         5403    i.dy_device_control  device.o
    0x08003cd0   0x08003cd0   0x00000010   Code   RO         5409    i.dy_device_manager_init  device.o
    0x08003ce0   0x08003ce0   0x00000038   Code   RO         5412    i.dy_device_register  device.o
    0x08003d18   0x08003d18   0x0000002c   Code   RO         5415    i.dy_find_device    device.o
    0x08003d44   0x08003d44   0x00000040   Code   RO         6068    i.dy_stm32_spi_bus_control  drv_spi.o
    0x08003d84   0x08003d84   0x000000d0   Code   RO         6069    i.dy_stm32_spi_bus_full_duplex_recv  drv_spi.o
    0x08003e54   0x08003e54   0x000000d4   Code   RO         6070    i.dy_stm32_spi_bus_full_duplex_send  drv_spi.o
    0x08003f28   0x08003f28   0x00000020   Code   RO         5507    i.event_engine_init  simple_event_engine.o
    0x08003f48   0x08003f48   0x000000a8   Code   RO         5509    i.event_process     simple_event_engine.o
    0x08003ff0   0x08003ff0   0x00000058   Code   RO         5510    i.event_publish     simple_event_engine.o
    0x08004048   0x08004048   0x000000a0   Code   RO         5511    i.event_subscribe   simple_event_engine.o
    0x080040e8   0x080040e8   0x00000022   Code   RO         6397    i.f_close           ff.o
    0x0800410a   0x0800410a   0x00000104   Code   RO         6399    i.f_getfree         ff.o
    0x0800420e   0x0800420e   0x000001a0   Code   RO         6401    i.f_lseek           ff.o
    0x080043ae   0x080043ae   0x00000002   PAD
    0x080043b0   0x080043b0   0x000006ec   Code   RO         6403    i.f_mkfs            ff.o
    0x08004a9c   0x08004a9c   0x00000060   Code   RO         6404    i.f_mount           ff.o
    0x08004afc   0x08004afc   0x0000020e   Code   RO         6405    i.f_open            ff.o
    0x08004d0a   0x08004d0a   0x00000078   Code   RO         6406    i.f_opendir         ff.o
    0x08004d82   0x08004d82   0x000001d8   Code   RO         6410    i.f_read            ff.o
    0x08004f5a   0x08004f5a   0x00000068   Code   RO         6411    i.f_readdir         ff.o
    0x08004fc2   0x08004fc2   0x000000a2   Code   RO         6414    i.f_sync            ff.o
    0x08005064   0x08005064   0x00000214   Code   RO         6417    i.f_write           ff.o
    0x08005278   0x08005278   0x00000108   Code   RO         6734    i.fatfs_mount       ff_app.o
    0x08005380   0x08005380   0x00000120   Code   RO         6735    i.fatfs_scan_path   ff_app.o
    0x080054a0   0x080054a0   0x000001c8   Code   RO         6806    i.fatfs_test        main.o
    0x08005668   0x08005668   0x00000068   Code   RO         6775    i.ff_oem2uni        ffunicode.o
    0x080056d0   0x080056d0   0x00000074   Code   RO         6776    i.ff_uni2oem        ffunicode.o
    0x08005744   0x08005744   0x000000b0   Code   RO         6777    i.ff_wtoupper       ffunicode.o
    0x080057f4   0x080057f4   0x00000028   Code   RO         5226    i.find_free_timer   timer_manager.o
    0x0800581c   0x0800581c   0x00000078   Code   RO         6418    i.find_volume       ff.o
    0x08005894   0x08005894   0x000000a8   Code   RO         6419    i.follow_path       ff.o
    0x0800593c   0x0800593c   0x00000024   Code   RO         5979    i.fputc             drv_serial.o
    0x08005960   0x08005960   0x000000e8   Code   RO         6420    i.gen_numname       ff.o
    0x08005a48   0x08005a48   0x00000132   Code   RO         6421    i.get_fat           ff.o
    0x08005b7a   0x08005b7a   0x00000002   PAD
    0x08005b7c   0x08005b7c   0x00000094   Code   RO         6319    i.get_fattime       diskio.o
    0x08005c10   0x08005c10   0x0000017c   Code   RO         6422    i.get_fileinfo      ff.o
    0x08005d8c   0x08005d8c   0x00000052   Code   RO         6423    i.get_ldnumber      ff.o
    0x08005dde   0x08005dde   0x00000002   PAD
    0x08005de0   0x08005de0   0x000000e4   Code   RO         5642    i.key1_timer_callback  drv_key.o
    0x08005ec4   0x08005ec4   0x00000062   Code   RO         5644    i.key_control       drv_key.o
    0x08005f26   0x08005f26   0x00000002   PAD
    0x08005f28   0x08005f28   0x00000058   Code   RO         6807    i.key_event_handler  main.o
    0x08005f80   0x08005f80   0x00000082   Code   RO         5645    i.key_init          drv_key.o
    0x08006002   0x08006002   0x00000032   Code   RO         5646    i.key_read          drv_key.o
    0x08006034   0x08006034   0x0000000c   Code   RO         6424    i.ld_16             ff.o
    0x08006040   0x08006040   0x00000018   Code   RO         6425    i.ld_32             ff.o
    0x08006058   0x08006058   0x00000026   Code   RO         6426    i.ld_clust          ff.o
    0x0800607e   0x0800607e   0x000000d8   Code   RO         5572    i.led_control       drv_led.o
    0x08006156   0x08006156   0x00000082   Code   RO         5573    i.led_init          drv_led.o
    0x080061d8   0x080061d8   0x00000018   Code   RO         6809    i.main              main.o
    0x080061f0   0x080061f0   0x000002f4   Code   RO         6427    i.mount_volume      ff.o
    0x080064e4   0x080064e4   0x00000034   Code   RO         6428    i.move_window       ff.o
    0x08006518   0x08006518   0x0000008c   Code   RO         6429    i.pick_lfn          ff.o
    0x080065a4   0x080065a4   0x00000190   Code   RO         6430    i.put_fat           ff.o
    0x08006734   0x08006734   0x00000080   Code   RO         6431    i.put_lfn           ff.o
    0x080067b4   0x080067b4   0x00000042   Code   RO         6432    i.put_utf           ff.o
    0x080067f6   0x080067f6   0x0000009a   Code   RO         6436    i.remove_chain      ff.o
    0x08006890   0x08006890   0x00000040   Code   RO         6257    i.rtc_control       drv_rtc.o
    0x080068d0   0x080068d0   0x00000046   Code   RO         6258    i.rtc_get_date_time  drv_rtc.o
    0x08006916   0x08006916   0x00000002   PAD
    0x08006918   0x08006918   0x00000078   Code   RO         6259    i.rtc_init          drv_rtc.o
    0x08006990   0x08006990   0x0000005e   Code   RO         6260    i.rtc_set_date_time  drv_rtc.o
    0x080069ee   0x080069ee   0x00000002   PAD
    0x080069f0   0x080069f0   0x00000010   Code   RO         6810    i.scan_root_file    main.o
    0x08006a00   0x08006a00   0x00000030   Code   RO         5980    i.serial_control    drv_serial.o
    0x08006a30   0x08006a30   0x0000001c   Code   RO         5981    i.serial_init       drv_serial.o
    0x08006a4c   0x08006a4c   0x0000001c   Code   RO         5982    i.serial_read       drv_serial.o
    0x08006a68   0x08006a68   0x0000001c   Code   RO         5983    i.serial_write      drv_serial.o
    0x08006a84   0x08006a84   0x00000090   Code   RO         6811    i.set_rtc_time      main.o
    0x08006b14   0x08006b14   0x0000000c   Code   RO         6437    i.st_16             ff.o
    0x08006b20   0x08006b20   0x00000018   Code   RO         6438    i.st_32             ff.o
    0x08006b38   0x08006b38   0x00000024   Code   RO         6439    i.st_clust          ff.o
    0x08006b5c   0x08006b5c   0x00000020   Code   RO         6440    i.sum_sfn           ff.o
    0x08006b7c   0x08006b7c   0x00000090   Code   RO         6441    i.sync_fs           ff.o
    0x08006c0c   0x08006c0c   0x0000004a   Code   RO         6442    i.sync_window       ff.o
    0x08006c56   0x08006c56   0x00000002   PAD
    0x08006c58   0x08006c58   0x00000034   Code   RO         6812    i.system_init       main.o
    0x08006c8c   0x08006c8c   0x0000005c   Code   RO         6813    i.systick_init      main.o
    0x08006ce8   0x08006ce8   0x0000004c   Code   RO         6443    i.tchar2uni         ff.o
    0x08006d34   0x08006d34   0x00000050   Code   RO         5227    i.timer_create      timer_manager.o
    0x08006d84   0x08006d84   0x00000068   Code   RO         5229    i.timer_manager_expired_timer_handler  timer_manager.o
    0x08006dec   0x08006dec   0x00000040   Code   RO         5230    i.timer_manager_init  timer_manager.o
    0x08006e2c   0x08006e2c   0x00000040   Code   RO         5231    i.timer_manager_tick_decrement_handler  timer_manager.o
    0x08006e6c   0x08006e6c   0x00000038   Code   RO         5235    i.timer_start       timer_manager.o
    0x08006ea4   0x08006ea4   0x0000003c   Code   RO         6444    i.validate          ff.o
    0x08006ee0   0x08006ee0   0x00000044   Data   RO         6445    .constdata          ff.o
    0x08006f24   0x08006f24   0x0002abb6   Data   RO         6778    .constdata          ffunicode.o
    0x08031ada   0x08031ada   0x00000002   PAD
    0x08031adc   0x08031adc   0x00000088   Data   RO         6071    .conststring        drv_spi.o
    0x08031b64   0x08031b64   0x00000048   Data   RO         6144    .conststring        drv_spi_flash.o
    0x08031bac   0x08031bac   0x00000003   Data   RO         6737    .conststring        ff_app.o
    0x08031baf   0x08031baf   0x00000001   PAD
    0x08031bb0   0x08031bb0   0x00000020   Data   RO         7247    Region$$Table       anon$$obj.o


    Execution Region RW_IRAM1 (Exec base: 0x20000000, Load base: 0x08031bd0, Size: 0x00007100, Max: 0x00020000, ABSOLUTE, COMPRESSED[0x00000194])

    Exec Addr    Load Addr    Size         Type   Attr      Idx    E Section Name        Object

    0x20000000   COMPRESSED   0x00000010   Data   RW         2965    .data               stm32f4xx_rcc.o
    0x20000010   COMPRESSED   0x00000014   Data   RW         5126    .data               system_stm32f4xx.o
    0x20000024   COMPRESSED   0x00000008   Data   RW         5323    .data               bus.o
    0x2000002c   COMPRESSED   0x00000008   Data   RW         5416    .data               device.o
    0x20000034   COMPRESSED   0x0000001c   Data   RW         5575    .data               drv_led.o
    0x20000050   COMPRESSED   0x00000024   Data   RW         5648    .data               drv_key.o
    0x20000074   COMPRESSED   0x000000fc   Data   RW         5710    .data               drv_misc_func.o
    0x20000170   COMPRESSED   0x00000098   Data   RW         5921    .data               drv_usart.o
    0x20000208   COMPRESSED   0x0000001c   Data   RW         5985    .data               drv_serial.o
    0x20000224   COMPRESSED   0x00000004   Data   RW         6039    .data               drv_time.o
    0x20000228   COMPRESSED   0x000000a0   Data   RW         6072    .data               drv_spi.o
    0x200002c8   COMPRESSED   0x0000001c   Data   RW         6145    .data               drv_spi_flash.o
    0x200002e4   COMPRESSED   0x0000001c   Data   RW         6262    .data               drv_rtc.o
    0x20000300   COMPRESSED   0x00000008   Data   RW         6320    .data               diskio.o
    0x20000308   COMPRESSED   0x0000000a   Data   RW         6446    .data               ff.o
    0x20000312   COMPRESSED   0x00000002   PAD
    0x20000314   COMPRESSED   0x00002040   Data   RW         6738    .data               ff_app.o
    0x20002354   COMPRESSED   0x00000401   Data   RW         6815    .data               main.o
    0x20002755   COMPRESSED   0x00000003   PAD
    0x20002758   COMPRESSED   0x00000004   Data   RW         7219    .data               mc_w.l(stdout.o)
    0x2000275c        -       0x00000088   Zero   RW         5237    .bss                timer_manager.o
    0x200027e4        -       0x000002c8   Zero   RW         5513    .bss                simple_event_engine.o
    0x20002aac        -       0x00000058   Zero   RW         5574    .bss                drv_led.o
    0x20002b04        -       0x00000118   Zero   RW         5647    .bss                drv_key.o
    0x20002c1c        -       0x00000040   Zero   RW         5984    .bss                drv_serial.o
    0x20002c5c        -       0x00000054   Zero   RW         6143    .bss                drv_spi_flash.o
    0x20002cb0        -       0x0000004c   Zero   RW         6261    .bss                drv_rtc.o
    0x20002cfc        -       0x00000400   Zero   RW         6814    .bss                main.o
    0x200030fc   COMPRESSED   0x00000004   PAD
    0x20003100        -       0x00004000   Zero   RW         5113    STACK               startup_stm32f40xx.o


==============================================================================

Image component sizes


      Code (inc. data)   RO Data    RW Data    ZI Data      Debug   Object Name

       298         16          0          8          0       8734   bus.o
       172         12          0          8          0       3523   device.o
       944        322          0          8          0       9264   diskio.o
       734         64          0         36        280       6037   drv_key.o
       442         22          0         28         88       3227   drv_led.o
       470         40          0        252          0       5520   drv_misc_func.o
       432         34          0         28         76       4825   drv_rtc.o
       292         30          0         28         64       6268   drv_serial.o
       872        166        136        160          0       6664   drv_spi.o
      3316       1536         72         28         84      16130   drv_spi_flash.o
        28         10          0          4          0       1198   drv_time.o
       504          6          0        152          0       7189   drv_usart.o
     11144        194         68         10          0      62136   ff.o
       552        244          3       8256          0       2535   ff_app.o
       396         28     175030          0          0       3232   ffunicode.o
      1030        372          0       1025       1024      33363   main.o
       120         14          0          0          0     299264   misc.o
       448         26          0          0        712       4698   simple_event_engine.o
        36          8        392          0      16384        904   startup_stm32f40xx.o
       148          6          0          0          0       1248   stm32f4xx_exti.o
       240          0          0          0          0       4079   stm32f4xx_gpio.o
       956        668          0          0          0       4032   stm32f4xx_it.o
        12          6          0          0          0        598   stm32f4xx_pwr.o
       476         62          0         16          0       7763   stm32f4xx_rcc.o
       938         60          0          0          0       9017   stm32f4xx_rtc.o
       112          0          0          0          0       4054   stm32f4xx_spi.o
        64          4          0          0          0        720   stm32f4xx_syscfg.o
       280          8          0          0          0       4388   stm32f4xx_usart.o
       340         32          0         20          0       2225   system_stm32f4xx.o
       408         34          0          0        136       4559   timer_manager.o

    ----------------------------------------------------------------------
     26236       4024     175736      10072      18852     527394   Object Totals
         0          0         32          0          0          0   (incl. Generated)
        32          0          3          5          4          0   (incl. Padding)

    ----------------------------------------------------------------------

      Code (inc. data)   RO Data    RW Data    ZI Data      Debug   Library Member Name

        86          0          0          0          0          0   __dczerorl2.o
         0          0          0          0          0          0   entry.o
         0          0          0          0          0          0   entry10a.o
         0          0          0          0          0          0   entry11a.o
         4          0          0          0          0          0   entry12b.o
         8          4          0          0          0          0   entry2.o
         4          0          0          0          0          0   entry5.o
         0          0          0          0          0          0   entry7b.o
         0          0          0          0          0          0   entry8b.o
         8          4          0          0          0          0   entry9a.o
        30          0          0          0          0          0   handlers.o
        36          8          0          0          0         68   init.o
        30          0          0          0          0         68   llshl.o
        32          0          0          0          0         68   llushr.o
        26          0          0          0          0         80   memcmp.o
        36          0          0          0          0         68   memcpya.o
        36          0          0          0          0        108   memseta.o
      1216         58          0          0          0        508   printf8.o
         0          0          0          4          0          0   stdout.o
        20          0          0          0          0         68   strchr.o
        28          0          0          0          0         76   strcmp.o
        18          0          0          0          0         68   strcpy.o
        14          0          0          0          0         68   strlen.o
        24          0          0          0          0         76   strncpy.o
        98          0          0          0          0         92   uldiv.o

    ----------------------------------------------------------------------
      1756         74          0          4          0       1416   Library Totals
         2          0          0          0          0          0   (incl. Padding)

    ----------------------------------------------------------------------

      Code (inc. data)   RO Data    RW Data    ZI Data      Debug   Library Name

      1754         74          0          4          0       1416   mc_w.l

    ----------------------------------------------------------------------
      1756         74          0          4          0       1416   Library Totals

    ----------------------------------------------------------------------

==============================================================================


      Code (inc. data)   RO Data    RW Data    ZI Data      Debug   

     27992       4098     175736      10076      18852     509466   Grand Totals
     27992       4098     175736        404      18852     509466   ELF Image Totals (compressed)
     27992       4098     175736        404          0          0   ROM Totals

==============================================================================

    Total RO  Size (Code + RO Data)               203728 ( 198.95kB)
    Total RW  Size (RW Data + ZI Data)             28928 (  28.25kB)
    Total ROM Size (Code + RO Data + RW Data)     204132 ( 199.35kB)

==============================================================================

