<!doctype html public "-//w3c//dtd html 4.0 transitional//en">
<html><head>
<title>Static Call Graph - [.\Objects\gd32f407_freertos.axf]</title></head>
<body><HR>
<H1>Static Call Graph for image .\Objects\gd32f407_freertos.axf</H1><HR>
<BR><P>#&#060CALLGRAPH&#062# ARM Linker, 5060960: Last Updated: Fri Jun 05 22:23:27 2026
<BR><P>
<H3>Maximum Stack Usage =       1372 bytes + Unknown(Cycles, Untraceable Function Pointers)</H3><H3>
Call chain for Maximum Stack Depth:</H3>
aes_handle &rArr; aes_en_decrypt_test &rArr; mbedtls_aes_setkey_dec &rArr; mbedtls_aes_setkey_enc &rArr; aes_gen_tables
<P>
<H3>
Mutually Recursive functions
</H3> <LI><a href="#[a]">NMI_Handler</a>&nbsp;&nbsp;&nbsp;&rArr;&nbsp;&nbsp;&nbsp;<a href="#[a]">NMI_Handler</a><BR>
 <LI><a href="#[c]">MemManage_Handler</a>&nbsp;&nbsp;&nbsp;&rArr;&nbsp;&nbsp;&nbsp;<a href="#[c]">MemManage_Handler</a><BR>
 <LI><a href="#[d]">BusFault_Handler</a>&nbsp;&nbsp;&nbsp;&rArr;&nbsp;&nbsp;&nbsp;<a href="#[d]">BusFault_Handler</a><BR>
 <LI><a href="#[e]">UsageFault_Handler</a>&nbsp;&nbsp;&nbsp;&rArr;&nbsp;&nbsp;&nbsp;<a href="#[e]">UsageFault_Handler</a><BR>
 <LI><a href="#[10]">DebugMon_Handler</a>&nbsp;&nbsp;&nbsp;&rArr;&nbsp;&nbsp;&nbsp;<a href="#[10]">DebugMon_Handler</a><BR>
 <LI><a href="#[25]">ADC_IRQHandler</a>&nbsp;&nbsp;&nbsp;&rArr;&nbsp;&nbsp;&nbsp;<a href="#[25]">ADC_IRQHandler</a><BR>
</UL>
<P>
<H3>
Function Pointers
</H3><UL>
 <LI><a href="#[25]">ADC_IRQHandler</a> from startup_gd32f407.o(.text) referenced from startup_gd32f407.o(RESET)
 <LI><a href="#[d]">BusFault_Handler</a> from startup_gd32f407.o(.text) referenced from startup_gd32f407.o(RESET)
 <LI><a href="#[29]">CAN0_EWMC_IRQHandler</a> from startup_gd32f407.o(.text) referenced from startup_gd32f407.o(RESET)
 <LI><a href="#[27]">CAN0_RX0_IRQHandler</a> from startup_gd32f407.o(.text) referenced from startup_gd32f407.o(RESET)
 <LI><a href="#[28]">CAN0_RX1_IRQHandler</a> from startup_gd32f407.o(.text) referenced from startup_gd32f407.o(RESET)
 <LI><a href="#[26]">CAN0_TX_IRQHandler</a> from startup_gd32f407.o(.text) referenced from startup_gd32f407.o(RESET)
 <LI><a href="#[55]">CAN1_EWMC_IRQHandler</a> from startup_gd32f407.o(.text) referenced from startup_gd32f407.o(RESET)
 <LI><a href="#[53]">CAN1_RX0_IRQHandler</a> from startup_gd32f407.o(.text) referenced from startup_gd32f407.o(RESET)
 <LI><a href="#[54]">CAN1_RX1_IRQHandler</a> from startup_gd32f407.o(.text) referenced from startup_gd32f407.o(RESET)
 <LI><a href="#[52]">CAN1_TX_IRQHandler</a> from startup_gd32f407.o(.text) referenced from startup_gd32f407.o(RESET)
 <LI><a href="#[61]">DCI_IRQHandler</a> from startup_gd32f407.o(.text) referenced from startup_gd32f407.o(RESET)
 <LI><a href="#[1e]">DMA0_Channel0_IRQHandler</a> from startup_gd32f407.o(.text) referenced from startup_gd32f407.o(RESET)
 <LI><a href="#[1f]">DMA0_Channel1_IRQHandler</a> from startup_gd32f407.o(.text) referenced from startup_gd32f407.o(RESET)
 <LI><a href="#[20]">DMA0_Channel2_IRQHandler</a> from startup_gd32f407.o(.text) referenced from startup_gd32f407.o(RESET)
 <LI><a href="#[21]">DMA0_Channel3_IRQHandler</a> from startup_gd32f407.o(.text) referenced from startup_gd32f407.o(RESET)
 <LI><a href="#[22]">DMA0_Channel4_IRQHandler</a> from startup_gd32f407.o(.text) referenced from startup_gd32f407.o(RESET)
 <LI><a href="#[23]">DMA0_Channel5_IRQHandler</a> from startup_gd32f407.o(.text) referenced from startup_gd32f407.o(RESET)
 <LI><a href="#[24]">DMA0_Channel6_IRQHandler</a> from startup_gd32f407.o(.text) referenced from startup_gd32f407.o(RESET)
 <LI><a href="#[42]">DMA0_Channel7_IRQHandler</a> from startup_gd32f407.o(.text) referenced from startup_gd32f407.o(RESET)
 <LI><a href="#[4b]">DMA1_Channel0_IRQHandler</a> from startup_gd32f407.o(.text) referenced from startup_gd32f407.o(RESET)
 <LI><a href="#[4c]">DMA1_Channel1_IRQHandler</a> from startup_gd32f407.o(.text) referenced from startup_gd32f407.o(RESET)
 <LI><a href="#[4d]">DMA1_Channel2_IRQHandler</a> from startup_gd32f407.o(.text) referenced from startup_gd32f407.o(RESET)
 <LI><a href="#[4e]">DMA1_Channel3_IRQHandler</a> from startup_gd32f407.o(.text) referenced from startup_gd32f407.o(RESET)
 <LI><a href="#[4f]">DMA1_Channel4_IRQHandler</a> from startup_gd32f407.o(.text) referenced from startup_gd32f407.o(RESET)
 <LI><a href="#[57]">DMA1_Channel5_IRQHandler</a> from startup_gd32f407.o(.text) referenced from startup_gd32f407.o(RESET)
 <LI><a href="#[58]">DMA1_Channel6_IRQHandler</a> from startup_gd32f407.o(.text) referenced from startup_gd32f407.o(RESET)
 <LI><a href="#[59]">DMA1_Channel7_IRQHandler</a> from startup_gd32f407.o(.text) referenced from startup_gd32f407.o(RESET)
 <LI><a href="#[10]">DebugMon_Handler</a> from startup_gd32f407.o(.text) referenced from startup_gd32f407.o(RESET)
 <LI><a href="#[50]">ENET_IRQHandler</a> from startup_gd32f407.o(.text) referenced from startup_gd32f407.o(RESET)
 <LI><a href="#[51]">ENET_WKUP_IRQHandler</a> from startup_gd32f407.o(.text) referenced from startup_gd32f407.o(RESET)
 <LI><a href="#[43]">EXMC_IRQHandler</a> from startup_gd32f407.o(.text) referenced from startup_gd32f407.o(RESET)
 <LI><a href="#[19]">EXTI0_IRQHandler</a> from startup_gd32f407.o(.text) referenced from startup_gd32f407.o(RESET)
 <LI><a href="#[3b]">EXTI10_15_IRQHandler</a> from startup_gd32f407.o(.text) referenced from startup_gd32f407.o(RESET)
 <LI><a href="#[1a]">EXTI1_IRQHandler</a> from startup_gd32f407.o(.text) referenced from startup_gd32f407.o(RESET)
 <LI><a href="#[1b]">EXTI2_IRQHandler</a> from startup_gd32f407.o(.text) referenced from startup_gd32f407.o(RESET)
 <LI><a href="#[1c]">EXTI3_IRQHandler</a> from startup_gd32f407.o(.text) referenced from startup_gd32f407.o(RESET)
 <LI><a href="#[1d]">EXTI4_IRQHandler</a> from startup_gd32f407.o(.text) referenced from startup_gd32f407.o(RESET)
 <LI><a href="#[2a]">EXTI5_9_IRQHandler</a> from startup_gd32f407.o(.text) referenced from startup_gd32f407.o(RESET)
 <LI><a href="#[17]">FMC_IRQHandler</a> from startup_gd32f407.o(.text) referenced from startup_gd32f407.o(RESET)
 <LI><a href="#[63]">FPU_IRQHandler</a> from startup_gd32f407.o(.text) referenced from startup_gd32f407.o(RESET)
 <LI><a href="#[b]">HardFault_Handler</a> from startup_gd32f407.o(.text) referenced from startup_gd32f407.o(RESET)
 <LI><a href="#[33]">I2C0_ER_IRQHandler</a> from startup_gd32f407.o(.text) referenced from startup_gd32f407.o(RESET)
 <LI><a href="#[32]">I2C0_EV_IRQHandler</a> from startup_gd32f407.o(.text) referenced from startup_gd32f407.o(RESET)
 <LI><a href="#[35]">I2C1_ER_IRQHandler</a> from startup_gd32f407.o(.text) referenced from startup_gd32f407.o(RESET)
 <LI><a href="#[34]">I2C1_EV_IRQHandler</a> from startup_gd32f407.o(.text) referenced from startup_gd32f407.o(RESET)
 <LI><a href="#[5c]">I2C2_ER_IRQHandler</a> from startup_gd32f407.o(.text) referenced from startup_gd32f407.o(RESET)
 <LI><a href="#[5b]">I2C2_EV_IRQHandler</a> from startup_gd32f407.o(.text) referenced from startup_gd32f407.o(RESET)
 <LI><a href="#[14]">LVD_IRQHandler</a> from startup_gd32f407.o(.text) referenced from startup_gd32f407.o(RESET)
 <LI><a href="#[c]">MemManage_Handler</a> from startup_gd32f407.o(.text) referenced from startup_gd32f407.o(RESET)
 <LI><a href="#[a]">NMI_Handler</a> from startup_gd32f407.o(.text) referenced from startup_gd32f407.o(RESET)
 <LI><a href="#[11]">PendSV_Handler</a> from port.o(.emb_text) referenced from startup_gd32f407.o(RESET)
 <LI><a href="#[18]">RCU_CTC_IRQHandler</a> from startup_gd32f407.o(.text) referenced from startup_gd32f407.o(RESET)
 <LI><a href="#[3c]">RTC_Alarm_IRQHandler</a> from startup_gd32f407.o(.text) referenced from startup_gd32f407.o(RESET)
 <LI><a href="#[16]">RTC_WKUP_IRQHandler</a> from startup_gd32f407.o(.text) referenced from startup_gd32f407.o(RESET)
 <LI><a href="#[9]">Reset_Handler</a> from startup_gd32f407.o(.text) referenced from startup_gd32f407.o(RESET)
 <LI><a href="#[44]">SDIO_IRQHandler</a> from startup_gd32f407.o(.text) referenced from startup_gd32f407.o(RESET)
 <LI><a href="#[36]">SPI0_IRQHandler</a> from startup_gd32f407.o(.text) referenced from startup_gd32f407.o(RESET)
 <LI><a href="#[37]">SPI1_IRQHandler</a> from startup_gd32f407.o(.text) referenced from startup_gd32f407.o(RESET)
 <LI><a href="#[46]">SPI2_IRQHandler</a> from startup_gd32f407.o(.text) referenced from startup_gd32f407.o(RESET)
 <LI><a href="#[f]">SVC_Handler</a> from port.o(.emb_text) referenced from startup_gd32f407.o(RESET)
 <LI><a href="#[12]">SysTick_Handler</a> from gd32f4xx_it.o(i.SysTick_Handler) referenced from startup_gd32f407.o(RESET)
 <LI><a href="#[64]">SystemInit</a> from system_gd32f4xx.o(i.SystemInit) referenced from startup_gd32f407.o(.text)
 <LI><a href="#[15]">TAMPER_STAMP_IRQHandler</a> from startup_gd32f407.o(.text) referenced from startup_gd32f407.o(RESET)
 <LI><a href="#[2b]">TIMER0_BRK_TIMER8_IRQHandler</a> from startup_gd32f407.o(.text) referenced from startup_gd32f407.o(RESET)
 <LI><a href="#[2e]">TIMER0_Channel_IRQHandler</a> from startup_gd32f407.o(.text) referenced from startup_gd32f407.o(RESET)
 <LI><a href="#[2d]">TIMER0_TRG_CMT_TIMER10_IRQHandler</a> from startup_gd32f407.o(.text) referenced from startup_gd32f407.o(RESET)
 <LI><a href="#[2c]">TIMER0_UP_TIMER9_IRQHandler</a> from startup_gd32f407.o(.text) referenced from startup_gd32f407.o(RESET)
 <LI><a href="#[2f]">TIMER1_IRQHandler</a> from startup_gd32f407.o(.text) referenced from startup_gd32f407.o(RESET)
 <LI><a href="#[30]">TIMER2_IRQHandler</a> from startup_gd32f407.o(.text) referenced from startup_gd32f407.o(RESET)
 <LI><a href="#[31]">TIMER3_IRQHandler</a> from startup_gd32f407.o(.text) referenced from startup_gd32f407.o(RESET)
 <LI><a href="#[45]">TIMER4_IRQHandler</a> from startup_gd32f407.o(.text) referenced from startup_gd32f407.o(RESET)
 <LI><a href="#[49]">TIMER5_DAC_IRQHandler</a> from startup_gd32f407.o(.text) referenced from startup_gd32f407.o(RESET)
 <LI><a href="#[4a]">TIMER6_IRQHandler</a> from startup_gd32f407.o(.text) referenced from startup_gd32f407.o(RESET)
 <LI><a href="#[3e]">TIMER7_BRK_TIMER11_IRQHandler</a> from startup_gd32f407.o(.text) referenced from startup_gd32f407.o(RESET)
 <LI><a href="#[41]">TIMER7_Channel_IRQHandler</a> from startup_gd32f407.o(.text) referenced from startup_gd32f407.o(RESET)
 <LI><a href="#[40]">TIMER7_TRG_CMT_TIMER13_IRQHandler</a> from startup_gd32f407.o(.text) referenced from startup_gd32f407.o(RESET)
 <LI><a href="#[3f]">TIMER7_UP_TIMER12_IRQHandler</a> from startup_gd32f407.o(.text) referenced from startup_gd32f407.o(RESET)
 <LI><a href="#[62]">TRNG_IRQHandler</a> from startup_gd32f407.o(.text) referenced from startup_gd32f407.o(RESET)
 <LI><a href="#[47]">UART3_IRQHandler</a> from startup_gd32f407.o(.text) referenced from startup_gd32f407.o(RESET)
 <LI><a href="#[48]">UART4_IRQHandler</a> from startup_gd32f407.o(.text) referenced from startup_gd32f407.o(RESET)
 <LI><a href="#[38]">USART0_IRQHandler</a> from gd32f4xx_it.o(i.USART0_IRQHandler) referenced from startup_gd32f407.o(RESET)
 <LI><a href="#[39]">USART1_IRQHandler</a> from startup_gd32f407.o(.text) referenced from startup_gd32f407.o(RESET)
 <LI><a href="#[3a]">USART2_IRQHandler</a> from startup_gd32f407.o(.text) referenced from startup_gd32f407.o(RESET)
 <LI><a href="#[5a]">USART5_IRQHandler</a> from startup_gd32f407.o(.text) referenced from startup_gd32f407.o(RESET)
 <LI><a href="#[56]">USBFS_IRQHandler</a> from startup_gd32f407.o(.text) referenced from startup_gd32f407.o(RESET)
 <LI><a href="#[3d]">USBFS_WKUP_IRQHandler</a> from startup_gd32f407.o(.text) referenced from startup_gd32f407.o(RESET)
 <LI><a href="#[5e]">USBHS_EP1_In_IRQHandler</a> from startup_gd32f407.o(.text) referenced from startup_gd32f407.o(RESET)
 <LI><a href="#[5d]">USBHS_EP1_Out_IRQHandler</a> from startup_gd32f407.o(.text) referenced from startup_gd32f407.o(RESET)
 <LI><a href="#[60]">USBHS_IRQHandler</a> from startup_gd32f407.o(.text) referenced from startup_gd32f407.o(RESET)
 <LI><a href="#[5f]">USBHS_WKUP_IRQHandler</a> from startup_gd32f407.o(.text) referenced from startup_gd32f407.o(RESET)
 <LI><a href="#[e]">UsageFault_Handler</a> from startup_gd32f407.o(.text) referenced from startup_gd32f407.o(RESET)
 <LI><a href="#[13]">WWDGT_IRQHandler</a> from startup_gd32f407.o(.text) referenced from startup_gd32f407.o(RESET)
 <LI><a href="#[72]">__main</a> from __main.o(!!!main) referenced from startup_gd32f407.o(.text)
 <LI><a href="#[67]">_printf_input_char</a> from _printf_char_common.o(.text) referenced from _printf_char_common.o(.text)
 <LI><a href="#[66]">_snputc</a> from _snputc.o(.text) referenced from __2snprintf.o(.text)
 <LI><a href="#[71]">aes_handle</a> from aes_test.o(i.aes_handle) referenced from aes_test.o(cmd_table)
 <LI><a href="#[68]">fputc</a> from serial.o(i.fputc) referenced from _printf_char_file.o(.text)
 <LI><a href="#[6f]">help_handle</a> from me_rtos_cli.o(i.help_handle) referenced from me_rtos_cli.o(cmd_table)
 <LI><a href="#[8]">memset</a> from memset.o(.text) referenced 2 times from platform_util.o(.data)
 <LI><a href="#[6a]">prvIdleTask</a> from tasks.o(i.prvIdleTask) referenced from tasks.o(i.vTaskStartScheduler)
 <LI><a href="#[69]">prvTaskExitError</a> from port.o(i.prvTaskExitError) referenced from port.o(i.pxPortInitialiseStack)
 <LI><a href="#[6c]">prvTimerTask</a> from timers.o(i.prvTimerTask) referenced from timers.o(i.xTimerCreateTimerTask)
 <LI><a href="#[6b]">prvUARTCommandConsoleTask_MeCLI</a> from rtos_cli_example.o(i.prvUARTCommandConsoleTask_MeCLI) referenced from rtos_cli_example.o(i.vUARTCommandConsoleStart)
 <LI><a href="#[6e]">reboot_handle</a> from rtos_cli_example.o(i.reboot_handle) referenced from rtos_cli_example.o(cmd_table)
 <LI><a href="#[6d]">taskinfo_handle</a> from rtos_cli_example.o(i.taskinfo_handle) referenced from rtos_cli_example.o(cmd_table)
 <LI><a href="#[70]">timerstatus_handle</a> from timer_task.o(i.timerstatus_handle) referenced from timer_task.o(cmd_table)
</UL>
<P>
<H3>
Global Symbols
</H3>
<P><STRONG><a name="[72]"></a>__main</STRONG> (Thumb, 8 bytes, Stack size 0 bytes, __main.o(!!!main))
<BR><BR>[Calls]<UL><LI><a href="#[74]">&gt;&gt;</a>&nbsp;&nbsp;&nbsp;__rt_entry
<LI><a href="#[73]">&gt;&gt;</a>&nbsp;&nbsp;&nbsp;__scatterload
</UL>

<P><STRONG><a name="[73]"></a>__scatterload</STRONG> (Thumb, 0 bytes, Stack size unknown bytes, __scatter.o(!!!scatter))
<BR><BR>[Called By]<UL><LI><a href="#[72]">&gt;&gt;</a>&nbsp;&nbsp;&nbsp;__main
</UL>

<P><STRONG><a name="[75]"></a>__scatterload_rt2</STRONG> (Thumb, 44 bytes, Stack size unknown bytes, __scatter.o(!!!scatter), UNUSED)
<BR><BR>[Calls]<UL><LI><a href="#[74]">&gt;&gt;</a>&nbsp;&nbsp;&nbsp;__rt_entry
</UL>

<P><STRONG><a name="[15c]"></a>__scatterload_rt2_thumb_only</STRONG> (Thumb, 0 bytes, Stack size unknown bytes, __scatter.o(!!!scatter), UNUSED)

<P><STRONG><a name="[15d]"></a>__scatterload_null</STRONG> (Thumb, 0 bytes, Stack size unknown bytes, __scatter.o(!!!scatter), UNUSED)

<P><STRONG><a name="[15e]"></a>__decompress</STRONG> (Thumb, 90 bytes, Stack size unknown bytes, __dczerorl2.o(!!dczerorl2), UNUSED)

<P><STRONG><a name="[15f]"></a>__decompress1</STRONG> (Thumb, 0 bytes, Stack size unknown bytes, __dczerorl2.o(!!dczerorl2), UNUSED)

<P><STRONG><a name="[160]"></a>__scatterload_zeroinit</STRONG> (Thumb, 28 bytes, Stack size unknown bytes, __scatter_zi.o(!!handler_zi), UNUSED)

<P><STRONG><a name="[76]"></a>_printf_d</STRONG> (Thumb, 0 bytes, Stack size unknown bytes, _printf_d.o(.ARM.Collect$$_printf_percent$$00000009))
<BR><BR>[Stack]<UL><LI>Max Depth = 72 + Unknown Stack Size
<LI>Call Chain = _printf_d &rArr; _printf_int_dec &rArr; _printf_int_common &rArr; _printf_post_padding
</UL>
<BR>[Calls]<UL><LI><a href="#[77]">&gt;&gt;</a>&nbsp;&nbsp;&nbsp;_printf_int_dec
</UL>

<P><STRONG><a name="[9f]"></a>_printf_percent</STRONG> (Thumb, 0 bytes, Stack size unknown bytes, _printf_percent.o(.ARM.Collect$$_printf_percent$$00000000))
<BR><BR>[Called By]<UL><LI><a href="#[9d]">&gt;&gt;</a>&nbsp;&nbsp;&nbsp;__printf
</UL>

<P><STRONG><a name="[78]"></a>_printf_u</STRONG> (Thumb, 0 bytes, Stack size unknown bytes, _printf_u.o(.ARM.Collect$$_printf_percent$$0000000A))
<BR><BR>[Stack]<UL><LI>Max Depth = 72 + Unknown Stack Size
<LI>Call Chain = _printf_u &rArr; _printf_int_dec &rArr; _printf_int_common &rArr; _printf_post_padding
</UL>
<BR>[Calls]<UL><LI><a href="#[77]">&gt;&gt;</a>&nbsp;&nbsp;&nbsp;_printf_int_dec
</UL>

<P><STRONG><a name="[79]"></a>_printf_c</STRONG> (Thumb, 0 bytes, Stack size unknown bytes, _printf_c.o(.ARM.Collect$$_printf_percent$$00000013))
<BR><BR>[Stack]<UL><LI>Max Depth = 40 + Unknown Stack Size
<LI>Call Chain = _printf_c &rArr; _printf_char &rArr; _printf_cs_common &rArr; _printf_str &rArr; _printf_post_padding
</UL>
<BR>[Calls]<UL><LI><a href="#[7a]">&gt;&gt;</a>&nbsp;&nbsp;&nbsp;_printf_char
</UL>

<P><STRONG><a name="[7b]"></a>_printf_s</STRONG> (Thumb, 0 bytes, Stack size unknown bytes, _printf_s.o(.ARM.Collect$$_printf_percent$$00000014))
<BR><BR>[Stack]<UL><LI>Max Depth = 40 + Unknown Stack Size
<LI>Call Chain = _printf_s &rArr; _printf_string &rArr; _printf_cs_common &rArr; _printf_str &rArr; _printf_post_padding
</UL>
<BR>[Calls]<UL><LI><a href="#[7c]">&gt;&gt;</a>&nbsp;&nbsp;&nbsp;_printf_string
</UL>

<P><STRONG><a name="[161]"></a>_printf_percent_end</STRONG> (Thumb, 0 bytes, Stack size unknown bytes, _printf_percent_end.o(.ARM.Collect$$_printf_percent$$00000017))

<P><STRONG><a name="[88]"></a>__rt_lib_init</STRONG> (Thumb, 0 bytes, Stack size unknown bytes, libinit.o(.ARM.Collect$$libinit$$00000000))
<BR><BR>[Called By]<UL><LI><a href="#[87]">&gt;&gt;</a>&nbsp;&nbsp;&nbsp;__rt_entry_li
</UL>

<P><STRONG><a name="[7d]"></a>__rt_lib_init_fp_1</STRONG> (Thumb, 0 bytes, Stack size unknown bytes, libinit2.o(.ARM.Collect$$libinit$$00000001))
<BR><BR>[Calls]<UL><LI><a href="#[7e]">&gt;&gt;</a>&nbsp;&nbsp;&nbsp;_fp_init
</UL>

<P><STRONG><a name="[7f]"></a>__rt_lib_init_heap_2</STRONG> (Thumb, 0 bytes, Stack size unknown bytes, libinit2.o(.ARM.Collect$$libinit$$00000005))
<BR><BR>[Stack]<UL><LI>Max Depth = 64 + Unknown Stack Size
<LI>Call Chain = __rt_lib_init_heap_2 &rArr; _init_alloc &rArr; __rt_SIGRTMEM &rArr; __rt_SIGRTMEM_inner &rArr; __default_signal_display &rArr; _ttywrch
</UL>
<BR>[Calls]<UL><LI><a href="#[80]">&gt;&gt;</a>&nbsp;&nbsp;&nbsp;_init_alloc
</UL>

<P><STRONG><a name="[162]"></a>__rt_lib_init_preinit_1</STRONG> (Thumb, 0 bytes, Stack size unknown bytes, libinit2.o(.ARM.Collect$$libinit$$00000004))

<P><STRONG><a name="[163]"></a>__rt_lib_init_atexit_1</STRONG> (Thumb, 0 bytes, Stack size unknown bytes, libinit2.o(.ARM.Collect$$libinit$$0000001B))

<P><STRONG><a name="[164]"></a>__rt_lib_init_clock_1</STRONG> (Thumb, 0 bytes, Stack size unknown bytes, libinit2.o(.ARM.Collect$$libinit$$00000021))

<P><STRONG><a name="[165]"></a>__rt_lib_init_fp_trap_1</STRONG> (Thumb, 0 bytes, Stack size unknown bytes, libinit2.o(.ARM.Collect$$libinit$$0000001F))

<P><STRONG><a name="[166]"></a>__rt_lib_init_getenv_1</STRONG> (Thumb, 0 bytes, Stack size unknown bytes, libinit2.o(.ARM.Collect$$libinit$$00000023))

<P><STRONG><a name="[167]"></a>__rt_lib_init_heap_1</STRONG> (Thumb, 0 bytes, Stack size unknown bytes, libinit2.o(.ARM.Collect$$libinit$$0000000A))

<P><STRONG><a name="[168]"></a>__rt_lib_init_lc_collate_1</STRONG> (Thumb, 0 bytes, Stack size unknown bytes, libinit2.o(.ARM.Collect$$libinit$$00000011))

<P><STRONG><a name="[169]"></a>__rt_lib_init_lc_ctype_1</STRONG> (Thumb, 0 bytes, Stack size unknown bytes, libinit2.o(.ARM.Collect$$libinit$$00000013))

<P><STRONG><a name="[16a]"></a>__rt_lib_init_lc_monetary_1</STRONG> (Thumb, 0 bytes, Stack size unknown bytes, libinit2.o(.ARM.Collect$$libinit$$00000015))

<P><STRONG><a name="[16b]"></a>__rt_lib_init_lc_numeric_1</STRONG> (Thumb, 0 bytes, Stack size unknown bytes, libinit2.o(.ARM.Collect$$libinit$$00000017))

<P><STRONG><a name="[16c]"></a>__rt_lib_init_lc_time_1</STRONG> (Thumb, 0 bytes, Stack size unknown bytes, libinit2.o(.ARM.Collect$$libinit$$00000019))

<P><STRONG><a name="[16d]"></a>__rt_lib_init_rand_1</STRONG> (Thumb, 0 bytes, Stack size unknown bytes, libinit2.o(.ARM.Collect$$libinit$$0000000E))

<P><STRONG><a name="[16e]"></a>__rt_lib_init_signal_1</STRONG> (Thumb, 0 bytes, Stack size unknown bytes, libinit2.o(.ARM.Collect$$libinit$$0000001D))

<P><STRONG><a name="[81]"></a>__rt_lib_init_stdio_2</STRONG> (Thumb, 0 bytes, Stack size unknown bytes, libinit2.o(.ARM.Collect$$libinit$$00000024))
<BR><BR>[Stack]<UL><LI>Max Depth = 136 + Unknown Stack Size
<LI>Call Chain = __rt_lib_init_stdio_2 &rArr; _initio &rArr; freopen &rArr; _fclose_internal &rArr; _fflush &rArr; _writebuf &rArr; _sys_write
</UL>
<BR>[Calls]<UL><LI><a href="#[82]">&gt;&gt;</a>&nbsp;&nbsp;&nbsp;_initio
</UL>

<P><STRONG><a name="[16f]"></a>__rt_lib_init_user_alloc_1</STRONG> (Thumb, 0 bytes, Stack size unknown bytes, libinit2.o(.ARM.Collect$$libinit$$0000000C))

<P><STRONG><a name="[170]"></a>__rt_lib_init_alloca_1</STRONG> (Thumb, 0 bytes, Stack size unknown bytes, libinit2.o(.ARM.Collect$$libinit$$0000002E))

<P><STRONG><a name="[171]"></a>__rt_lib_init_argv_1</STRONG> (Thumb, 0 bytes, Stack size unknown bytes, libinit2.o(.ARM.Collect$$libinit$$0000002C))

<P><STRONG><a name="[172]"></a>__rt_lib_init_cpp_1</STRONG> (Thumb, 0 bytes, Stack size unknown bytes, libinit2.o(.ARM.Collect$$libinit$$00000032))

<P><STRONG><a name="[173]"></a>__rt_lib_init_exceptions_1</STRONG> (Thumb, 0 bytes, Stack size unknown bytes, libinit2.o(.ARM.Collect$$libinit$$00000030))

<P><STRONG><a name="[174]"></a>__rt_lib_init_return</STRONG> (Thumb, 0 bytes, Stack size unknown bytes, libinit2.o(.ARM.Collect$$libinit$$00000033))

<P><STRONG><a name="[175]"></a>__rt_lib_init_stdio_1</STRONG> (Thumb, 0 bytes, Stack size unknown bytes, libinit2.o(.ARM.Collect$$libinit$$00000025))

<P><STRONG><a name="[8d]"></a>__rt_lib_shutdown</STRONG> (Thumb, 0 bytes, Stack size unknown bytes, libshutdown.o(.ARM.Collect$$libshutdown$$00000000))
<BR><BR>[Called By]<UL><LI><a href="#[8c]">&gt;&gt;</a>&nbsp;&nbsp;&nbsp;__rt_exit_ls
</UL>

<P><STRONG><a name="[176]"></a>__rt_lib_shutdown_cpp_1</STRONG> (Thumb, 0 bytes, Stack size unknown bytes, libshutdown2.o(.ARM.Collect$$libshutdown$$00000004))

<P><STRONG><a name="[177]"></a>__rt_lib_shutdown_fini_1</STRONG> (Thumb, 0 bytes, Stack size unknown bytes, libshutdown2.o(.ARM.Collect$$libshutdown$$00000002))

<P><STRONG><a name="[83]"></a>__rt_lib_shutdown_stdio_2</STRONG> (Thumb, 0 bytes, Stack size unknown bytes, libshutdown2.o(.ARM.Collect$$libshutdown$$00000005))
<BR><BR>[Stack]<UL><LI>Max Depth = 120 + Unknown Stack Size
<LI>Call Chain = __rt_lib_shutdown_stdio_2 &rArr; _terminateio &rArr; _fclose_internal &rArr; _fflush &rArr; _writebuf &rArr; _sys_write
</UL>
<BR>[Calls]<UL><LI><a href="#[84]">&gt;&gt;</a>&nbsp;&nbsp;&nbsp;_terminateio
</UL>

<P><STRONG><a name="[178]"></a>__rt_lib_shutdown_fp_trap_1</STRONG> (Thumb, 0 bytes, Stack size unknown bytes, libshutdown2.o(.ARM.Collect$$libshutdown$$00000009))

<P><STRONG><a name="[179]"></a>__rt_lib_shutdown_heap_1</STRONG> (Thumb, 0 bytes, Stack size unknown bytes, libshutdown2.o(.ARM.Collect$$libshutdown$$00000011))

<P><STRONG><a name="[17a]"></a>__rt_lib_shutdown_return</STRONG> (Thumb, 0 bytes, Stack size unknown bytes, libshutdown2.o(.ARM.Collect$$libshutdown$$00000012))

<P><STRONG><a name="[17b]"></a>__rt_lib_shutdown_signal_1</STRONG> (Thumb, 0 bytes, Stack size unknown bytes, libshutdown2.o(.ARM.Collect$$libshutdown$$0000000C))

<P><STRONG><a name="[17c]"></a>__rt_lib_shutdown_stdio_1</STRONG> (Thumb, 0 bytes, Stack size unknown bytes, libshutdown2.o(.ARM.Collect$$libshutdown$$00000006))

<P><STRONG><a name="[17d]"></a>__rt_lib_shutdown_user_alloc_1</STRONG> (Thumb, 0 bytes, Stack size unknown bytes, libshutdown2.o(.ARM.Collect$$libshutdown$$0000000E))

<P><STRONG><a name="[74]"></a>__rt_entry</STRONG> (Thumb, 0 bytes, Stack size unknown bytes, __rtentry.o(.ARM.Collect$$rtentry$$00000000))
<BR><BR>[Called By]<UL><LI><a href="#[72]">&gt;&gt;</a>&nbsp;&nbsp;&nbsp;__main
<LI><a href="#[75]">&gt;&gt;</a>&nbsp;&nbsp;&nbsp;__scatterload_rt2
</UL>

<P><STRONG><a name="[17e]"></a>__rt_entry_presh_1</STRONG> (Thumb, 0 bytes, Stack size unknown bytes, __rtentry2.o(.ARM.Collect$$rtentry$$00000002))

<P><STRONG><a name="[85]"></a>__rt_entry_sh</STRONG> (Thumb, 0 bytes, Stack size unknown bytes, __rtentry4.o(.ARM.Collect$$rtentry$$00000004))
<BR><BR>[Stack]<UL><LI>Max Depth = 8 + Unknown Stack Size
<LI>Call Chain = __rt_entry_sh &rArr; __user_setup_stackheap
</UL>
<BR>[Calls]<UL><LI><a href="#[86]">&gt;&gt;</a>&nbsp;&nbsp;&nbsp;__user_setup_stackheap
</UL>

<P><STRONG><a name="[87]"></a>__rt_entry_li</STRONG> (Thumb, 0 bytes, Stack size unknown bytes, __rtentry2.o(.ARM.Collect$$rtentry$$0000000A))
<BR><BR>[Calls]<UL><LI><a href="#[88]">&gt;&gt;</a>&nbsp;&nbsp;&nbsp;__rt_lib_init
</UL>

<P><STRONG><a name="[17f]"></a>__rt_entry_postsh_1</STRONG> (Thumb, 0 bytes, Stack size unknown bytes, __rtentry2.o(.ARM.Collect$$rtentry$$00000009))

<P><STRONG><a name="[89]"></a>__rt_entry_main</STRONG> (Thumb, 0 bytes, Stack size unknown bytes, __rtentry2.o(.ARM.Collect$$rtentry$$0000000D))
<BR><BR>[Stack]<UL><LI>Max Depth = 360 + Unknown Stack Size
<LI>Call Chain = __rt_entry_main &rArr; main &rArr; vTaskStartScheduler &rArr; xTimerCreateTimerTask &rArr; xTaskCreate &rArr; pvPortMalloc &rArr; xTaskResumeAll &rArr; xTaskIncrementTick &rArr; __2printf &rArr; _printf_char_file &rArr; _printf_char_common &rArr; __printf
</UL>
<BR>[Calls]<UL><LI><a href="#[8a]">&gt;&gt;</a>&nbsp;&nbsp;&nbsp;main
<LI><a href="#[8b]">&gt;&gt;</a>&nbsp;&nbsp;&nbsp;exit
</UL>

<P><STRONG><a name="[180]"></a>__rt_entry_postli_1</STRONG> (Thumb, 0 bytes, Stack size unknown bytes, __rtentry2.o(.ARM.Collect$$rtentry$$0000000C))

<P><STRONG><a name="[bf]"></a>__rt_exit</STRONG> (Thumb, 0 bytes, Stack size unknown bytes, rtexit.o(.ARM.Collect$$rtexit$$00000000))
<BR><BR>[Called By]<UL><LI><a href="#[8b]">&gt;&gt;</a>&nbsp;&nbsp;&nbsp;exit
</UL>

<P><STRONG><a name="[8c]"></a>__rt_exit_ls</STRONG> (Thumb, 0 bytes, Stack size unknown bytes, rtexit2.o(.ARM.Collect$$rtexit$$00000003))
<BR><BR>[Calls]<UL><LI><a href="#[8d]">&gt;&gt;</a>&nbsp;&nbsp;&nbsp;__rt_lib_shutdown
</UL>

<P><STRONG><a name="[181]"></a>__rt_exit_prels_1</STRONG> (Thumb, 0 bytes, Stack size unknown bytes, rtexit2.o(.ARM.Collect$$rtexit$$00000002))

<P><STRONG><a name="[8e]"></a>__rt_exit_exit</STRONG> (Thumb, 0 bytes, Stack size unknown bytes, rtexit2.o(.ARM.Collect$$rtexit$$00000004))
<BR><BR>[Calls]<UL><LI><a href="#[8f]">&gt;&gt;</a>&nbsp;&nbsp;&nbsp;_sys_exit
</UL>

<P><STRONG><a name="[f]"></a>SVC_Handler</STRONG> (Thumb, 28 bytes, Stack size 0 bytes, port.o(.emb_text))
<BR>[Address Reference Count : 1]<UL><LI> startup_gd32f407.o(RESET)
</UL>
<P><STRONG><a name="[152]"></a>__asm___6_port_c_39a90d8d__prvStartFirstTask</STRONG> (Thumb, 36 bytes, Stack size 0 bytes, port.o(.emb_text))
<BR><BR>[Called By]<UL><LI><a href="#[14d]">&gt;&gt;</a>&nbsp;&nbsp;&nbsp;xPortStartScheduler
</UL>

<P><STRONG><a name="[151]"></a>__asm___6_port_c_39a90d8d__prvEnableVFP</STRONG> (Thumb, 16 bytes, Stack size 0 bytes, port.o(.emb_text))
<BR><BR>[Called By]<UL><LI><a href="#[14d]">&gt;&gt;</a>&nbsp;&nbsp;&nbsp;xPortStartScheduler
</UL>

<P><STRONG><a name="[11]"></a>PendSV_Handler</STRONG> (Thumb, 88 bytes, Stack size 0 bytes, port.o(.emb_text))
<BR><BR>[Stack]<UL><LI>Max Depth = 160 + Unknown Stack Size
<LI>Call Chain = PendSV_Handler &rArr; vTaskSwitchContext &rArr; __2printf &rArr; _printf_char_file &rArr; _printf_char_common &rArr; __printf
</UL>
<BR>[Calls]<UL><LI><a href="#[90]">&gt;&gt;</a>&nbsp;&nbsp;&nbsp;vTaskSwitchContext
</UL>
<BR>[Address Reference Count : 1]<UL><LI> startup_gd32f407.o(RESET)
</UL>
<P><STRONG><a name="[141]"></a>vPortGetIPSR</STRONG> (Thumb, 6 bytes, Stack size 0 bytes, port.o(.emb_text))
<BR><BR>[Called By]<UL><LI><a href="#[140]">&gt;&gt;</a>&nbsp;&nbsp;&nbsp;vPortValidateInterruptPriority
</UL>

<P><STRONG><a name="[9]"></a>Reset_Handler</STRONG> (Thumb, 8 bytes, Stack size 0 bytes, startup_gd32f407.o(.text))
<BR>[Address Reference Count : 1]<UL><LI> startup_gd32f407.o(RESET)
</UL>
<P><STRONG><a name="[182]"></a>_maybe_terminate_alloc</STRONG> (Thumb, 0 bytes, Stack size 0 bytes, maybetermalloc1.o(.emb_text), UNUSED)

<P><STRONG><a name="[a]"></a>NMI_Handler</STRONG> (Thumb, 2 bytes, Stack size 0 bytes, startup_gd32f407.o(.text))
<BR><BR>[Calls]<UL><LI><a href="#[a]">&gt;&gt;</a>&nbsp;&nbsp;&nbsp;NMI_Handler
</UL>
<BR>[Called By]<UL><LI><a href="#[a]">&gt;&gt;</a>&nbsp;&nbsp;&nbsp;NMI_Handler
</UL>
<BR>[Address Reference Count : 1]<UL><LI> startup_gd32f407.o(RESET)
</UL>
<P><STRONG><a name="[b]"></a>HardFault_Handler</STRONG> (Thumb, 18 bytes, Stack size 0 bytes, startup_gd32f407.o(.text))
<BR><BR>[Calls]<UL><LI><a href="#[91]">&gt;&gt;</a>&nbsp;&nbsp;&nbsp;hard_fault_handler_c
</UL>
<BR>[Address Reference Count : 1]<UL><LI> startup_gd32f407.o(RESET)
</UL>
<P><STRONG><a name="[c]"></a>MemManage_Handler</STRONG> (Thumb, 2 bytes, Stack size 0 bytes, startup_gd32f407.o(.text))
<BR><BR>[Calls]<UL><LI><a href="#[c]">&gt;&gt;</a>&nbsp;&nbsp;&nbsp;MemManage_Handler
</UL>
<BR>[Called By]<UL><LI><a href="#[c]">&gt;&gt;</a>&nbsp;&nbsp;&nbsp;MemManage_Handler
</UL>
<BR>[Address Reference Count : 1]<UL><LI> startup_gd32f407.o(RESET)
</UL>
<P><STRONG><a name="[d]"></a>BusFault_Handler</STRONG> (Thumb, 2 bytes, Stack size 0 bytes, startup_gd32f407.o(.text))
<BR><BR>[Calls]<UL><LI><a href="#[d]">&gt;&gt;</a>&nbsp;&nbsp;&nbsp;BusFault_Handler
</UL>
<BR>[Called By]<UL><LI><a href="#[d]">&gt;&gt;</a>&nbsp;&nbsp;&nbsp;BusFault_Handler
</UL>
<BR>[Address Reference Count : 1]<UL><LI> startup_gd32f407.o(RESET)
</UL>
<P><STRONG><a name="[e]"></a>UsageFault_Handler</STRONG> (Thumb, 2 bytes, Stack size 0 bytes, startup_gd32f407.o(.text))
<BR><BR>[Calls]<UL><LI><a href="#[e]">&gt;&gt;</a>&nbsp;&nbsp;&nbsp;UsageFault_Handler
</UL>
<BR>[Called By]<UL><LI><a href="#[e]">&gt;&gt;</a>&nbsp;&nbsp;&nbsp;UsageFault_Handler
</UL>
<BR>[Address Reference Count : 1]<UL><LI> startup_gd32f407.o(RESET)
</UL>
<P><STRONG><a name="[10]"></a>DebugMon_Handler</STRONG> (Thumb, 2 bytes, Stack size 0 bytes, startup_gd32f407.o(.text))
<BR><BR>[Calls]<UL><LI><a href="#[10]">&gt;&gt;</a>&nbsp;&nbsp;&nbsp;DebugMon_Handler
</UL>
<BR>[Called By]<UL><LI><a href="#[10]">&gt;&gt;</a>&nbsp;&nbsp;&nbsp;DebugMon_Handler
</UL>
<BR>[Address Reference Count : 1]<UL><LI> startup_gd32f407.o(RESET)
</UL>
<P><STRONG><a name="[25]"></a>ADC_IRQHandler</STRONG> (Thumb, 0 bytes, Stack size 0 bytes, startup_gd32f407.o(.text))
<BR><BR>[Calls]<UL><LI><a href="#[25]">&gt;&gt;</a>&nbsp;&nbsp;&nbsp;ADC_IRQHandler
</UL>
<BR>[Called By]<UL><LI><a href="#[25]">&gt;&gt;</a>&nbsp;&nbsp;&nbsp;ADC_IRQHandler
</UL>
<BR>[Address Reference Count : 1]<UL><LI> startup_gd32f407.o(RESET)
</UL>
<P><STRONG><a name="[29]"></a>CAN0_EWMC_IRQHandler</STRONG> (Thumb, 0 bytes, Stack size 0 bytes, startup_gd32f407.o(.text))
<BR>[Address Reference Count : 1]<UL><LI> startup_gd32f407.o(RESET)
</UL>
<P><STRONG><a name="[27]"></a>CAN0_RX0_IRQHandler</STRONG> (Thumb, 0 bytes, Stack size 0 bytes, startup_gd32f407.o(.text))
<BR>[Address Reference Count : 1]<UL><LI> startup_gd32f407.o(RESET)
</UL>
<P><STRONG><a name="[28]"></a>CAN0_RX1_IRQHandler</STRONG> (Thumb, 0 bytes, Stack size 0 bytes, startup_gd32f407.o(.text))
<BR>[Address Reference Count : 1]<UL><LI> startup_gd32f407.o(RESET)
</UL>
<P><STRONG><a name="[26]"></a>CAN0_TX_IRQHandler</STRONG> (Thumb, 0 bytes, Stack size 0 bytes, startup_gd32f407.o(.text))
<BR>[Address Reference Count : 1]<UL><LI> startup_gd32f407.o(RESET)
</UL>
<P><STRONG><a name="[55]"></a>CAN1_EWMC_IRQHandler</STRONG> (Thumb, 0 bytes, Stack size 0 bytes, startup_gd32f407.o(.text))
<BR>[Address Reference Count : 1]<UL><LI> startup_gd32f407.o(RESET)
</UL>
<P><STRONG><a name="[53]"></a>CAN1_RX0_IRQHandler</STRONG> (Thumb, 0 bytes, Stack size 0 bytes, startup_gd32f407.o(.text))
<BR>[Address Reference Count : 1]<UL><LI> startup_gd32f407.o(RESET)
</UL>
<P><STRONG><a name="[54]"></a>CAN1_RX1_IRQHandler</STRONG> (Thumb, 0 bytes, Stack size 0 bytes, startup_gd32f407.o(.text))
<BR>[Address Reference Count : 1]<UL><LI> startup_gd32f407.o(RESET)
</UL>
<P><STRONG><a name="[52]"></a>CAN1_TX_IRQHandler</STRONG> (Thumb, 0 bytes, Stack size 0 bytes, startup_gd32f407.o(.text))
<BR>[Address Reference Count : 1]<UL><LI> startup_gd32f407.o(RESET)
</UL>
<P><STRONG><a name="[61]"></a>DCI_IRQHandler</STRONG> (Thumb, 0 bytes, Stack size 0 bytes, startup_gd32f407.o(.text))
<BR>[Address Reference Count : 1]<UL><LI> startup_gd32f407.o(RESET)
</UL>
<P><STRONG><a name="[1e]"></a>DMA0_Channel0_IRQHandler</STRONG> (Thumb, 0 bytes, Stack size 0 bytes, startup_gd32f407.o(.text))
<BR>[Address Reference Count : 1]<UL><LI> startup_gd32f407.o(RESET)
</UL>
<P><STRONG><a name="[1f]"></a>DMA0_Channel1_IRQHandler</STRONG> (Thumb, 0 bytes, Stack size 0 bytes, startup_gd32f407.o(.text))
<BR>[Address Reference Count : 1]<UL><LI> startup_gd32f407.o(RESET)
</UL>
<P><STRONG><a name="[20]"></a>DMA0_Channel2_IRQHandler</STRONG> (Thumb, 0 bytes, Stack size 0 bytes, startup_gd32f407.o(.text))
<BR>[Address Reference Count : 1]<UL><LI> startup_gd32f407.o(RESET)
</UL>
<P><STRONG><a name="[21]"></a>DMA0_Channel3_IRQHandler</STRONG> (Thumb, 0 bytes, Stack size 0 bytes, startup_gd32f407.o(.text))
<BR>[Address Reference Count : 1]<UL><LI> startup_gd32f407.o(RESET)
</UL>
<P><STRONG><a name="[22]"></a>DMA0_Channel4_IRQHandler</STRONG> (Thumb, 0 bytes, Stack size 0 bytes, startup_gd32f407.o(.text))
<BR>[Address Reference Count : 1]<UL><LI> startup_gd32f407.o(RESET)
</UL>
<P><STRONG><a name="[23]"></a>DMA0_Channel5_IRQHandler</STRONG> (Thumb, 0 bytes, Stack size 0 bytes, startup_gd32f407.o(.text))
<BR>[Address Reference Count : 1]<UL><LI> startup_gd32f407.o(RESET)
</UL>
<P><STRONG><a name="[24]"></a>DMA0_Channel6_IRQHandler</STRONG> (Thumb, 0 bytes, Stack size 0 bytes, startup_gd32f407.o(.text))
<BR>[Address Reference Count : 1]<UL><LI> startup_gd32f407.o(RESET)
</UL>
<P><STRONG><a name="[42]"></a>DMA0_Channel7_IRQHandler</STRONG> (Thumb, 0 bytes, Stack size 0 bytes, startup_gd32f407.o(.text))
<BR>[Address Reference Count : 1]<UL><LI> startup_gd32f407.o(RESET)
</UL>
<P><STRONG><a name="[4b]"></a>DMA1_Channel0_IRQHandler</STRONG> (Thumb, 0 bytes, Stack size 0 bytes, startup_gd32f407.o(.text))
<BR>[Address Reference Count : 1]<UL><LI> startup_gd32f407.o(RESET)
</UL>
<P><STRONG><a name="[4c]"></a>DMA1_Channel1_IRQHandler</STRONG> (Thumb, 0 bytes, Stack size 0 bytes, startup_gd32f407.o(.text))
<BR>[Address Reference Count : 1]<UL><LI> startup_gd32f407.o(RESET)
</UL>
<P><STRONG><a name="[4d]"></a>DMA1_Channel2_IRQHandler</STRONG> (Thumb, 0 bytes, Stack size 0 bytes, startup_gd32f407.o(.text))
<BR>[Address Reference Count : 1]<UL><LI> startup_gd32f407.o(RESET)
</UL>
<P><STRONG><a name="[4e]"></a>DMA1_Channel3_IRQHandler</STRONG> (Thumb, 0 bytes, Stack size 0 bytes, startup_gd32f407.o(.text))
<BR>[Address Reference Count : 1]<UL><LI> startup_gd32f407.o(RESET)
</UL>
<P><STRONG><a name="[4f]"></a>DMA1_Channel4_IRQHandler</STRONG> (Thumb, 0 bytes, Stack size 0 bytes, startup_gd32f407.o(.text))
<BR>[Address Reference Count : 1]<UL><LI> startup_gd32f407.o(RESET)
</UL>
<P><STRONG><a name="[57]"></a>DMA1_Channel5_IRQHandler</STRONG> (Thumb, 0 bytes, Stack size 0 bytes, startup_gd32f407.o(.text))
<BR>[Address Reference Count : 1]<UL><LI> startup_gd32f407.o(RESET)
</UL>
<P><STRONG><a name="[58]"></a>DMA1_Channel6_IRQHandler</STRONG> (Thumb, 0 bytes, Stack size 0 bytes, startup_gd32f407.o(.text))
<BR>[Address Reference Count : 1]<UL><LI> startup_gd32f407.o(RESET)
</UL>
<P><STRONG><a name="[59]"></a>DMA1_Channel7_IRQHandler</STRONG> (Thumb, 0 bytes, Stack size 0 bytes, startup_gd32f407.o(.text))
<BR>[Address Reference Count : 1]<UL><LI> startup_gd32f407.o(RESET)
</UL>
<P><STRONG><a name="[50]"></a>ENET_IRQHandler</STRONG> (Thumb, 0 bytes, Stack size 0 bytes, startup_gd32f407.o(.text))
<BR>[Address Reference Count : 1]<UL><LI> startup_gd32f407.o(RESET)
</UL>
<P><STRONG><a name="[51]"></a>ENET_WKUP_IRQHandler</STRONG> (Thumb, 0 bytes, Stack size 0 bytes, startup_gd32f407.o(.text))
<BR>[Address Reference Count : 1]<UL><LI> startup_gd32f407.o(RESET)
</UL>
<P><STRONG><a name="[43]"></a>EXMC_IRQHandler</STRONG> (Thumb, 0 bytes, Stack size 0 bytes, startup_gd32f407.o(.text))
<BR>[Address Reference Count : 1]<UL><LI> startup_gd32f407.o(RESET)
</UL>
<P><STRONG><a name="[19]"></a>EXTI0_IRQHandler</STRONG> (Thumb, 0 bytes, Stack size 0 bytes, startup_gd32f407.o(.text))
<BR>[Address Reference Count : 1]<UL><LI> startup_gd32f407.o(RESET)
</UL>
<P><STRONG><a name="[3b]"></a>EXTI10_15_IRQHandler</STRONG> (Thumb, 0 bytes, Stack size 0 bytes, startup_gd32f407.o(.text))
<BR>[Address Reference Count : 1]<UL><LI> startup_gd32f407.o(RESET)
</UL>
<P><STRONG><a name="[1a]"></a>EXTI1_IRQHandler</STRONG> (Thumb, 0 bytes, Stack size 0 bytes, startup_gd32f407.o(.text))
<BR>[Address Reference Count : 1]<UL><LI> startup_gd32f407.o(RESET)
</UL>
<P><STRONG><a name="[1b]"></a>EXTI2_IRQHandler</STRONG> (Thumb, 0 bytes, Stack size 0 bytes, startup_gd32f407.o(.text))
<BR>[Address Reference Count : 1]<UL><LI> startup_gd32f407.o(RESET)
</UL>
<P><STRONG><a name="[1c]"></a>EXTI3_IRQHandler</STRONG> (Thumb, 0 bytes, Stack size 0 bytes, startup_gd32f407.o(.text))
<BR>[Address Reference Count : 1]<UL><LI> startup_gd32f407.o(RESET)
</UL>
<P><STRONG><a name="[1d]"></a>EXTI4_IRQHandler</STRONG> (Thumb, 0 bytes, Stack size 0 bytes, startup_gd32f407.o(.text))
<BR>[Address Reference Count : 1]<UL><LI> startup_gd32f407.o(RESET)
</UL>
<P><STRONG><a name="[2a]"></a>EXTI5_9_IRQHandler</STRONG> (Thumb, 0 bytes, Stack size 0 bytes, startup_gd32f407.o(.text))
<BR>[Address Reference Count : 1]<UL><LI> startup_gd32f407.o(RESET)
</UL>
<P><STRONG><a name="[17]"></a>FMC_IRQHandler</STRONG> (Thumb, 0 bytes, Stack size 0 bytes, startup_gd32f407.o(.text))
<BR>[Address Reference Count : 1]<UL><LI> startup_gd32f407.o(RESET)
</UL>
<P><STRONG><a name="[63]"></a>FPU_IRQHandler</STRONG> (Thumb, 0 bytes, Stack size 0 bytes, startup_gd32f407.o(.text))
<BR>[Address Reference Count : 1]<UL><LI> startup_gd32f407.o(RESET)
</UL>
<P><STRONG><a name="[33]"></a>I2C0_ER_IRQHandler</STRONG> (Thumb, 0 bytes, Stack size 0 bytes, startup_gd32f407.o(.text))
<BR>[Address Reference Count : 1]<UL><LI> startup_gd32f407.o(RESET)
</UL>
<P><STRONG><a name="[32]"></a>I2C0_EV_IRQHandler</STRONG> (Thumb, 0 bytes, Stack size 0 bytes, startup_gd32f407.o(.text))
<BR>[Address Reference Count : 1]<UL><LI> startup_gd32f407.o(RESET)
</UL>
<P><STRONG><a name="[35]"></a>I2C1_ER_IRQHandler</STRONG> (Thumb, 0 bytes, Stack size 0 bytes, startup_gd32f407.o(.text))
<BR>[Address Reference Count : 1]<UL><LI> startup_gd32f407.o(RESET)
</UL>
<P><STRONG><a name="[34]"></a>I2C1_EV_IRQHandler</STRONG> (Thumb, 0 bytes, Stack size 0 bytes, startup_gd32f407.o(.text))
<BR>[Address Reference Count : 1]<UL><LI> startup_gd32f407.o(RESET)
</UL>
<P><STRONG><a name="[5c]"></a>I2C2_ER_IRQHandler</STRONG> (Thumb, 0 bytes, Stack size 0 bytes, startup_gd32f407.o(.text))
<BR>[Address Reference Count : 1]<UL><LI> startup_gd32f407.o(RESET)
</UL>
<P><STRONG><a name="[5b]"></a>I2C2_EV_IRQHandler</STRONG> (Thumb, 0 bytes, Stack size 0 bytes, startup_gd32f407.o(.text))
<BR>[Address Reference Count : 1]<UL><LI> startup_gd32f407.o(RESET)
</UL>
<P><STRONG><a name="[14]"></a>LVD_IRQHandler</STRONG> (Thumb, 0 bytes, Stack size 0 bytes, startup_gd32f407.o(.text))
<BR>[Address Reference Count : 1]<UL><LI> startup_gd32f407.o(RESET)
</UL>
<P><STRONG><a name="[18]"></a>RCU_CTC_IRQHandler</STRONG> (Thumb, 0 bytes, Stack size 0 bytes, startup_gd32f407.o(.text))
<BR>[Address Reference Count : 1]<UL><LI> startup_gd32f407.o(RESET)
</UL>
<P><STRONG><a name="[3c]"></a>RTC_Alarm_IRQHandler</STRONG> (Thumb, 0 bytes, Stack size 0 bytes, startup_gd32f407.o(.text))
<BR>[Address Reference Count : 1]<UL><LI> startup_gd32f407.o(RESET)
</UL>
<P><STRONG><a name="[16]"></a>RTC_WKUP_IRQHandler</STRONG> (Thumb, 0 bytes, Stack size 0 bytes, startup_gd32f407.o(.text))
<BR>[Address Reference Count : 1]<UL><LI> startup_gd32f407.o(RESET)
</UL>
<P><STRONG><a name="[44]"></a>SDIO_IRQHandler</STRONG> (Thumb, 0 bytes, Stack size 0 bytes, startup_gd32f407.o(.text))
<BR>[Address Reference Count : 1]<UL><LI> startup_gd32f407.o(RESET)
</UL>
<P><STRONG><a name="[36]"></a>SPI0_IRQHandler</STRONG> (Thumb, 0 bytes, Stack size 0 bytes, startup_gd32f407.o(.text))
<BR>[Address Reference Count : 1]<UL><LI> startup_gd32f407.o(RESET)
</UL>
<P><STRONG><a name="[37]"></a>SPI1_IRQHandler</STRONG> (Thumb, 0 bytes, Stack size 0 bytes, startup_gd32f407.o(.text))
<BR>[Address Reference Count : 1]<UL><LI> startup_gd32f407.o(RESET)
</UL>
<P><STRONG><a name="[46]"></a>SPI2_IRQHandler</STRONG> (Thumb, 0 bytes, Stack size 0 bytes, startup_gd32f407.o(.text))
<BR>[Address Reference Count : 1]<UL><LI> startup_gd32f407.o(RESET)
</UL>
<P><STRONG><a name="[15]"></a>TAMPER_STAMP_IRQHandler</STRONG> (Thumb, 0 bytes, Stack size 0 bytes, startup_gd32f407.o(.text))
<BR>[Address Reference Count : 1]<UL><LI> startup_gd32f407.o(RESET)
</UL>
<P><STRONG><a name="[2b]"></a>TIMER0_BRK_TIMER8_IRQHandler</STRONG> (Thumb, 0 bytes, Stack size 0 bytes, startup_gd32f407.o(.text))
<BR>[Address Reference Count : 1]<UL><LI> startup_gd32f407.o(RESET)
</UL>
<P><STRONG><a name="[2e]"></a>TIMER0_Channel_IRQHandler</STRONG> (Thumb, 0 bytes, Stack size 0 bytes, startup_gd32f407.o(.text))
<BR>[Address Reference Count : 1]<UL><LI> startup_gd32f407.o(RESET)
</UL>
<P><STRONG><a name="[2d]"></a>TIMER0_TRG_CMT_TIMER10_IRQHandler</STRONG> (Thumb, 0 bytes, Stack size 0 bytes, startup_gd32f407.o(.text))
<BR>[Address Reference Count : 1]<UL><LI> startup_gd32f407.o(RESET)
</UL>
<P><STRONG><a name="[2c]"></a>TIMER0_UP_TIMER9_IRQHandler</STRONG> (Thumb, 0 bytes, Stack size 0 bytes, startup_gd32f407.o(.text))
<BR>[Address Reference Count : 1]<UL><LI> startup_gd32f407.o(RESET)
</UL>
<P><STRONG><a name="[2f]"></a>TIMER1_IRQHandler</STRONG> (Thumb, 0 bytes, Stack size 0 bytes, startup_gd32f407.o(.text))
<BR>[Address Reference Count : 1]<UL><LI> startup_gd32f407.o(RESET)
</UL>
<P><STRONG><a name="[30]"></a>TIMER2_IRQHandler</STRONG> (Thumb, 0 bytes, Stack size 0 bytes, startup_gd32f407.o(.text))
<BR>[Address Reference Count : 1]<UL><LI> startup_gd32f407.o(RESET)
</UL>
<P><STRONG><a name="[31]"></a>TIMER3_IRQHandler</STRONG> (Thumb, 0 bytes, Stack size 0 bytes, startup_gd32f407.o(.text))
<BR>[Address Reference Count : 1]<UL><LI> startup_gd32f407.o(RESET)
</UL>
<P><STRONG><a name="[45]"></a>TIMER4_IRQHandler</STRONG> (Thumb, 0 bytes, Stack size 0 bytes, startup_gd32f407.o(.text))
<BR>[Address Reference Count : 1]<UL><LI> startup_gd32f407.o(RESET)
</UL>
<P><STRONG><a name="[49]"></a>TIMER5_DAC_IRQHandler</STRONG> (Thumb, 0 bytes, Stack size 0 bytes, startup_gd32f407.o(.text))
<BR>[Address Reference Count : 1]<UL><LI> startup_gd32f407.o(RESET)
</UL>
<P><STRONG><a name="[4a]"></a>TIMER6_IRQHandler</STRONG> (Thumb, 0 bytes, Stack size 0 bytes, startup_gd32f407.o(.text))
<BR>[Address Reference Count : 1]<UL><LI> startup_gd32f407.o(RESET)
</UL>
<P><STRONG><a name="[3e]"></a>TIMER7_BRK_TIMER11_IRQHandler</STRONG> (Thumb, 0 bytes, Stack size 0 bytes, startup_gd32f407.o(.text))
<BR>[Address Reference Count : 1]<UL><LI> startup_gd32f407.o(RESET)
</UL>
<P><STRONG><a name="[41]"></a>TIMER7_Channel_IRQHandler</STRONG> (Thumb, 0 bytes, Stack size 0 bytes, startup_gd32f407.o(.text))
<BR>[Address Reference Count : 1]<UL><LI> startup_gd32f407.o(RESET)
</UL>
<P><STRONG><a name="[40]"></a>TIMER7_TRG_CMT_TIMER13_IRQHandler</STRONG> (Thumb, 0 bytes, Stack size 0 bytes, startup_gd32f407.o(.text))
<BR>[Address Reference Count : 1]<UL><LI> startup_gd32f407.o(RESET)
</UL>
<P><STRONG><a name="[3f]"></a>TIMER7_UP_TIMER12_IRQHandler</STRONG> (Thumb, 0 bytes, Stack size 0 bytes, startup_gd32f407.o(.text))
<BR>[Address Reference Count : 1]<UL><LI> startup_gd32f407.o(RESET)
</UL>
<P><STRONG><a name="[62]"></a>TRNG_IRQHandler</STRONG> (Thumb, 0 bytes, Stack size 0 bytes, startup_gd32f407.o(.text))
<BR>[Address Reference Count : 1]<UL><LI> startup_gd32f407.o(RESET)
</UL>
<P><STRONG><a name="[47]"></a>UART3_IRQHandler</STRONG> (Thumb, 0 bytes, Stack size 0 bytes, startup_gd32f407.o(.text))
<BR>[Address Reference Count : 1]<UL><LI> startup_gd32f407.o(RESET)
</UL>
<P><STRONG><a name="[48]"></a>UART4_IRQHandler</STRONG> (Thumb, 0 bytes, Stack size 0 bytes, startup_gd32f407.o(.text))
<BR>[Address Reference Count : 1]<UL><LI> startup_gd32f407.o(RESET)
</UL>
<P><STRONG><a name="[39]"></a>USART1_IRQHandler</STRONG> (Thumb, 0 bytes, Stack size 0 bytes, startup_gd32f407.o(.text))
<BR>[Address Reference Count : 1]<UL><LI> startup_gd32f407.o(RESET)
</UL>
<P><STRONG><a name="[3a]"></a>USART2_IRQHandler</STRONG> (Thumb, 0 bytes, Stack size 0 bytes, startup_gd32f407.o(.text))
<BR>[Address Reference Count : 1]<UL><LI> startup_gd32f407.o(RESET)
</UL>
<P><STRONG><a name="[5a]"></a>USART5_IRQHandler</STRONG> (Thumb, 0 bytes, Stack size 0 bytes, startup_gd32f407.o(.text))
<BR>[Address Reference Count : 1]<UL><LI> startup_gd32f407.o(RESET)
</UL>
<P><STRONG><a name="[56]"></a>USBFS_IRQHandler</STRONG> (Thumb, 0 bytes, Stack size 0 bytes, startup_gd32f407.o(.text))
<BR>[Address Reference Count : 1]<UL><LI> startup_gd32f407.o(RESET)
</UL>
<P><STRONG><a name="[3d]"></a>USBFS_WKUP_IRQHandler</STRONG> (Thumb, 0 bytes, Stack size 0 bytes, startup_gd32f407.o(.text))
<BR>[Address Reference Count : 1]<UL><LI> startup_gd32f407.o(RESET)
</UL>
<P><STRONG><a name="[5e]"></a>USBHS_EP1_In_IRQHandler</STRONG> (Thumb, 0 bytes, Stack size 0 bytes, startup_gd32f407.o(.text))
<BR>[Address Reference Count : 1]<UL><LI> startup_gd32f407.o(RESET)
</UL>
<P><STRONG><a name="[5d]"></a>USBHS_EP1_Out_IRQHandler</STRONG> (Thumb, 0 bytes, Stack size 0 bytes, startup_gd32f407.o(.text))
<BR>[Address Reference Count : 1]<UL><LI> startup_gd32f407.o(RESET)
</UL>
<P><STRONG><a name="[60]"></a>USBHS_IRQHandler</STRONG> (Thumb, 0 bytes, Stack size 0 bytes, startup_gd32f407.o(.text))
<BR>[Address Reference Count : 1]<UL><LI> startup_gd32f407.o(RESET)
</UL>
<P><STRONG><a name="[5f]"></a>USBHS_WKUP_IRQHandler</STRONG> (Thumb, 0 bytes, Stack size 0 bytes, startup_gd32f407.o(.text))
<BR>[Address Reference Count : 1]<UL><LI> startup_gd32f407.o(RESET)
</UL>
<P><STRONG><a name="[13]"></a>WWDGT_IRQHandler</STRONG> (Thumb, 0 bytes, Stack size 0 bytes, startup_gd32f407.o(.text))
<BR>[Address Reference Count : 1]<UL><LI> startup_gd32f407.o(RESET)
</UL>
<P><STRONG><a name="[ba]"></a>__user_initial_stackheap</STRONG> (Thumb, 10 bytes, Stack size 0 bytes, startup_gd32f407.o(.text))
<BR><BR>[Called By]<UL><LI><a href="#[86]">&gt;&gt;</a>&nbsp;&nbsp;&nbsp;__user_setup_stackheap
</UL>

<P><STRONG><a name="[92]"></a>free</STRONG> (Thumb, 78 bytes, Stack size 16 bytes, h1_free.o(.text))
<BR><BR>[Stack]<UL><LI>Max Depth = 16<LI>Call Chain = free
</UL>
<BR>[Calls]<UL><LI><a href="#[93]">&gt;&gt;</a>&nbsp;&nbsp;&nbsp;__rt_heap_descriptor
</UL>
<BR>[Called By]<UL><LI><a href="#[84]">&gt;&gt;</a>&nbsp;&nbsp;&nbsp;_terminateio
<LI><a href="#[a9]">&gt;&gt;</a>&nbsp;&nbsp;&nbsp;__Heap_ProvideMemory
<LI><a href="#[b4]">&gt;&gt;</a>&nbsp;&nbsp;&nbsp;_fclose_internal
</UL>

<P><STRONG><a name="[94]"></a>__2printf</STRONG> (Thumb, 20 bytes, Stack size 24 bytes, __2printf.o(.text))
<BR><BR>[Stack]<UL><LI>Max Depth = 144 + Unknown Stack Size
<LI>Call Chain = __2printf &rArr; _printf_char_file &rArr; _printf_char_common &rArr; __printf
</UL>
<BR>[Calls]<UL><LI><a href="#[95]">&gt;&gt;</a>&nbsp;&nbsp;&nbsp;_printf_char_file
</UL>
<BR>[Called By]<UL><LI><a href="#[ed]">&gt;&gt;</a>&nbsp;&nbsp;&nbsp;vPortExitCritical
<LI><a href="#[ec]">&gt;&gt;</a>&nbsp;&nbsp;&nbsp;vPortEnterCritical
<LI><a href="#[eb]">&gt;&gt;</a>&nbsp;&nbsp;&nbsp;eTaskGetState
<LI><a href="#[15b]">&gt;&gt;</a>&nbsp;&nbsp;&nbsp;xTimerCreate
<LI><a href="#[122]">&gt;&gt;</a>&nbsp;&nbsp;&nbsp;xQueueSemaphoreTake
<LI><a href="#[12c]">&gt;&gt;</a>&nbsp;&nbsp;&nbsp;xQueueReceiveFromISR
<LI><a href="#[11a]">&gt;&gt;</a>&nbsp;&nbsp;&nbsp;xQueueReceive
<LI><a href="#[12f]">&gt;&gt;</a>&nbsp;&nbsp;&nbsp;xQueueGenericSendFromISR
<LI><a href="#[123]">&gt;&gt;</a>&nbsp;&nbsp;&nbsp;xQueueGenericSend
<LI><a href="#[ff]">&gt;&gt;</a>&nbsp;&nbsp;&nbsp;xQueueGenericCreate
<LI><a href="#[12a]">&gt;&gt;</a>&nbsp;&nbsp;&nbsp;vQueueDelete
<LI><a href="#[ef]">&gt;&gt;</a>&nbsp;&nbsp;&nbsp;vUARTCommandConsoleStart
<LI><a href="#[f0]">&gt;&gt;</a>&nbsp;&nbsp;&nbsp;vTaskStartScheduler
<LI><a href="#[100]">&gt;&gt;</a>&nbsp;&nbsp;&nbsp;vQueueAddToRegistry
<LI><a href="#[128]">&gt;&gt;</a>&nbsp;&nbsp;&nbsp;pvPortMalloc
<LI><a href="#[113]">&gt;&gt;</a>&nbsp;&nbsp;&nbsp;prvNotifyQueueSetContainer
<LI><a href="#[10a]">&gt;&gt;</a>&nbsp;&nbsp;&nbsp;xTaskResumeAll
<LI><a href="#[106]">&gt;&gt;</a>&nbsp;&nbsp;&nbsp;vPortFree
<LI><a href="#[71]">&gt;&gt;</a>&nbsp;&nbsp;&nbsp;aes_handle
<LI><a href="#[14c]">&gt;&gt;</a>&nbsp;&nbsp;&nbsp;xTimerCreateTimerTask
<LI><a href="#[14d]">&gt;&gt;</a>&nbsp;&nbsp;&nbsp;xPortStartScheduler
<LI><a href="#[153]">&gt;&gt;</a>&nbsp;&nbsp;&nbsp;xTaskIncrementTick
<LI><a href="#[90]">&gt;&gt;</a>&nbsp;&nbsp;&nbsp;vTaskSwitchContext
<LI><a href="#[13f]">&gt;&gt;</a>&nbsp;&nbsp;&nbsp;vTaskStepTick
<LI><a href="#[10b]">&gt;&gt;</a>&nbsp;&nbsp;&nbsp;prvInitialiseNewTask
<LI><a href="#[6a]">&gt;&gt;</a>&nbsp;&nbsp;&nbsp;prvIdleTask
<LI><a href="#[115]">&gt;&gt;</a>&nbsp;&nbsp;&nbsp;xTaskRemoveFromEventList
<LI><a href="#[105]">&gt;&gt;</a>&nbsp;&nbsp;&nbsp;xTaskPriorityDisinherit
<LI><a href="#[157]">&gt;&gt;</a>&nbsp;&nbsp;&nbsp;xTaskCheckForTimeOut
<LI><a href="#[14a]">&gt;&gt;</a>&nbsp;&nbsp;&nbsp;vTaskPriorityDisinheritAfterTimeout
<LI><a href="#[143]">&gt;&gt;</a>&nbsp;&nbsp;&nbsp;vTaskPlaceOnEventListRestricted
<LI><a href="#[149]">&gt;&gt;</a>&nbsp;&nbsp;&nbsp;vTaskPlaceOnEventList
<LI><a href="#[140]">&gt;&gt;</a>&nbsp;&nbsp;&nbsp;vPortValidateInterruptPriority
<LI><a href="#[154]">&gt;&gt;</a>&nbsp;&nbsp;&nbsp;xQueueGenericReset
<LI><a href="#[142]">&gt;&gt;</a>&nbsp;&nbsp;&nbsp;vQueueUnregisterQueue
<LI><a href="#[69]">&gt;&gt;</a>&nbsp;&nbsp;&nbsp;prvTaskExitError
<LI><a href="#[10e]">&gt;&gt;</a>&nbsp;&nbsp;&nbsp;prvInsertBlockIntoFreeList
<LI><a href="#[14e]">&gt;&gt;</a>&nbsp;&nbsp;&nbsp;xTimerGetPeriod
<LI><a href="#[f8]">&gt;&gt;</a>&nbsp;&nbsp;&nbsp;pcTimerGetName
<LI><a href="#[118]">&gt;&gt;</a>&nbsp;&nbsp;&nbsp;prvProcessReceivedCommands
</UL>

<P><STRONG><a name="[96]"></a>__2snprintf</STRONG> (Thumb, 50 bytes, Stack size 40 bytes, __2snprintf.o(.text))
<BR><BR>[Stack]<UL><LI>Max Depth = 144 + Unknown Stack Size
<LI>Call Chain = __2snprintf &rArr; _printf_char_common &rArr; __printf
</UL>
<BR>[Calls]<UL><LI><a href="#[98]">&gt;&gt;</a>&nbsp;&nbsp;&nbsp;_sputc
<LI><a href="#[97]">&gt;&gt;</a>&nbsp;&nbsp;&nbsp;_printf_char_common
</UL>
<BR>[Called By]<UL><LI><a href="#[135]">&gt;&gt;</a>&nbsp;&nbsp;&nbsp;vTimerListInfo
<LI><a href="#[131]">&gt;&gt;</a>&nbsp;&nbsp;&nbsp;vTaskListTasks
</UL>

<P><STRONG><a name="[9a]"></a>_printf_pre_padding</STRONG> (Thumb, 44 bytes, Stack size 16 bytes, _printf_pad.o(.text))
<BR><BR>[Stack]<UL><LI>Max Depth = 16<LI>Call Chain = _printf_pre_padding
</UL>
<BR>[Called By]<UL><LI><a href="#[9c]">&gt;&gt;</a>&nbsp;&nbsp;&nbsp;_printf_int_common
<LI><a href="#[99]">&gt;&gt;</a>&nbsp;&nbsp;&nbsp;_printf_str
</UL>

<P><STRONG><a name="[9b]"></a>_printf_post_padding</STRONG> (Thumb, 34 bytes, Stack size 16 bytes, _printf_pad.o(.text))
<BR><BR>[Stack]<UL><LI>Max Depth = 16<LI>Call Chain = _printf_post_padding
</UL>
<BR>[Called By]<UL><LI><a href="#[9c]">&gt;&gt;</a>&nbsp;&nbsp;&nbsp;_printf_int_common
<LI><a href="#[99]">&gt;&gt;</a>&nbsp;&nbsp;&nbsp;_printf_str
</UL>

<P><STRONG><a name="[99]"></a>_printf_str</STRONG> (Thumb, 82 bytes, Stack size 16 bytes, _printf_str.o(.text))
<BR><BR>[Stack]<UL><LI>Max Depth = 32<LI>Call Chain = _printf_str &rArr; _printf_post_padding
</UL>
<BR>[Calls]<UL><LI><a href="#[9b]">&gt;&gt;</a>&nbsp;&nbsp;&nbsp;_printf_post_padding
<LI><a href="#[9a]">&gt;&gt;</a>&nbsp;&nbsp;&nbsp;_printf_pre_padding
</UL>
<BR>[Called By]<UL><LI><a href="#[ae]">&gt;&gt;</a>&nbsp;&nbsp;&nbsp;_printf_cs_common
</UL>

<P><STRONG><a name="[77]"></a>_printf_int_dec</STRONG> (Thumb, 104 bytes, Stack size 24 bytes, _printf_dec.o(.text))
<BR><BR>[Stack]<UL><LI>Max Depth = 72<LI>Call Chain = _printf_int_dec &rArr; _printf_int_common &rArr; _printf_post_padding
</UL>
<BR>[Calls]<UL><LI><a href="#[9c]">&gt;&gt;</a>&nbsp;&nbsp;&nbsp;_printf_int_common
</UL>
<BR>[Called By]<UL><LI><a href="#[78]">&gt;&gt;</a>&nbsp;&nbsp;&nbsp;_printf_u
<LI><a href="#[76]">&gt;&gt;</a>&nbsp;&nbsp;&nbsp;_printf_d
</UL>

<P><STRONG><a name="[9d]"></a>__printf</STRONG> (Thumb, 308 bytes, Stack size 40 bytes, __printf_flags_wp.o(.text))
<BR><BR>[Stack]<UL><LI>Max Depth = 40 + Unknown Stack Size
<LI>Call Chain = __printf
</UL>
<BR>[Calls]<UL><LI><a href="#[9f]">&gt;&gt;</a>&nbsp;&nbsp;&nbsp;_printf_percent
<LI><a href="#[9e]">&gt;&gt;</a>&nbsp;&nbsp;&nbsp;_is_digit
</UL>
<BR>[Called By]<UL><LI><a href="#[97]">&gt;&gt;</a>&nbsp;&nbsp;&nbsp;_printf_char_common
</UL>

<P><STRONG><a name="[124]"></a>strcpy</STRONG> (Thumb, 72 bytes, Stack size 12 bytes, strcpy.o(.text))
<BR><BR>[Stack]<UL><LI>Max Depth = 12<LI>Call Chain = strcpy
</UL>
<BR>[Called By]<UL><LI><a href="#[70]">&gt;&gt;</a>&nbsp;&nbsp;&nbsp;timerstatus_handle
<LI><a href="#[6d]">&gt;&gt;</a>&nbsp;&nbsp;&nbsp;taskinfo_handle
<LI><a href="#[6b]">&gt;&gt;</a>&nbsp;&nbsp;&nbsp;prvUARTCommandConsoleTask_MeCLI
<LI><a href="#[127]">&gt;&gt;</a>&nbsp;&nbsp;&nbsp;prvWriteNameToBuffer
</UL>

<P><STRONG><a name="[b8]"></a>strlen</STRONG> (Thumb, 62 bytes, Stack size 8 bytes, strlen.o(.text))
<BR><BR>[Stack]<UL><LI>Max Depth = 8<LI>Call Chain = strlen
</UL>
<BR>[Called By]<UL><LI><a href="#[70]">&gt;&gt;</a>&nbsp;&nbsp;&nbsp;timerstatus_handle
<LI><a href="#[da]">&gt;&gt;</a>&nbsp;&nbsp;&nbsp;cmd_process
<LI><a href="#[6d]">&gt;&gt;</a>&nbsp;&nbsp;&nbsp;taskinfo_handle
<LI><a href="#[6b]">&gt;&gt;</a>&nbsp;&nbsp;&nbsp;prvUARTCommandConsoleTask_MeCLI
<LI><a href="#[127]">&gt;&gt;</a>&nbsp;&nbsp;&nbsp;prvWriteNameToBuffer
<LI><a href="#[b7]">&gt;&gt;</a>&nbsp;&nbsp;&nbsp;_sys_open
</UL>

<P><STRONG><a name="[db]"></a>strncmp</STRONG> (Thumb, 150 bytes, Stack size 16 bytes, strncmp.o(.text))
<BR><BR>[Stack]<UL><LI>Max Depth = 16<LI>Call Chain = strncmp
</UL>
<BR>[Called By]<UL><LI><a href="#[da]">&gt;&gt;</a>&nbsp;&nbsp;&nbsp;cmd_process
</UL>

<P><STRONG><a name="[f1]"></a>__aeabi_memcpy</STRONG> (Thumb, 0 bytes, Stack size 0 bytes, rt_memcpy_v6.o(.text))
<BR><BR>[Called By]<UL><LI><a href="#[104]">&gt;&gt;</a>&nbsp;&nbsp;&nbsp;prvCopyDataToQueue
<LI><a href="#[103]">&gt;&gt;</a>&nbsp;&nbsp;&nbsp;prvCopyDataFromQueue
<LI><a href="#[d4]">&gt;&gt;</a>&nbsp;&nbsp;&nbsp;mbedtls_aes_crypt_cbc
</UL>

<P><STRONG><a name="[a0]"></a>__rt_memcpy</STRONG> (Thumb, 138 bytes, Stack size 0 bytes, rt_memcpy_v6.o(.text), UNUSED)
<BR><BR>[Calls]<UL><LI><a href="#[a1]">&gt;&gt;</a>&nbsp;&nbsp;&nbsp;__aeabi_memcpy4
</UL>

<P><STRONG><a name="[183]"></a>_memcpy_lastbytes</STRONG> (Thumb, 0 bytes, Stack size unknown bytes, rt_memcpy_v6.o(.text), UNUSED)

<P><STRONG><a name="[a1]"></a>__aeabi_memcpy4</STRONG> (Thumb, 0 bytes, Stack size 8 bytes, rt_memcpy_w.o(.text))
<BR><BR>[Stack]<UL><LI>Max Depth = 8<LI>Call Chain = __aeabi_memcpy4
</UL>
<BR>[Called By]<UL><LI><a href="#[d0]">&gt;&gt;</a>&nbsp;&nbsp;&nbsp;aes_en_decrypt_test
<LI><a href="#[a0]">&gt;&gt;</a>&nbsp;&nbsp;&nbsp;__rt_memcpy
</UL>

<P><STRONG><a name="[184]"></a>__aeabi_memcpy8</STRONG> (Thumb, 0 bytes, Stack size 8 bytes, rt_memcpy_w.o(.text), UNUSED)

<P><STRONG><a name="[185]"></a>__rt_memcpy_w</STRONG> (Thumb, 100 bytes, Stack size 8 bytes, rt_memcpy_w.o(.text), UNUSED)

<P><STRONG><a name="[186]"></a>_memcpy_lastbytes_aligned</STRONG> (Thumb, 0 bytes, Stack size unknown bytes, rt_memcpy_w.o(.text), UNUSED)

<P><STRONG><a name="[8]"></a>memset</STRONG> (Thumb, 22 bytes, Stack size 8 bytes, memset.o(.text))
<BR><BR>[Stack]<UL><LI>Max Depth = 8 + Unknown Stack Size
<LI>Call Chain = memset
</UL>
<BR>[Calls]<UL><LI><a href="#[a2]">&gt;&gt;</a>&nbsp;&nbsp;&nbsp;_memset
</UL>
<BR>[Address Reference Count : 1]<UL><LI> platform_util.o(.data)
</UL>
<P><STRONG><a name="[a3]"></a>__aeabi_memset</STRONG> (Thumb, 16 bytes, Stack size 0 bytes, aeabi_memset.o(.text))
<BR><BR>[Calls]<UL><LI><a href="#[a2]">&gt;&gt;</a>&nbsp;&nbsp;&nbsp;_memset
</UL>
<BR>[Called By]<UL><LI><a href="#[10b]">&gt;&gt;</a>&nbsp;&nbsp;&nbsp;prvInitialiseNewTask
</UL>

<P><STRONG><a name="[a7]"></a>__aeabi_memclr</STRONG> (Thumb, 0 bytes, Stack size 0 bytes, rt_memclr.o(.text))
<BR><BR>[Called By]<UL><LI><a href="#[6b]">&gt;&gt;</a>&nbsp;&nbsp;&nbsp;prvUARTCommandConsoleTask_MeCLI
<LI><a href="#[a6]">&gt;&gt;</a>&nbsp;&nbsp;&nbsp;strncpy
</UL>

<P><STRONG><a name="[a4]"></a>__rt_memclr</STRONG> (Thumb, 68 bytes, Stack size 0 bytes, rt_memclr.o(.text), UNUSED)
<BR><BR>[Calls]<UL><LI><a href="#[a5]">&gt;&gt;</a>&nbsp;&nbsp;&nbsp;_memset_w
</UL>

<P><STRONG><a name="[a2]"></a>_memset</STRONG> (Thumb, 0 bytes, Stack size unknown bytes, rt_memclr.o(.text))
<BR><BR>[Called By]<UL><LI><a href="#[a3]">&gt;&gt;</a>&nbsp;&nbsp;&nbsp;__aeabi_memset
<LI><a href="#[8]">&gt;&gt;</a>&nbsp;&nbsp;&nbsp;memset
</UL>

<P><STRONG><a name="[b0]"></a>__aeabi_memclr4</STRONG> (Thumb, 0 bytes, Stack size 4 bytes, rt_memclr_w.o(.text))
<BR><BR>[Stack]<UL><LI>Max Depth = 4<LI>Call Chain = __aeabi_memclr4
</UL>
<BR>[Called By]<UL><LI><a href="#[14b]">&gt;&gt;</a>&nbsp;&nbsp;&nbsp;xTaskCreate
<LI><a href="#[d0]">&gt;&gt;</a>&nbsp;&nbsp;&nbsp;aes_en_decrypt_test
<LI><a href="#[d1]">&gt;&gt;</a>&nbsp;&nbsp;&nbsp;mbedtls_aes_init
<LI><a href="#[82]">&gt;&gt;</a>&nbsp;&nbsp;&nbsp;_initio
<LI><a href="#[b4]">&gt;&gt;</a>&nbsp;&nbsp;&nbsp;_fclose_internal
<LI><a href="#[bc]">&gt;&gt;</a>&nbsp;&nbsp;&nbsp;fopen
</UL>

<P><STRONG><a name="[187]"></a>__aeabi_memclr8</STRONG> (Thumb, 0 bytes, Stack size 4 bytes, rt_memclr_w.o(.text), UNUSED)

<P><STRONG><a name="[188]"></a>__rt_memclr_w</STRONG> (Thumb, 78 bytes, Stack size 4 bytes, rt_memclr_w.o(.text), UNUSED)

<P><STRONG><a name="[a5]"></a>_memset_w</STRONG> (Thumb, 0 bytes, Stack size unknown bytes, rt_memclr_w.o(.text), UNUSED)
<BR><BR>[Called By]<UL><LI><a href="#[a4]">&gt;&gt;</a>&nbsp;&nbsp;&nbsp;__rt_memclr
</UL>

<P><STRONG><a name="[a6]"></a>strncpy</STRONG> (Thumb, 86 bytes, Stack size 8 bytes, strncpy.o(.text))
<BR><BR>[Stack]<UL><LI>Max Depth = 8<LI>Call Chain = strncpy
</UL>
<BR>[Calls]<UL><LI><a href="#[a7]">&gt;&gt;</a>&nbsp;&nbsp;&nbsp;__aeabi_memclr
</UL>
<BR>[Called By]<UL><LI><a href="#[6f]">&gt;&gt;</a>&nbsp;&nbsp;&nbsp;help_handle
<LI><a href="#[da]">&gt;&gt;</a>&nbsp;&nbsp;&nbsp;cmd_process
</UL>

<P><STRONG><a name="[189]"></a>__use_two_region_memory</STRONG> (Thumb, 2 bytes, Stack size 0 bytes, heapauxi.o(.text), UNUSED)

<P><STRONG><a name="[1]"></a>__rt_heap_escrow</STRONG> (Thumb, 2 bytes, Stack size 0 bytes, heapauxi.o(.text), UNUSED)

<P><STRONG><a name="[0]"></a>__rt_heap_expand</STRONG> (Thumb, 2 bytes, Stack size 0 bytes, heapauxi.o(.text), UNUSED)

<P><STRONG><a name="[93]"></a>__rt_heap_descriptor</STRONG> (Thumb, 8 bytes, Stack size 0 bytes, rt_heap_descriptor_intlibspace.o(.text))
<BR><BR>[Called By]<UL><LI><a href="#[ad]">&gt;&gt;</a>&nbsp;&nbsp;&nbsp;malloc
<LI><a href="#[80]">&gt;&gt;</a>&nbsp;&nbsp;&nbsp;_init_alloc
<LI><a href="#[92]">&gt;&gt;</a>&nbsp;&nbsp;&nbsp;free
</UL>

<P><STRONG><a name="[18a]"></a>__use_no_heap</STRONG> (Thumb, 2 bytes, Stack size 0 bytes, hguard.o(.text), UNUSED)

<P><STRONG><a name="[18b]"></a>__heap$guard</STRONG> (Thumb, 2 bytes, Stack size 0 bytes, hguard.o(.text), UNUSED)

<P><STRONG><a name="[6]"></a>_terminate_user_alloc</STRONG> (Thumb, 2 bytes, Stack size 0 bytes, init_alloc.o(.text), UNUSED)

<P><STRONG><a name="[5]"></a>_init_user_alloc</STRONG> (Thumb, 2 bytes, Stack size 0 bytes, init_alloc.o(.text), UNUSED)

<P><STRONG><a name="[a8]"></a>__Heap_Full</STRONG> (Thumb, 34 bytes, Stack size 16 bytes, init_alloc.o(.text), UNUSED)
<BR><BR>[Calls]<UL><LI><a href="#[a9]">&gt;&gt;</a>&nbsp;&nbsp;&nbsp;__Heap_ProvideMemory
</UL>
<BR>[Called By]<UL><LI><a href="#[ad]">&gt;&gt;</a>&nbsp;&nbsp;&nbsp;malloc
</UL>

<P><STRONG><a name="[aa]"></a>__Heap_Broken</STRONG> (Thumb, 6 bytes, Stack size 0 bytes, init_alloc.o(.text), UNUSED)
<BR><BR>[Calls]<UL><LI><a href="#[ab]">&gt;&gt;</a>&nbsp;&nbsp;&nbsp;__rt_SIGRTMEM
</UL>

<P><STRONG><a name="[80]"></a>_init_alloc</STRONG> (Thumb, 94 bytes, Stack size 24 bytes, init_alloc.o(.text))
<BR><BR>[Stack]<UL><LI>Max Depth = 64<LI>Call Chain = _init_alloc &rArr; __rt_SIGRTMEM &rArr; __rt_SIGRTMEM_inner &rArr; __default_signal_display &rArr; _ttywrch
</UL>
<BR>[Calls]<UL><LI><a href="#[a9]">&gt;&gt;</a>&nbsp;&nbsp;&nbsp;__Heap_ProvideMemory
<LI><a href="#[ac]">&gt;&gt;</a>&nbsp;&nbsp;&nbsp;__Heap_Initialize
<LI><a href="#[93]">&gt;&gt;</a>&nbsp;&nbsp;&nbsp;__rt_heap_descriptor
<LI><a href="#[ab]">&gt;&gt;</a>&nbsp;&nbsp;&nbsp;__rt_SIGRTMEM
</UL>
<BR>[Called By]<UL><LI><a href="#[7f]">&gt;&gt;</a>&nbsp;&nbsp;&nbsp;__rt_lib_init_heap_2
</UL>

<P><STRONG><a name="[ad]"></a>malloc</STRONG> (Thumb, 94 bytes, Stack size 16 bytes, h1_alloc.o(.text), UNUSED)
<BR><BR>[Calls]<UL><LI><a href="#[a8]">&gt;&gt;</a>&nbsp;&nbsp;&nbsp;__Heap_Full
<LI><a href="#[93]">&gt;&gt;</a>&nbsp;&nbsp;&nbsp;__rt_heap_descriptor
</UL>
<BR>[Called By]<UL><LI><a href="#[bc]">&gt;&gt;</a>&nbsp;&nbsp;&nbsp;fopen
</UL>

<P><STRONG><a name="[9c]"></a>_printf_int_common</STRONG> (Thumb, 178 bytes, Stack size 32 bytes, _printf_intcommon.o(.text))
<BR><BR>[Stack]<UL><LI>Max Depth = 48<LI>Call Chain = _printf_int_common &rArr; _printf_post_padding
</UL>
<BR>[Calls]<UL><LI><a href="#[9b]">&gt;&gt;</a>&nbsp;&nbsp;&nbsp;_printf_post_padding
<LI><a href="#[9a]">&gt;&gt;</a>&nbsp;&nbsp;&nbsp;_printf_pre_padding
</UL>
<BR>[Called By]<UL><LI><a href="#[77]">&gt;&gt;</a>&nbsp;&nbsp;&nbsp;_printf_int_dec
</UL>

<P><STRONG><a name="[97]"></a>_printf_char_common</STRONG> (Thumb, 32 bytes, Stack size 64 bytes, _printf_char_common.o(.text))
<BR><BR>[Stack]<UL><LI>Max Depth = 104 + Unknown Stack Size
<LI>Call Chain = _printf_char_common &rArr; __printf
</UL>
<BR>[Calls]<UL><LI><a href="#[9d]">&gt;&gt;</a>&nbsp;&nbsp;&nbsp;__printf
</UL>
<BR>[Called By]<UL><LI><a href="#[95]">&gt;&gt;</a>&nbsp;&nbsp;&nbsp;_printf_char_file
<LI><a href="#[96]">&gt;&gt;</a>&nbsp;&nbsp;&nbsp;__2snprintf
</UL>

<P><STRONG><a name="[98]"></a>_sputc</STRONG> (Thumb, 10 bytes, Stack size 0 bytes, _sputc.o(.text))
<BR><BR>[Called By]<UL><LI><a href="#[96]">&gt;&gt;</a>&nbsp;&nbsp;&nbsp;__2snprintf
</UL>

<P><STRONG><a name="[66]"></a>_snputc</STRONG> (Thumb, 16 bytes, Stack size 0 bytes, _snputc.o(.text))
<BR>[Address Reference Count : 1]<UL><LI> __2snprintf.o(.text)
</UL>
<P><STRONG><a name="[ae]"></a>_printf_cs_common</STRONG> (Thumb, 20 bytes, Stack size 8 bytes, _printf_char.o(.text))
<BR><BR>[Stack]<UL><LI>Max Depth = 40<LI>Call Chain = _printf_cs_common &rArr; _printf_str &rArr; _printf_post_padding
</UL>
<BR>[Calls]<UL><LI><a href="#[99]">&gt;&gt;</a>&nbsp;&nbsp;&nbsp;_printf_str
</UL>
<BR>[Called By]<UL><LI><a href="#[7c]">&gt;&gt;</a>&nbsp;&nbsp;&nbsp;_printf_string
<LI><a href="#[7a]">&gt;&gt;</a>&nbsp;&nbsp;&nbsp;_printf_char
</UL>

<P><STRONG><a name="[7a]"></a>_printf_char</STRONG> (Thumb, 16 bytes, Stack size 0 bytes, _printf_char.o(.text))
<BR><BR>[Stack]<UL><LI>Max Depth = 40<LI>Call Chain = _printf_char &rArr; _printf_cs_common &rArr; _printf_str &rArr; _printf_post_padding
</UL>
<BR>[Calls]<UL><LI><a href="#[ae]">&gt;&gt;</a>&nbsp;&nbsp;&nbsp;_printf_cs_common
</UL>
<BR>[Called By]<UL><LI><a href="#[79]">&gt;&gt;</a>&nbsp;&nbsp;&nbsp;_printf_c
</UL>

<P><STRONG><a name="[7c]"></a>_printf_string</STRONG> (Thumb, 8 bytes, Stack size 0 bytes, _printf_char.o(.text))
<BR><BR>[Stack]<UL><LI>Max Depth = 40<LI>Call Chain = _printf_string &rArr; _printf_cs_common &rArr; _printf_str &rArr; _printf_post_padding
</UL>
<BR>[Calls]<UL><LI><a href="#[ae]">&gt;&gt;</a>&nbsp;&nbsp;&nbsp;_printf_cs_common
</UL>
<BR>[Called By]<UL><LI><a href="#[7b]">&gt;&gt;</a>&nbsp;&nbsp;&nbsp;_printf_s
</UL>

<P><STRONG><a name="[95]"></a>_printf_char_file</STRONG> (Thumb, 32 bytes, Stack size 16 bytes, _printf_char_file.o(.text))
<BR><BR>[Stack]<UL><LI>Max Depth = 120 + Unknown Stack Size
<LI>Call Chain = _printf_char_file &rArr; _printf_char_common &rArr; __printf
</UL>
<BR>[Calls]<UL><LI><a href="#[af]">&gt;&gt;</a>&nbsp;&nbsp;&nbsp;ferror
<LI><a href="#[97]">&gt;&gt;</a>&nbsp;&nbsp;&nbsp;_printf_char_common
</UL>
<BR>[Called By]<UL><LI><a href="#[94]">&gt;&gt;</a>&nbsp;&nbsp;&nbsp;__2printf
</UL>

<P><STRONG><a name="[18c]"></a>__user_libspace</STRONG> (Thumb, 8 bytes, Stack size 0 bytes, libspace.o(.text), UNUSED)

<P><STRONG><a name="[b9]"></a>__user_perproc_libspace</STRONG> (Thumb, 0 bytes, Stack size 0 bytes, libspace.o(.text))
<BR><BR>[Called By]<UL><LI><a href="#[86]">&gt;&gt;</a>&nbsp;&nbsp;&nbsp;__user_setup_stackheap
</UL>

<P><STRONG><a name="[18d]"></a>__user_perthread_libspace</STRONG> (Thumb, 0 bytes, Stack size 0 bytes, libspace.o(.text), UNUSED)

<P><STRONG><a name="[ac]"></a>__Heap_Initialize</STRONG> (Thumb, 10 bytes, Stack size 0 bytes, h1_init.o(.text))
<BR><BR>[Called By]<UL><LI><a href="#[80]">&gt;&gt;</a>&nbsp;&nbsp;&nbsp;_init_alloc
</UL>

<P><STRONG><a name="[2]"></a>__Heap_DescSize</STRONG> (Thumb, 4 bytes, Stack size 0 bytes, h1_init.o(.text), UNUSED)

<P><STRONG><a name="[a9]"></a>__Heap_ProvideMemory</STRONG> (Thumb, 52 bytes, Stack size 0 bytes, h1_extend.o(.text))
<BR><BR>[Stack]<UL><LI>Max Depth = 16<LI>Call Chain = __Heap_ProvideMemory &rArr; free
</UL>
<BR>[Calls]<UL><LI><a href="#[92]">&gt;&gt;</a>&nbsp;&nbsp;&nbsp;free
</UL>
<BR>[Called By]<UL><LI><a href="#[80]">&gt;&gt;</a>&nbsp;&nbsp;&nbsp;_init_alloc
<LI><a href="#[a8]">&gt;&gt;</a>&nbsp;&nbsp;&nbsp;__Heap_Full
</UL>

<P><STRONG><a name="[af]"></a>ferror</STRONG> (Thumb, 8 bytes, Stack size 0 bytes, ferror.o(.text))
<BR><BR>[Called By]<UL><LI><a href="#[95]">&gt;&gt;</a>&nbsp;&nbsp;&nbsp;_printf_char_file
</UL>

<P><STRONG><a name="[82]"></a>_initio</STRONG> (Thumb, 210 bytes, Stack size 8 bytes, initio.o(.text))
<BR><BR>[Stack]<UL><LI>Max Depth = 136<LI>Call Chain = _initio &rArr; freopen &rArr; _fclose_internal &rArr; _fflush &rArr; _writebuf &rArr; _sys_write
</UL>
<BR>[Calls]<UL><LI><a href="#[b0]">&gt;&gt;</a>&nbsp;&nbsp;&nbsp;__aeabi_memclr4
<LI><a href="#[b2]">&gt;&gt;</a>&nbsp;&nbsp;&nbsp;__rt_SIGRTRED
<LI><a href="#[b1]">&gt;&gt;</a>&nbsp;&nbsp;&nbsp;freopen
<LI><a href="#[b3]">&gt;&gt;</a>&nbsp;&nbsp;&nbsp;setvbuf
</UL>
<BR>[Called By]<UL><LI><a href="#[81]">&gt;&gt;</a>&nbsp;&nbsp;&nbsp;__rt_lib_init_stdio_2
</UL>

<P><STRONG><a name="[84]"></a>_terminateio</STRONG> (Thumb, 56 bytes, Stack size 16 bytes, initio.o(.text))
<BR><BR>[Stack]<UL><LI>Max Depth = 120<LI>Call Chain = _terminateio &rArr; _fclose_internal &rArr; _fflush &rArr; _writebuf &rArr; _sys_write
</UL>
<BR>[Calls]<UL><LI><a href="#[92]">&gt;&gt;</a>&nbsp;&nbsp;&nbsp;free
<LI><a href="#[b4]">&gt;&gt;</a>&nbsp;&nbsp;&nbsp;_fclose_internal
</UL>
<BR>[Called By]<UL><LI><a href="#[83]">&gt;&gt;</a>&nbsp;&nbsp;&nbsp;__rt_lib_shutdown_stdio_2
</UL>

<P><STRONG><a name="[ab]"></a>__rt_SIGRTMEM</STRONG> (Thumb, 14 bytes, Stack size 8 bytes, defsig_rtmem_outer.o(.text))
<BR><BR>[Stack]<UL><LI>Max Depth = 40<LI>Call Chain = __rt_SIGRTMEM &rArr; __rt_SIGRTMEM_inner &rArr; __default_signal_display &rArr; _ttywrch
</UL>
<BR>[Calls]<UL><LI><a href="#[b5]">&gt;&gt;</a>&nbsp;&nbsp;&nbsp;__rt_SIGRTMEM_inner
<LI><a href="#[b6]">&gt;&gt;</a>&nbsp;&nbsp;&nbsp;__sig_exit
</UL>
<BR>[Called By]<UL><LI><a href="#[80]">&gt;&gt;</a>&nbsp;&nbsp;&nbsp;_init_alloc
<LI><a href="#[aa]">&gt;&gt;</a>&nbsp;&nbsp;&nbsp;__Heap_Broken
</UL>

<P><STRONG><a name="[b7]"></a>_sys_open</STRONG> (Thumb, 20 bytes, Stack size 16 bytes, sys_io.o(.text))
<BR><BR>[Stack]<UL><LI>Max Depth = 24<LI>Call Chain = _sys_open &rArr; strlen
</UL>
<BR>[Calls]<UL><LI><a href="#[b8]">&gt;&gt;</a>&nbsp;&nbsp;&nbsp;strlen
</UL>
<BR>[Called By]<UL><LI><a href="#[b1]">&gt;&gt;</a>&nbsp;&nbsp;&nbsp;freopen
</UL>

<P><STRONG><a name="[be]"></a>_sys_close</STRONG> (Thumb, 12 bytes, Stack size 8 bytes, sys_io.o(.text))
<BR><BR>[Stack]<UL><LI>Max Depth = 8<LI>Call Chain = _sys_close
</UL>
<BR>[Called By]<UL><LI><a href="#[b4]">&gt;&gt;</a>&nbsp;&nbsp;&nbsp;_fclose_internal
</UL>

<P><STRONG><a name="[c8]"></a>_sys_write</STRONG> (Thumb, 16 bytes, Stack size 24 bytes, sys_io.o(.text))
<BR><BR>[Stack]<UL><LI>Max Depth = 24<LI>Call Chain = _sys_write
</UL>
<BR>[Called By]<UL><LI><a href="#[c6]">&gt;&gt;</a>&nbsp;&nbsp;&nbsp;_writebuf
</UL>

<P><STRONG><a name="[18e]"></a>_sys_read</STRONG> (Thumb, 14 bytes, Stack size 24 bytes, sys_io.o(.text), UNUSED)

<P><STRONG><a name="[c2]"></a>_sys_istty</STRONG> (Thumb, 12 bytes, Stack size 8 bytes, sys_io.o(.text))
<BR><BR>[Stack]<UL><LI>Max Depth = 8<LI>Call Chain = _sys_istty
</UL>
<BR>[Called By]<UL><LI><a href="#[bb]">&gt;&gt;</a>&nbsp;&nbsp;&nbsp;_fseek
</UL>

<P><STRONG><a name="[c7]"></a>_sys_seek</STRONG> (Thumb, 14 bytes, Stack size 16 bytes, sys_io.o(.text))
<BR><BR>[Stack]<UL><LI>Max Depth = 16<LI>Call Chain = _sys_seek
</UL>
<BR>[Called By]<UL><LI><a href="#[c6]">&gt;&gt;</a>&nbsp;&nbsp;&nbsp;_writebuf
</UL>

<P><STRONG><a name="[18f]"></a>_sys_ensure</STRONG> (Thumb, 2 bytes, Stack size 0 bytes, sys_io.o(.text), UNUSED)

<P><STRONG><a name="[c4]"></a>_sys_flen</STRONG> (Thumb, 12 bytes, Stack size 8 bytes, sys_io.o(.text))
<BR><BR>[Stack]<UL><LI>Max Depth = 8<LI>Call Chain = _sys_flen
</UL>
<BR>[Called By]<UL><LI><a href="#[bb]">&gt;&gt;</a>&nbsp;&nbsp;&nbsp;_fseek
</UL>

<P><STRONG><a name="[86]"></a>__user_setup_stackheap</STRONG> (Thumb, 74 bytes, Stack size 8 bytes, sys_stackheap_outer.o(.text))
<BR><BR>[Stack]<UL><LI>Max Depth = 8<LI>Call Chain = __user_setup_stackheap
</UL>
<BR>[Calls]<UL><LI><a href="#[ba]">&gt;&gt;</a>&nbsp;&nbsp;&nbsp;__user_initial_stackheap
<LI><a href="#[b9]">&gt;&gt;</a>&nbsp;&nbsp;&nbsp;__user_perproc_libspace
</UL>
<BR>[Called By]<UL><LI><a href="#[85]">&gt;&gt;</a>&nbsp;&nbsp;&nbsp;__rt_entry_sh
</UL>

<P><STRONG><a name="[b3]"></a>setvbuf</STRONG> (Thumb, 70 bytes, Stack size 16 bytes, setvbuf.o(.text))
<BR><BR>[Stack]<UL><LI>Max Depth = 16<LI>Call Chain = setvbuf
</UL>
<BR>[Called By]<UL><LI><a href="#[82]">&gt;&gt;</a>&nbsp;&nbsp;&nbsp;_initio
</UL>

<P><STRONG><a name="[b1]"></a>freopen</STRONG> (Thumb, 158 bytes, Stack size 24 bytes, fopen.o(.text))
<BR><BR>[Stack]<UL><LI>Max Depth = 128<LI>Call Chain = freopen &rArr; _fclose_internal &rArr; _fflush &rArr; _writebuf &rArr; _sys_write
</UL>
<BR>[Calls]<UL><LI><a href="#[bb]">&gt;&gt;</a>&nbsp;&nbsp;&nbsp;_fseek
<LI><a href="#[b4]">&gt;&gt;</a>&nbsp;&nbsp;&nbsp;_fclose_internal
<LI><a href="#[b7]">&gt;&gt;</a>&nbsp;&nbsp;&nbsp;_sys_open
</UL>
<BR>[Called By]<UL><LI><a href="#[82]">&gt;&gt;</a>&nbsp;&nbsp;&nbsp;_initio
<LI><a href="#[bc]">&gt;&gt;</a>&nbsp;&nbsp;&nbsp;fopen
</UL>

<P><STRONG><a name="[bc]"></a>fopen</STRONG> (Thumb, 74 bytes, Stack size 24 bytes, fopen.o(.text), UNUSED)
<BR><BR>[Calls]<UL><LI><a href="#[ad]">&gt;&gt;</a>&nbsp;&nbsp;&nbsp;malloc
<LI><a href="#[b0]">&gt;&gt;</a>&nbsp;&nbsp;&nbsp;__aeabi_memclr4
<LI><a href="#[b1]">&gt;&gt;</a>&nbsp;&nbsp;&nbsp;freopen
</UL>

<P><STRONG><a name="[b4]"></a>_fclose_internal</STRONG> (Thumb, 76 bytes, Stack size 32 bytes, fclose.o(.text))
<BR><BR>[Stack]<UL><LI>Max Depth = 104<LI>Call Chain = _fclose_internal &rArr; _fflush &rArr; _writebuf &rArr; _sys_write
</UL>
<BR>[Calls]<UL><LI><a href="#[b0]">&gt;&gt;</a>&nbsp;&nbsp;&nbsp;__aeabi_memclr4
<LI><a href="#[92]">&gt;&gt;</a>&nbsp;&nbsp;&nbsp;free
<LI><a href="#[bd]">&gt;&gt;</a>&nbsp;&nbsp;&nbsp;_fflush
<LI><a href="#[be]">&gt;&gt;</a>&nbsp;&nbsp;&nbsp;_sys_close
</UL>
<BR>[Called By]<UL><LI><a href="#[84]">&gt;&gt;</a>&nbsp;&nbsp;&nbsp;_terminateio
<LI><a href="#[b1]">&gt;&gt;</a>&nbsp;&nbsp;&nbsp;freopen
</UL>

<P><STRONG><a name="[190]"></a>fclose</STRONG> (Thumb, 0 bytes, Stack size 32 bytes, fclose.o(.text), UNUSED)

<P><STRONG><a name="[8b]"></a>exit</STRONG> (Thumb, 18 bytes, Stack size 8 bytes, exit.o(.text))
<BR><BR>[Stack]<UL><LI>Max Depth = 8 + Unknown Stack Size
<LI>Call Chain = exit
</UL>
<BR>[Calls]<UL><LI><a href="#[bf]">&gt;&gt;</a>&nbsp;&nbsp;&nbsp;__rt_exit
</UL>
<BR>[Called By]<UL><LI><a href="#[89]">&gt;&gt;</a>&nbsp;&nbsp;&nbsp;__rt_entry_main
</UL>

<P><STRONG><a name="[b6]"></a>__sig_exit</STRONG> (Thumb, 10 bytes, Stack size 0 bytes, defsig_exit.o(.text))
<BR><BR>[Calls]<UL><LI><a href="#[8f]">&gt;&gt;</a>&nbsp;&nbsp;&nbsp;_sys_exit
</UL>
<BR>[Called By]<UL><LI><a href="#[b2]">&gt;&gt;</a>&nbsp;&nbsp;&nbsp;__rt_SIGRTRED
<LI><a href="#[ab]">&gt;&gt;</a>&nbsp;&nbsp;&nbsp;__rt_SIGRTMEM
</UL>

<P><STRONG><a name="[b2]"></a>__rt_SIGRTRED</STRONG> (Thumb, 14 bytes, Stack size 8 bytes, defsig_rtred_outer.o(.text))
<BR><BR>[Stack]<UL><LI>Max Depth = 40<LI>Call Chain = __rt_SIGRTRED &rArr; __rt_SIGRTRED_inner &rArr; __default_signal_display &rArr; _ttywrch
</UL>
<BR>[Calls]<UL><LI><a href="#[c0]">&gt;&gt;</a>&nbsp;&nbsp;&nbsp;__rt_SIGRTRED_inner
<LI><a href="#[b6]">&gt;&gt;</a>&nbsp;&nbsp;&nbsp;__sig_exit
</UL>
<BR>[Called By]<UL><LI><a href="#[82]">&gt;&gt;</a>&nbsp;&nbsp;&nbsp;_initio
</UL>

<P><STRONG><a name="[b5]"></a>__rt_SIGRTMEM_inner</STRONG> (Thumb, 22 bytes, Stack size 8 bytes, defsig_rtmem_inner.o(.text))
<BR><BR>[Stack]<UL><LI>Max Depth = 32<LI>Call Chain = __rt_SIGRTMEM_inner &rArr; __default_signal_display &rArr; _ttywrch
</UL>
<BR>[Calls]<UL><LI><a href="#[c1]">&gt;&gt;</a>&nbsp;&nbsp;&nbsp;__default_signal_display
</UL>
<BR>[Called By]<UL><LI><a href="#[ab]">&gt;&gt;</a>&nbsp;&nbsp;&nbsp;__rt_SIGRTMEM
</UL>

<P><STRONG><a name="[8f]"></a>_sys_exit</STRONG> (Thumb, 8 bytes, Stack size 0 bytes, sys_exit.o(.text))
<BR><BR>[Called By]<UL><LI><a href="#[8e]">&gt;&gt;</a>&nbsp;&nbsp;&nbsp;__rt_exit_exit
<LI><a href="#[b6]">&gt;&gt;</a>&nbsp;&nbsp;&nbsp;__sig_exit
</UL>

<P><STRONG><a name="[191]"></a>__I$use$semihosting</STRONG> (Thumb, 0 bytes, Stack size 0 bytes, use_no_semi.o(.text), UNUSED)

<P><STRONG><a name="[192]"></a>__use_no_semihosting_swi</STRONG> (Thumb, 2 bytes, Stack size 0 bytes, use_no_semi.o(.text), UNUSED)

<P><STRONG><a name="[193]"></a>__semihosting_library_function</STRONG> (Thumb, 0 bytes, Stack size unknown bytes, indicate_semi.o(.text), UNUSED)

<P><STRONG><a name="[bb]"></a>_fseek</STRONG> (Thumb, 242 bytes, Stack size 24 bytes, fseek.o(.text))
<BR><BR>[Stack]<UL><LI>Max Depth = 32<LI>Call Chain = _fseek &rArr; _ftell_internal
</UL>
<BR>[Calls]<UL><LI><a href="#[c3]">&gt;&gt;</a>&nbsp;&nbsp;&nbsp;_ftell_internal
<LI><a href="#[c5]">&gt;&gt;</a>&nbsp;&nbsp;&nbsp;_seterr
<LI><a href="#[c4]">&gt;&gt;</a>&nbsp;&nbsp;&nbsp;_sys_flen
<LI><a href="#[c2]">&gt;&gt;</a>&nbsp;&nbsp;&nbsp;_sys_istty
</UL>
<BR>[Called By]<UL><LI><a href="#[b1]">&gt;&gt;</a>&nbsp;&nbsp;&nbsp;freopen
</UL>

<P><STRONG><a name="[194]"></a>fseek</STRONG> (Thumb, 0 bytes, Stack size 24 bytes, fseek.o(.text), UNUSED)

<P><STRONG><a name="[c5]"></a>_seterr</STRONG> (Thumb, 20 bytes, Stack size 0 bytes, stdio.o(.text))
<BR><BR>[Called By]<UL><LI><a href="#[c6]">&gt;&gt;</a>&nbsp;&nbsp;&nbsp;_writebuf
<LI><a href="#[bb]">&gt;&gt;</a>&nbsp;&nbsp;&nbsp;_fseek
</UL>

<P><STRONG><a name="[c6]"></a>_writebuf</STRONG> (Thumb, 84 bytes, Stack size 32 bytes, stdio.o(.text))
<BR><BR>[Stack]<UL><LI>Max Depth = 56<LI>Call Chain = _writebuf &rArr; _sys_write
</UL>
<BR>[Calls]<UL><LI><a href="#[c5]">&gt;&gt;</a>&nbsp;&nbsp;&nbsp;_seterr
<LI><a href="#[c7]">&gt;&gt;</a>&nbsp;&nbsp;&nbsp;_sys_seek
<LI><a href="#[c8]">&gt;&gt;</a>&nbsp;&nbsp;&nbsp;_sys_write
</UL>
<BR>[Called By]<UL><LI><a href="#[bd]">&gt;&gt;</a>&nbsp;&nbsp;&nbsp;_fflush
</UL>

<P><STRONG><a name="[bd]"></a>_fflush</STRONG> (Thumb, 70 bytes, Stack size 16 bytes, stdio.o(.text))
<BR><BR>[Stack]<UL><LI>Max Depth = 72<LI>Call Chain = _fflush &rArr; _writebuf &rArr; _sys_write
</UL>
<BR>[Calls]<UL><LI><a href="#[c6]">&gt;&gt;</a>&nbsp;&nbsp;&nbsp;_writebuf
</UL>
<BR>[Called By]<UL><LI><a href="#[c9]">&gt;&gt;</a>&nbsp;&nbsp;&nbsp;_deferredlazyseek
<LI><a href="#[b4]">&gt;&gt;</a>&nbsp;&nbsp;&nbsp;_fclose_internal
</UL>

<P><STRONG><a name="[c9]"></a>_deferredlazyseek</STRONG> (Thumb, 60 bytes, Stack size 8 bytes, stdio.o(.text), UNUSED)
<BR><BR>[Calls]<UL><LI><a href="#[bd]">&gt;&gt;</a>&nbsp;&nbsp;&nbsp;_fflush
</UL>

<P><STRONG><a name="[c1]"></a>__default_signal_display</STRONG> (Thumb, 50 bytes, Stack size 16 bytes, defsig_general.o(.text))
<BR><BR>[Stack]<UL><LI>Max Depth = 24<LI>Call Chain = __default_signal_display &rArr; _ttywrch
</UL>
<BR>[Calls]<UL><LI><a href="#[ca]">&gt;&gt;</a>&nbsp;&nbsp;&nbsp;_ttywrch
</UL>
<BR>[Called By]<UL><LI><a href="#[c0]">&gt;&gt;</a>&nbsp;&nbsp;&nbsp;__rt_SIGRTRED_inner
<LI><a href="#[b5]">&gt;&gt;</a>&nbsp;&nbsp;&nbsp;__rt_SIGRTMEM_inner
</UL>

<P><STRONG><a name="[c0]"></a>__rt_SIGRTRED_inner</STRONG> (Thumb, 14 bytes, Stack size 8 bytes, defsig_rtred_inner.o(.text))
<BR><BR>[Stack]<UL><LI>Max Depth = 32<LI>Call Chain = __rt_SIGRTRED_inner &rArr; __default_signal_display &rArr; _ttywrch
</UL>
<BR>[Calls]<UL><LI><a href="#[c1]">&gt;&gt;</a>&nbsp;&nbsp;&nbsp;__default_signal_display
</UL>
<BR>[Called By]<UL><LI><a href="#[b2]">&gt;&gt;</a>&nbsp;&nbsp;&nbsp;__rt_SIGRTRED
</UL>

<P><STRONG><a name="[ca]"></a>_ttywrch</STRONG> (Thumb, 14 bytes, Stack size 8 bytes, sys_wrch.o(.text))
<BR><BR>[Stack]<UL><LI>Max Depth = 8<LI>Call Chain = _ttywrch
</UL>
<BR>[Called By]<UL><LI><a href="#[c1]">&gt;&gt;</a>&nbsp;&nbsp;&nbsp;__default_signal_display
</UL>

<P><STRONG><a name="[c3]"></a>_ftell_internal</STRONG> (Thumb, 66 bytes, Stack size 8 bytes, ftell.o(.text))
<BR><BR>[Stack]<UL><LI>Max Depth = 8<LI>Call Chain = _ftell_internal
</UL>
<BR>[Calls]<UL><LI><a href="#[cb]">&gt;&gt;</a>&nbsp;&nbsp;&nbsp;__aeabi_errno_addr
</UL>
<BR>[Called By]<UL><LI><a href="#[bb]">&gt;&gt;</a>&nbsp;&nbsp;&nbsp;_fseek
</UL>

<P><STRONG><a name="[195]"></a>ftell</STRONG> (Thumb, 0 bytes, Stack size 8 bytes, ftell.o(.text), UNUSED)

<P><STRONG><a name="[cb]"></a>__aeabi_errno_addr</STRONG> (Thumb, 8 bytes, Stack size 0 bytes, rt_errno_addr_intlibspace.o(.text))
<BR><BR>[Called By]<UL><LI><a href="#[c3]">&gt;&gt;</a>&nbsp;&nbsp;&nbsp;_ftell_internal
</UL>

<P><STRONG><a name="[196]"></a>__errno$intlibspace</STRONG> (Thumb, 0 bytes, Stack size 0 bytes, rt_errno_addr_intlibspace.o(.text), UNUSED)

<P><STRONG><a name="[197]"></a>__rt_errno_addr$intlibspace</STRONG> (Thumb, 0 bytes, Stack size 0 bytes, rt_errno_addr_intlibspace.o(.text), UNUSED)

<P><STRONG><a name="[12]"></a>SysTick_Handler</STRONG> (Thumb, 4 bytes, Stack size 0 bytes, gd32f4xx_it.o(i.SysTick_Handler))
<BR><BR>[Stack]<UL><LI>Max Depth = 176 + Unknown Stack Size
<LI>Call Chain = SysTick_Handler &rArr; xPortSysTickHandler &rArr; xTaskIncrementTick &rArr; __2printf &rArr; _printf_char_file &rArr; _printf_char_common &rArr; __printf
</UL>
<BR>[Calls]<UL><LI><a href="#[cc]">&gt;&gt;</a>&nbsp;&nbsp;&nbsp;xPortSysTickHandler
</UL>
<BR>[Address Reference Count : 1]<UL><LI> startup_gd32f407.o(RESET)
</UL>
<P><STRONG><a name="[64]"></a>SystemInit</STRONG> (Thumb, 132 bytes, Stack size 16 bytes, system_gd32f4xx.o(i.SystemInit))
<BR><BR>[Stack]<UL><LI>Max Depth = 24<LI>Call Chain = SystemInit &rArr; system_clock_168m_25m_hxtal
</UL>
<BR>[Calls]<UL><LI><a href="#[ce]">&gt;&gt;</a>&nbsp;&nbsp;&nbsp;nvic_vector_table_set
<LI><a href="#[cd]">&gt;&gt;</a>&nbsp;&nbsp;&nbsp;system_clock_168m_25m_hxtal
</UL>
<BR>[Address Reference Count : 1]<UL><LI> startup_gd32f407.o(.text)
</UL>
<P><STRONG><a name="[38]"></a>USART0_IRQHandler</STRONG> (Thumb, 4 bytes, Stack size 0 bytes, gd32f4xx_it.o(i.USART0_IRQHandler))
<BR><BR>[Stack]<UL><LI>Max Depth = 264 + Unknown Stack Size
<LI>Call Chain = USART0_IRQHandler &rArr; serial_usart_interrupt_handle &rArr; xQueueGenericSendFromISR &rArr; prvNotifyQueueSetContainer &rArr; prvCopyDataToQueue &rArr; xTaskPriorityDisinherit &rArr; __2printf &rArr; _printf_char_file &rArr; _printf_char_common &rArr; __printf
</UL>
[...]
</UL>
<BR>[Calls]<UL><LI><a href="#[122]">&gt;&gt;</a>&nbsp;&nbsp;&nbsp;xQueueSemaphoreTake
<LI><a href="#[da]">&gt;&gt;</a>&nbsp;&nbsp;&nbsp;cmd_process
<LI><a href="#[11e]">&gt;&gt;</a>&nbsp;&nbsp;&nbsp;cmd_get_out_buffer
<LI><a href="#[123]">&gt;&gt;</a>&nbsp;&nbsp;&nbsp;xQueueGenericSend
<LI><a href="#[120]">&gt;&gt;</a>&nbsp;&nbsp;&nbsp;serial_put_string
<LI><a href="#[ee]">&gt;&gt;</a>&nbsp;&nbsp;&nbsp;serial_put_char
<LI><a href="#[11f]">&gt;&gt;</a>&nbsp;&nbsp;&nbsp;serial_init
<LI><a href="#[121]">&gt;&gt;</a>&nbsp;&nbsp;&nbsp;serial_get_char
<LI><a href="#[a7]">&gt;&gt;</a>&nbsp;&nbsp;&nbsp;__aeabi_memclr
<LI><a href="#[b8]">&gt;&gt;</a>&nbsp;&nbsp;&nbsp;strlen
<LI><a href="#[124]">&gt;&gt;</a>&nbsp;&nbsp;&nbsp;strcpy
</UL>
<BR>[Address Reference Count : 1]<UL><LI> rtos_cli_example.o(i.vUARTCommandConsoleStart)
</UL>
<P><STRONG><a name="[cd]"></a>system_clock_168m_25m_hxtal</STRONG> (Thumb, 158 bytes, Stack size 8 bytes, system_gd32f4xx.o(i.system_clock_168m_25m_hxtal))
<BR><BR>[Stack]<UL><LI>Max Depth = 8<LI>Call Chain = system_clock_168m_25m_hxtal
</UL>
<BR>[Called By]<UL><LI><a href="#[64]">&gt;&gt;</a>&nbsp;&nbsp;&nbsp;SystemInit
</UL>

<P><STRONG><a name="[dd]"></a>usart_gpio_config</STRONG> (Thumb, 88 bytes, Stack size 8 bytes, drv_usart.o(i.usart_gpio_config))
<BR><BR>[Stack]<UL><LI>Max Depth = 40<LI>Call Chain = usart_gpio_config &rArr; gpio_mode_set
</UL>
<BR>[Calls]<UL><LI><a href="#[139]">&gt;&gt;</a>&nbsp;&nbsp;&nbsp;rcu_periph_clock_enable
<LI><a href="#[13c]">&gt;&gt;</a>&nbsp;&nbsp;&nbsp;gpio_output_options_set
<LI><a href="#[13a]">&gt;&gt;</a>&nbsp;&nbsp;&nbsp;gpio_mode_set
<LI><a href="#[13b]">&gt;&gt;</a>&nbsp;&nbsp;&nbsp;gpio_af_set
</UL>
<BR>[Called By]<UL><LI><a href="#[dc]">&gt;&gt;</a>&nbsp;&nbsp;&nbsp;drv_usart_init
</UL>

<P><STRONG><a name="[f7]"></a>aes_gen_tables</STRONG> (Thumb, 396 bytes, Stack size 548 bytes, aes.o(i.aes_gen_tables))
<BR><BR>[Stack]<UL><LI>Max Depth = 548<LI>Call Chain = aes_gen_tables
</UL>
<BR>[Called By]<UL><LI><a href="#[d5]">&gt;&gt;</a>&nbsp;&nbsp;&nbsp;mbedtls_aes_setkey_enc
</UL>

<P><STRONG><a name="[f2]"></a>mbedtls_xor_no_simd</STRONG> (Thumb, 22 bytes, Stack size 16 bytes, aes.o(i.mbedtls_xor_no_simd))
<BR><BR>[Stack]<UL><LI>Max Depth = 16<LI>Call Chain = mbedtls_xor_no_simd
</UL>
<BR>[Called By]<UL><LI><a href="#[d4]">&gt;&gt;</a>&nbsp;&nbsp;&nbsp;mbedtls_aes_crypt_cbc
</UL>

<P><STRONG><a name="[103]"></a>prvCopyDataFromQueue</STRONG> (Thumb, 38 bytes, Stack size 8 bytes, queue.o(i.prvCopyDataFromQueue))
<BR><BR>[Stack]<UL><LI>Max Depth = 8<LI>Call Chain = prvCopyDataFromQueue
</UL>
<BR>[Calls]<UL><LI><a href="#[f1]">&gt;&gt;</a>&nbsp;&nbsp;&nbsp;__aeabi_memcpy
</UL>
<BR>[Called By]<UL><LI><a href="#[12c]">&gt;&gt;</a>&nbsp;&nbsp;&nbsp;xQueueReceiveFromISR
<LI><a href="#[11a]">&gt;&gt;</a>&nbsp;&nbsp;&nbsp;xQueueReceive
</UL>

<P><STRONG><a name="[104]"></a>prvCopyDataToQueue</STRONG> (Thumb, 108 bytes, Stack size 24 bytes, queue.o(i.prvCopyDataToQueue))
<BR><BR>[Stack]<UL><LI>Max Depth = 184 + Unknown Stack Size
<LI>Call Chain = prvCopyDataToQueue &rArr; xTaskPriorityDisinherit &rArr; __2printf &rArr; _printf_char_file &rArr; _printf_char_common &rArr; __printf
</UL>
<BR>[Calls]<UL><LI><a href="#[105]">&gt;&gt;</a>&nbsp;&nbsp;&nbsp;xTaskPriorityDisinherit
<LI><a href="#[f1]">&gt;&gt;</a>&nbsp;&nbsp;&nbsp;__aeabi_memcpy
</UL>
<BR>[Called By]<UL><LI><a href="#[12f]">&gt;&gt;</a>&nbsp;&nbsp;&nbsp;xQueueGenericSendFromISR
<LI><a href="#[123]">&gt;&gt;</a>&nbsp;&nbsp;&nbsp;xQueueGenericSend
<LI><a href="#[113]">&gt;&gt;</a>&nbsp;&nbsp;&nbsp;prvNotifyQueueSetContainer
</UL>

<P><STRONG><a name="[110]"></a>prvIsQueueEmpty</STRONG> (Thumb, 28 bytes, Stack size 8 bytes, queue.o(i.prvIsQueueEmpty))
<BR><BR>[Stack]<UL><LI>Max Depth = 160 + Unknown Stack Size
<LI>Call Chain = prvIsQueueEmpty &rArr; vPortExitCritical &rArr; __2printf &rArr; _printf_char_file &rArr; _printf_char_common &rArr; __printf
</UL>
<BR>[Calls]<UL><LI><a href="#[ed]">&gt;&gt;</a>&nbsp;&nbsp;&nbsp;vPortExitCritical
<LI><a href="#[ec]">&gt;&gt;</a>&nbsp;&nbsp;&nbsp;vPortEnterCritical
</UL>
<BR>[Called By]<UL><LI><a href="#[122]">&gt;&gt;</a>&nbsp;&nbsp;&nbsp;xQueueSemaphoreTake
<LI><a href="#[11a]">&gt;&gt;</a>&nbsp;&nbsp;&nbsp;xQueueReceive
</UL>

<P><STRONG><a name="[113]"></a>prvNotifyQueueSetContainer</STRONG> (Thumb, 124 bytes, Stack size 24 bytes, queue.o(i.prvNotifyQueueSetContainer))
<BR><BR>[Stack]<UL><LI>Max Depth = 208 + Unknown Stack Size
<LI>Call Chain = prvNotifyQueueSetContainer &rArr; prvCopyDataToQueue &rArr; xTaskPriorityDisinherit &rArr; __2printf &rArr; _printf_char_file &rArr; _printf_char_common &rArr; __printf
</UL>
<BR>[Calls]<UL><LI><a href="#[114]">&gt;&gt;</a>&nbsp;&nbsp;&nbsp;uxTaskGetNumberOfTasks
<LI><a href="#[104]">&gt;&gt;</a>&nbsp;&nbsp;&nbsp;prvCopyDataToQueue
<LI><a href="#[115]">&gt;&gt;</a>&nbsp;&nbsp;&nbsp;xTaskRemoveFromEventList
<LI><a href="#[94]">&gt;&gt;</a>&nbsp;&nbsp;&nbsp;__2printf
</UL>
<BR>[Called By]<UL><LI><a href="#[12f]">&gt;&gt;</a>&nbsp;&nbsp;&nbsp;xQueueGenericSendFromISR
<LI><a href="#[123]">&gt;&gt;</a>&nbsp;&nbsp;&nbsp;xQueueGenericSend
<LI><a href="#[125]">&gt;&gt;</a>&nbsp;&nbsp;&nbsp;prvUnlockQueue
</UL>

<P><STRONG><a name="[125]"></a>prvUnlockQueue</STRONG> (Thumb, 118 bytes, Stack size 24 bytes, queue.o(i.prvUnlockQueue))
<BR><BR>[Stack]<UL><LI>Max Depth = 232 + Unknown Stack Size
<LI>Call Chain = prvUnlockQueue &rArr; prvNotifyQueueSetContainer &rArr; prvCopyDataToQueue &rArr; xTaskPriorityDisinherit &rArr; __2printf &rArr; _printf_char_file &rArr; _printf_char_common &rArr; __printf
</UL>
<BR>[Calls]<UL><LI><a href="#[ed]">&gt;&gt;</a>&nbsp;&nbsp;&nbsp;vPortExitCritical
<LI><a href="#[ec]">&gt;&gt;</a>&nbsp;&nbsp;&nbsp;vPortEnterCritical
<LI><a href="#[113]">&gt;&gt;</a>&nbsp;&nbsp;&nbsp;prvNotifyQueueSetContainer
<LI><a href="#[115]">&gt;&gt;</a>&nbsp;&nbsp;&nbsp;xTaskRemoveFromEventList
<LI><a href="#[126]">&gt;&gt;</a>&nbsp;&nbsp;&nbsp;vTaskMissedYield
</UL>
<BR>[Called By]<UL><LI><a href="#[122]">&gt;&gt;</a>&nbsp;&nbsp;&nbsp;xQueueSemaphoreTake
<LI><a href="#[11a]">&gt;&gt;</a>&nbsp;&nbsp;&nbsp;xQueueReceive
<LI><a href="#[123]">&gt;&gt;</a>&nbsp;&nbsp;&nbsp;xQueueGenericSend
<LI><a href="#[11c]">&gt;&gt;</a>&nbsp;&nbsp;&nbsp;vQueueWaitForMessageRestricted
</UL>

<P><STRONG><a name="[f9]"></a>prvAddCurrentTaskToDelayedList</STRONG> (Thumb, 136 bytes, Stack size 32 bytes, tasks.o(i.prvAddCurrentTaskToDelayedList))
<BR><BR>[Stack]<UL><LI>Max Depth = 44<LI>Call Chain = prvAddCurrentTaskToDelayedList &rArr; vListInsert
</UL>
<BR>[Calls]<UL><LI><a href="#[fb]">&gt;&gt;</a>&nbsp;&nbsp;&nbsp;vListInsert
<LI><a href="#[fa]">&gt;&gt;</a>&nbsp;&nbsp;&nbsp;uxListRemove
</UL>
<BR>[Called By]<UL><LI><a href="#[143]">&gt;&gt;</a>&nbsp;&nbsp;&nbsp;vTaskPlaceOnEventListRestricted
<LI><a href="#[149]">&gt;&gt;</a>&nbsp;&nbsp;&nbsp;vTaskPlaceOnEventList
</UL>

<P><STRONG><a name="[fc]"></a>prvAddNewTaskToReadyList</STRONG> (Thumb, 224 bytes, Stack size 24 bytes, tasks.o(i.prvAddNewTaskToReadyList))
<BR><BR>[Stack]<UL><LI>Max Depth = 176 + Unknown Stack Size
<LI>Call Chain = prvAddNewTaskToReadyList &rArr; vPortExitCritical &rArr; __2printf &rArr; _printf_char_file &rArr; _printf_char_common &rArr; __printf
</UL>
<BR>[Calls]<UL><LI><a href="#[ed]">&gt;&gt;</a>&nbsp;&nbsp;&nbsp;vPortExitCritical
<LI><a href="#[ec]">&gt;&gt;</a>&nbsp;&nbsp;&nbsp;vPortEnterCritical
<LI><a href="#[fd]">&gt;&gt;</a>&nbsp;&nbsp;&nbsp;vListInitialise
</UL>
<BR>[Called By]<UL><LI><a href="#[14b]">&gt;&gt;</a>&nbsp;&nbsp;&nbsp;xTaskCreate
</UL>

<P><STRONG><a name="[101]"></a>prvCheckTasksWaitingTermination</STRONG> (Thumb, 52 bytes, Stack size 16 bytes, tasks.o(i.prvCheckTasksWaitingTermination))
<BR><BR>[Stack]<UL><LI>Max Depth = 248 + Unknown Stack Size
<LI>Call Chain = prvCheckTasksWaitingTermination &rArr; prvDeleteTCB &rArr; vPortFree &rArr; xTaskResumeAll &rArr; xTaskIncrementTick &rArr; __2printf &rArr; _printf_char_file &rArr; _printf_char_common &rArr; __printf
</UL>
<BR>[Calls]<UL><LI><a href="#[ed]">&gt;&gt;</a>&nbsp;&nbsp;&nbsp;vPortExitCritical
<LI><a href="#[ec]">&gt;&gt;</a>&nbsp;&nbsp;&nbsp;vPortEnterCritical
<LI><a href="#[fa]">&gt;&gt;</a>&nbsp;&nbsp;&nbsp;uxListRemove
<LI><a href="#[102]">&gt;&gt;</a>&nbsp;&nbsp;&nbsp;prvDeleteTCB
</UL>
<BR>[Called By]<UL><LI><a href="#[6a]">&gt;&gt;</a>&nbsp;&nbsp;&nbsp;prvIdleTask
</UL>

<P><STRONG><a name="[102]"></a>prvDeleteTCB</STRONG> (Thumb, 20 bytes, Stack size 8 bytes, tasks.o(i.prvDeleteTCB))
<BR><BR>[Stack]<UL><LI>Max Depth = 232 + Unknown Stack Size
<LI>Call Chain = prvDeleteTCB &rArr; vPortFree &rArr; xTaskResumeAll &rArr; xTaskIncrementTick &rArr; __2printf &rArr; _printf_char_file &rArr; _printf_char_common &rArr; __printf
</UL>
<BR>[Calls]<UL><LI><a href="#[106]">&gt;&gt;</a>&nbsp;&nbsp;&nbsp;vPortFree
</UL>
<BR>[Called By]<UL><LI><a href="#[101]">&gt;&gt;</a>&nbsp;&nbsp;&nbsp;prvCheckTasksWaitingTermination
</UL>

<P><STRONG><a name="[107]"></a>prvGetExpectedIdleTime</STRONG> (Thumb, 42 bytes, Stack size 0 bytes, tasks.o(i.prvGetExpectedIdleTime))
<BR><BR>[Called By]<UL><LI><a href="#[6a]">&gt;&gt;</a>&nbsp;&nbsp;&nbsp;prvIdleTask
</UL>

<P><STRONG><a name="[6a]"></a>prvIdleTask</STRONG> (Thumb, 84 bytes, Stack size 0 bytes, tasks.o(i.prvIdleTask))
<BR><BR>[Stack]<UL><LI>Max Depth = 248 + Unknown Stack Size
<LI>Call Chain = prvIdleTask &rArr; prvCheckTasksWaitingTermination &rArr; prvDeleteTCB &rArr; vPortFree &rArr; xTaskResumeAll &rArr; xTaskIncrementTick &rArr; __2printf &rArr; _printf_char_file &rArr; _printf_char_common &rArr; __printf
</UL>
<BR>[Calls]<UL><LI><a href="#[10a]">&gt;&gt;</a>&nbsp;&nbsp;&nbsp;xTaskResumeAll
<LI><a href="#[108]">&gt;&gt;</a>&nbsp;&nbsp;&nbsp;vTaskSuspendAll
<LI><a href="#[109]">&gt;&gt;</a>&nbsp;&nbsp;&nbsp;vPortSuppressTicksAndSleep
<LI><a href="#[107]">&gt;&gt;</a>&nbsp;&nbsp;&nbsp;prvGetExpectedIdleTime
<LI><a href="#[101]">&gt;&gt;</a>&nbsp;&nbsp;&nbsp;prvCheckTasksWaitingTermination
<LI><a href="#[94]">&gt;&gt;</a>&nbsp;&nbsp;&nbsp;__2printf
</UL>
<BR>[Address Reference Count : 1]<UL><LI> tasks.o(i.vTaskStartScheduler)
</UL>
<P><STRONG><a name="[10b]"></a>prvInitialiseNewTask</STRONG> (Thumb, 160 bytes, Stack size 32 bytes, tasks.o(i.prvInitialiseNewTask))
<BR><BR>[Stack]<UL><LI>Max Depth = 176 + Unknown Stack Size
<LI>Call Chain = prvInitialiseNewTask &rArr; __2printf &rArr; _printf_char_file &rArr; _printf_char_common &rArr; __printf
</UL>
<BR>[Calls]<UL><LI><a href="#[10c]">&gt;&gt;</a>&nbsp;&nbsp;&nbsp;vListInitialiseItem
<LI><a href="#[10d]">&gt;&gt;</a>&nbsp;&nbsp;&nbsp;pxPortInitialiseStack
<LI><a href="#[a3]">&gt;&gt;</a>&nbsp;&nbsp;&nbsp;__aeabi_memset
<LI><a href="#[94]">&gt;&gt;</a>&nbsp;&nbsp;&nbsp;__2printf
</UL>
<BR>[Called By]<UL><LI><a href="#[14b]">&gt;&gt;</a>&nbsp;&nbsp;&nbsp;xTaskCreate
</UL>

<P><STRONG><a name="[111]"></a>prvListTasksWithinSingleList</STRONG> (Thumb, 56 bytes, Stack size 24 bytes, tasks.o(i.prvListTasksWithinSingleList))
<BR><BR>[Stack]<UL><LI>Max Depth = 256 + Unknown Stack Size
<LI>Call Chain = prvListTasksWithinSingleList &rArr; vTaskGetInfo &rArr; xTaskResumeAll &rArr; xTaskIncrementTick &rArr; __2printf &rArr; _printf_char_file &rArr; _printf_char_common &rArr; __printf
</UL>
<BR>[Calls]<UL><LI><a href="#[112]">&gt;&gt;</a>&nbsp;&nbsp;&nbsp;vTaskGetInfo
</UL>
<BR>[Called By]<UL><LI><a href="#[13d]">&gt;&gt;</a>&nbsp;&nbsp;&nbsp;uxTaskGetSystemState
</UL>

<P><STRONG><a name="[15a]"></a>prvResetNextTaskUnblockTime</STRONG> (Thumb, 24 bytes, Stack size 0 bytes, tasks.o(i.prvResetNextTaskUnblockTime))
<BR><BR>[Called By]<UL><LI><a href="#[10a]">&gt;&gt;</a>&nbsp;&nbsp;&nbsp;xTaskResumeAll
<LI><a href="#[153]">&gt;&gt;</a>&nbsp;&nbsp;&nbsp;xTaskIncrementTick
<LI><a href="#[115]">&gt;&gt;</a>&nbsp;&nbsp;&nbsp;xTaskRemoveFromEventList
</UL>

<P><STRONG><a name="[148]"></a>prvSnprintfReturnValueToCharsWritten</STRONG> (Thumb, 16 bytes, Stack size 0 bytes, tasks.o(i.prvSnprintfReturnValueToCharsWritten))
<BR><BR>[Called By]<UL><LI><a href="#[131]">&gt;&gt;</a>&nbsp;&nbsp;&nbsp;vTaskListTasks
</UL>

<P><STRONG><a name="[127]"></a>prvWriteNameToBuffer</STRONG> (Thumb, 34 bytes, Stack size 8 bytes, tasks.o(i.prvWriteNameToBuffer))
<BR><BR>[Stack]<UL><LI>Max Depth = 20<LI>Call Chain = prvWriteNameToBuffer &rArr; strcpy
</UL>
<BR>[Calls]<UL><LI><a href="#[b8]">&gt;&gt;</a>&nbsp;&nbsp;&nbsp;strlen
<LI><a href="#[124]">&gt;&gt;</a>&nbsp;&nbsp;&nbsp;strcpy
</UL>
<BR>[Called By]<UL><LI><a href="#[131]">&gt;&gt;</a>&nbsp;&nbsp;&nbsp;vTaskListTasks
</UL>

<P><STRONG><a name="[fe]"></a>prvCheckForValidListAndQueue</STRONG> (Thumb, 62 bytes, Stack size 8 bytes, timers.o(i.prvCheckForValidListAndQueue))
<BR><BR>[Stack]<UL><LI>Max Depth = 272 + Unknown Stack Size
<LI>Call Chain = prvCheckForValidListAndQueue &rArr; xQueueGenericCreate &rArr; pvPortMalloc &rArr; xTaskResumeAll &rArr; xTaskIncrementTick &rArr; __2printf &rArr; _printf_char_file &rArr; _printf_char_common &rArr; __printf
</UL>
<BR>[Calls]<UL><LI><a href="#[ed]">&gt;&gt;</a>&nbsp;&nbsp;&nbsp;vPortExitCritical
<LI><a href="#[ec]">&gt;&gt;</a>&nbsp;&nbsp;&nbsp;vPortEnterCritical
<LI><a href="#[ff]">&gt;&gt;</a>&nbsp;&nbsp;&nbsp;xQueueGenericCreate
<LI><a href="#[100]">&gt;&gt;</a>&nbsp;&nbsp;&nbsp;vQueueAddToRegistry
<LI><a href="#[fd]">&gt;&gt;</a>&nbsp;&nbsp;&nbsp;vListInitialise
</UL>
<BR>[Called By]<UL><LI><a href="#[15b]">&gt;&gt;</a>&nbsp;&nbsp;&nbsp;xTimerCreate
<LI><a href="#[14c]">&gt;&gt;</a>&nbsp;&nbsp;&nbsp;xTimerCreateTimerTask
</UL>

<P><STRONG><a name="[10f]"></a>prvInsertTimerInActiveList</STRONG> (Thumb, 52 bytes, Stack size 16 bytes, timers.o(i.prvInsertTimerInActiveList))
<BR><BR>[Stack]<UL><LI>Max Depth = 28<LI>Call Chain = prvInsertTimerInActiveList &rArr; vListInsert
</UL>
<BR>[Calls]<UL><LI><a href="#[fb]">&gt;&gt;</a>&nbsp;&nbsp;&nbsp;vListInsert
</UL>
<BR>[Called By]<UL><LI><a href="#[117]">&gt;&gt;</a>&nbsp;&nbsp;&nbsp;prvReloadTimer
<LI><a href="#[118]">&gt;&gt;</a>&nbsp;&nbsp;&nbsp;prvProcessReceivedCommands
</UL>

<P><STRONG><a name="[116]"></a>prvProcessExpiredTimer</STRONG> (Thumb, 58 bytes, Stack size 16 bytes, timers.o(i.prvProcessExpiredTimer))
<BR><BR>[Stack]<UL><LI>Max Depth = 60<LI>Call Chain = prvProcessExpiredTimer &rArr; prvReloadTimer &rArr; prvInsertTimerInActiveList &rArr; vListInsert
</UL>
<BR>[Calls]<UL><LI><a href="#[fa]">&gt;&gt;</a>&nbsp;&nbsp;&nbsp;uxListRemove
<LI><a href="#[117]">&gt;&gt;</a>&nbsp;&nbsp;&nbsp;prvReloadTimer
</UL>
<BR>[Called By]<UL><LI><a href="#[119]">&gt;&gt;</a>&nbsp;&nbsp;&nbsp;prvSampleTimeNow
<LI><a href="#[11b]">&gt;&gt;</a>&nbsp;&nbsp;&nbsp;prvProcessTimerOrBlockTask
</UL>

<P><STRONG><a name="[118]"></a>prvProcessReceivedCommands</STRONG> (Thumb, 248 bytes, Stack size 40 bytes, timers.o(i.prvProcessReceivedCommands))
<BR><BR>[Stack]<UL><LI>Max Depth = 328 + Unknown Stack Size
<LI>Call Chain = prvProcessReceivedCommands &rArr; xQueueReceive &rArr; prvUnlockQueue &rArr; prvNotifyQueueSetContainer &rArr; prvCopyDataToQueue &rArr; xTaskPriorityDisinherit &rArr; __2printf &rArr; _printf_char_file &rArr; _printf_char_common &rArr; __printf
</UL>
<BR>[Calls]<UL><LI><a href="#[11a]">&gt;&gt;</a>&nbsp;&nbsp;&nbsp;xQueueReceive
<LI><a href="#[fa]">&gt;&gt;</a>&nbsp;&nbsp;&nbsp;uxListRemove
<LI><a href="#[106]">&gt;&gt;</a>&nbsp;&nbsp;&nbsp;vPortFree
<LI><a href="#[10f]">&gt;&gt;</a>&nbsp;&nbsp;&nbsp;prvInsertTimerInActiveList
<LI><a href="#[94]">&gt;&gt;</a>&nbsp;&nbsp;&nbsp;__2printf
<LI><a href="#[119]">&gt;&gt;</a>&nbsp;&nbsp;&nbsp;prvSampleTimeNow
<LI><a href="#[117]">&gt;&gt;</a>&nbsp;&nbsp;&nbsp;prvReloadTimer
</UL>
<BR>[Called By]<UL><LI><a href="#[6c]">&gt;&gt;</a>&nbsp;&nbsp;&nbsp;prvTimerTask
</UL>

<P><STRONG><a name="[11b]"></a>prvProcessTimerOrBlockTask</STRONG> (Thumb, 98 bytes, Stack size 24 bytes, timers.o(i.prvProcessTimerOrBlockTask))
<BR><BR>[Stack]<UL><LI>Max Depth = 272 + Unknown Stack Size
<LI>Call Chain = prvProcessTimerOrBlockTask &rArr; vQueueWaitForMessageRestricted &rArr; prvUnlockQueue &rArr; prvNotifyQueueSetContainer &rArr; prvCopyDataToQueue &rArr; xTaskPriorityDisinherit &rArr; __2printf &rArr; _printf_char_file &rArr; _printf_char_common &rArr; __printf
</UL>
<BR>[Calls]<UL><LI><a href="#[10a]">&gt;&gt;</a>&nbsp;&nbsp;&nbsp;xTaskResumeAll
<LI><a href="#[108]">&gt;&gt;</a>&nbsp;&nbsp;&nbsp;vTaskSuspendAll
<LI><a href="#[11c]">&gt;&gt;</a>&nbsp;&nbsp;&nbsp;vQueueWaitForMessageRestricted
<LI><a href="#[119]">&gt;&gt;</a>&nbsp;&nbsp;&nbsp;prvSampleTimeNow
<LI><a href="#[116]">&gt;&gt;</a>&nbsp;&nbsp;&nbsp;prvProcessExpiredTimer
</UL>
<BR>[Called By]<UL><LI><a href="#[6c]">&gt;&gt;</a>&nbsp;&nbsp;&nbsp;prvTimerTask
</UL>

<P><STRONG><a name="[117]"></a>prvReloadTimer</STRONG> (Thumb, 40 bytes, Stack size 16 bytes, timers.o(i.prvReloadTimer))
<BR><BR>[Stack]<UL><LI>Max Depth = 44<LI>Call Chain = prvReloadTimer &rArr; prvInsertTimerInActiveList &rArr; vListInsert
</UL>
<BR>[Calls]<UL><LI><a href="#[10f]">&gt;&gt;</a>&nbsp;&nbsp;&nbsp;prvInsertTimerInActiveList
</UL>
<BR>[Called By]<UL><LI><a href="#[118]">&gt;&gt;</a>&nbsp;&nbsp;&nbsp;prvProcessReceivedCommands
<LI><a href="#[116]">&gt;&gt;</a>&nbsp;&nbsp;&nbsp;prvProcessExpiredTimer
</UL>

<P><STRONG><a name="[119]"></a>prvSampleTimeNow</STRONG> (Thumb, 66 bytes, Stack size 24 bytes, timers.o(i.prvSampleTimeNow))
<BR><BR>[Stack]<UL><LI>Max Depth = 84<LI>Call Chain = prvSampleTimeNow &rArr; prvProcessExpiredTimer &rArr; prvReloadTimer &rArr; prvInsertTimerInActiveList &rArr; vListInsert
</UL>
<BR>[Calls]<UL><LI><a href="#[11d]">&gt;&gt;</a>&nbsp;&nbsp;&nbsp;xTaskGetTickCount
<LI><a href="#[116]">&gt;&gt;</a>&nbsp;&nbsp;&nbsp;prvProcessExpiredTimer
</UL>
<BR>[Called By]<UL><LI><a href="#[11b]">&gt;&gt;</a>&nbsp;&nbsp;&nbsp;prvProcessTimerOrBlockTask
<LI><a href="#[118]">&gt;&gt;</a>&nbsp;&nbsp;&nbsp;prvProcessReceivedCommands
</UL>

<P><STRONG><a name="[6c]"></a>prvTimerTask</STRONG> (Thumb, 32 bytes, Stack size 0 bytes, timers.o(i.prvTimerTask))
<BR><BR>[Stack]<UL><LI>Max Depth = 328 + Unknown Stack Size
<LI>Call Chain = prvTimerTask &rArr; prvProcessReceivedCommands &rArr; xQueueReceive &rArr; prvUnlockQueue &rArr; prvNotifyQueueSetContainer &rArr; prvCopyDataToQueue &rArr; xTaskPriorityDisinherit &rArr; __2printf &rArr; _printf_char_file &rArr; _printf_char_common &rArr; __printf
</UL>
<BR>[Calls]<UL><LI><a href="#[11b]">&gt;&gt;</a>&nbsp;&nbsp;&nbsp;prvProcessTimerOrBlockTask
<LI><a href="#[118]">&gt;&gt;</a>&nbsp;&nbsp;&nbsp;prvProcessReceivedCommands
</UL>
<BR>[Address Reference Count : 1]<UL><LI> timers.o(i.xTimerCreateTimerTask)
</UL>
<P><STRONG><a name="[129]"></a>prvHeapInit</STRONG> (Thumb, 60 bytes, Stack size 0 bytes, heap_4.o(i.prvHeapInit))
<BR><BR>[Called By]<UL><LI><a href="#[128]">&gt;&gt;</a>&nbsp;&nbsp;&nbsp;pvPortMalloc
</UL>

<P><STRONG><a name="[10e]"></a>prvInsertBlockIntoFreeList</STRONG> (Thumb, 106 bytes, Stack size 16 bytes, heap_4.o(i.prvInsertBlockIntoFreeList))
<BR><BR>[Stack]<UL><LI>Max Depth = 160 + Unknown Stack Size
<LI>Call Chain = prvInsertBlockIntoFreeList &rArr; __2printf &rArr; _printf_char_file &rArr; _printf_char_common &rArr; __printf
</UL>
<BR>[Calls]<UL><LI><a href="#[94]">&gt;&gt;</a>&nbsp;&nbsp;&nbsp;__2printf
</UL>
<BR>[Called By]<UL><LI><a href="#[106]">&gt;&gt;</a>&nbsp;&nbsp;&nbsp;vPortFree
</UL>

<P><STRONG><a name="[69]"></a>prvTaskExitError</STRONG> (Thumb, 34 bytes, Stack size 0 bytes, port.o(i.prvTaskExitError))
<BR><BR>[Stack]<UL><LI>Max Depth = 144 + Unknown Stack Size
<LI>Call Chain = prvTaskExitError &rArr; __2printf &rArr; _printf_char_file &rArr; _printf_char_common &rArr; __printf
</UL>
<BR>[Calls]<UL><LI><a href="#[94]">&gt;&gt;</a>&nbsp;&nbsp;&nbsp;__2printf
</UL>
<BR>[Address Reference Count : 1]<UL><LI> port.o(i.pxPortInitialiseStack)
</UL>
<P><STRONG><a name="[67]"></a>_printf_input_char</STRONG> (Thumb, 10 bytes, Stack size 0 bytes, _printf_char_common.o(.text))
<BR>[Address Reference Count : 1]<UL><LI> _printf_char_common.o(.text)
</UL><P>
<H3>
Undefined Global Symbols
</H3><HR></body></html>
