<html>
<body>
<pre>
<h1>µVision Build Log</h1>
<h2>Tool Versions:</h2>
IDE-Version: ¦ÌVision V5.43.1.0
Copyright (C) 2025 ARM Ltd and ARM Germany GmbH. All rights reserved.
License Information: WorkerDay Day, WorkerDay, LIC=BPPBL-JNAKJ-EK0B9-HT36K-QL62Z-JRCWQ
 
Tool Versions:
Toolchain:       MDK-ARM Community  Version: 5.43.0.0
Toolchain Path:  C:\Keil_v5\ARM\ARM_Compiler_5.06u7\Bin
C Compiler:      Armcc.exe V5.06 update 7 (build 960)
Assembler:       Armasm.exe V5.06 update 7 (build 960)
Linker/Locator:  ArmLink.exe V5.06 update 7 (build 960)
Library Manager: ArmAr.exe V5.06 update 7 (build 960)
Hex Converter:   FromElf.exe V5.06 update 7 (build 960)
CPU DLL:         SARMCM3.DLL V5.43.0.0
Dialog DLL:      DCM.DLL V1.17.5.0
Target DLL:      CMSIS_AGDI.dll V1.33.24.0
Dialog DLL:      TCM.DLL V1.56.6.0
 
<h2>Project:</h2>
D:\SelfProject\GitHub\Keil\GitHub_MCU\all\MCU\Project\WD001.uvprojx
Project File Date:  01/03/2026

<h2>Output:</h2>
*** Using Compiler 'V5.06 update 7 (build 960)', folder: 'C:\Keil_v5\ARM\ARM_Compiler_5.06u7\Bin'
Rebuild target 'WD001_All'
compiling stm32f4xx_cryp_tdes.c...
compiling stm32f4xx_cec.c...
compiling stm32f4xx_dcmi.c...
compiling stm32f4xx_dfsdm.c...
compiling stm32f4xx_dbgmcu.c...
compiling stm32f4xx_adc.c...
compiling misc.c...
compiling stm32f4xx_crc.c...
compiling stm32f4xx_cryp_des.c...
compiling stm32f4xx_cryp.c...
compiling stm32f4xx_dac.c...
compiling stm32f4xx_can.c...
compiling stm32f4xx_cryp_aes.c...
compiling stm32f4xx_dma.c...
compiling stm32f4xx_dma2d.c...
compiling stm32f4xx_dsi.c...
compiling stm32f4xx_exti.c...
compiling stm32f4xx_flash_ramfunc.c...
compiling stm32f4xx_flash.c...
compiling stm32f4xx_fmpi2c.c...
compiling stm32f4xx_gpio.c...
compiling stm32f4xx_fsmc.c...
compiling stm32f4xx_hash.c...
compiling stm32f4xx_hash_md5.c...
compiling stm32f4xx_hash_sha1.c...
compiling stm32f4xx_iwdg.c...
compiling stm32f4xx_i2c.c...
compiling stm32f4xx_lptim.c...
compiling stm32f4xx_pwr.c...
compiling stm32f4xx_ltdc.c...
compiling stm32f4xx_qspi.c...
compiling stm32f4xx_rng.c...
compiling stm32f4xx_rcc.c...
compiling stm32f4xx_rtc.c...
compiling stm32f4xx_sai.c...
compiling stm32f4xx_sdio.c...
assembling startup_stm32f40xx.s...
compiling stm32f4xx_spi.c...
compiling stm32f4xx_spdifrx.c...
compiling stm32f4xx_tim.c...
compiling stm32f4xx_syscfg.c...
compiling device.c...
compiling bus.c...
..\User\kservice\bus\bus.c(187): warning:  #177-D: function "dy_bus_get_device_count"  was declared but never referenced
  static int dy_bus_get_device_count(dy_bus_t *bus)
..\User\kservice\bus\bus.c: 1 warning, 0 errors
compiling stm32f4xx_usart.c...
compiling stm32f4xx_wwdg.c...
compiling timer_manager.c...
compiling system_stm32f4xx.c...
compiling stm32f4xx_it.c...
..\User\drivers\drv_time.h(5): warning:  #1295-D: Deprecated declaration drv_time_sys_tick_increment - give arg types
  void drv_time_sys_tick_increment();
..\User\drivers\drv_time.h(6): warning:  #1295-D: Deprecated declaration drv_time_get_sys_tick - give arg types
  uint32_t drv_time_get_sys_tick();
..\User\config\stm32f4xx_it.c(76): warning:  #1-D: last line of file ends without a newline
  }
..\User\config\stm32f4xx_it.c: 3 warnings, 0 errors
compiling simple_event_engine.c...
compiling drv_gpio.c...
compiling drv_misc_func.c...
..\User\drivers\drv_misc_func.c(112): warning:  #3642-D: this constant expression has type "GPIO_TypeDef *" instead of the required "uint32_t" type
          case GPIOA:
..\User\drivers\drv_misc_func.c(115): warning:  #3642-D: this constant expression has type "GPIO_TypeDef *" instead of the required "uint32_t" type
          case GPIOB:
..\User\drivers\drv_misc_func.c(118): warning:  #3642-D: this constant expression has type "GPIO_TypeDef *" instead of the required "uint32_t" type
          case GPIOG:
..\User\drivers\drv_misc_func.c(121): warning:  #3642-D: this constant expression has type "GPIO_TypeDef *" instead of the required "uint32_t" type
          case GPIOF:
..\User\drivers\drv_misc_func.c(134): warning:  #3642-D: this constant expression has type "GPIO_TypeDef *" instead of the required "uint32_t" type
          case GPIOA:
..\User\drivers\drv_misc_func.c(137): warning:  #3642-D: this constant expression has type "GPIO_TypeDef *" instead of the required "uint32_t" type
          case GPIOC:
..\User\drivers\drv_misc_func.c(171): warning:  #3642-D: this constant expression has type "I2C_TypeDef *" instead of the required "uint32_t" type
          case I2C1:
..\User\drivers\drv_misc_func.c(173): warning:  #3642-D: this constant expression has type "I2C_TypeDef *" instead of the required "uint32_t" type
          case I2C2:
..\User\drivers\drv_misc_func.c(175): warning:  #3642-D: this constant expression has type "I2C_TypeDef *" instead of the required "uint32_t" type
          case I2C3:
..\User\drivers\drv_misc_func.c(187): warning:  #3642-D: this constant expression has type "USART_TypeDef *" instead of the required "uint32_t" type
          case USART1:
..\User\drivers\drv_misc_func.c(189): warning:  #3642-D: this constant expression has type "USART_TypeDef *" instead of the required "uint32_t" type
          case USART2:
..\User\drivers\drv_misc_func.c(191): warning:  #3642-D: this constant expression has type "USART_TypeDef *" instead of the required "uint32_t" type
          case USART3:
..\User\drivers\drv_misc_func.c(43): warning:  #177-D: variable "g_gpio_exti_port_src_set"  was declared but never referenced
  static uint32_t g_gpio_exti_port_src_set[] = 
..\User\drivers\drv_misc_func.c: 13 warnings, 0 errors
compiling drv_led.c...
compiling drv_key.c...
compiling drv_i2c.c...
..\User\drivers\drv_i2c.c(140): warning:  #177-D: variable "i2c_bus"  was declared but never referenced
      dy_i2c_bus_t *i2c_bus = (dy_i2c_bus_t *)bus;
..\User\drivers\drv_i2c.c(177): warning:  #177-D: variable "i2c_bus"  was declared but never referenced
      dy_i2c_bus_t *i2c_bus = (dy_i2c_bus_t *)bus;
..\User\drivers\drv_i2c.c(276): warning:  #223-D: function "drv_time_get_sys_tick" declared implicitly
      uint32_t start_time = drv_time_get_sys_tick();
..\User\drivers\drv_i2c.c(277): warning:  #550-D: variable "sr1_tmp"  was set but never used
      uint16_t sr1_tmp = 0;
..\User\drivers\drv_i2c.c(296): warning:  #177-D: variable "i2c_bus"  was declared but never referenced
      dy_i2c_bus_t *i2c_bus = (dy_i2c_bus_t *)bus;
..\User\drivers\drv_i2c.c(297): warning:  #177-D: variable "cfg"  was declared but never referenced
      dy_stm32_i2c_bus_config_t *cfg = (dy_stm32_i2c_bus_config_t *)(bus->priv_data);
..\User\drivers\drv_i2c.c(346): warning:  #188-D: enumerated type mixed with another type
      .ev_irq_type = 0,
..\User\drivers\drv_i2c.c(347): warning:  #188-D: enumerated type mixed with another type
      .er_irq_type = 0,
..\User\drivers\drv_i2c.c: 8 warnings, 0 errors
compiling drv_time.c...
..\User\drivers\drv_time.h(5): warning:  #1295-D: Deprecated declaration drv_time_sys_tick_increment - give arg types
  void drv_time_sys_tick_increment();
..\User\drivers\drv_time.h(6): warning:  #1295-D: Deprecated declaration drv_time_get_sys_tick - give arg types
  uint32_t drv_time_get_sys_tick();
..\User\drivers\drv_time.c: 2 warnings, 0 errors
compiling drv_eeprom.c...
..\User\drivers\drv_time.h(5): warning:  #1295-D: Deprecated declaration drv_time_sys_tick_increment - give arg types
  void drv_time_sys_tick_increment();
..\User\drivers\drv_time.h(6): warning:  #1295-D: Deprecated declaration drv_time_get_sys_tick - give arg types
  uint32_t drv_time_get_sys_tick();
..\User\drivers\drv_eeprom.c(215): warning:  #177-D: variable "i2c_bus"  was declared but never referenced
      dy_i2c_bus_t *i2c_bus = (dy_i2c_bus_t*)(dev->bus);
..\User\drivers\drv_eeprom.c(113): warning:  #177-D: function "eeprom_write_bytes"  was declared but never referenced
  static int eeprom_write_bytes(dy_device_t *dev, void *buf, unsigned int len)
..\User\drivers\drv_eeprom.c: 4 warnings, 0 errors
compiling drv_usart.c...
compiling drv_serial.c...
..\User\drivers\drv_serial.c(57): warning:  #167-D: argument of type "dy_usart_bus_t *" is incompatible with parameter of type "dy_bus_t *"
      return usart_bus->bus.ops->send(usart_bus, buf, len);
..\User\drivers\drv_serial.c(63): warning:  #167-D: argument of type "dy_usart_bus_t *" is incompatible with parameter of type "dy_bus_t *"
      return usart_bus->bus.ops->recv(usart_bus, buf, len);
..\User\drivers\drv_serial.c(72): warning:  #167-D: argument of type "dy_usart_bus_t *" is incompatible with parameter of type "dy_bus_t *"
              usart_bus->ops.usart_bus_control(usart_bus, USART_SET_BAUD_RATE, arg);
..\User\drivers\drv_serial.c: 3 warnings, 0 errors
compiling drv_spi.c...
..\User\drivers\drv_spi.c(11): warning:  #3642-D: this constant expression has type "SPI_TypeDef *" instead of the required "uint32_t" type
          case SPI1:
..\User\drivers\drv_spi.c(14): warning:  #3642-D: this constant expression has type "SPI_TypeDef *" instead of the required "uint32_t" type
          case SPI2:
..\User\drivers\drv_spi.c(17): warning:  #3642-D: this constant expression has type "SPI_TypeDef *" instead of the required "uint32_t" type
          case SPI3:
..\User\drivers\drv_spi.c(177): warning:  #177-D: variable "spi_bus"  was declared but never referenced
      dy_spi_bus_t *spi_bus = (dy_spi_bus_t *)bus;
..\User\drivers\drv_spi.c: 4 warnings, 0 errors
compiling drv_spi_flash.c...
..\User\drivers\drv_spi_flash.h(30): warning:  #1295-D: Deprecated declaration drv_spi_flash_init - give arg types
  int drv_spi_flash_init();
..\User\drivers\drv_spi_flash.c(211): warning:  #223-D: function "drv_time_get_sys_tick" declared implicitly
      uint32_t start = drv_time_get_sys_tick();
..\User\drivers\drv_spi_flash.c: 2 warnings, 0 errors
compiling drv_rtc.c...
..\User\drivers\drv_rtc.h(26): warning:  #1295-D: Deprecated declaration drv_rtc_init - give arg types
  int drv_rtc_init();
..\User\drivers\drv_rtc.c(93): warning:  #177-D: variable "rtc_dev"  was declared but never referenced
      rtc_dev_t *rtc_dev = (rtc_dev_t *)dev;
..\User\drivers\drv_rtc.c(176): warning:  #223-D: function "strcpy" declared implicitly
      strcpy(g_rtc_dev.device.name, "rtc");
..\User\drivers\drv_rtc.c: 3 warnings, 0 errors
compiling ffsystem.c...
compiling diskio.c...
..\User\drivers\drv_spi_flash.h(30): warning:  #1295-D: Deprecated declaration drv_spi_flash_init - give arg types
  int drv_spi_flash_init();
..\User\drivers\drv_rtc.h(26): warning:  #1295-D: Deprecated declaration drv_rtc_init - give arg types
  int drv_rtc_init();
..\User\middleware\fs\fat\diskio.c(89): warning:  #177-D: variable "timeout"  was declared but never referenced
  	uint32_t timeout = DEV_DISK_OP_TIMEOUT;
..\User\middleware\fs\fat\diskio.c: 3 warnings, 0 errors
compiling ff.c...
compiling ffunicode.c...
compiling main.c...
..\User\drivers\drv_spi_flash.h(30): warning:  #1295-D: Deprecated declaration drv_spi_flash_init - give arg types
  int drv_spi_flash_init();
..\User\drivers\drv_rtc.h(26): warning:  #1295-D: Deprecated declaration drv_rtc_init - give arg types
  int drv_rtc_init();
..\User\app\main.c(249): warning:  #177-D: variable "ret"  was declared but never referenced
  	int ret = 0;
..\User\app\main.c(312): warning:  #111-D: statement is unreachable
  	return 0;
..\User\app\main.c: 4 warnings, 0 errors
linking...
Program Size: Code=13476 RO-data=732 RW-data=772 ZI-data=9628  
After Build - User command #1: cmd /C del /q ".\Objects\*.o" ".\Objects\*.d" ".\Objects\*.crf"
".\Objects\WD001.axf" - 0 Error(s), 50 Warning(s).

<h2>Software Packages used:</h2>

Package Vendor: Keil
                https://www.keil.com/pack/Keil.STM32F4xx_DFP.3.1.1.pack
                Keil::STM32F4xx_DFP@3.1.1
                STMicroelectronics STM32F4 Series Device Support

<h2>Collection of Component include folders:</h2>

<h2>Collection of Component Files used:</h2>
Build Time Elapsed:  00:00:03
</pre>
</body>
</html>
