<!doctype html public "-//w3c//dtd html 4.0 transitional//en">
<html><head>
<title>Static Call Graph - [.\Objects\WD001.axf]</title></head>
<body><HR>
<H1>Static Call Graph for image .\Objects\WD001.axf</H1><HR>
<BR><P>#&#060CALLGRAPH&#062# ARM Linker, 5060960: Last Updated: Sat Jan 03 22:48:35 2026
<BR><P>
<H3>Maximum Stack Usage =       4304 bytes + Unknown(Cycles, Untraceable Function Pointers)</H3><H3>
Call chain for Maximum Stack Depth:</H3>
drv_flash_W25Q128_write &rArr; drv_flash_W25Q128_single_sector_write &rArr; drv_flash_W25Q128_PageWrite &rArr; drv_flash_W25Q128_WriteEnable &rArr; drv_flash_W25Q128_send_data &rArr; __2printf
<P>
<H3>
Mutually Recursive functions
</H3> <LI><a href="#[19]">NMI_Handler</a>&nbsp;&nbsp;&nbsp;&rArr;&nbsp;&nbsp;&nbsp;<a href="#[19]">NMI_Handler</a><BR>
 <LI><a href="#[1b]">MemManage_Handler</a>&nbsp;&nbsp;&nbsp;&rArr;&nbsp;&nbsp;&nbsp;<a href="#[1b]">MemManage_Handler</a><BR>
 <LI><a href="#[1e]">SVC_Handler</a>&nbsp;&nbsp;&nbsp;&rArr;&nbsp;&nbsp;&nbsp;<a href="#[1e]">SVC_Handler</a><BR>
 <LI><a href="#[1f]">DebugMon_Handler</a>&nbsp;&nbsp;&nbsp;&rArr;&nbsp;&nbsp;&nbsp;<a href="#[1f]">DebugMon_Handler</a><BR>
 <LI><a href="#[20]">PendSV_Handler</a>&nbsp;&nbsp;&nbsp;&rArr;&nbsp;&nbsp;&nbsp;<a href="#[20]">PendSV_Handler</a><BR>
 <LI><a href="#[34]">ADC_IRQHandler</a>&nbsp;&nbsp;&nbsp;&rArr;&nbsp;&nbsp;&nbsp;<a href="#[34]">ADC_IRQHandler</a><BR>
</UL>
<P>
<H3>
Function Pointers
</H3><UL>
 <LI><a href="#[34]">ADC_IRQHandler</a> from startup_stm32f40xx.o(.text) referenced from startup_stm32f40xx.o(RESET)
 <LI><a href="#[1c]">BusFault_Handler</a> from stm32f4xx_it.o(i.BusFault_Handler) referenced from startup_stm32f40xx.o(RESET)
 <LI><a href="#[36]">CAN1_RX0_IRQHandler</a> from startup_stm32f40xx.o(.text) referenced from startup_stm32f40xx.o(RESET)
 <LI><a href="#[37]">CAN1_RX1_IRQHandler</a> from startup_stm32f40xx.o(.text) referenced from startup_stm32f40xx.o(RESET)
 <LI><a href="#[38]">CAN1_SCE_IRQHandler</a> from startup_stm32f40xx.o(.text) referenced from startup_stm32f40xx.o(RESET)
 <LI><a href="#[35]">CAN1_TX_IRQHandler</a> from startup_stm32f40xx.o(.text) referenced from startup_stm32f40xx.o(RESET)
 <LI><a href="#[62]">CAN2_RX0_IRQHandler</a> from startup_stm32f40xx.o(.text) referenced from startup_stm32f40xx.o(RESET)
 <LI><a href="#[63]">CAN2_RX1_IRQHandler</a> from startup_stm32f40xx.o(.text) referenced from startup_stm32f40xx.o(RESET)
 <LI><a href="#[64]">CAN2_SCE_IRQHandler</a> from startup_stm32f40xx.o(.text) referenced from startup_stm32f40xx.o(RESET)
 <LI><a href="#[61]">CAN2_TX_IRQHandler</a> from startup_stm32f40xx.o(.text) referenced from startup_stm32f40xx.o(RESET)
 <LI><a href="#[71]">CRYP_IRQHandler</a> from startup_stm32f40xx.o(.text) referenced from startup_stm32f40xx.o(RESET)
 <LI><a href="#[70]">DCMI_IRQHandler</a> from startup_stm32f40xx.o(.text) referenced from startup_stm32f40xx.o(RESET)
 <LI><a href="#[2d]">DMA1_Stream0_IRQHandler</a> from startup_stm32f40xx.o(.text) referenced from startup_stm32f40xx.o(RESET)
 <LI><a href="#[2e]">DMA1_Stream1_IRQHandler</a> from startup_stm32f40xx.o(.text) referenced from startup_stm32f40xx.o(RESET)
 <LI><a href="#[2f]">DMA1_Stream2_IRQHandler</a> from startup_stm32f40xx.o(.text) referenced from startup_stm32f40xx.o(RESET)
 <LI><a href="#[30]">DMA1_Stream3_IRQHandler</a> from startup_stm32f40xx.o(.text) referenced from startup_stm32f40xx.o(RESET)
 <LI><a href="#[31]">DMA1_Stream4_IRQHandler</a> from startup_stm32f40xx.o(.text) referenced from startup_stm32f40xx.o(RESET)
 <LI><a href="#[32]">DMA1_Stream5_IRQHandler</a> from startup_stm32f40xx.o(.text) referenced from startup_stm32f40xx.o(RESET)
 <LI><a href="#[33]">DMA1_Stream6_IRQHandler</a> from startup_stm32f40xx.o(.text) referenced from startup_stm32f40xx.o(RESET)
 <LI><a href="#[51]">DMA1_Stream7_IRQHandler</a> from startup_stm32f40xx.o(.text) referenced from startup_stm32f40xx.o(RESET)
 <LI><a href="#[5a]">DMA2_Stream0_IRQHandler</a> from startup_stm32f40xx.o(.text) referenced from startup_stm32f40xx.o(RESET)
 <LI><a href="#[5b]">DMA2_Stream1_IRQHandler</a> from startup_stm32f40xx.o(.text) referenced from startup_stm32f40xx.o(RESET)
 <LI><a href="#[5c]">DMA2_Stream2_IRQHandler</a> from startup_stm32f40xx.o(.text) referenced from startup_stm32f40xx.o(RESET)
 <LI><a href="#[5d]">DMA2_Stream3_IRQHandler</a> from startup_stm32f40xx.o(.text) referenced from startup_stm32f40xx.o(RESET)
 <LI><a href="#[5e]">DMA2_Stream4_IRQHandler</a> from startup_stm32f40xx.o(.text) referenced from startup_stm32f40xx.o(RESET)
 <LI><a href="#[66]">DMA2_Stream5_IRQHandler</a> from startup_stm32f40xx.o(.text) referenced from startup_stm32f40xx.o(RESET)
 <LI><a href="#[67]">DMA2_Stream6_IRQHandler</a> from startup_stm32f40xx.o(.text) referenced from startup_stm32f40xx.o(RESET)
 <LI><a href="#[68]">DMA2_Stream7_IRQHandler</a> from startup_stm32f40xx.o(.text) referenced from startup_stm32f40xx.o(RESET)
 <LI><a href="#[1f]">DebugMon_Handler</a> from startup_stm32f40xx.o(.text) referenced from startup_stm32f40xx.o(RESET)
 <LI><a href="#[5f]">ETH_IRQHandler</a> from startup_stm32f40xx.o(.text) referenced from startup_stm32f40xx.o(RESET)
 <LI><a href="#[60]">ETH_WKUP_IRQHandler</a> from startup_stm32f40xx.o(.text) referenced from startup_stm32f40xx.o(RESET)
 <LI><a href="#[28]">EXTI0_IRQHandler</a> from startup_stm32f40xx.o(.text) referenced from startup_stm32f40xx.o(RESET)
 <LI><a href="#[4a]">EXTI15_10_IRQHandler</a> from startup_stm32f40xx.o(.text) referenced from startup_stm32f40xx.o(RESET)
 <LI><a href="#[29]">EXTI1_IRQHandler</a> from startup_stm32f40xx.o(.text) referenced from startup_stm32f40xx.o(RESET)
 <LI><a href="#[2a]">EXTI2_IRQHandler</a> from startup_stm32f40xx.o(.text) referenced from startup_stm32f40xx.o(RESET)
 <LI><a href="#[2b]">EXTI3_IRQHandler</a> from startup_stm32f40xx.o(.text) referenced from startup_stm32f40xx.o(RESET)
 <LI><a href="#[2c]">EXTI4_IRQHandler</a> from startup_stm32f40xx.o(.text) referenced from startup_stm32f40xx.o(RESET)
 <LI><a href="#[39]">EXTI9_5_IRQHandler</a> from startup_stm32f40xx.o(.text) referenced from startup_stm32f40xx.o(RESET)
 <LI><a href="#[26]">FLASH_IRQHandler</a> from startup_stm32f40xx.o(.text) referenced from startup_stm32f40xx.o(RESET)
 <LI><a href="#[73]">FPU_IRQHandler</a> from startup_stm32f40xx.o(.text) referenced from startup_stm32f40xx.o(RESET)
 <LI><a href="#[52]">FSMC_IRQHandler</a> from startup_stm32f40xx.o(.text) referenced from startup_stm32f40xx.o(RESET)
 <LI><a href="#[72]">HASH_RNG_IRQHandler</a> from startup_stm32f40xx.o(.text) referenced from startup_stm32f40xx.o(RESET)
 <LI><a href="#[1a]">HardFault_Handler</a> from stm32f4xx_it.o(i.HardFault_Handler) referenced from startup_stm32f40xx.o(RESET)
 <LI><a href="#[42]">I2C1_ER_IRQHandler</a> from startup_stm32f40xx.o(.text) referenced from startup_stm32f40xx.o(RESET)
 <LI><a href="#[41]">I2C1_EV_IRQHandler</a> from startup_stm32f40xx.o(.text) referenced from startup_stm32f40xx.o(RESET)
 <LI><a href="#[44]">I2C2_ER_IRQHandler</a> from startup_stm32f40xx.o(.text) referenced from startup_stm32f40xx.o(RESET)
 <LI><a href="#[43]">I2C2_EV_IRQHandler</a> from startup_stm32f40xx.o(.text) referenced from startup_stm32f40xx.o(RESET)
 <LI><a href="#[6b]">I2C3_ER_IRQHandler</a> from startup_stm32f40xx.o(.text) referenced from startup_stm32f40xx.o(RESET)
 <LI><a href="#[6a]">I2C3_EV_IRQHandler</a> from startup_stm32f40xx.o(.text) referenced from startup_stm32f40xx.o(RESET)
 <LI><a href="#[1b]">MemManage_Handler</a> from startup_stm32f40xx.o(.text) referenced from startup_stm32f40xx.o(RESET)
 <LI><a href="#[19]">NMI_Handler</a> from startup_stm32f40xx.o(.text) referenced from startup_stm32f40xx.o(RESET)
 <LI><a href="#[65]">OTG_FS_IRQHandler</a> from startup_stm32f40xx.o(.text) referenced from startup_stm32f40xx.o(RESET)
 <LI><a href="#[4c]">OTG_FS_WKUP_IRQHandler</a> from startup_stm32f40xx.o(.text) referenced from startup_stm32f40xx.o(RESET)
 <LI><a href="#[6d]">OTG_HS_EP1_IN_IRQHandler</a> from startup_stm32f40xx.o(.text) referenced from startup_stm32f40xx.o(RESET)
 <LI><a href="#[6c]">OTG_HS_EP1_OUT_IRQHandler</a> from startup_stm32f40xx.o(.text) referenced from startup_stm32f40xx.o(RESET)
 <LI><a href="#[6f]">OTG_HS_IRQHandler</a> from startup_stm32f40xx.o(.text) referenced from startup_stm32f40xx.o(RESET)
 <LI><a href="#[6e]">OTG_HS_WKUP_IRQHandler</a> from startup_stm32f40xx.o(.text) referenced from startup_stm32f40xx.o(RESET)
 <LI><a href="#[23]">PVD_IRQHandler</a> from startup_stm32f40xx.o(.text) referenced from startup_stm32f40xx.o(RESET)
 <LI><a href="#[20]">PendSV_Handler</a> from startup_stm32f40xx.o(.text) referenced from startup_stm32f40xx.o(RESET)
 <LI><a href="#[27]">RCC_IRQHandler</a> from startup_stm32f40xx.o(.text) referenced from startup_stm32f40xx.o(RESET)
 <LI><a href="#[4b]">RTC_Alarm_IRQHandler</a> from startup_stm32f40xx.o(.text) referenced from startup_stm32f40xx.o(RESET)
 <LI><a href="#[25]">RTC_WKUP_IRQHandler</a> from startup_stm32f40xx.o(.text) referenced from startup_stm32f40xx.o(RESET)
 <LI><a href="#[18]">Reset_Handler</a> from startup_stm32f40xx.o(.text) referenced from startup_stm32f40xx.o(RESET)
 <LI><a href="#[53]">SDIO_IRQHandler</a> from startup_stm32f40xx.o(.text) referenced from startup_stm32f40xx.o(RESET)
 <LI><a href="#[45]">SPI1_IRQHandler</a> from startup_stm32f40xx.o(.text) referenced from startup_stm32f40xx.o(RESET)
 <LI><a href="#[46]">SPI2_IRQHandler</a> from startup_stm32f40xx.o(.text) referenced from startup_stm32f40xx.o(RESET)
 <LI><a href="#[55]">SPI3_IRQHandler</a> from startup_stm32f40xx.o(.text) referenced from startup_stm32f40xx.o(RESET)
 <LI><a href="#[1e]">SVC_Handler</a> from startup_stm32f40xx.o(.text) referenced from startup_stm32f40xx.o(RESET)
 <LI><a href="#[21]">SysTick_Handler</a> from stm32f4xx_it.o(i.SysTick_Handler) referenced from startup_stm32f40xx.o(RESET)
 <LI><a href="#[75]">SystemInit</a> from system_stm32f4xx.o(i.SystemInit) referenced from startup_stm32f40xx.o(.text)
 <LI><a href="#[24]">TAMP_STAMP_IRQHandler</a> from startup_stm32f40xx.o(.text) referenced from startup_stm32f40xx.o(RESET)
 <LI><a href="#[3a]">TIM1_BRK_TIM9_IRQHandler</a> from startup_stm32f40xx.o(.text) referenced from startup_stm32f40xx.o(RESET)
 <LI><a href="#[3d]">TIM1_CC_IRQHandler</a> from startup_stm32f40xx.o(.text) referenced from startup_stm32f40xx.o(RESET)
 <LI><a href="#[3c]">TIM1_TRG_COM_TIM11_IRQHandler</a> from startup_stm32f40xx.o(.text) referenced from startup_stm32f40xx.o(RESET)
 <LI><a href="#[3b]">TIM1_UP_TIM10_IRQHandler</a> from startup_stm32f40xx.o(.text) referenced from startup_stm32f40xx.o(RESET)
 <LI><a href="#[3e]">TIM2_IRQHandler</a> from startup_stm32f40xx.o(.text) referenced from startup_stm32f40xx.o(RESET)
 <LI><a href="#[3f]">TIM3_IRQHandler</a> from startup_stm32f40xx.o(.text) referenced from startup_stm32f40xx.o(RESET)
 <LI><a href="#[40]">TIM4_IRQHandler</a> from startup_stm32f40xx.o(.text) referenced from startup_stm32f40xx.o(RESET)
 <LI><a href="#[54]">TIM5_IRQHandler</a> from startup_stm32f40xx.o(.text) referenced from startup_stm32f40xx.o(RESET)
 <LI><a href="#[58]">TIM6_DAC_IRQHandler</a> from startup_stm32f40xx.o(.text) referenced from startup_stm32f40xx.o(RESET)
 <LI><a href="#[59]">TIM7_IRQHandler</a> from startup_stm32f40xx.o(.text) referenced from startup_stm32f40xx.o(RESET)
 <LI><a href="#[4d]">TIM8_BRK_TIM12_IRQHandler</a> from startup_stm32f40xx.o(.text) referenced from startup_stm32f40xx.o(RESET)
 <LI><a href="#[50]">TIM8_CC_IRQHandler</a> from startup_stm32f40xx.o(.text) referenced from startup_stm32f40xx.o(RESET)
 <LI><a href="#[4f]">TIM8_TRG_COM_TIM14_IRQHandler</a> from startup_stm32f40xx.o(.text) referenced from startup_stm32f40xx.o(RESET)
 <LI><a href="#[4e]">TIM8_UP_TIM13_IRQHandler</a> from startup_stm32f40xx.o(.text) referenced from startup_stm32f40xx.o(RESET)
 <LI><a href="#[56]">UART4_IRQHandler</a> from startup_stm32f40xx.o(.text) referenced from startup_stm32f40xx.o(RESET)
 <LI><a href="#[57]">UART5_IRQHandler</a> from startup_stm32f40xx.o(.text) referenced from startup_stm32f40xx.o(RESET)
 <LI><a href="#[47]">USART1_IRQHandler</a> from startup_stm32f40xx.o(.text) referenced from startup_stm32f40xx.o(RESET)
 <LI><a href="#[48]">USART2_IRQHandler</a> from startup_stm32f40xx.o(.text) referenced from startup_stm32f40xx.o(RESET)
 <LI><a href="#[49]">USART3_IRQHandler</a> from startup_stm32f40xx.o(.text) referenced from startup_stm32f40xx.o(RESET)
 <LI><a href="#[69]">USART6_IRQHandler</a> from startup_stm32f40xx.o(.text) referenced from startup_stm32f40xx.o(RESET)
 <LI><a href="#[1d]">UsageFault_Handler</a> from stm32f4xx_it.o(i.UsageFault_Handler) referenced from startup_stm32f40xx.o(RESET)
 <LI><a href="#[22]">WWDG_IRQHandler</a> from startup_stm32f40xx.o(.text) referenced from startup_stm32f40xx.o(RESET)
 <LI><a href="#[76]">__main</a> from entry.o(.ARM.Collect$$$$00000000) referenced from startup_stm32f40xx.o(.text)
 <LI><a href="#[15]">drv_flash_W25Q128_control</a> from drv_spi_flash.o(i.drv_flash_W25Q128_control) referenced 2 times from drv_spi_flash.o(.data)
 <LI><a href="#[12]">drv_flash_W25Q128_init</a> from drv_spi_flash.o(i.drv_flash_W25Q128_init) referenced 2 times from drv_spi_flash.o(.data)
 <LI><a href="#[13]">drv_flash_W25Q128_read</a> from drv_spi_flash.o(i.drv_flash_W25Q128_read) referenced 2 times from drv_spi_flash.o(.data)
 <LI><a href="#[14]">drv_flash_W25Q128_write</a> from drv_spi_flash.o(i.drv_flash_W25Q128_write) referenced 2 times from drv_spi_flash.o(.data)
 <LI><a href="#[e]">drv_stm32_spi_bus_init</a> from drv_spi.o(i.drv_stm32_spi_bus_init) referenced 2 times from drv_spi.o(.data)
 <LI><a href="#[9]">drv_stm32_usart_bus_control</a> from drv_usart.o(i.drv_stm32_usart_bus_control) referenced 2 times from drv_usart.o(.data)
 <LI><a href="#[5]">drv_stm32_usart_bus_init</a> from drv_usart.o(i.drv_stm32_usart_bus_init) referenced 2 times from drv_usart.o(.data)
 <LI><a href="#[7]">drv_stm32_usart_recv</a> from drv_usart.o(i.drv_stm32_usart_recv) referenced 2 times from drv_usart.o(.data)
 <LI><a href="#[6]">drv_stm32_usart_send</a> from drv_usart.o(i.drv_stm32_usart_send) referenced 2 times from drv_usart.o(.data)
 <LI><a href="#[8]">dy_bus_control</a> from bus.o(i.dy_bus_control) referenced 2 times from drv_usart.o(.data)
 <LI><a href="#[11]">dy_stm32_spi_bus_control</a> from drv_spi.o(i.dy_stm32_spi_bus_control) referenced 2 times from drv_spi.o(.data)
 <LI><a href="#[10]">dy_stm32_spi_bus_full_duplex_recv</a> from drv_spi.o(i.dy_stm32_spi_bus_full_duplex_recv) referenced 2 times from drv_spi.o(.data)
 <LI><a href="#[f]">dy_stm32_spi_bus_full_duplex_send</a> from drv_spi.o(i.dy_stm32_spi_bus_full_duplex_send) referenced 2 times from drv_spi.o(.data)
 <LI><a href="#[77]">fputc</a> from drv_serial.o(i.fputc) referenced from printf8.o(i.__0printf$8)
 <LI><a href="#[78]">key1_timer_callback</a> from drv_key.o(i.key1_timer_callback) referenced from main.o(i.app_init)
 <LI><a href="#[4]">key_control</a> from drv_key.o(i.key_control) referenced 2 times from drv_key.o(.data)
 <LI><a href="#[7a]">key_event_handler</a> from main.o(i.key_event_handler) referenced from main.o(i.app_init)
 <LI><a href="#[2]">key_init</a> from drv_key.o(i.key_init) referenced 2 times from drv_key.o(.data)
 <LI><a href="#[3]">key_read</a> from drv_key.o(i.key_read) referenced 2 times from drv_key.o(.data)
 <LI><a href="#[1]">led_control</a> from drv_led.o(i.led_control) referenced 2 times from drv_led.o(.data)
 <LI><a href="#[0]">led_init</a> from drv_led.o(i.led_init) referenced 2 times from drv_led.o(.data)
 <LI><a href="#[74]">main</a> from main.o(i.main) referenced from entry9a.o(.ARM.Collect$$$$0000000B)
 <LI><a href="#[17]">rtc_control</a> from drv_rtc.o(i.rtc_control) referenced 2 times from drv_rtc.o(.data)
 <LI><a href="#[16]">rtc_init</a> from drv_rtc.o(i.rtc_init) referenced 2 times from drv_rtc.o(.data)
 <LI><a href="#[79]">rtc_time_test</a> from main.o(i.rtc_time_test) referenced from main.o(i.app_init)
 <LI><a href="#[d]">serial_control</a> from drv_serial.o(i.serial_control) referenced 2 times from drv_serial.o(.data)
 <LI><a href="#[a]">serial_init</a> from drv_serial.o(i.serial_init) referenced 2 times from drv_serial.o(.data)
 <LI><a href="#[b]">serial_read</a> from drv_serial.o(i.serial_read) referenced 2 times from drv_serial.o(.data)
 <LI><a href="#[c]">serial_write</a> from drv_serial.o(i.serial_write) referenced 2 times from drv_serial.o(.data)
</UL>
<P>
<H3>
Global Symbols
</H3>
<P><STRONG><a name="[76]"></a>__main</STRONG> (Thumb, 0 bytes, Stack size unknown bytes, entry.o(.ARM.Collect$$$$00000000))
<BR>[Address Reference Count : 1]<UL><LI> startup_stm32f40xx.o(.text)
</UL>
<P><STRONG><a name="[ea]"></a>_main_stk</STRONG> (Thumb, 0 bytes, Stack size unknown bytes, entry2.o(.ARM.Collect$$$$00000001))

<P><STRONG><a name="[7b]"></a>_main_scatterload</STRONG> (Thumb, 0 bytes, Stack size unknown bytes, entry5.o(.ARM.Collect$$$$00000004))
<BR><BR>[Calls]<UL><LI><a href="#[7c]">&gt;&gt;</a>&nbsp;&nbsp;&nbsp;__scatterload
</UL>

<P><STRONG><a name="[80]"></a>__main_after_scatterload</STRONG> (Thumb, 0 bytes, Stack size unknown bytes, entry5.o(.ARM.Collect$$$$00000004))
<BR><BR>[Called By]<UL><LI><a href="#[7c]">&gt;&gt;</a>&nbsp;&nbsp;&nbsp;__scatterload
</UL>

<P><STRONG><a name="[eb]"></a>_main_clock</STRONG> (Thumb, 0 bytes, Stack size unknown bytes, entry7b.o(.ARM.Collect$$$$00000008))

<P><STRONG><a name="[ec]"></a>_main_cpp_init</STRONG> (Thumb, 0 bytes, Stack size unknown bytes, entry8b.o(.ARM.Collect$$$$0000000A))

<P><STRONG><a name="[ed]"></a>_main_init</STRONG> (Thumb, 0 bytes, Stack size unknown bytes, entry9a.o(.ARM.Collect$$$$0000000B))

<P><STRONG><a name="[ee]"></a>__rt_lib_shutdown_fini</STRONG> (Thumb, 0 bytes, Stack size unknown bytes, entry12b.o(.ARM.Collect$$$$0000000E))

<P><STRONG><a name="[ef]"></a>__rt_final_cpp</STRONG> (Thumb, 0 bytes, Stack size unknown bytes, entry10a.o(.ARM.Collect$$$$0000000F))

<P><STRONG><a name="[f0]"></a>__rt_final_exit</STRONG> (Thumb, 0 bytes, Stack size unknown bytes, entry11a.o(.ARM.Collect$$$$00000011))

<P><STRONG><a name="[18]"></a>Reset_Handler</STRONG> (Thumb, 8 bytes, Stack size 0 bytes, startup_stm32f40xx.o(.text))
<BR>[Address Reference Count : 1]<UL><LI> startup_stm32f40xx.o(RESET)
</UL>
<P><STRONG><a name="[19]"></a>NMI_Handler</STRONG> (Thumb, 2 bytes, Stack size 0 bytes, startup_stm32f40xx.o(.text))
<BR><BR>[Calls]<UL><LI><a href="#[19]">&gt;&gt;</a>&nbsp;&nbsp;&nbsp;NMI_Handler
</UL>
<BR>[Called By]<UL><LI><a href="#[19]">&gt;&gt;</a>&nbsp;&nbsp;&nbsp;NMI_Handler
</UL>
<BR>[Address Reference Count : 1]<UL><LI> startup_stm32f40xx.o(RESET)
</UL>
<P><STRONG><a name="[1b]"></a>MemManage_Handler</STRONG> (Thumb, 2 bytes, Stack size 0 bytes, startup_stm32f40xx.o(.text))
<BR><BR>[Calls]<UL><LI><a href="#[1b]">&gt;&gt;</a>&nbsp;&nbsp;&nbsp;MemManage_Handler
</UL>
<BR>[Called By]<UL><LI><a href="#[1b]">&gt;&gt;</a>&nbsp;&nbsp;&nbsp;MemManage_Handler
</UL>
<BR>[Address Reference Count : 1]<UL><LI> startup_stm32f40xx.o(RESET)
</UL>
<P><STRONG><a name="[1e]"></a>SVC_Handler</STRONG> (Thumb, 2 bytes, Stack size 0 bytes, startup_stm32f40xx.o(.text))
<BR><BR>[Calls]<UL><LI><a href="#[1e]">&gt;&gt;</a>&nbsp;&nbsp;&nbsp;SVC_Handler
</UL>
<BR>[Called By]<UL><LI><a href="#[1e]">&gt;&gt;</a>&nbsp;&nbsp;&nbsp;SVC_Handler
</UL>
<BR>[Address Reference Count : 1]<UL><LI> startup_stm32f40xx.o(RESET)
</UL>
<P><STRONG><a name="[1f]"></a>DebugMon_Handler</STRONG> (Thumb, 2 bytes, Stack size 0 bytes, startup_stm32f40xx.o(.text))
<BR><BR>[Calls]<UL><LI><a href="#[1f]">&gt;&gt;</a>&nbsp;&nbsp;&nbsp;DebugMon_Handler
</UL>
<BR>[Called By]<UL><LI><a href="#[1f]">&gt;&gt;</a>&nbsp;&nbsp;&nbsp;DebugMon_Handler
</UL>
<BR>[Address Reference Count : 1]<UL><LI> startup_stm32f40xx.o(RESET)
</UL>
<P><STRONG><a name="[20]"></a>PendSV_Handler</STRONG> (Thumb, 2 bytes, Stack size 0 bytes, startup_stm32f40xx.o(.text))
<BR><BR>[Calls]<UL><LI><a href="#[20]">&gt;&gt;</a>&nbsp;&nbsp;&nbsp;PendSV_Handler
</UL>
<BR>[Called By]<UL><LI><a href="#[20]">&gt;&gt;</a>&nbsp;&nbsp;&nbsp;PendSV_Handler
</UL>
<BR>[Address Reference Count : 1]<UL><LI> startup_stm32f40xx.o(RESET)
</UL>
<P><STRONG><a name="[34]"></a>ADC_IRQHandler</STRONG> (Thumb, 0 bytes, Stack size 0 bytes, startup_stm32f40xx.o(.text))
<BR><BR>[Calls]<UL><LI><a href="#[34]">&gt;&gt;</a>&nbsp;&nbsp;&nbsp;ADC_IRQHandler
</UL>
<BR>[Called By]<UL><LI><a href="#[34]">&gt;&gt;</a>&nbsp;&nbsp;&nbsp;ADC_IRQHandler
</UL>
<BR>[Address Reference Count : 1]<UL><LI> startup_stm32f40xx.o(RESET)
</UL>
<P><STRONG><a name="[36]"></a>CAN1_RX0_IRQHandler</STRONG> (Thumb, 0 bytes, Stack size 0 bytes, startup_stm32f40xx.o(.text))
<BR>[Address Reference Count : 1]<UL><LI> startup_stm32f40xx.o(RESET)
</UL>
<P><STRONG><a name="[37]"></a>CAN1_RX1_IRQHandler</STRONG> (Thumb, 0 bytes, Stack size 0 bytes, startup_stm32f40xx.o(.text))
<BR>[Address Reference Count : 1]<UL><LI> startup_stm32f40xx.o(RESET)
</UL>
<P><STRONG><a name="[38]"></a>CAN1_SCE_IRQHandler</STRONG> (Thumb, 0 bytes, Stack size 0 bytes, startup_stm32f40xx.o(.text))
<BR>[Address Reference Count : 1]<UL><LI> startup_stm32f40xx.o(RESET)
</UL>
<P><STRONG><a name="[35]"></a>CAN1_TX_IRQHandler</STRONG> (Thumb, 0 bytes, Stack size 0 bytes, startup_stm32f40xx.o(.text))
<BR>[Address Reference Count : 1]<UL><LI> startup_stm32f40xx.o(RESET)
</UL>
<P><STRONG><a name="[62]"></a>CAN2_RX0_IRQHandler</STRONG> (Thumb, 0 bytes, Stack size 0 bytes, startup_stm32f40xx.o(.text))
<BR>[Address Reference Count : 1]<UL><LI> startup_stm32f40xx.o(RESET)
</UL>
<P><STRONG><a name="[63]"></a>CAN2_RX1_IRQHandler</STRONG> (Thumb, 0 bytes, Stack size 0 bytes, startup_stm32f40xx.o(.text))
<BR>[Address Reference Count : 1]<UL><LI> startup_stm32f40xx.o(RESET)
</UL>
<P><STRONG><a name="[64]"></a>CAN2_SCE_IRQHandler</STRONG> (Thumb, 0 bytes, Stack size 0 bytes, startup_stm32f40xx.o(.text))
<BR>[Address Reference Count : 1]<UL><LI> startup_stm32f40xx.o(RESET)
</UL>
<P><STRONG><a name="[61]"></a>CAN2_TX_IRQHandler</STRONG> (Thumb, 0 bytes, Stack size 0 bytes, startup_stm32f40xx.o(.text))
<BR>[Address Reference Count : 1]<UL><LI> startup_stm32f40xx.o(RESET)
</UL>
<P><STRONG><a name="[71]"></a>CRYP_IRQHandler</STRONG> (Thumb, 0 bytes, Stack size 0 bytes, startup_stm32f40xx.o(.text))
<BR>[Address Reference Count : 1]<UL><LI> startup_stm32f40xx.o(RESET)
</UL>
<P><STRONG><a name="[70]"></a>DCMI_IRQHandler</STRONG> (Thumb, 0 bytes, Stack size 0 bytes, startup_stm32f40xx.o(.text))
<BR>[Address Reference Count : 1]<UL><LI> startup_stm32f40xx.o(RESET)
</UL>
<P><STRONG><a name="[2d]"></a>DMA1_Stream0_IRQHandler</STRONG> (Thumb, 0 bytes, Stack size 0 bytes, startup_stm32f40xx.o(.text))
<BR>[Address Reference Count : 1]<UL><LI> startup_stm32f40xx.o(RESET)
</UL>
<P><STRONG><a name="[2e]"></a>DMA1_Stream1_IRQHandler</STRONG> (Thumb, 0 bytes, Stack size 0 bytes, startup_stm32f40xx.o(.text))
<BR>[Address Reference Count : 1]<UL><LI> startup_stm32f40xx.o(RESET)
</UL>
<P><STRONG><a name="[2f]"></a>DMA1_Stream2_IRQHandler</STRONG> (Thumb, 0 bytes, Stack size 0 bytes, startup_stm32f40xx.o(.text))
<BR>[Address Reference Count : 1]<UL><LI> startup_stm32f40xx.o(RESET)
</UL>
<P><STRONG><a name="[30]"></a>DMA1_Stream3_IRQHandler</STRONG> (Thumb, 0 bytes, Stack size 0 bytes, startup_stm32f40xx.o(.text))
<BR>[Address Reference Count : 1]<UL><LI> startup_stm32f40xx.o(RESET)
</UL>
<P><STRONG><a name="[31]"></a>DMA1_Stream4_IRQHandler</STRONG> (Thumb, 0 bytes, Stack size 0 bytes, startup_stm32f40xx.o(.text))
<BR>[Address Reference Count : 1]<UL><LI> startup_stm32f40xx.o(RESET)
</UL>
<P><STRONG><a name="[32]"></a>DMA1_Stream5_IRQHandler</STRONG> (Thumb, 0 bytes, Stack size 0 bytes, startup_stm32f40xx.o(.text))
<BR>[Address Reference Count : 1]<UL><LI> startup_stm32f40xx.o(RESET)
</UL>
<P><STRONG><a name="[33]"></a>DMA1_Stream6_IRQHandler</STRONG> (Thumb, 0 bytes, Stack size 0 bytes, startup_stm32f40xx.o(.text))
<BR>[Address Reference Count : 1]<UL><LI> startup_stm32f40xx.o(RESET)
</UL>
<P><STRONG><a name="[51]"></a>DMA1_Stream7_IRQHandler</STRONG> (Thumb, 0 bytes, Stack size 0 bytes, startup_stm32f40xx.o(.text))
<BR>[Address Reference Count : 1]<UL><LI> startup_stm32f40xx.o(RESET)
</UL>
<P><STRONG><a name="[5a]"></a>DMA2_Stream0_IRQHandler</STRONG> (Thumb, 0 bytes, Stack size 0 bytes, startup_stm32f40xx.o(.text))
<BR>[Address Reference Count : 1]<UL><LI> startup_stm32f40xx.o(RESET)
</UL>
<P><STRONG><a name="[5b]"></a>DMA2_Stream1_IRQHandler</STRONG> (Thumb, 0 bytes, Stack size 0 bytes, startup_stm32f40xx.o(.text))
<BR>[Address Reference Count : 1]<UL><LI> startup_stm32f40xx.o(RESET)
</UL>
<P><STRONG><a name="[5c]"></a>DMA2_Stream2_IRQHandler</STRONG> (Thumb, 0 bytes, Stack size 0 bytes, startup_stm32f40xx.o(.text))
<BR>[Address Reference Count : 1]<UL><LI> startup_stm32f40xx.o(RESET)
</UL>
<P><STRONG><a name="[5d]"></a>DMA2_Stream3_IRQHandler</STRONG> (Thumb, 0 bytes, Stack size 0 bytes, startup_stm32f40xx.o(.text))
<BR>[Address Reference Count : 1]<UL><LI> startup_stm32f40xx.o(RESET)
</UL>
<P><STRONG><a name="[5e]"></a>DMA2_Stream4_IRQHandler</STRONG> (Thumb, 0 bytes, Stack size 0 bytes, startup_stm32f40xx.o(.text))
<BR>[Address Reference Count : 1]<UL><LI> startup_stm32f40xx.o(RESET)
</UL>
<P><STRONG><a name="[66]"></a>DMA2_Stream5_IRQHandler</STRONG> (Thumb, 0 bytes, Stack size 0 bytes, startup_stm32f40xx.o(.text))
<BR>[Address Reference Count : 1]<UL><LI> startup_stm32f40xx.o(RESET)
</UL>
<P><STRONG><a name="[67]"></a>DMA2_Stream6_IRQHandler</STRONG> (Thumb, 0 bytes, Stack size 0 bytes, startup_stm32f40xx.o(.text))
<BR>[Address Reference Count : 1]<UL><LI> startup_stm32f40xx.o(RESET)
</UL>
<P><STRONG><a name="[68]"></a>DMA2_Stream7_IRQHandler</STRONG> (Thumb, 0 bytes, Stack size 0 bytes, startup_stm32f40xx.o(.text))
<BR>[Address Reference Count : 1]<UL><LI> startup_stm32f40xx.o(RESET)
</UL>
<P><STRONG><a name="[5f]"></a>ETH_IRQHandler</STRONG> (Thumb, 0 bytes, Stack size 0 bytes, startup_stm32f40xx.o(.text))
<BR>[Address Reference Count : 1]<UL><LI> startup_stm32f40xx.o(RESET)
</UL>
<P><STRONG><a name="[60]"></a>ETH_WKUP_IRQHandler</STRONG> (Thumb, 0 bytes, Stack size 0 bytes, startup_stm32f40xx.o(.text))
<BR>[Address Reference Count : 1]<UL><LI> startup_stm32f40xx.o(RESET)
</UL>
<P><STRONG><a name="[28]"></a>EXTI0_IRQHandler</STRONG> (Thumb, 0 bytes, Stack size 0 bytes, startup_stm32f40xx.o(.text))
<BR>[Address Reference Count : 1]<UL><LI> startup_stm32f40xx.o(RESET)
</UL>
<P><STRONG><a name="[4a]"></a>EXTI15_10_IRQHandler</STRONG> (Thumb, 0 bytes, Stack size 0 bytes, startup_stm32f40xx.o(.text))
<BR>[Address Reference Count : 1]<UL><LI> startup_stm32f40xx.o(RESET)
</UL>
<P><STRONG><a name="[29]"></a>EXTI1_IRQHandler</STRONG> (Thumb, 0 bytes, Stack size 0 bytes, startup_stm32f40xx.o(.text))
<BR>[Address Reference Count : 1]<UL><LI> startup_stm32f40xx.o(RESET)
</UL>
<P><STRONG><a name="[2a]"></a>EXTI2_IRQHandler</STRONG> (Thumb, 0 bytes, Stack size 0 bytes, startup_stm32f40xx.o(.text))
<BR>[Address Reference Count : 1]<UL><LI> startup_stm32f40xx.o(RESET)
</UL>
<P><STRONG><a name="[2b]"></a>EXTI3_IRQHandler</STRONG> (Thumb, 0 bytes, Stack size 0 bytes, startup_stm32f40xx.o(.text))
<BR>[Address Reference Count : 1]<UL><LI> startup_stm32f40xx.o(RESET)
</UL>
<P><STRONG><a name="[2c]"></a>EXTI4_IRQHandler</STRONG> (Thumb, 0 bytes, Stack size 0 bytes, startup_stm32f40xx.o(.text))
<BR>[Address Reference Count : 1]<UL><LI> startup_stm32f40xx.o(RESET)
</UL>
<P><STRONG><a name="[39]"></a>EXTI9_5_IRQHandler</STRONG> (Thumb, 0 bytes, Stack size 0 bytes, startup_stm32f40xx.o(.text))
<BR>[Address Reference Count : 1]<UL><LI> startup_stm32f40xx.o(RESET)
</UL>
<P><STRONG><a name="[26]"></a>FLASH_IRQHandler</STRONG> (Thumb, 0 bytes, Stack size 0 bytes, startup_stm32f40xx.o(.text))
<BR>[Address Reference Count : 1]<UL><LI> startup_stm32f40xx.o(RESET)
</UL>
<P><STRONG><a name="[73]"></a>FPU_IRQHandler</STRONG> (Thumb, 0 bytes, Stack size 0 bytes, startup_stm32f40xx.o(.text))
<BR>[Address Reference Count : 1]<UL><LI> startup_stm32f40xx.o(RESET)
</UL>
<P><STRONG><a name="[52]"></a>FSMC_IRQHandler</STRONG> (Thumb, 0 bytes, Stack size 0 bytes, startup_stm32f40xx.o(.text))
<BR>[Address Reference Count : 1]<UL><LI> startup_stm32f40xx.o(RESET)
</UL>
<P><STRONG><a name="[72]"></a>HASH_RNG_IRQHandler</STRONG> (Thumb, 0 bytes, Stack size 0 bytes, startup_stm32f40xx.o(.text))
<BR>[Address Reference Count : 1]<UL><LI> startup_stm32f40xx.o(RESET)
</UL>
<P><STRONG><a name="[42]"></a>I2C1_ER_IRQHandler</STRONG> (Thumb, 0 bytes, Stack size 0 bytes, startup_stm32f40xx.o(.text))
<BR>[Address Reference Count : 1]<UL><LI> startup_stm32f40xx.o(RESET)
</UL>
<P><STRONG><a name="[41]"></a>I2C1_EV_IRQHandler</STRONG> (Thumb, 0 bytes, Stack size 0 bytes, startup_stm32f40xx.o(.text))
<BR>[Address Reference Count : 1]<UL><LI> startup_stm32f40xx.o(RESET)
</UL>
<P><STRONG><a name="[44]"></a>I2C2_ER_IRQHandler</STRONG> (Thumb, 0 bytes, Stack size 0 bytes, startup_stm32f40xx.o(.text))
<BR>[Address Reference Count : 1]<UL><LI> startup_stm32f40xx.o(RESET)
</UL>
<P><STRONG><a name="[43]"></a>I2C2_EV_IRQHandler</STRONG> (Thumb, 0 bytes, Stack size 0 bytes, startup_stm32f40xx.o(.text))
<BR>[Address Reference Count : 1]<UL><LI> startup_stm32f40xx.o(RESET)
</UL>
<P><STRONG><a name="[6b]"></a>I2C3_ER_IRQHandler</STRONG> (Thumb, 0 bytes, Stack size 0 bytes, startup_stm32f40xx.o(.text))
<BR>[Address Reference Count : 1]<UL><LI> startup_stm32f40xx.o(RESET)
</UL>
<P><STRONG><a name="[6a]"></a>I2C3_EV_IRQHandler</STRONG> (Thumb, 0 bytes, Stack size 0 bytes, startup_stm32f40xx.o(.text))
<BR>[Address Reference Count : 1]<UL><LI> startup_stm32f40xx.o(RESET)
</UL>
<P><STRONG><a name="[65]"></a>OTG_FS_IRQHandler</STRONG> (Thumb, 0 bytes, Stack size 0 bytes, startup_stm32f40xx.o(.text))
<BR>[Address Reference Count : 1]<UL><LI> startup_stm32f40xx.o(RESET)
</UL>
<P><STRONG><a name="[4c]"></a>OTG_FS_WKUP_IRQHandler</STRONG> (Thumb, 0 bytes, Stack size 0 bytes, startup_stm32f40xx.o(.text))
<BR>[Address Reference Count : 1]<UL><LI> startup_stm32f40xx.o(RESET)
</UL>
<P><STRONG><a name="[6d]"></a>OTG_HS_EP1_IN_IRQHandler</STRONG> (Thumb, 0 bytes, Stack size 0 bytes, startup_stm32f40xx.o(.text))
<BR>[Address Reference Count : 1]<UL><LI> startup_stm32f40xx.o(RESET)
</UL>
<P><STRONG><a name="[6c]"></a>OTG_HS_EP1_OUT_IRQHandler</STRONG> (Thumb, 0 bytes, Stack size 0 bytes, startup_stm32f40xx.o(.text))
<BR>[Address Reference Count : 1]<UL><LI> startup_stm32f40xx.o(RESET)
</UL>
<P><STRONG><a name="[6f]"></a>OTG_HS_IRQHandler</STRONG> (Thumb, 0 bytes, Stack size 0 bytes, startup_stm32f40xx.o(.text))
<BR>[Address Reference Count : 1]<UL><LI> startup_stm32f40xx.o(RESET)
</UL>
<P><STRONG><a name="[6e]"></a>OTG_HS_WKUP_IRQHandler</STRONG> (Thumb, 0 bytes, Stack size 0 bytes, startup_stm32f40xx.o(.text))
<BR>[Address Reference Count : 1]<UL><LI> startup_stm32f40xx.o(RESET)
</UL>
<P><STRONG><a name="[23]"></a>PVD_IRQHandler</STRONG> (Thumb, 0 bytes, Stack size 0 bytes, startup_stm32f40xx.o(.text))
<BR>[Address Reference Count : 1]<UL><LI> startup_stm32f40xx.o(RESET)
</UL>
<P><STRONG><a name="[27]"></a>RCC_IRQHandler</STRONG> (Thumb, 0 bytes, Stack size 0 bytes, startup_stm32f40xx.o(.text))
<BR>[Address Reference Count : 1]<UL><LI> startup_stm32f40xx.o(RESET)
</UL>
<P><STRONG><a name="[4b]"></a>RTC_Alarm_IRQHandler</STRONG> (Thumb, 0 bytes, Stack size 0 bytes, startup_stm32f40xx.o(.text))
<BR>[Address Reference Count : 1]<UL><LI> startup_stm32f40xx.o(RESET)
</UL>
<P><STRONG><a name="[25]"></a>RTC_WKUP_IRQHandler</STRONG> (Thumb, 0 bytes, Stack size 0 bytes, startup_stm32f40xx.o(.text))
<BR>[Address Reference Count : 1]<UL><LI> startup_stm32f40xx.o(RESET)
</UL>
<P><STRONG><a name="[53]"></a>SDIO_IRQHandler</STRONG> (Thumb, 0 bytes, Stack size 0 bytes, startup_stm32f40xx.o(.text))
<BR>[Address Reference Count : 1]<UL><LI> startup_stm32f40xx.o(RESET)
</UL>
<P><STRONG><a name="[45]"></a>SPI1_IRQHandler</STRONG> (Thumb, 0 bytes, Stack size 0 bytes, startup_stm32f40xx.o(.text))
<BR>[Address Reference Count : 1]<UL><LI> startup_stm32f40xx.o(RESET)
</UL>
<P><STRONG><a name="[46]"></a>SPI2_IRQHandler</STRONG> (Thumb, 0 bytes, Stack size 0 bytes, startup_stm32f40xx.o(.text))
<BR>[Address Reference Count : 1]<UL><LI> startup_stm32f40xx.o(RESET)
</UL>
<P><STRONG><a name="[55]"></a>SPI3_IRQHandler</STRONG> (Thumb, 0 bytes, Stack size 0 bytes, startup_stm32f40xx.o(.text))
<BR>[Address Reference Count : 1]<UL><LI> startup_stm32f40xx.o(RESET)
</UL>
<P><STRONG><a name="[24]"></a>TAMP_STAMP_IRQHandler</STRONG> (Thumb, 0 bytes, Stack size 0 bytes, startup_stm32f40xx.o(.text))
<BR>[Address Reference Count : 1]<UL><LI> startup_stm32f40xx.o(RESET)
</UL>
<P><STRONG><a name="[3a]"></a>TIM1_BRK_TIM9_IRQHandler</STRONG> (Thumb, 0 bytes, Stack size 0 bytes, startup_stm32f40xx.o(.text))
<BR>[Address Reference Count : 1]<UL><LI> startup_stm32f40xx.o(RESET)
</UL>
<P><STRONG><a name="[3d]"></a>TIM1_CC_IRQHandler</STRONG> (Thumb, 0 bytes, Stack size 0 bytes, startup_stm32f40xx.o(.text))
<BR>[Address Reference Count : 1]<UL><LI> startup_stm32f40xx.o(RESET)
</UL>
<P><STRONG><a name="[3c]"></a>TIM1_TRG_COM_TIM11_IRQHandler</STRONG> (Thumb, 0 bytes, Stack size 0 bytes, startup_stm32f40xx.o(.text))
<BR>[Address Reference Count : 1]<UL><LI> startup_stm32f40xx.o(RESET)
</UL>
<P><STRONG><a name="[3b]"></a>TIM1_UP_TIM10_IRQHandler</STRONG> (Thumb, 0 bytes, Stack size 0 bytes, startup_stm32f40xx.o(.text))
<BR>[Address Reference Count : 1]<UL><LI> startup_stm32f40xx.o(RESET)
</UL>
<P><STRONG><a name="[3e]"></a>TIM2_IRQHandler</STRONG> (Thumb, 0 bytes, Stack size 0 bytes, startup_stm32f40xx.o(.text))
<BR>[Address Reference Count : 1]<UL><LI> startup_stm32f40xx.o(RESET)
</UL>
<P><STRONG><a name="[3f]"></a>TIM3_IRQHandler</STRONG> (Thumb, 0 bytes, Stack size 0 bytes, startup_stm32f40xx.o(.text))
<BR>[Address Reference Count : 1]<UL><LI> startup_stm32f40xx.o(RESET)
</UL>
<P><STRONG><a name="[40]"></a>TIM4_IRQHandler</STRONG> (Thumb, 0 bytes, Stack size 0 bytes, startup_stm32f40xx.o(.text))
<BR>[Address Reference Count : 1]<UL><LI> startup_stm32f40xx.o(RESET)
</UL>
<P><STRONG><a name="[54]"></a>TIM5_IRQHandler</STRONG> (Thumb, 0 bytes, Stack size 0 bytes, startup_stm32f40xx.o(.text))
<BR>[Address Reference Count : 1]<UL><LI> startup_stm32f40xx.o(RESET)
</UL>
<P><STRONG><a name="[58]"></a>TIM6_DAC_IRQHandler</STRONG> (Thumb, 0 bytes, Stack size 0 bytes, startup_stm32f40xx.o(.text))
<BR>[Address Reference Count : 1]<UL><LI> startup_stm32f40xx.o(RESET)
</UL>
<P><STRONG><a name="[59]"></a>TIM7_IRQHandler</STRONG> (Thumb, 0 bytes, Stack size 0 bytes, startup_stm32f40xx.o(.text))
<BR>[Address Reference Count : 1]<UL><LI> startup_stm32f40xx.o(RESET)
</UL>
<P><STRONG><a name="[4d]"></a>TIM8_BRK_TIM12_IRQHandler</STRONG> (Thumb, 0 bytes, Stack size 0 bytes, startup_stm32f40xx.o(.text))
<BR>[Address Reference Count : 1]<UL><LI> startup_stm32f40xx.o(RESET)
</UL>
<P><STRONG><a name="[50]"></a>TIM8_CC_IRQHandler</STRONG> (Thumb, 0 bytes, Stack size 0 bytes, startup_stm32f40xx.o(.text))
<BR>[Address Reference Count : 1]<UL><LI> startup_stm32f40xx.o(RESET)
</UL>
<P><STRONG><a name="[4f]"></a>TIM8_TRG_COM_TIM14_IRQHandler</STRONG> (Thumb, 0 bytes, Stack size 0 bytes, startup_stm32f40xx.o(.text))
<BR>[Address Reference Count : 1]<UL><LI> startup_stm32f40xx.o(RESET)
</UL>
<P><STRONG><a name="[4e]"></a>TIM8_UP_TIM13_IRQHandler</STRONG> (Thumb, 0 bytes, Stack size 0 bytes, startup_stm32f40xx.o(.text))
<BR>[Address Reference Count : 1]<UL><LI> startup_stm32f40xx.o(RESET)
</UL>
<P><STRONG><a name="[56]"></a>UART4_IRQHandler</STRONG> (Thumb, 0 bytes, Stack size 0 bytes, startup_stm32f40xx.o(.text))
<BR>[Address Reference Count : 1]<UL><LI> startup_stm32f40xx.o(RESET)
</UL>
<P><STRONG><a name="[57]"></a>UART5_IRQHandler</STRONG> (Thumb, 0 bytes, Stack size 0 bytes, startup_stm32f40xx.o(.text))
<BR>[Address Reference Count : 1]<UL><LI> startup_stm32f40xx.o(RESET)
</UL>
<P><STRONG><a name="[47]"></a>USART1_IRQHandler</STRONG> (Thumb, 0 bytes, Stack size 0 bytes, startup_stm32f40xx.o(.text))
<BR>[Address Reference Count : 1]<UL><LI> startup_stm32f40xx.o(RESET)
</UL>
<P><STRONG><a name="[48]"></a>USART2_IRQHandler</STRONG> (Thumb, 0 bytes, Stack size 0 bytes, startup_stm32f40xx.o(.text))
<BR>[Address Reference Count : 1]<UL><LI> startup_stm32f40xx.o(RESET)
</UL>
<P><STRONG><a name="[49]"></a>USART3_IRQHandler</STRONG> (Thumb, 0 bytes, Stack size 0 bytes, startup_stm32f40xx.o(.text))
<BR>[Address Reference Count : 1]<UL><LI> startup_stm32f40xx.o(RESET)
</UL>
<P><STRONG><a name="[69]"></a>USART6_IRQHandler</STRONG> (Thumb, 0 bytes, Stack size 0 bytes, startup_stm32f40xx.o(.text))
<BR>[Address Reference Count : 1]<UL><LI> startup_stm32f40xx.o(RESET)
</UL>
<P><STRONG><a name="[22]"></a>WWDG_IRQHandler</STRONG> (Thumb, 0 bytes, Stack size 0 bytes, startup_stm32f40xx.o(.text))
<BR>[Address Reference Count : 1]<UL><LI> startup_stm32f40xx.o(RESET)
</UL>
<P><STRONG><a name="[b5]"></a>__aeabi_memcpy</STRONG> (Thumb, 36 bytes, Stack size 0 bytes, memcpya.o(.text))
<BR><BR>[Called By]<UL><LI><a href="#[b4]">&gt;&gt;</a>&nbsp;&nbsp;&nbsp;drv_flash_W25Q128_single_sector_write
</UL>

<P><STRONG><a name="[f1]"></a>__aeabi_memcpy4</STRONG> (Thumb, 0 bytes, Stack size 0 bytes, memcpya.o(.text), UNUSED)

<P><STRONG><a name="[f2]"></a>__aeabi_memcpy8</STRONG> (Thumb, 0 bytes, Stack size 0 bytes, memcpya.o(.text), UNUSED)

<P><STRONG><a name="[bc]"></a>strncpy</STRONG> (Thumb, 24 bytes, Stack size 8 bytes, strncpy.o(.text))
<BR><BR>[Stack]<UL><LI>Max Depth = 8<LI>Call Chain = strncpy
</UL>
<BR>[Called By]<UL><LI><a href="#[a3]">&gt;&gt;</a>&nbsp;&nbsp;&nbsp;drv_led_init
</UL>

<P><STRONG><a name="[cf]"></a>strcmp</STRONG> (Thumb, 28 bytes, Stack size 8 bytes, strcmp.o(.text))
<BR><BR>[Stack]<UL><LI>Max Depth = 8<LI>Call Chain = strcmp
</UL>
<BR>[Called By]<UL><LI><a href="#[d2]">&gt;&gt;</a>&nbsp;&nbsp;&nbsp;dy_find_device
<LI><a href="#[bf]">&gt;&gt;</a>&nbsp;&nbsp;&nbsp;dy_bus_register
<LI><a href="#[bd]">&gt;&gt;</a>&nbsp;&nbsp;&nbsp;dy_bus_find
<LI><a href="#[be]">&gt;&gt;</a>&nbsp;&nbsp;&nbsp;dy_bus_attach_device
</UL>

<P><STRONG><a name="[ba]"></a>strcpy</STRONG> (Thumb, 18 bytes, Stack size 0 bytes, strcpy.o(.text))
<BR><BR>[Called By]<UL><LI><a href="#[8]">&gt;&gt;</a>&nbsp;&nbsp;&nbsp;dy_bus_control
<LI><a href="#[a5]">&gt;&gt;</a>&nbsp;&nbsp;&nbsp;drv_rtc_init
<LI><a href="#[a2]">&gt;&gt;</a>&nbsp;&nbsp;&nbsp;drv_spi_flash_init
<LI><a href="#[a0]">&gt;&gt;</a>&nbsp;&nbsp;&nbsp;drv_serial_init
<LI><a href="#[78]">&gt;&gt;</a>&nbsp;&nbsp;&nbsp;key1_timer_callback
<LI><a href="#[a4]">&gt;&gt;</a>&nbsp;&nbsp;&nbsp;drv_key_init
</UL>

<P><STRONG><a name="[7d]"></a>__aeabi_uldivmod</STRONG> (Thumb, 98 bytes, Stack size 40 bytes, uldiv.o(.text), UNUSED)
<BR><BR>[Calls]<UL><LI><a href="#[7e]">&gt;&gt;</a>&nbsp;&nbsp;&nbsp;__aeabi_llsr
<LI><a href="#[7f]">&gt;&gt;</a>&nbsp;&nbsp;&nbsp;__aeabi_llsl
</UL>
<BR>[Called By]<UL><LI><a href="#[94]">&gt;&gt;</a>&nbsp;&nbsp;&nbsp;_printf_core
</UL>

<P><STRONG><a name="[7c]"></a>__scatterload</STRONG> (Thumb, 28 bytes, Stack size 0 bytes, init.o(.text))
<BR><BR>[Calls]<UL><LI><a href="#[80]">&gt;&gt;</a>&nbsp;&nbsp;&nbsp;__main_after_scatterload
</UL>
<BR>[Called By]<UL><LI><a href="#[7b]">&gt;&gt;</a>&nbsp;&nbsp;&nbsp;_main_scatterload
</UL>

<P><STRONG><a name="[f3]"></a>__scatterload_rt2</STRONG> (Thumb, 0 bytes, Stack size 0 bytes, init.o(.text), UNUSED)

<P><STRONG><a name="[7f]"></a>__aeabi_llsl</STRONG> (Thumb, 30 bytes, Stack size 0 bytes, llshl.o(.text), UNUSED)
<BR><BR>[Called By]<UL><LI><a href="#[7d]">&gt;&gt;</a>&nbsp;&nbsp;&nbsp;__aeabi_uldivmod
</UL>

<P><STRONG><a name="[f4]"></a>_ll_shift_l</STRONG> (Thumb, 0 bytes, Stack size 0 bytes, llshl.o(.text), UNUSED)

<P><STRONG><a name="[7e]"></a>__aeabi_llsr</STRONG> (Thumb, 32 bytes, Stack size 0 bytes, llushr.o(.text), UNUSED)
<BR><BR>[Called By]<UL><LI><a href="#[7d]">&gt;&gt;</a>&nbsp;&nbsp;&nbsp;__aeabi_uldivmod
</UL>

<P><STRONG><a name="[f5]"></a>_ll_ushift_r</STRONG> (Thumb, 0 bytes, Stack size 0 bytes, llushr.o(.text), UNUSED)

<P><STRONG><a name="[f6]"></a>__decompress</STRONG> (Thumb, 0 bytes, Stack size unknown bytes, __dczerorl2.o(.text), UNUSED)

<P><STRONG><a name="[f7]"></a>__decompress1</STRONG> (Thumb, 86 bytes, Stack size unknown bytes, __dczerorl2.o(.text), UNUSED)

<P><STRONG><a name="[1c]"></a>BusFault_Handler</STRONG> (Thumb, 58 bytes, Stack size 16 bytes, stm32f4xx_it.o(i.BusFault_Handler))
<BR><BR>[Stack]<UL><LI>Max Depth = 36<LI>Call Chain = BusFault_Handler &rArr; GPIO_Init
</UL>
<BR>[Calls]<UL><LI><a href="#[83]">&gt;&gt;</a>&nbsp;&nbsp;&nbsp;GPIO_ResetBits
<LI><a href="#[82]">&gt;&gt;</a>&nbsp;&nbsp;&nbsp;GPIO_Init
<LI><a href="#[81]">&gt;&gt;</a>&nbsp;&nbsp;&nbsp;RCC_AHB1PeriphClockCmd
</UL>
<BR>[Address Reference Count : 1]<UL><LI> startup_stm32f40xx.o(RESET)
</UL>
<P><STRONG><a name="[da]"></a>EXTI_Init</STRONG> (Thumb, 142 bytes, Stack size 0 bytes, stm32f4xx_exti.o(i.EXTI_Init))
<BR><BR>[Called By]<UL><LI><a href="#[2]">&gt;&gt;</a>&nbsp;&nbsp;&nbsp;key_init
</UL>

<P><STRONG><a name="[82]"></a>GPIO_Init</STRONG> (Thumb, 144 bytes, Stack size 20 bytes, stm32f4xx_gpio.o(i.GPIO_Init))
<BR><BR>[Stack]<UL><LI>Max Depth = 20<LI>Call Chain = GPIO_Init
</UL>
<BR>[Called By]<UL><LI><a href="#[0]">&gt;&gt;</a>&nbsp;&nbsp;&nbsp;led_init
<LI><a href="#[1d]">&gt;&gt;</a>&nbsp;&nbsp;&nbsp;UsageFault_Handler
<LI><a href="#[1a]">&gt;&gt;</a>&nbsp;&nbsp;&nbsp;HardFault_Handler
<LI><a href="#[1c]">&gt;&gt;</a>&nbsp;&nbsp;&nbsp;BusFault_Handler
<LI><a href="#[e]">&gt;&gt;</a>&nbsp;&nbsp;&nbsp;drv_stm32_spi_bus_init
<LI><a href="#[5]">&gt;&gt;</a>&nbsp;&nbsp;&nbsp;drv_stm32_usart_bus_init
<LI><a href="#[2]">&gt;&gt;</a>&nbsp;&nbsp;&nbsp;key_init
</UL>

<P><STRONG><a name="[c1]"></a>GPIO_PinAFConfig</STRONG> (Thumb, 70 bytes, Stack size 20 bytes, stm32f4xx_gpio.o(i.GPIO_PinAFConfig))
<BR><BR>[Stack]<UL><LI>Max Depth = 20<LI>Call Chain = GPIO_PinAFConfig
</UL>
<BR>[Called By]<UL><LI><a href="#[e]">&gt;&gt;</a>&nbsp;&nbsp;&nbsp;drv_stm32_spi_bus_init
<LI><a href="#[5]">&gt;&gt;</a>&nbsp;&nbsp;&nbsp;drv_stm32_usart_bus_init
</UL>

<P><STRONG><a name="[db]"></a>GPIO_ReadInputDataBit</STRONG> (Thumb, 18 bytes, Stack size 0 bytes, stm32f4xx_gpio.o(i.GPIO_ReadInputDataBit))
<BR><BR>[Called By]<UL><LI><a href="#[3]">&gt;&gt;</a>&nbsp;&nbsp;&nbsp;key_read
</UL>

<P><STRONG><a name="[83]"></a>GPIO_ResetBits</STRONG> (Thumb, 4 bytes, Stack size 0 bytes, stm32f4xx_gpio.o(i.GPIO_ResetBits))
<BR><BR>[Called By]<UL><LI><a href="#[1]">&gt;&gt;</a>&nbsp;&nbsp;&nbsp;led_control
<LI><a href="#[1d]">&gt;&gt;</a>&nbsp;&nbsp;&nbsp;UsageFault_Handler
<LI><a href="#[1a]">&gt;&gt;</a>&nbsp;&nbsp;&nbsp;HardFault_Handler
<LI><a href="#[1c]">&gt;&gt;</a>&nbsp;&nbsp;&nbsp;BusFault_Handler
<LI><a href="#[11]">&gt;&gt;</a>&nbsp;&nbsp;&nbsp;dy_stm32_spi_bus_control
</UL>

<P><STRONG><a name="[c2]"></a>GPIO_SetBits</STRONG> (Thumb, 4 bytes, Stack size 0 bytes, stm32f4xx_gpio.o(i.GPIO_SetBits))
<BR><BR>[Called By]<UL><LI><a href="#[0]">&gt;&gt;</a>&nbsp;&nbsp;&nbsp;led_init
<LI><a href="#[1]">&gt;&gt;</a>&nbsp;&nbsp;&nbsp;led_control
<LI><a href="#[e]">&gt;&gt;</a>&nbsp;&nbsp;&nbsp;drv_stm32_spi_bus_init
<LI><a href="#[11]">&gt;&gt;</a>&nbsp;&nbsp;&nbsp;dy_stm32_spi_bus_control
</UL>

<P><STRONG><a name="[1a]"></a>HardFault_Handler</STRONG> (Thumb, 58 bytes, Stack size 16 bytes, stm32f4xx_it.o(i.HardFault_Handler))
<BR><BR>[Stack]<UL><LI>Max Depth = 36<LI>Call Chain = HardFault_Handler &rArr; GPIO_Init
</UL>
<BR>[Calls]<UL><LI><a href="#[83]">&gt;&gt;</a>&nbsp;&nbsp;&nbsp;GPIO_ResetBits
<LI><a href="#[82]">&gt;&gt;</a>&nbsp;&nbsp;&nbsp;GPIO_Init
<LI><a href="#[81]">&gt;&gt;</a>&nbsp;&nbsp;&nbsp;RCC_AHB1PeriphClockCmd
</UL>
<BR>[Address Reference Count : 1]<UL><LI> startup_stm32f40xx.o(RESET)
</UL>
<P><STRONG><a name="[d8]"></a>NVIC_Init</STRONG> (Thumb, 106 bytes, Stack size 16 bytes, misc.o(i.NVIC_Init))
<BR><BR>[Stack]<UL><LI>Max Depth = 16<LI>Call Chain = NVIC_Init
</UL>
<BR>[Called By]<UL><LI><a href="#[2]">&gt;&gt;</a>&nbsp;&nbsp;&nbsp;key_init
</UL>

<P><STRONG><a name="[e1]"></a>PWR_BackupAccessCmd</STRONG> (Thumb, 6 bytes, Stack size 0 bytes, stm32f4xx_pwr.o(i.PWR_BackupAccessCmd))
<BR><BR>[Called By]<UL><LI><a href="#[16]">&gt;&gt;</a>&nbsp;&nbsp;&nbsp;rtc_init
</UL>

<P><STRONG><a name="[81]"></a>RCC_AHB1PeriphClockCmd</STRONG> (Thumb, 26 bytes, Stack size 0 bytes, stm32f4xx_rcc.o(i.RCC_AHB1PeriphClockCmd))
<BR><BR>[Called By]<UL><LI><a href="#[b6]">&gt;&gt;</a>&nbsp;&nbsp;&nbsp;drv_gpio_enable_clk
<LI><a href="#[1d]">&gt;&gt;</a>&nbsp;&nbsp;&nbsp;UsageFault_Handler
<LI><a href="#[1a]">&gt;&gt;</a>&nbsp;&nbsp;&nbsp;HardFault_Handler
<LI><a href="#[1c]">&gt;&gt;</a>&nbsp;&nbsp;&nbsp;BusFault_Handler
<LI><a href="#[e]">&gt;&gt;</a>&nbsp;&nbsp;&nbsp;drv_stm32_spi_bus_init
<LI><a href="#[5]">&gt;&gt;</a>&nbsp;&nbsp;&nbsp;drv_stm32_usart_bus_init
</UL>

<P><STRONG><a name="[c6]"></a>RCC_APB1PeriphClockCmd</STRONG> (Thumb, 26 bytes, Stack size 0 bytes, stm32f4xx_rcc.o(i.RCC_APB1PeriphClockCmd))
<BR><BR>[Called By]<UL><LI><a href="#[16]">&gt;&gt;</a>&nbsp;&nbsp;&nbsp;rtc_init
<LI><a href="#[c0]">&gt;&gt;</a>&nbsp;&nbsp;&nbsp;drv_stm32_spi_clk_enable
</UL>

<P><STRONG><a name="[c5]"></a>RCC_APB2PeriphClockCmd</STRONG> (Thumb, 26 bytes, Stack size 0 bytes, stm32f4xx_rcc.o(i.RCC_APB2PeriphClockCmd))
<BR><BR>[Called By]<UL><LI><a href="#[c0]">&gt;&gt;</a>&nbsp;&nbsp;&nbsp;drv_stm32_spi_clk_enable
<LI><a href="#[5]">&gt;&gt;</a>&nbsp;&nbsp;&nbsp;drv_stm32_usart_bus_init
</UL>

<P><STRONG><a name="[92]"></a>RCC_GetClocksFreq</STRONG> (Thumb, 214 bytes, Stack size 20 bytes, stm32f4xx_rcc.o(i.RCC_GetClocksFreq))
<BR><BR>[Stack]<UL><LI>Max Depth = 20<LI>Call Chain = RCC_GetClocksFreq
</UL>
<BR>[Called By]<UL><LI><a href="#[91]">&gt;&gt;</a>&nbsp;&nbsp;&nbsp;USART_Init
</UL>

<P><STRONG><a name="[e3]"></a>RCC_GetFlagStatus</STRONG> (Thumb, 60 bytes, Stack size 8 bytes, stm32f4xx_rcc.o(i.RCC_GetFlagStatus))
<BR><BR>[Stack]<UL><LI>Max Depth = 8<LI>Call Chain = RCC_GetFlagStatus
</UL>
<BR>[Called By]<UL><LI><a href="#[16]">&gt;&gt;</a>&nbsp;&nbsp;&nbsp;rtc_init
</UL>

<P><STRONG><a name="[e2]"></a>RCC_LSICmd</STRONG> (Thumb, 6 bytes, Stack size 0 bytes, stm32f4xx_rcc.o(i.RCC_LSICmd))
<BR><BR>[Called By]<UL><LI><a href="#[16]">&gt;&gt;</a>&nbsp;&nbsp;&nbsp;rtc_init
</UL>

<P><STRONG><a name="[e5]"></a>RCC_RTCCLKCmd</STRONG> (Thumb, 6 bytes, Stack size 0 bytes, stm32f4xx_rcc.o(i.RCC_RTCCLKCmd))
<BR><BR>[Called By]<UL><LI><a href="#[16]">&gt;&gt;</a>&nbsp;&nbsp;&nbsp;rtc_init
</UL>

<P><STRONG><a name="[e4]"></a>RCC_RTCCLKConfig</STRONG> (Thumb, 50 bytes, Stack size 0 bytes, stm32f4xx_rcc.o(i.RCC_RTCCLKConfig))
<BR><BR>[Called By]<UL><LI><a href="#[16]">&gt;&gt;</a>&nbsp;&nbsp;&nbsp;rtc_init
</UL>

<P><STRONG><a name="[88]"></a>RTC_EnterInitMode</STRONG> (Thumb, 76 bytes, Stack size 8 bytes, stm32f4xx_rtc.o(i.RTC_EnterInitMode))
<BR><BR>[Stack]<UL><LI>Max Depth = 8<LI>Call Chain = RTC_EnterInitMode
</UL>
<BR>[Called By]<UL><LI><a href="#[8d]">&gt;&gt;</a>&nbsp;&nbsp;&nbsp;RTC_SetTime
<LI><a href="#[8a]">&gt;&gt;</a>&nbsp;&nbsp;&nbsp;RTC_SetDate
<LI><a href="#[87]">&gt;&gt;</a>&nbsp;&nbsp;&nbsp;RTC_Init
</UL>

<P><STRONG><a name="[89]"></a>RTC_ExitInitMode</STRONG> (Thumb, 14 bytes, Stack size 0 bytes, stm32f4xx_rtc.o(i.RTC_ExitInitMode))
<BR><BR>[Called By]<UL><LI><a href="#[8d]">&gt;&gt;</a>&nbsp;&nbsp;&nbsp;RTC_SetTime
<LI><a href="#[8a]">&gt;&gt;</a>&nbsp;&nbsp;&nbsp;RTC_SetDate
<LI><a href="#[87]">&gt;&gt;</a>&nbsp;&nbsp;&nbsp;RTC_Init
</UL>

<P><STRONG><a name="[84]"></a>RTC_GetDate</STRONG> (Thumb, 68 bytes, Stack size 16 bytes, stm32f4xx_rtc.o(i.RTC_GetDate))
<BR><BR>[Stack]<UL><LI>Max Depth = 16<LI>Call Chain = RTC_GetDate
</UL>
<BR>[Calls]<UL><LI><a href="#[85]">&gt;&gt;</a>&nbsp;&nbsp;&nbsp;RTC_Bcd2ToByte
</UL>
<BR>[Called By]<UL><LI><a href="#[e0]">&gt;&gt;</a>&nbsp;&nbsp;&nbsp;rtc_get_date_time
</UL>

<P><STRONG><a name="[86]"></a>RTC_GetTime</STRONG> (Thumb, 72 bytes, Stack size 16 bytes, stm32f4xx_rtc.o(i.RTC_GetTime))
<BR><BR>[Stack]<UL><LI>Max Depth = 16<LI>Call Chain = RTC_GetTime
</UL>
<BR>[Calls]<UL><LI><a href="#[85]">&gt;&gt;</a>&nbsp;&nbsp;&nbsp;RTC_Bcd2ToByte
</UL>
<BR>[Called By]<UL><LI><a href="#[e0]">&gt;&gt;</a>&nbsp;&nbsp;&nbsp;rtc_get_date_time
</UL>

<P><STRONG><a name="[87]"></a>RTC_Init</STRONG> (Thumb, 94 bytes, Stack size 12 bytes, stm32f4xx_rtc.o(i.RTC_Init))
<BR><BR>[Stack]<UL><LI>Max Depth = 20<LI>Call Chain = RTC_Init &rArr; RTC_EnterInitMode
</UL>
<BR>[Calls]<UL><LI><a href="#[89]">&gt;&gt;</a>&nbsp;&nbsp;&nbsp;RTC_ExitInitMode
<LI><a href="#[88]">&gt;&gt;</a>&nbsp;&nbsp;&nbsp;RTC_EnterInitMode
</UL>
<BR>[Called By]<UL><LI><a href="#[16]">&gt;&gt;</a>&nbsp;&nbsp;&nbsp;rtc_init
</UL>

<P><STRONG><a name="[8a]"></a>RTC_SetDate</STRONG> (Thumb, 190 bytes, Stack size 24 bytes, stm32f4xx_rtc.o(i.RTC_SetDate))
<BR><BR>[Stack]<UL><LI>Max Depth = 32<LI>Call Chain = RTC_SetDate &rArr; RTC_WaitForSynchro
</UL>
<BR>[Calls]<UL><LI><a href="#[8c]">&gt;&gt;</a>&nbsp;&nbsp;&nbsp;RTC_WaitForSynchro
<LI><a href="#[89]">&gt;&gt;</a>&nbsp;&nbsp;&nbsp;RTC_ExitInitMode
<LI><a href="#[88]">&gt;&gt;</a>&nbsp;&nbsp;&nbsp;RTC_EnterInitMode
<LI><a href="#[8b]">&gt;&gt;</a>&nbsp;&nbsp;&nbsp;RTC_ByteToBcd2
<LI><a href="#[85]">&gt;&gt;</a>&nbsp;&nbsp;&nbsp;RTC_Bcd2ToByte
</UL>
<BR>[Called By]<UL><LI><a href="#[df]">&gt;&gt;</a>&nbsp;&nbsp;&nbsp;rtc_set_date_time
</UL>

<P><STRONG><a name="[8d]"></a>RTC_SetTime</STRONG> (Thumb, 198 bytes, Stack size 24 bytes, stm32f4xx_rtc.o(i.RTC_SetTime))
<BR><BR>[Stack]<UL><LI>Max Depth = 32<LI>Call Chain = RTC_SetTime &rArr; RTC_WaitForSynchro
</UL>
<BR>[Calls]<UL><LI><a href="#[8c]">&gt;&gt;</a>&nbsp;&nbsp;&nbsp;RTC_WaitForSynchro
<LI><a href="#[89]">&gt;&gt;</a>&nbsp;&nbsp;&nbsp;RTC_ExitInitMode
<LI><a href="#[88]">&gt;&gt;</a>&nbsp;&nbsp;&nbsp;RTC_EnterInitMode
<LI><a href="#[8b]">&gt;&gt;</a>&nbsp;&nbsp;&nbsp;RTC_ByteToBcd2
<LI><a href="#[85]">&gt;&gt;</a>&nbsp;&nbsp;&nbsp;RTC_Bcd2ToByte
</UL>
<BR>[Called By]<UL><LI><a href="#[df]">&gt;&gt;</a>&nbsp;&nbsp;&nbsp;rtc_set_date_time
</UL>

<P><STRONG><a name="[8c]"></a>RTC_WaitForSynchro</STRONG> (Thumb, 92 bytes, Stack size 8 bytes, stm32f4xx_rtc.o(i.RTC_WaitForSynchro))
<BR><BR>[Stack]<UL><LI>Max Depth = 8<LI>Call Chain = RTC_WaitForSynchro
</UL>
<BR>[Called By]<UL><LI><a href="#[8d]">&gt;&gt;</a>&nbsp;&nbsp;&nbsp;RTC_SetTime
<LI><a href="#[8a]">&gt;&gt;</a>&nbsp;&nbsp;&nbsp;RTC_SetDate
<LI><a href="#[16]">&gt;&gt;</a>&nbsp;&nbsp;&nbsp;rtc_init
</UL>

<P><STRONG><a name="[e6]"></a>RTC_WriteBackupRegister</STRONG> (Thumb, 24 bytes, Stack size 8 bytes, stm32f4xx_rtc.o(i.RTC_WriteBackupRegister))
<BR><BR>[Stack]<UL><LI>Max Depth = 8<LI>Call Chain = RTC_WriteBackupRegister
</UL>
<BR>[Called By]<UL><LI><a href="#[df]">&gt;&gt;</a>&nbsp;&nbsp;&nbsp;rtc_set_date_time
</UL>

<P><STRONG><a name="[c4]"></a>SPI_Cmd</STRONG> (Thumb, 24 bytes, Stack size 0 bytes, stm32f4xx_spi.o(i.SPI_Cmd))
<BR><BR>[Called By]<UL><LI><a href="#[e]">&gt;&gt;</a>&nbsp;&nbsp;&nbsp;drv_stm32_spi_bus_init
</UL>

<P><STRONG><a name="[d3]"></a>SPI_I2S_GetFlagStatus</STRONG> (Thumb, 18 bytes, Stack size 0 bytes, stm32f4xx_spi.o(i.SPI_I2S_GetFlagStatus))
<BR><BR>[Called By]<UL><LI><a href="#[f]">&gt;&gt;</a>&nbsp;&nbsp;&nbsp;dy_stm32_spi_bus_full_duplex_send
<LI><a href="#[10]">&gt;&gt;</a>&nbsp;&nbsp;&nbsp;dy_stm32_spi_bus_full_duplex_recv
</UL>

<P><STRONG><a name="[d5]"></a>SPI_I2S_ReceiveData</STRONG> (Thumb, 6 bytes, Stack size 0 bytes, stm32f4xx_spi.o(i.SPI_I2S_ReceiveData))
<BR><BR>[Called By]<UL><LI><a href="#[f]">&gt;&gt;</a>&nbsp;&nbsp;&nbsp;dy_stm32_spi_bus_full_duplex_send
<LI><a href="#[10]">&gt;&gt;</a>&nbsp;&nbsp;&nbsp;dy_stm32_spi_bus_full_duplex_recv
</UL>

<P><STRONG><a name="[d4]"></a>SPI_I2S_SendData</STRONG> (Thumb, 4 bytes, Stack size 0 bytes, stm32f4xx_spi.o(i.SPI_I2S_SendData))
<BR><BR>[Called By]<UL><LI><a href="#[f]">&gt;&gt;</a>&nbsp;&nbsp;&nbsp;dy_stm32_spi_bus_full_duplex_send
<LI><a href="#[10]">&gt;&gt;</a>&nbsp;&nbsp;&nbsp;dy_stm32_spi_bus_full_duplex_recv
</UL>

<P><STRONG><a name="[c3]"></a>SPI_Init</STRONG> (Thumb, 60 bytes, Stack size 8 bytes, stm32f4xx_spi.o(i.SPI_Init))
<BR><BR>[Stack]<UL><LI>Max Depth = 8<LI>Call Chain = SPI_Init
</UL>
<BR>[Called By]<UL><LI><a href="#[e]">&gt;&gt;</a>&nbsp;&nbsp;&nbsp;drv_stm32_spi_bus_init
</UL>

<P><STRONG><a name="[b9]"></a>SYSCFG_EXTILineConfig</STRONG> (Thumb, 60 bytes, Stack size 12 bytes, stm32f4xx_syscfg.o(i.SYSCFG_EXTILineConfig))
<BR><BR>[Stack]<UL><LI>Max Depth = 12<LI>Call Chain = SYSCFG_EXTILineConfig
</UL>
<BR>[Called By]<UL><LI><a href="#[b7]">&gt;&gt;</a>&nbsp;&nbsp;&nbsp;drv_gpio_exti_config
</UL>

<P><STRONG><a name="[21]"></a>SysTick_Handler</STRONG> (Thumb, 12 bytes, Stack size 8 bytes, stm32f4xx_it.o(i.SysTick_Handler))
<BR><BR>[Stack]<UL><LI>Max Depth = 8<LI>Call Chain = SysTick_Handler
</UL>
<BR>[Calls]<UL><LI><a href="#[8f]">&gt;&gt;</a>&nbsp;&nbsp;&nbsp;timer_manager_tick_decrement_handler
<LI><a href="#[8e]">&gt;&gt;</a>&nbsp;&nbsp;&nbsp;drv_time_sys_tick_increment
</UL>
<BR>[Address Reference Count : 1]<UL><LI> startup_stm32f40xx.o(RESET)
</UL>
<P><STRONG><a name="[75]"></a>SystemInit</STRONG> (Thumb, 88 bytes, Stack size 8 bytes, system_stm32f4xx.o(i.SystemInit))
<BR><BR>[Stack]<UL><LI>Max Depth = 20<LI>Call Chain = SystemInit &rArr; SetSysClock
</UL>
<BR>[Calls]<UL><LI><a href="#[90]">&gt;&gt;</a>&nbsp;&nbsp;&nbsp;SetSysClock
</UL>
<BR>[Address Reference Count : 1]<UL><LI> startup_stm32f40xx.o(.text)
</UL>
<P><STRONG><a name="[c7]"></a>USART_Cmd</STRONG> (Thumb, 24 bytes, Stack size 0 bytes, stm32f4xx_usart.o(i.USART_Cmd))
<BR><BR>[Called By]<UL><LI><a href="#[5]">&gt;&gt;</a>&nbsp;&nbsp;&nbsp;drv_stm32_usart_bus_init
<LI><a href="#[9]">&gt;&gt;</a>&nbsp;&nbsp;&nbsp;drv_stm32_usart_bus_control
</UL>

<P><STRONG><a name="[cb]"></a>USART_GetFlagStatus</STRONG> (Thumb, 26 bytes, Stack size 0 bytes, stm32f4xx_usart.o(i.USART_GetFlagStatus))
<BR><BR>[Called By]<UL><LI><a href="#[cd]">&gt;&gt;</a>&nbsp;&nbsp;&nbsp;drv_stm32_usart_bus_send_byte
<LI><a href="#[ca]">&gt;&gt;</a>&nbsp;&nbsp;&nbsp;drv_stm32_usart_bus_recv_byte
</UL>

<P><STRONG><a name="[91]"></a>USART_Init</STRONG> (Thumb, 204 bytes, Stack size 48 bytes, stm32f4xx_usart.o(i.USART_Init))
<BR><BR>[Stack]<UL><LI>Max Depth = 68<LI>Call Chain = USART_Init &rArr; RCC_GetClocksFreq
</UL>
<BR>[Calls]<UL><LI><a href="#[92]">&gt;&gt;</a>&nbsp;&nbsp;&nbsp;RCC_GetClocksFreq
</UL>
<BR>[Called By]<UL><LI><a href="#[5]">&gt;&gt;</a>&nbsp;&nbsp;&nbsp;drv_stm32_usart_bus_init
</UL>

<P><STRONG><a name="[cc]"></a>USART_ReceiveData</STRONG> (Thumb, 10 bytes, Stack size 0 bytes, stm32f4xx_usart.o(i.USART_ReceiveData))
<BR><BR>[Called By]<UL><LI><a href="#[ca]">&gt;&gt;</a>&nbsp;&nbsp;&nbsp;drv_stm32_usart_bus_recv_byte
</UL>

<P><STRONG><a name="[ce]"></a>USART_SendData</STRONG> (Thumb, 8 bytes, Stack size 0 bytes, stm32f4xx_usart.o(i.USART_SendData))
<BR><BR>[Called By]<UL><LI><a href="#[cd]">&gt;&gt;</a>&nbsp;&nbsp;&nbsp;drv_stm32_usart_bus_send_byte
</UL>

<P><STRONG><a name="[1d]"></a>UsageFault_Handler</STRONG> (Thumb, 58 bytes, Stack size 16 bytes, stm32f4xx_it.o(i.UsageFault_Handler))
<BR><BR>[Stack]<UL><LI>Max Depth = 36<LI>Call Chain = UsageFault_Handler &rArr; GPIO_Init
</UL>
<BR>[Calls]<UL><LI><a href="#[83]">&gt;&gt;</a>&nbsp;&nbsp;&nbsp;GPIO_ResetBits
<LI><a href="#[82]">&gt;&gt;</a>&nbsp;&nbsp;&nbsp;GPIO_Init
<LI><a href="#[81]">&gt;&gt;</a>&nbsp;&nbsp;&nbsp;RCC_AHB1PeriphClockCmd
</UL>
<BR>[Address Reference Count : 1]<UL><LI> startup_stm32f40xx.o(RESET)
</UL>
<P><STRONG><a name="[93]"></a>__0printf$8</STRONG> (Thumb, 22 bytes, Stack size 24 bytes, printf8.o(i.__0printf$8), UNUSED)
<BR><BR>[Calls]<UL><LI><a href="#[94]">&gt;&gt;</a>&nbsp;&nbsp;&nbsp;_printf_core
</UL>

<P><STRONG><a name="[f8]"></a>__1printf$8</STRONG> (Thumb, 0 bytes, Stack size 24 bytes, printf8.o(i.__0printf$8), UNUSED)

<P><STRONG><a name="[a9]"></a>__2printf</STRONG> (Thumb, 0 bytes, Stack size 24 bytes, printf8.o(i.__0printf$8))
<BR><BR>[Stack]<UL><LI>Max Depth = 24<LI>Call Chain = __2printf
</UL>
<BR>[Called By]<UL><LI><a href="#[16]">&gt;&gt;</a>&nbsp;&nbsp;&nbsp;rtc_init
<LI><a href="#[e0]">&gt;&gt;</a>&nbsp;&nbsp;&nbsp;rtc_get_date_time
<LI><a href="#[14]">&gt;&gt;</a>&nbsp;&nbsp;&nbsp;drv_flash_W25Q128_write
<LI><a href="#[b3]">&gt;&gt;</a>&nbsp;&nbsp;&nbsp;drv_flash_W25Q128_read_with_addr
<LI><a href="#[13]">&gt;&gt;</a>&nbsp;&nbsp;&nbsp;drv_flash_W25Q128_read
<LI><a href="#[12]">&gt;&gt;</a>&nbsp;&nbsp;&nbsp;drv_flash_W25Q128_init
<LI><a href="#[b4]">&gt;&gt;</a>&nbsp;&nbsp;&nbsp;drv_flash_W25Q128_single_sector_write
<LI><a href="#[aa]">&gt;&gt;</a>&nbsp;&nbsp;&nbsp;drv_flash_W25Q128_send_data
<LI><a href="#[a8]">&gt;&gt;</a>&nbsp;&nbsp;&nbsp;drv_flash_W25Q128_WriteEnable
<LI><a href="#[b1]">&gt;&gt;</a>&nbsp;&nbsp;&nbsp;drv_flash_W25Q128_WakeUp
<LI><a href="#[ab]">&gt;&gt;</a>&nbsp;&nbsp;&nbsp;drv_flash_W25Q128_WaitForWriteEnd
<LI><a href="#[af]">&gt;&gt;</a>&nbsp;&nbsp;&nbsp;drv_flash_W25Q128_SectorErase
<LI><a href="#[ae]">&gt;&gt;</a>&nbsp;&nbsp;&nbsp;drv_flash_W25Q128_ReadDeviceID
<LI><a href="#[ad]">&gt;&gt;</a>&nbsp;&nbsp;&nbsp;drv_flash_W25Q128_PowerDown
<LI><a href="#[ac]">&gt;&gt;</a>&nbsp;&nbsp;&nbsp;drv_flash_W25Q128_PageWrite
<LI><a href="#[a7]">&gt;&gt;</a>&nbsp;&nbsp;&nbsp;drv_flash_W25Q128_ChipErase
<LI><a href="#[e]">&gt;&gt;</a>&nbsp;&nbsp;&nbsp;drv_stm32_spi_bus_init
<LI><a href="#[f]">&gt;&gt;</a>&nbsp;&nbsp;&nbsp;dy_stm32_spi_bus_full_duplex_send
<LI><a href="#[10]">&gt;&gt;</a>&nbsp;&nbsp;&nbsp;dy_stm32_spi_bus_full_duplex_recv
<LI><a href="#[79]">&gt;&gt;</a>&nbsp;&nbsp;&nbsp;rtc_time_test
<LI><a href="#[a6]">&gt;&gt;</a>&nbsp;&nbsp;&nbsp;set_rtc_time
</UL>

<P><STRONG><a name="[f9]"></a>__scatterload_copy</STRONG> (Thumb, 14 bytes, Stack size unknown bytes, handlers.o(i.__scatterload_copy), UNUSED)

<P><STRONG><a name="[fa]"></a>__scatterload_null</STRONG> (Thumb, 2 bytes, Stack size unknown bytes, handlers.o(i.__scatterload_null), UNUSED)

<P><STRONG><a name="[fb]"></a>__scatterload_zeroinit</STRONG> (Thumb, 14 bytes, Stack size unknown bytes, handlers.o(i.__scatterload_zeroinit), UNUSED)

<P><STRONG><a name="[97]"></a>app_init</STRONG> (Thumb, 66 bytes, Stack size 16 bytes, main.o(i.app_init))
<BR><BR>[Stack]<UL><LI>Max Depth = 40<LI>Call Chain = app_init &rArr; timer_create
</UL>
<BR>[Calls]<UL><LI><a href="#[9a]">&gt;&gt;</a>&nbsp;&nbsp;&nbsp;event_subscribe
<LI><a href="#[99]">&gt;&gt;</a>&nbsp;&nbsp;&nbsp;timer_start
<LI><a href="#[98]">&gt;&gt;</a>&nbsp;&nbsp;&nbsp;timer_create
</UL>
<BR>[Called By]<UL><LI><a href="#[74]">&gt;&gt;</a>&nbsp;&nbsp;&nbsp;main
</UL>

<P><STRONG><a name="[9b]"></a>board_init</STRONG> (Thumb, 54 bytes, Stack size 8 bytes, main.o(i.board_init))
<BR><BR>[Stack]<UL><LI>Max Depth = 64<LI>Call Chain = board_init &rArr; drv_spi_flash_init &rArr; dy_device_register &rArr; dy_find_device &rArr; strcmp
</UL>
<BR>[Calls]<UL><LI><a href="#[a3]">&gt;&gt;</a>&nbsp;&nbsp;&nbsp;drv_led_init
<LI><a href="#[9e]">&gt;&gt;</a>&nbsp;&nbsp;&nbsp;dy_device_manager_init
<LI><a href="#[9d]">&gt;&gt;</a>&nbsp;&nbsp;&nbsp;dy_bus_manager_init
<LI><a href="#[a5]">&gt;&gt;</a>&nbsp;&nbsp;&nbsp;drv_rtc_init
<LI><a href="#[a2]">&gt;&gt;</a>&nbsp;&nbsp;&nbsp;drv_spi_flash_init
<LI><a href="#[a1]">&gt;&gt;</a>&nbsp;&nbsp;&nbsp;drv_spi_hw_init
<LI><a href="#[a0]">&gt;&gt;</a>&nbsp;&nbsp;&nbsp;drv_serial_init
<LI><a href="#[9f]">&gt;&gt;</a>&nbsp;&nbsp;&nbsp;drv_usart_hw_init
<LI><a href="#[a4]">&gt;&gt;</a>&nbsp;&nbsp;&nbsp;drv_key_init
<LI><a href="#[9c]">&gt;&gt;</a>&nbsp;&nbsp;&nbsp;systick_init
<LI><a href="#[a6]">&gt;&gt;</a>&nbsp;&nbsp;&nbsp;set_rtc_time
</UL>
<BR>[Called By]<UL><LI><a href="#[74]">&gt;&gt;</a>&nbsp;&nbsp;&nbsp;main
</UL>

<P><STRONG><a name="[15]"></a>drv_flash_W25Q128_control</STRONG> (Thumb, 112 bytes, Stack size 24 bytes, drv_spi_flash.o(i.drv_flash_W25Q128_control))
<BR><BR>[Stack]<UL><LI>Max Depth = 112<LI>Call Chain = drv_flash_W25Q128_control &rArr; drv_flash_W25Q128_ChipErase &rArr; drv_flash_W25Q128_WriteEnable &rArr; drv_flash_W25Q128_send_data &rArr; __2printf
</UL>
<BR>[Calls]<UL><LI><a href="#[b2]">&gt;&gt;</a>&nbsp;&nbsp;&nbsp;dy_device_control
<LI><a href="#[a8]">&gt;&gt;</a>&nbsp;&nbsp;&nbsp;drv_flash_W25Q128_WriteEnable
<LI><a href="#[b1]">&gt;&gt;</a>&nbsp;&nbsp;&nbsp;drv_flash_W25Q128_WakeUp
<LI><a href="#[ae]">&gt;&gt;</a>&nbsp;&nbsp;&nbsp;drv_flash_W25Q128_ReadDeviceID
<LI><a href="#[ad]">&gt;&gt;</a>&nbsp;&nbsp;&nbsp;drv_flash_W25Q128_PowerDown
<LI><a href="#[a7]">&gt;&gt;</a>&nbsp;&nbsp;&nbsp;drv_flash_W25Q128_ChipErase
</UL>
<BR>[Address Reference Count : 1]<UL><LI> drv_spi_flash.o(.data)
</UL>
<P><STRONG><a name="[12]"></a>drv_flash_W25Q128_init</STRONG> (Thumb, 36 bytes, Stack size 16 bytes, drv_spi_flash.o(i.drv_flash_W25Q128_init))
<BR><BR>[Stack]<UL><LI>Max Depth = 40<LI>Call Chain = drv_flash_W25Q128_init &rArr; __2printf
</UL>
<BR>[Calls]<UL><LI><a href="#[a9]">&gt;&gt;</a>&nbsp;&nbsp;&nbsp;__2printf
</UL>
<BR>[Address Reference Count : 1]<UL><LI> drv_spi_flash.o(.data)
</UL>
<P><STRONG><a name="[13]"></a>drv_flash_W25Q128_read</STRONG> (Thumb, 48 bytes, Stack size 32 bytes, drv_spi_flash.o(i.drv_flash_W25Q128_read))
<BR><BR>[Stack]<UL><LI>Max Depth = 96<LI>Call Chain = drv_flash_W25Q128_read &rArr; drv_flash_W25Q128_read_with_addr &rArr; __2printf
</UL>
<BR>[Calls]<UL><LI><a href="#[b3]">&gt;&gt;</a>&nbsp;&nbsp;&nbsp;drv_flash_W25Q128_read_with_addr
<LI><a href="#[a9]">&gt;&gt;</a>&nbsp;&nbsp;&nbsp;__2printf
</UL>
<BR>[Address Reference Count : 1]<UL><LI> drv_spi_flash.o(.data)
</UL>
<P><STRONG><a name="[b3]"></a>drv_flash_W25Q128_read_with_addr</STRONG> (Thumb, 142 bytes, Stack size 40 bytes, drv_spi_flash.o(i.drv_flash_W25Q128_read_with_addr))
<BR><BR>[Stack]<UL><LI>Max Depth = 64<LI>Call Chain = drv_flash_W25Q128_read_with_addr &rArr; __2printf
</UL>
<BR>[Calls]<UL><LI><a href="#[a9]">&gt;&gt;</a>&nbsp;&nbsp;&nbsp;__2printf
</UL>
<BR>[Called By]<UL><LI><a href="#[13]">&gt;&gt;</a>&nbsp;&nbsp;&nbsp;drv_flash_W25Q128_read
<LI><a href="#[b4]">&gt;&gt;</a>&nbsp;&nbsp;&nbsp;drv_flash_W25Q128_single_sector_write
</UL>

<P><STRONG><a name="[14]"></a>drv_flash_W25Q128_write</STRONG> (Thumb, 172 bytes, Stack size 56 bytes, drv_spi_flash.o(i.drv_flash_W25Q128_write))
<BR><BR>[Stack]<UL><LI>Max Depth = 4304<LI>Call Chain = drv_flash_W25Q128_write &rArr; drv_flash_W25Q128_single_sector_write &rArr; drv_flash_W25Q128_PageWrite &rArr; drv_flash_W25Q128_WriteEnable &rArr; drv_flash_W25Q128_send_data &rArr; __2printf
</UL>
<BR>[Calls]<UL><LI><a href="#[b4]">&gt;&gt;</a>&nbsp;&nbsp;&nbsp;drv_flash_W25Q128_single_sector_write
<LI><a href="#[a9]">&gt;&gt;</a>&nbsp;&nbsp;&nbsp;__2printf
</UL>
<BR>[Address Reference Count : 1]<UL><LI> drv_spi_flash.o(.data)
</UL>
<P><STRONG><a name="[b6]"></a>drv_gpio_enable_clk</STRONG> (Thumb, 76 bytes, Stack size 8 bytes, drv_misc_func.o(i.drv_gpio_enable_clk))
<BR><BR>[Stack]<UL><LI>Max Depth = 8<LI>Call Chain = drv_gpio_enable_clk
</UL>
<BR>[Calls]<UL><LI><a href="#[81]">&gt;&gt;</a>&nbsp;&nbsp;&nbsp;RCC_AHB1PeriphClockCmd
</UL>
<BR>[Called By]<UL><LI><a href="#[0]">&gt;&gt;</a>&nbsp;&nbsp;&nbsp;led_init
<LI><a href="#[2]">&gt;&gt;</a>&nbsp;&nbsp;&nbsp;key_init
</UL>

<P><STRONG><a name="[b7]"></a>drv_gpio_exti_config</STRONG> (Thumb, 54 bytes, Stack size 16 bytes, drv_misc_func.o(i.drv_gpio_exti_config))
<BR><BR>[Stack]<UL><LI>Max Depth = 28<LI>Call Chain = drv_gpio_exti_config &rArr; SYSCFG_EXTILineConfig
</UL>
<BR>[Calls]<UL><LI><a href="#[b9]">&gt;&gt;</a>&nbsp;&nbsp;&nbsp;SYSCFG_EXTILineConfig
<LI><a href="#[b8]">&gt;&gt;</a>&nbsp;&nbsp;&nbsp;drv_gpio_get_exti_src
</UL>
<BR>[Called By]<UL><LI><a href="#[2]">&gt;&gt;</a>&nbsp;&nbsp;&nbsp;key_init
</UL>

<P><STRONG><a name="[c9]"></a>drv_gpio_get_af_src</STRONG> (Thumb, 40 bytes, Stack size 0 bytes, drv_misc_func.o(i.drv_gpio_get_af_src))
<BR><BR>[Called By]<UL><LI><a href="#[5]">&gt;&gt;</a>&nbsp;&nbsp;&nbsp;drv_stm32_usart_bus_init
</UL>

<P><STRONG><a name="[d7]"></a>drv_gpio_get_exti_iqr_channel</STRONG> (Thumb, 146 bytes, Stack size 0 bytes, drv_misc_func.o(i.drv_gpio_get_exti_iqr_channel))
<BR><BR>[Called By]<UL><LI><a href="#[2]">&gt;&gt;</a>&nbsp;&nbsp;&nbsp;key_init
</UL>

<P><STRONG><a name="[d9]"></a>drv_gpio_get_exti_line</STRONG> (Thumb, 40 bytes, Stack size 0 bytes, drv_misc_func.o(i.drv_gpio_get_exti_line))
<BR><BR>[Called By]<UL><LI><a href="#[2]">&gt;&gt;</a>&nbsp;&nbsp;&nbsp;key_init
</UL>

<P><STRONG><a name="[b8]"></a>drv_gpio_get_exti_src</STRONG> (Thumb, 38 bytes, Stack size 0 bytes, drv_misc_func.o(i.drv_gpio_get_exti_src))
<BR><BR>[Called By]<UL><LI><a href="#[b7]">&gt;&gt;</a>&nbsp;&nbsp;&nbsp;drv_gpio_exti_config
</UL>

<P><STRONG><a name="[c8]"></a>drv_gpio_get_usart_af</STRONG> (Thumb, 36 bytes, Stack size 0 bytes, drv_misc_func.o(i.drv_gpio_get_usart_af))
<BR><BR>[Called By]<UL><LI><a href="#[5]">&gt;&gt;</a>&nbsp;&nbsp;&nbsp;drv_stm32_usart_bus_init
</UL>

<P><STRONG><a name="[a4]"></a>drv_key_init</STRONG> (Thumb, 192 bytes, Stack size 8 bytes, drv_key.o(i.drv_key_init))
<BR><BR>[Stack]<UL><LI>Max Depth = 48<LI>Call Chain = drv_key_init &rArr; dy_device_register &rArr; dy_find_device &rArr; strcmp
</UL>
<BR>[Calls]<UL><LI><a href="#[bb]">&gt;&gt;</a>&nbsp;&nbsp;&nbsp;dy_device_register
<LI><a href="#[ba]">&gt;&gt;</a>&nbsp;&nbsp;&nbsp;strcpy
</UL>
<BR>[Called By]<UL><LI><a href="#[9b]">&gt;&gt;</a>&nbsp;&nbsp;&nbsp;board_init
</UL>

<P><STRONG><a name="[a3]"></a>drv_led_init</STRONG> (Thumb, 80 bytes, Stack size 8 bytes, drv_led.o(i.drv_led_init))
<BR><BR>[Stack]<UL><LI>Max Depth = 48<LI>Call Chain = drv_led_init &rArr; dy_device_register &rArr; dy_find_device &rArr; strcmp
</UL>
<BR>[Calls]<UL><LI><a href="#[bb]">&gt;&gt;</a>&nbsp;&nbsp;&nbsp;dy_device_register
<LI><a href="#[bc]">&gt;&gt;</a>&nbsp;&nbsp;&nbsp;strncpy
</UL>
<BR>[Called By]<UL><LI><a href="#[9b]">&gt;&gt;</a>&nbsp;&nbsp;&nbsp;board_init
</UL>

<P><STRONG><a name="[a5]"></a>drv_rtc_init</STRONG> (Thumb, 70 bytes, Stack size 8 bytes, drv_rtc.o(i.drv_rtc_init))
<BR><BR>[Stack]<UL><LI>Max Depth = 48<LI>Call Chain = drv_rtc_init &rArr; dy_device_register &rArr; dy_find_device &rArr; strcmp
</UL>
<BR>[Calls]<UL><LI><a href="#[bb]">&gt;&gt;</a>&nbsp;&nbsp;&nbsp;dy_device_register
<LI><a href="#[ba]">&gt;&gt;</a>&nbsp;&nbsp;&nbsp;strcpy
</UL>
<BR>[Called By]<UL><LI><a href="#[9b]">&gt;&gt;</a>&nbsp;&nbsp;&nbsp;board_init
</UL>

<P><STRONG><a name="[a0]"></a>drv_serial_init</STRONG> (Thumb, 98 bytes, Stack size 16 bytes, drv_serial.o(i.drv_serial_init))
<BR><BR>[Stack]<UL><LI>Max Depth = 56<LI>Call Chain = drv_serial_init &rArr; dy_device_register &rArr; dy_find_device &rArr; strcmp
</UL>
<BR>[Calls]<UL><LI><a href="#[bb]">&gt;&gt;</a>&nbsp;&nbsp;&nbsp;dy_device_register
<LI><a href="#[bd]">&gt;&gt;</a>&nbsp;&nbsp;&nbsp;dy_bus_find
<LI><a href="#[be]">&gt;&gt;</a>&nbsp;&nbsp;&nbsp;dy_bus_attach_device
<LI><a href="#[ba]">&gt;&gt;</a>&nbsp;&nbsp;&nbsp;strcpy
</UL>
<BR>[Called By]<UL><LI><a href="#[9b]">&gt;&gt;</a>&nbsp;&nbsp;&nbsp;board_init
</UL>

<P><STRONG><a name="[a2]"></a>drv_spi_flash_init</STRONG> (Thumb, 82 bytes, Stack size 16 bytes, drv_spi_flash.o(i.drv_spi_flash_init))
<BR><BR>[Stack]<UL><LI>Max Depth = 56<LI>Call Chain = drv_spi_flash_init &rArr; dy_device_register &rArr; dy_find_device &rArr; strcmp
</UL>
<BR>[Calls]<UL><LI><a href="#[bb]">&gt;&gt;</a>&nbsp;&nbsp;&nbsp;dy_device_register
<LI><a href="#[bd]">&gt;&gt;</a>&nbsp;&nbsp;&nbsp;dy_bus_find
<LI><a href="#[be]">&gt;&gt;</a>&nbsp;&nbsp;&nbsp;dy_bus_attach_device
<LI><a href="#[ba]">&gt;&gt;</a>&nbsp;&nbsp;&nbsp;strcpy
</UL>
<BR>[Called By]<UL><LI><a href="#[9b]">&gt;&gt;</a>&nbsp;&nbsp;&nbsp;board_init
</UL>

<P><STRONG><a name="[a1]"></a>drv_spi_hw_init</STRONG> (Thumb, 32 bytes, Stack size 8 bytes, drv_spi.o(i.drv_spi_hw_init))
<BR><BR>[Stack]<UL><LI>Max Depth = 32<LI>Call Chain = drv_spi_hw_init &rArr; dy_bus_register &rArr; strcmp
</UL>
<BR>[Calls]<UL><LI><a href="#[bf]">&gt;&gt;</a>&nbsp;&nbsp;&nbsp;dy_bus_register
</UL>
<BR>[Called By]<UL><LI><a href="#[9b]">&gt;&gt;</a>&nbsp;&nbsp;&nbsp;board_init
</UL>

<P><STRONG><a name="[e]"></a>drv_stm32_spi_bus_init</STRONG> (Thumb, 278 bytes, Stack size 48 bytes, drv_spi.o(i.drv_stm32_spi_bus_init))
<BR><BR>[Stack]<UL><LI>Max Depth = 72<LI>Call Chain = drv_stm32_spi_bus_init &rArr; __2printf
</UL>
<BR>[Calls]<UL><LI><a href="#[c2]">&gt;&gt;</a>&nbsp;&nbsp;&nbsp;GPIO_SetBits
<LI><a href="#[c1]">&gt;&gt;</a>&nbsp;&nbsp;&nbsp;GPIO_PinAFConfig
<LI><a href="#[82]">&gt;&gt;</a>&nbsp;&nbsp;&nbsp;GPIO_Init
<LI><a href="#[81]">&gt;&gt;</a>&nbsp;&nbsp;&nbsp;RCC_AHB1PeriphClockCmd
<LI><a href="#[c3]">&gt;&gt;</a>&nbsp;&nbsp;&nbsp;SPI_Init
<LI><a href="#[c4]">&gt;&gt;</a>&nbsp;&nbsp;&nbsp;SPI_Cmd
<LI><a href="#[c0]">&gt;&gt;</a>&nbsp;&nbsp;&nbsp;drv_stm32_spi_clk_enable
<LI><a href="#[a9]">&gt;&gt;</a>&nbsp;&nbsp;&nbsp;__2printf
</UL>
<BR>[Address Reference Count : 1]<UL><LI> drv_spi.o(.data)
</UL>
<P><STRONG><a name="[b0]"></a>drv_time_get_sys_tick</STRONG> (Thumb, 6 bytes, Stack size 0 bytes, drv_time.o(i.drv_time_get_sys_tick))
<BR><BR>[Called By]<UL><LI><a href="#[ab]">&gt;&gt;</a>&nbsp;&nbsp;&nbsp;drv_flash_W25Q128_WaitForWriteEnd
</UL>

<P><STRONG><a name="[8e]"></a>drv_time_sys_tick_increment</STRONG> (Thumb, 12 bytes, Stack size 0 bytes, drv_time.o(i.drv_time_sys_tick_increment))
<BR><BR>[Called By]<UL><LI><a href="#[21]">&gt;&gt;</a>&nbsp;&nbsp;&nbsp;SysTick_Handler
</UL>

<P><STRONG><a name="[9f]"></a>drv_usart_hw_init</STRONG> (Thumb, 30 bytes, Stack size 8 bytes, drv_usart.o(i.drv_usart_hw_init))
<BR><BR>[Stack]<UL><LI>Max Depth = 32<LI>Call Chain = drv_usart_hw_init &rArr; dy_bus_register &rArr; strcmp
</UL>
<BR>[Calls]<UL><LI><a href="#[bf]">&gt;&gt;</a>&nbsp;&nbsp;&nbsp;dy_bus_register
</UL>
<BR>[Called By]<UL><LI><a href="#[9b]">&gt;&gt;</a>&nbsp;&nbsp;&nbsp;board_init
</UL>

<P><STRONG><a name="[be]"></a>dy_bus_attach_device</STRONG> (Thumb, 48 bytes, Stack size 16 bytes, bus.o(i.dy_bus_attach_device))
<BR><BR>[Stack]<UL><LI>Max Depth = 24<LI>Call Chain = dy_bus_attach_device &rArr; strcmp
</UL>
<BR>[Calls]<UL><LI><a href="#[cf]">&gt;&gt;</a>&nbsp;&nbsp;&nbsp;strcmp
</UL>
<BR>[Called By]<UL><LI><a href="#[a2]">&gt;&gt;</a>&nbsp;&nbsp;&nbsp;drv_spi_flash_init
<LI><a href="#[a0]">&gt;&gt;</a>&nbsp;&nbsp;&nbsp;drv_serial_init
</UL>

<P><STRONG><a name="[8]"></a>dy_bus_control</STRONG> (Thumb, 90 bytes, Stack size 24 bytes, bus.o(i.dy_bus_control))
<BR><BR>[Stack]<UL><LI>Max Depth = 24<LI>Call Chain = dy_bus_control
</UL>
<BR>[Calls]<UL><LI><a href="#[d0]">&gt;&gt;</a>&nbsp;&nbsp;&nbsp;dy_bus_set_state
<LI><a href="#[d1]">&gt;&gt;</a>&nbsp;&nbsp;&nbsp;dy_bus_get_state
<LI><a href="#[ba]">&gt;&gt;</a>&nbsp;&nbsp;&nbsp;strcpy
</UL>
<BR>[Called By]<UL><LI><a href="#[11]">&gt;&gt;</a>&nbsp;&nbsp;&nbsp;dy_stm32_spi_bus_control
</UL>
<BR>[Address Reference Count : 1]<UL><LI> drv_usart.o(.data)
</UL>
<P><STRONG><a name="[bd]"></a>dy_bus_find</STRONG> (Thumb, 40 bytes, Stack size 16 bytes, bus.o(i.dy_bus_find))
<BR><BR>[Stack]<UL><LI>Max Depth = 24<LI>Call Chain = dy_bus_find &rArr; strcmp
</UL>
<BR>[Calls]<UL><LI><a href="#[cf]">&gt;&gt;</a>&nbsp;&nbsp;&nbsp;strcmp
</UL>
<BR>[Called By]<UL><LI><a href="#[a2]">&gt;&gt;</a>&nbsp;&nbsp;&nbsp;drv_spi_flash_init
<LI><a href="#[a0]">&gt;&gt;</a>&nbsp;&nbsp;&nbsp;drv_serial_init
</UL>

<P><STRONG><a name="[9d]"></a>dy_bus_manager_init</STRONG> (Thumb, 10 bytes, Stack size 0 bytes, bus.o(i.dy_bus_manager_init))
<BR><BR>[Called By]<UL><LI><a href="#[9b]">&gt;&gt;</a>&nbsp;&nbsp;&nbsp;board_init
</UL>

<P><STRONG><a name="[bf]"></a>dy_bus_register</STRONG> (Thumb, 62 bytes, Stack size 16 bytes, bus.o(i.dy_bus_register))
<BR><BR>[Stack]<UL><LI>Max Depth = 24<LI>Call Chain = dy_bus_register &rArr; strcmp
</UL>
<BR>[Calls]<UL><LI><a href="#[cf]">&gt;&gt;</a>&nbsp;&nbsp;&nbsp;strcmp
</UL>
<BR>[Called By]<UL><LI><a href="#[a1]">&gt;&gt;</a>&nbsp;&nbsp;&nbsp;drv_spi_hw_init
<LI><a href="#[9f]">&gt;&gt;</a>&nbsp;&nbsp;&nbsp;drv_usart_hw_init
</UL>

<P><STRONG><a name="[b2]"></a>dy_device_control</STRONG> (Thumb, 56 bytes, Stack size 12 bytes, device.o(i.dy_device_control))
<BR><BR>[Stack]<UL><LI>Max Depth = 12<LI>Call Chain = dy_device_control
</UL>
<BR>[Called By]<UL><LI><a href="#[1]">&gt;&gt;</a>&nbsp;&nbsp;&nbsp;led_control
<LI><a href="#[17]">&gt;&gt;</a>&nbsp;&nbsp;&nbsp;rtc_control
<LI><a href="#[15]">&gt;&gt;</a>&nbsp;&nbsp;&nbsp;drv_flash_W25Q128_control
<LI><a href="#[d]">&gt;&gt;</a>&nbsp;&nbsp;&nbsp;serial_control
<LI><a href="#[4]">&gt;&gt;</a>&nbsp;&nbsp;&nbsp;key_control
</UL>

<P><STRONG><a name="[9e]"></a>dy_device_manager_init</STRONG> (Thumb, 12 bytes, Stack size 0 bytes, device.o(i.dy_device_manager_init))
<BR><BR>[Called By]<UL><LI><a href="#[9b]">&gt;&gt;</a>&nbsp;&nbsp;&nbsp;board_init
</UL>

<P><STRONG><a name="[bb]"></a>dy_device_register</STRONG> (Thumb, 52 bytes, Stack size 16 bytes, device.o(i.dy_device_register))
<BR><BR>[Stack]<UL><LI>Max Depth = 40<LI>Call Chain = dy_device_register &rArr; dy_find_device &rArr; strcmp
</UL>
<BR>[Calls]<UL><LI><a href="#[d2]">&gt;&gt;</a>&nbsp;&nbsp;&nbsp;dy_find_device
</UL>
<BR>[Called By]<UL><LI><a href="#[a3]">&gt;&gt;</a>&nbsp;&nbsp;&nbsp;drv_led_init
<LI><a href="#[a5]">&gt;&gt;</a>&nbsp;&nbsp;&nbsp;drv_rtc_init
<LI><a href="#[a2]">&gt;&gt;</a>&nbsp;&nbsp;&nbsp;drv_spi_flash_init
<LI><a href="#[a0]">&gt;&gt;</a>&nbsp;&nbsp;&nbsp;drv_serial_init
<LI><a href="#[a4]">&gt;&gt;</a>&nbsp;&nbsp;&nbsp;drv_key_init
</UL>

<P><STRONG><a name="[d2]"></a>dy_find_device</STRONG> (Thumb, 40 bytes, Stack size 16 bytes, device.o(i.dy_find_device))
<BR><BR>[Stack]<UL><LI>Max Depth = 24<LI>Call Chain = dy_find_device &rArr; strcmp
</UL>
<BR>[Calls]<UL><LI><a href="#[cf]">&gt;&gt;</a>&nbsp;&nbsp;&nbsp;strcmp
</UL>
<BR>[Called By]<UL><LI><a href="#[bb]">&gt;&gt;</a>&nbsp;&nbsp;&nbsp;dy_device_register
<LI><a href="#[77]">&gt;&gt;</a>&nbsp;&nbsp;&nbsp;fputc
<LI><a href="#[78]">&gt;&gt;</a>&nbsp;&nbsp;&nbsp;key1_timer_callback
<LI><a href="#[79]">&gt;&gt;</a>&nbsp;&nbsp;&nbsp;rtc_time_test
<LI><a href="#[7a]">&gt;&gt;</a>&nbsp;&nbsp;&nbsp;key_event_handler
<LI><a href="#[a6]">&gt;&gt;</a>&nbsp;&nbsp;&nbsp;set_rtc_time
</UL>

<P><STRONG><a name="[e8]"></a>event_engine_init</STRONG> (Thumb, 24 bytes, Stack size 0 bytes, simple_event_engine.o(i.event_engine_init))
<BR><BR>[Called By]<UL><LI><a href="#[dc]">&gt;&gt;</a>&nbsp;&nbsp;&nbsp;system_init
</UL>

<P><STRONG><a name="[de]"></a>event_process</STRONG> (Thumb, 160 bytes, Stack size 24 bytes, simple_event_engine.o(i.event_process))
<BR><BR>[Stack]<UL><LI>Max Depth = 24<LI>Call Chain = event_process
</UL>
<BR>[Called By]<UL><LI><a href="#[74]">&gt;&gt;</a>&nbsp;&nbsp;&nbsp;main
</UL>

<P><STRONG><a name="[d6]"></a>event_publish</STRONG> (Thumb, 84 bytes, Stack size 12 bytes, simple_event_engine.o(i.event_publish))
<BR><BR>[Stack]<UL><LI>Max Depth = 12<LI>Call Chain = event_publish
</UL>
<BR>[Called By]<UL><LI><a href="#[78]">&gt;&gt;</a>&nbsp;&nbsp;&nbsp;key1_timer_callback
</UL>

<P><STRONG><a name="[9a]"></a>event_subscribe</STRONG> (Thumb, 154 bytes, Stack size 12 bytes, simple_event_engine.o(i.event_subscribe))
<BR><BR>[Stack]<UL><LI>Max Depth = 12<LI>Call Chain = event_subscribe
</UL>
<BR>[Called By]<UL><LI><a href="#[97]">&gt;&gt;</a>&nbsp;&nbsp;&nbsp;app_init
</UL>

<P><STRONG><a name="[77]"></a>fputc</STRONG> (Thumb, 62 bytes, Stack size 24 bytes, drv_serial.o(i.fputc))
<BR><BR>[Stack]<UL><LI>Max Depth = 48<LI>Call Chain = fputc &rArr; dy_find_device &rArr; strcmp
</UL>
<BR>[Calls]<UL><LI><a href="#[d2]">&gt;&gt;</a>&nbsp;&nbsp;&nbsp;dy_find_device
</UL>
<BR>[Address Reference Count : 1]<UL><LI> printf8.o(i.__0printf$8)
</UL>
<P><STRONG><a name="[78]"></a>key1_timer_callback</STRONG> (Thumb, 206 bytes, Stack size 24 bytes, drv_key.o(i.key1_timer_callback))
<BR><BR>[Stack]<UL><LI>Max Depth = 48<LI>Call Chain = key1_timer_callback &rArr; dy_find_device &rArr; strcmp
</UL>
<BR>[Calls]<UL><LI><a href="#[d6]">&gt;&gt;</a>&nbsp;&nbsp;&nbsp;event_publish
<LI><a href="#[d2]">&gt;&gt;</a>&nbsp;&nbsp;&nbsp;dy_find_device
<LI><a href="#[ba]">&gt;&gt;</a>&nbsp;&nbsp;&nbsp;strcpy
</UL>
<BR>[Address Reference Count : 1]<UL><LI> main.o(i.app_init)
</UL>
<P><STRONG><a name="[7a]"></a>key_event_handler</STRONG> (Thumb, 82 bytes, Stack size 16 bytes, main.o(i.key_event_handler))
<BR><BR>[Stack]<UL><LI>Max Depth = 40<LI>Call Chain = key_event_handler &rArr; dy_find_device &rArr; strcmp
</UL>
<BR>[Calls]<UL><LI><a href="#[d2]">&gt;&gt;</a>&nbsp;&nbsp;&nbsp;dy_find_device
</UL>
<BR>[Address Reference Count : 1]<UL><LI> main.o(i.app_init)
</UL>
<P><STRONG><a name="[74]"></a>main</STRONG> (Thumb, 24 bytes, Stack size 0 bytes, main.o(i.main))
<BR><BR>[Stack]<UL><LI>Max Depth = 64<LI>Call Chain = main &rArr; board_init &rArr; drv_spi_flash_init &rArr; dy_device_register &rArr; dy_find_device &rArr; strcmp
</UL>
<BR>[Calls]<UL><LI><a href="#[de]">&gt;&gt;</a>&nbsp;&nbsp;&nbsp;event_process
<LI><a href="#[dd]">&gt;&gt;</a>&nbsp;&nbsp;&nbsp;timer_manager_expired_timer_handler
<LI><a href="#[dc]">&gt;&gt;</a>&nbsp;&nbsp;&nbsp;system_init
<LI><a href="#[9b]">&gt;&gt;</a>&nbsp;&nbsp;&nbsp;board_init
<LI><a href="#[97]">&gt;&gt;</a>&nbsp;&nbsp;&nbsp;app_init
</UL>
<BR>[Address Reference Count : 1]<UL><LI> entry9a.o(.ARM.Collect$$$$0000000B)
</UL>
<P><STRONG><a name="[79]"></a>rtc_time_test</STRONG> (Thumb, 96 bytes, Stack size 40 bytes, main.o(i.rtc_time_test))
<BR><BR>[Stack]<UL><LI>Max Depth = 64<LI>Call Chain = rtc_time_test &rArr; dy_find_device &rArr; strcmp
</UL>
<BR>[Calls]<UL><LI><a href="#[d2]">&gt;&gt;</a>&nbsp;&nbsp;&nbsp;dy_find_device
<LI><a href="#[a9]">&gt;&gt;</a>&nbsp;&nbsp;&nbsp;__2printf
</UL>
<BR>[Address Reference Count : 1]<UL><LI> main.o(i.app_init)
</UL>
<P><STRONG><a name="[dc]"></a>system_init</STRONG> (Thumb, 12 bytes, Stack size 8 bytes, main.o(i.system_init))
<BR><BR>[Stack]<UL><LI>Max Depth = 8<LI>Call Chain = system_init
</UL>
<BR>[Calls]<UL><LI><a href="#[e8]">&gt;&gt;</a>&nbsp;&nbsp;&nbsp;event_engine_init
<LI><a href="#[e7]">&gt;&gt;</a>&nbsp;&nbsp;&nbsp;timer_manager_init
</UL>
<BR>[Called By]<UL><LI><a href="#[74]">&gt;&gt;</a>&nbsp;&nbsp;&nbsp;main
</UL>

<P><STRONG><a name="[9c]"></a>systick_init</STRONG> (Thumb, 80 bytes, Stack size 16 bytes, main.o(i.systick_init))
<BR><BR>[Stack]<UL><LI>Max Depth = 16<LI>Call Chain = systick_init
</UL>
<BR>[Called By]<UL><LI><a href="#[9b]">&gt;&gt;</a>&nbsp;&nbsp;&nbsp;board_init
</UL>

<P><STRONG><a name="[98]"></a>timer_create</STRONG> (Thumb, 76 bytes, Stack size 24 bytes, timer_manager.o(i.timer_create))
<BR><BR>[Stack]<UL><LI>Max Depth = 24<LI>Call Chain = timer_create
</UL>
<BR>[Calls]<UL><LI><a href="#[e9]">&gt;&gt;</a>&nbsp;&nbsp;&nbsp;find_free_timer
</UL>
<BR>[Called By]<UL><LI><a href="#[97]">&gt;&gt;</a>&nbsp;&nbsp;&nbsp;app_init
</UL>

<P><STRONG><a name="[dd]"></a>timer_manager_expired_timer_handler</STRONG> (Thumb, 98 bytes, Stack size 8 bytes, timer_manager.o(i.timer_manager_expired_timer_handler))
<BR><BR>[Stack]<UL><LI>Max Depth = 8<LI>Call Chain = timer_manager_expired_timer_handler
</UL>
<BR>[Called By]<UL><LI><a href="#[74]">&gt;&gt;</a>&nbsp;&nbsp;&nbsp;main
</UL>

<P><STRONG><a name="[e7]"></a>timer_manager_init</STRONG> (Thumb, 58 bytes, Stack size 0 bytes, timer_manager.o(i.timer_manager_init))
<BR><BR>[Called By]<UL><LI><a href="#[dc]">&gt;&gt;</a>&nbsp;&nbsp;&nbsp;system_init
</UL>

<P><STRONG><a name="[8f]"></a>timer_manager_tick_decrement_handler</STRONG> (Thumb, 58 bytes, Stack size 0 bytes, timer_manager.o(i.timer_manager_tick_decrement_handler))
<BR><BR>[Called By]<UL><LI><a href="#[21]">&gt;&gt;</a>&nbsp;&nbsp;&nbsp;SysTick_Handler
</UL>

<P><STRONG><a name="[99]"></a>timer_start</STRONG> (Thumb, 50 bytes, Stack size 0 bytes, timer_manager.o(i.timer_start))
<BR><BR>[Called By]<UL><LI><a href="#[97]">&gt;&gt;</a>&nbsp;&nbsp;&nbsp;app_init
</UL>
<P>
<H3>
Local Symbols
</H3>
<P><STRONG><a name="[85]"></a>RTC_Bcd2ToByte</STRONG> (Thumb, 22 bytes, Stack size 0 bytes, stm32f4xx_rtc.o(i.RTC_Bcd2ToByte))
<BR><BR>[Called By]<UL><LI><a href="#[8d]">&gt;&gt;</a>&nbsp;&nbsp;&nbsp;RTC_SetTime
<LI><a href="#[8a]">&gt;&gt;</a>&nbsp;&nbsp;&nbsp;RTC_SetDate
<LI><a href="#[86]">&gt;&gt;</a>&nbsp;&nbsp;&nbsp;RTC_GetTime
<LI><a href="#[84]">&gt;&gt;</a>&nbsp;&nbsp;&nbsp;RTC_GetDate
</UL>

[...]

<P><STRONG><a name="[d0]"></a>dy_bus_set_state</STRONG> (Thumb, 16 bytes, Stack size 0 bytes, bus.o(i.dy_bus_set_state))
<BR><BR>[Called By]<UL><LI><a href="#[8]">&gt;&gt;</a>&nbsp;&nbsp;&nbsp;dy_bus_control
</UL>

<P><STRONG><a name="[1]"></a>led_control</STRONG> (Thumb, 216 bytes, Stack size 24 bytes, drv_led.o(i.led_control))
<BR><BR>[Stack]<UL><LI>Max Depth = 36<LI>Call Chain = led_control &rArr; dy_device_control
</UL>
<BR>[Calls]<UL><LI><a href="#[c2]">&gt;&gt;</a>&nbsp;&nbsp;&nbsp;GPIO_SetBits
<LI><a href="#[83]">&gt;&gt;</a>&nbsp;&nbsp;&nbsp;GPIO_ResetBits
<LI><a href="#[b2]">&gt;&gt;</a>&nbsp;&nbsp;&nbsp;dy_device_control
</UL>
<BR>[Address Reference Count : 1]<UL><LI> drv_led.o(.data)
</UL>
<P><STRONG><a name="[0]"></a>led_init</STRONG> (Thumb, 130 bytes, Stack size 24 bytes, drv_led.o(i.led_init))
<BR><BR>[Stack]<UL><LI>Max Depth = 44<LI>Call Chain = led_init &rArr; GPIO_Init
</UL>
<BR>[Calls]<UL><LI><a href="#[c2]">&gt;&gt;</a>&nbsp;&nbsp;&nbsp;GPIO_SetBits
<LI><a href="#[82]">&gt;&gt;</a>&nbsp;&nbsp;&nbsp;GPIO_Init
<LI><a href="#[b6]">&gt;&gt;</a>&nbsp;&nbsp;&nbsp;drv_gpio_enable_clk
</UL>
<BR>[Address Reference Count : 1]<UL><LI> drv_led.o(.data)
</UL>
<P><STRONG><a name="[4]"></a>key_control</STRONG> (Thumb, 98 bytes, Stack size 24 bytes, drv_key.o(i.key_control))
<BR><BR>[Stack]<UL><LI>Max Depth = 36<LI>Call Chain = key_control &rArr; dy_device_control
</UL>
<BR>[Calls]<UL><LI><a href="#[b2]">&gt;&gt;</a>&nbsp;&nbsp;&nbsp;dy_device_control
</UL>
<BR>[Address Reference Count : 1]<UL><LI> drv_key.o(.data)
</UL>
<P><STRONG><a name="[2]"></a>key_init</STRONG> (Thumb, 130 bytes, Stack size 32 bytes, drv_key.o(i.key_init))
<BR><BR>[Stack]<UL><LI>Max Depth = 60<LI>Call Chain = key_init &rArr; drv_gpio_exti_config &rArr; SYSCFG_EXTILineConfig
</UL>
<BR>[Calls]<UL><LI><a href="#[d8]">&gt;&gt;</a>&nbsp;&nbsp;&nbsp;NVIC_Init
<LI><a href="#[da]">&gt;&gt;</a>&nbsp;&nbsp;&nbsp;EXTI_Init
<LI><a href="#[82]">&gt;&gt;</a>&nbsp;&nbsp;&nbsp;GPIO_Init
<LI><a href="#[b6]">&gt;&gt;</a>&nbsp;&nbsp;&nbsp;drv_gpio_enable_clk
<LI><a href="#[d9]">&gt;&gt;</a>&nbsp;&nbsp;&nbsp;drv_gpio_get_exti_line
<LI><a href="#[d7]">&gt;&gt;</a>&nbsp;&nbsp;&nbsp;drv_gpio_get_exti_iqr_channel
<LI><a href="#[b7]">&gt;&gt;</a>&nbsp;&nbsp;&nbsp;drv_gpio_exti_config
</UL>
<BR>[Address Reference Count : 1]<UL><LI> drv_key.o(.data)
</UL>
<P><STRONG><a name="[3]"></a>key_read</STRONG> (Thumb, 50 bytes, Stack size 24 bytes, drv_key.o(i.key_read))
<BR><BR>[Stack]<UL><LI>Max Depth = 24<LI>Call Chain = key_read
</UL>
<BR>[Calls]<UL><LI><a href="#[db]">&gt;&gt;</a>&nbsp;&nbsp;&nbsp;GPIO_ReadInputDataBit
</UL>
<BR>[Address Reference Count : 1]<UL><LI> drv_key.o(.data)
</UL>
<P><STRONG><a name="[9]"></a>drv_stm32_usart_bus_control</STRONG> (Thumb, 46 bytes, Stack size 24 bytes, drv_usart.o(i.drv_stm32_usart_bus_control))
<BR><BR>[Stack]<UL><LI>Max Depth = 24<LI>Call Chain = drv_stm32_usart_bus_control
</UL>
<BR>[Calls]<UL><LI><a href="#[c7]">&gt;&gt;</a>&nbsp;&nbsp;&nbsp;USART_Cmd
</UL>
<BR>[Address Reference Count : 1]<UL><LI> drv_usart.o(.data)
</UL>
<P><STRONG><a name="[5]"></a>drv_stm32_usart_bus_init</STRONG> (Thumb, 218 bytes, Stack size 48 bytes, drv_usart.o(i.drv_stm32_usart_bus_init))
<BR><BR>[Stack]<UL><LI>Max Depth = 116<LI>Call Chain = drv_stm32_usart_bus_init &rArr; USART_Init &rArr; RCC_GetClocksFreq
</UL>
<BR>[Calls]<UL><LI><a href="#[c1]">&gt;&gt;</a>&nbsp;&nbsp;&nbsp;GPIO_PinAFConfig
<LI><a href="#[82]">&gt;&gt;</a>&nbsp;&nbsp;&nbsp;GPIO_Init
<LI><a href="#[c5]">&gt;&gt;</a>&nbsp;&nbsp;&nbsp;RCC_APB2PeriphClockCmd
<LI><a href="#[81]">&gt;&gt;</a>&nbsp;&nbsp;&nbsp;RCC_AHB1PeriphClockCmd
<LI><a href="#[91]">&gt;&gt;</a>&nbsp;&nbsp;&nbsp;USART_Init
<LI><a href="#[c7]">&gt;&gt;</a>&nbsp;&nbsp;&nbsp;USART_Cmd
<LI><a href="#[c8]">&gt;&gt;</a>&nbsp;&nbsp;&nbsp;drv_gpio_get_usart_af
<LI><a href="#[c9]">&gt;&gt;</a>&nbsp;&nbsp;&nbsp;drv_gpio_get_af_src
</UL>
<BR>[Address Reference Count : 1]<UL><LI> drv_usart.o(.data)
</UL>
<P><STRONG><a name="[ca]"></a>drv_stm32_usart_bus_recv_byte</STRONG> (Thumb, 54 bytes, Stack size 24 bytes, drv_usart.o(i.drv_stm32_usart_bus_recv_byte))
<BR><BR>[Stack]<UL><LI>Max Depth = 24<LI>Call Chain = drv_stm32_usart_bus_recv_byte
</UL>
<BR>[Calls]<UL><LI><a href="#[cc]">&gt;&gt;</a>&nbsp;&nbsp;&nbsp;USART_ReceiveData
<LI><a href="#[cb]">&gt;&gt;</a>&nbsp;&nbsp;&nbsp;USART_GetFlagStatus
</UL>
<BR>[Called By]<UL><LI><a href="#[7]">&gt;&gt;</a>&nbsp;&nbsp;&nbsp;drv_stm32_usart_recv
</UL>

<P><STRONG><a name="[cd]"></a>drv_stm32_usart_bus_send_byte</STRONG> (Thumb, 54 bytes, Stack size 24 bytes, drv_usart.o(i.drv_stm32_usart_bus_send_byte))
<BR><BR>[Stack]<UL><LI>Max Depth = 24<LI>Call Chain = drv_stm32_usart_bus_send_byte
</UL>
<BR>[Calls]<UL><LI><a href="#[ce]">&gt;&gt;</a>&nbsp;&nbsp;&nbsp;USART_SendData
<LI><a href="#[cb]">&gt;&gt;</a>&nbsp;&nbsp;&nbsp;USART_GetFlagStatus
</UL>
<BR>[Called By]<UL><LI><a href="#[6]">&gt;&gt;</a>&nbsp;&nbsp;&nbsp;drv_stm32_usart_send
</UL>

<P><STRONG><a name="[7]"></a>drv_stm32_usart_recv</STRONG> (Thumb, 48 bytes, Stack size 24 bytes, drv_usart.o(i.drv_stm32_usart_recv))
<BR><BR>[Stack]<UL><LI>Max Depth = 48<LI>Call Chain = drv_stm32_usart_recv &rArr; drv_stm32_usart_bus_recv_byte
</UL>
<BR>[Calls]<UL><LI><a href="#[ca]">&gt;&gt;</a>&nbsp;&nbsp;&nbsp;drv_stm32_usart_bus_recv_byte
</UL>
<BR>[Address Reference Count : 1]<UL><LI> drv_usart.o(.data)
</UL>
<P><STRONG><a name="[6]"></a>drv_stm32_usart_send</STRONG> (Thumb, 48 bytes, Stack size 24 bytes, drv_usart.o(i.drv_stm32_usart_send))
<BR><BR>[Stack]<UL><LI>Max Depth = 48<LI>Call Chain = drv_stm32_usart_send &rArr; drv_stm32_usart_bus_send_byte
</UL>
<BR>[Calls]<UL><LI><a href="#[cd]">&gt;&gt;</a>&nbsp;&nbsp;&nbsp;drv_stm32_usart_bus_send_byte
</UL>
<BR>[Address Reference Count : 1]<UL><LI> drv_usart.o(.data)
</UL>
<P><STRONG><a name="[d]"></a>serial_control</STRONG> (Thumb, 48 bytes, Stack size 24 bytes, drv_serial.o(i.serial_control))
<BR><BR>[Stack]<UL><LI>Max Depth = 36<LI>Call Chain = serial_control &rArr; dy_device_control
</UL>
<BR>[Calls]<UL><LI><a href="#[b2]">&gt;&gt;</a>&nbsp;&nbsp;&nbsp;dy_device_control
</UL>
<BR>[Address Reference Count : 1]<UL><LI> drv_serial.o(.data)
</UL>
<P><STRONG><a name="[a]"></a>serial_init</STRONG> (Thumb, 28 bytes, Stack size 0 bytes, drv_serial.o(i.serial_init))
<BR>[Address Reference Count : 1]<UL><LI> drv_serial.o(.data)
</UL>
<P><STRONG><a name="[b]"></a>serial_read</STRONG> (Thumb, 28 bytes, Stack size 24 bytes, drv_serial.o(i.serial_read))
<BR><BR>[Stack]<UL><LI>Max Depth = 24<LI>Call Chain = serial_read
</UL>
<BR>[Address Reference Count : 1]<UL><LI> drv_serial.o(.data)
</UL>
<P><STRONG><a name="[c]"></a>serial_write</STRONG> (Thumb, 28 bytes, Stack size 24 bytes, drv_serial.o(i.serial_write))
<BR><BR>[Stack]<UL><LI>Max Depth = 24<LI>Call Chain = serial_write
</UL>
<BR>[Address Reference Count : 1]<UL><LI> drv_serial.o(.data)
</UL>
<P><STRONG><a name="[c0]"></a>drv_stm32_spi_clk_enable</STRONG> (Thumb, 58 bytes, Stack size 8 bytes, drv_spi.o(i.drv_stm32_spi_clk_enable))
<BR><BR>[Stack]<UL><LI>Max Depth = 8<LI>Call Chain = drv_stm32_spi_clk_enable
</UL>
<BR>[Calls]<UL><LI><a href="#[c5]">&gt;&gt;</a>&nbsp;&nbsp;&nbsp;RCC_APB2PeriphClockCmd
<LI><a href="#[c6]">&gt;&gt;</a>&nbsp;&nbsp;&nbsp;RCC_APB1PeriphClockCmd
</UL>
<BR>[Called By]<UL><LI><a href="#[e]">&gt;&gt;</a>&nbsp;&nbsp;&nbsp;drv_stm32_spi_bus_init
</UL>

<P><STRONG><a name="[11]"></a>dy_stm32_spi_bus_control</STRONG> (Thumb, 64 bytes, Stack size 24 bytes, drv_spi.o(i.dy_stm32_spi_bus_control))
<BR><BR>[Stack]<UL><LI>Max Depth = 48<LI>Call Chain = dy_stm32_spi_bus_control &rArr; dy_bus_control
</UL>
<BR>[Calls]<UL><LI><a href="#[c2]">&gt;&gt;</a>&nbsp;&nbsp;&nbsp;GPIO_SetBits
<LI><a href="#[83]">&gt;&gt;</a>&nbsp;&nbsp;&nbsp;GPIO_ResetBits
<LI><a href="#[8]">&gt;&gt;</a>&nbsp;&nbsp;&nbsp;dy_bus_control
</UL>
<BR>[Address Reference Count : 1]<UL><LI> drv_spi.o(.data)
</UL>
<P><STRONG><a name="[10]"></a>dy_stm32_spi_bus_full_duplex_recv</STRONG> (Thumb, 136 bytes, Stack size 40 bytes, drv_spi.o(i.dy_stm32_spi_bus_full_duplex_recv))
<BR><BR>[Stack]<UL><LI>Max Depth = 64<LI>Call Chain = dy_stm32_spi_bus_full_duplex_recv &rArr; __2printf
</UL>
<BR>[Calls]<UL><LI><a href="#[d4]">&gt;&gt;</a>&nbsp;&nbsp;&nbsp;SPI_I2S_SendData
<LI><a href="#[d5]">&gt;&gt;</a>&nbsp;&nbsp;&nbsp;SPI_I2S_ReceiveData
<LI><a href="#[d3]">&gt;&gt;</a>&nbsp;&nbsp;&nbsp;SPI_I2S_GetFlagStatus
<LI><a href="#[a9]">&gt;&gt;</a>&nbsp;&nbsp;&nbsp;__2printf
</UL>
<BR>[Address Reference Count : 1]<UL><LI> drv_spi.o(.data)
</UL>
<P><STRONG><a name="[f]"></a>dy_stm32_spi_bus_full_duplex_send</STRONG> (Thumb, 138 bytes, Stack size 40 bytes, drv_spi.o(i.dy_stm32_spi_bus_full_duplex_send))
<BR><BR>[Stack]<UL><LI>Max Depth = 64<LI>Call Chain = dy_stm32_spi_bus_full_duplex_send &rArr; __2printf
</UL>
<BR>[Calls]<UL><LI><a href="#[d4]">&gt;&gt;</a>&nbsp;&nbsp;&nbsp;SPI_I2S_SendData
<LI><a href="#[d5]">&gt;&gt;</a>&nbsp;&nbsp;&nbsp;SPI_I2S_ReceiveData
<LI><a href="#[d3]">&gt;&gt;</a>&nbsp;&nbsp;&nbsp;SPI_I2S_GetFlagStatus
<LI><a href="#[a9]">&gt;&gt;</a>&nbsp;&nbsp;&nbsp;__2printf
</UL>
<BR>[Address Reference Count : 1]<UL><LI> drv_spi.o(.data)
</UL>
<P><STRONG><a name="[a7]"></a>drv_flash_W25Q128_ChipErase</STRONG> (Thumb, 84 bytes, Stack size 16 bytes, drv_spi_flash.o(i.drv_flash_W25Q128_ChipErase))
<BR><BR>[Stack]<UL><LI>Max Depth = 88<LI>Call Chain = drv_flash_W25Q128_ChipErase &rArr; drv_flash_W25Q128_WriteEnable &rArr; drv_flash_W25Q128_send_data &rArr; __2printf
</UL>
<BR>[Calls]<UL><LI><a href="#[aa]">&gt;&gt;</a>&nbsp;&nbsp;&nbsp;drv_flash_W25Q128_send_data
<LI><a href="#[a8]">&gt;&gt;</a>&nbsp;&nbsp;&nbsp;drv_flash_W25Q128_WriteEnable
<LI><a href="#[ab]">&gt;&gt;</a>&nbsp;&nbsp;&nbsp;drv_flash_W25Q128_WaitForWriteEnd
<LI><a href="#[a9]">&gt;&gt;</a>&nbsp;&nbsp;&nbsp;__2printf
</UL>
<BR>[Called By]<UL><LI><a href="#[15]">&gt;&gt;</a>&nbsp;&nbsp;&nbsp;drv_flash_W25Q128_control
</UL>

<P><STRONG><a name="[ac]"></a>drv_flash_W25Q128_PageWrite</STRONG> (Thumb, 200 bytes, Stack size 40 bytes, drv_spi_flash.o(i.drv_flash_W25Q128_PageWrite))
<BR><BR>[Stack]<UL><LI>Max Depth = 112<LI>Call Chain = drv_flash_W25Q128_PageWrite &rArr; drv_flash_W25Q128_WriteEnable &rArr; drv_flash_W25Q128_send_data &rArr; __2printf
</UL>
<BR>[Calls]<UL><LI><a href="#[a8]">&gt;&gt;</a>&nbsp;&nbsp;&nbsp;drv_flash_W25Q128_WriteEnable
<LI><a href="#[ab]">&gt;&gt;</a>&nbsp;&nbsp;&nbsp;drv_flash_W25Q128_WaitForWriteEnd
<LI><a href="#[a9]">&gt;&gt;</a>&nbsp;&nbsp;&nbsp;__2printf
</UL>
<BR>[Called By]<UL><LI><a href="#[b4]">&gt;&gt;</a>&nbsp;&nbsp;&nbsp;drv_flash_W25Q128_single_sector_write
</UL>

<P><STRONG><a name="[ad]"></a>drv_flash_W25Q128_PowerDown</STRONG> (Thumb, 40 bytes, Stack size 16 bytes, drv_spi_flash.o(i.drv_flash_W25Q128_PowerDown))
<BR><BR>[Stack]<UL><LI>Max Depth = 72<LI>Call Chain = drv_flash_W25Q128_PowerDown &rArr; drv_flash_W25Q128_send_data &rArr; __2printf
</UL>
<BR>[Calls]<UL><LI><a href="#[aa]">&gt;&gt;</a>&nbsp;&nbsp;&nbsp;drv_flash_W25Q128_send_data
<LI><a href="#[a9]">&gt;&gt;</a>&nbsp;&nbsp;&nbsp;__2printf
</UL>
<BR>[Called By]<UL><LI><a href="#[15]">&gt;&gt;</a>&nbsp;&nbsp;&nbsp;drv_flash_W25Q128_control
</UL>

<P><STRONG><a name="[ae]"></a>drv_flash_W25Q128_ReadDeviceID</STRONG> (Thumb, 112 bytes, Stack size 32 bytes, drv_spi_flash.o(i.drv_flash_W25Q128_ReadDeviceID))
<BR><BR>[Stack]<UL><LI>Max Depth = 56<LI>Call Chain = drv_flash_W25Q128_ReadDeviceID &rArr; __2printf
</UL>
<BR>[Calls]<UL><LI><a href="#[a9]">&gt;&gt;</a>&nbsp;&nbsp;&nbsp;__2printf
</UL>
<BR>[Called By]<UL><LI><a href="#[15]">&gt;&gt;</a>&nbsp;&nbsp;&nbsp;drv_flash_W25Q128_control
</UL>

<P><STRONG><a name="[af]"></a>drv_flash_W25Q128_SectorErase</STRONG> (Thumb, 106 bytes, Stack size 24 bytes, drv_spi_flash.o(i.drv_flash_W25Q128_SectorErase))
<BR><BR>[Stack]<UL><LI>Max Depth = 96<LI>Call Chain = drv_flash_W25Q128_SectorErase &rArr; drv_flash_W25Q128_WriteEnable &rArr; drv_flash_W25Q128_send_data &rArr; __2printf
</UL>
<BR>[Calls]<UL><LI><a href="#[aa]">&gt;&gt;</a>&nbsp;&nbsp;&nbsp;drv_flash_W25Q128_send_data
<LI><a href="#[a8]">&gt;&gt;</a>&nbsp;&nbsp;&nbsp;drv_flash_W25Q128_WriteEnable
<LI><a href="#[ab]">&gt;&gt;</a>&nbsp;&nbsp;&nbsp;drv_flash_W25Q128_WaitForWriteEnd
<LI><a href="#[a9]">&gt;&gt;</a>&nbsp;&nbsp;&nbsp;__2printf
</UL>
<BR>[Called By]<UL><LI><a href="#[b4]">&gt;&gt;</a>&nbsp;&nbsp;&nbsp;drv_flash_W25Q128_single_sector_write
</UL>

<P><STRONG><a name="[ab]"></a>drv_flash_W25Q128_WaitForWriteEnd</STRONG> (Thumb, 164 bytes, Stack size 32 bytes, drv_spi_flash.o(i.drv_flash_W25Q128_WaitForWriteEnd))
<BR><BR>[Stack]<UL><LI>Max Depth = 56<LI>Call Chain = drv_flash_W25Q128_WaitForWriteEnd &rArr; __2printf
</UL>
<BR>[Calls]<UL><LI><a href="#[b0]">&gt;&gt;</a>&nbsp;&nbsp;&nbsp;drv_time_get_sys_tick
<LI><a href="#[a9]">&gt;&gt;</a>&nbsp;&nbsp;&nbsp;__2printf
</UL>
<BR>[Called By]<UL><LI><a href="#[af]">&gt;&gt;</a>&nbsp;&nbsp;&nbsp;drv_flash_W25Q128_SectorErase
<LI><a href="#[ac]">&gt;&gt;</a>&nbsp;&nbsp;&nbsp;drv_flash_W25Q128_PageWrite
<LI><a href="#[a7]">&gt;&gt;</a>&nbsp;&nbsp;&nbsp;drv_flash_W25Q128_ChipErase
</UL>

<P><STRONG><a name="[b1]"></a>drv_flash_W25Q128_WakeUp</STRONG> (Thumb, 40 bytes, Stack size 16 bytes, drv_spi_flash.o(i.drv_flash_W25Q128_WakeUp))
<BR><BR>[Stack]<UL><LI>Max Depth = 72<LI>Call Chain = drv_flash_W25Q128_WakeUp &rArr; drv_flash_W25Q128_send_data &rArr; __2printf
</UL>
<BR>[Calls]<UL><LI><a href="#[aa]">&gt;&gt;</a>&nbsp;&nbsp;&nbsp;drv_flash_W25Q128_send_data
<LI><a href="#[a9]">&gt;&gt;</a>&nbsp;&nbsp;&nbsp;__2printf
</UL>
<BR>[Called By]<UL><LI><a href="#[15]">&gt;&gt;</a>&nbsp;&nbsp;&nbsp;drv_flash_W25Q128_control
</UL>

<P><STRONG><a name="[a8]"></a>drv_flash_W25Q128_WriteEnable</STRONG> (Thumb, 34 bytes, Stack size 16 bytes, drv_spi_flash.o(i.drv_flash_W25Q128_WriteEnable))
<BR><BR>[Stack]<UL><LI>Max Depth = 72<LI>Call Chain = drv_flash_W25Q128_WriteEnable &rArr; drv_flash_W25Q128_send_data &rArr; __2printf
</UL>
<BR>[Calls]<UL><LI><a href="#[aa]">&gt;&gt;</a>&nbsp;&nbsp;&nbsp;drv_flash_W25Q128_send_data
<LI><a href="#[a9]">&gt;&gt;</a>&nbsp;&nbsp;&nbsp;__2printf
</UL>
<BR>[Called By]<UL><LI><a href="#[15]">&gt;&gt;</a>&nbsp;&nbsp;&nbsp;drv_flash_W25Q128_control
<LI><a href="#[af]">&gt;&gt;</a>&nbsp;&nbsp;&nbsp;drv_flash_W25Q128_SectorErase
<LI><a href="#[ac]">&gt;&gt;</a>&nbsp;&nbsp;&nbsp;drv_flash_W25Q128_PageWrite
<LI><a href="#[a7]">&gt;&gt;</a>&nbsp;&nbsp;&nbsp;drv_flash_W25Q128_ChipErase
</UL>

<P><STRONG><a name="[aa]"></a>drv_flash_W25Q128_send_data</STRONG> (Thumb, 88 bytes, Stack size 32 bytes, drv_spi_flash.o(i.drv_flash_W25Q128_send_data))
<BR><BR>[Stack]<UL><LI>Max Depth = 56<LI>Call Chain = drv_flash_W25Q128_send_data &rArr; __2printf
</UL>
<BR>[Calls]<UL><LI><a href="#[a9]">&gt;&gt;</a>&nbsp;&nbsp;&nbsp;__2printf
</UL>
<BR>[Called By]<UL><LI><a href="#[a8]">&gt;&gt;</a>&nbsp;&nbsp;&nbsp;drv_flash_W25Q128_WriteEnable
<LI><a href="#[b1]">&gt;&gt;</a>&nbsp;&nbsp;&nbsp;drv_flash_W25Q128_WakeUp
<LI><a href="#[af]">&gt;&gt;</a>&nbsp;&nbsp;&nbsp;drv_flash_W25Q128_SectorErase
<LI><a href="#[ad]">&gt;&gt;</a>&nbsp;&nbsp;&nbsp;drv_flash_W25Q128_PowerDown
<LI><a href="#[a7]">&gt;&gt;</a>&nbsp;&nbsp;&nbsp;drv_flash_W25Q128_ChipErase
</UL>

<P><STRONG><a name="[b4]"></a>drv_flash_W25Q128_single_sector_write</STRONG> (Thumb, 164 bytes, Stack size 4136 bytes, drv_spi_flash.o(i.drv_flash_W25Q128_single_sector_write))
<BR><BR>[Stack]<UL><LI>Max Depth = 4248<LI>Call Chain = drv_flash_W25Q128_single_sector_write &rArr; drv_flash_W25Q128_PageWrite &rArr; drv_flash_W25Q128_WriteEnable &rArr; drv_flash_W25Q128_send_data &rArr; __2printf
</UL>
<BR>[Calls]<UL><LI><a href="#[b3]">&gt;&gt;</a>&nbsp;&nbsp;&nbsp;drv_flash_W25Q128_read_with_addr
<LI><a href="#[af]">&gt;&gt;</a>&nbsp;&nbsp;&nbsp;drv_flash_W25Q128_SectorErase
<LI><a href="#[ac]">&gt;&gt;</a>&nbsp;&nbsp;&nbsp;drv_flash_W25Q128_PageWrite
<LI><a href="#[b5]">&gt;&gt;</a>&nbsp;&nbsp;&nbsp;__aeabi_memcpy
<LI><a href="#[a9]">&gt;&gt;</a>&nbsp;&nbsp;&nbsp;__2printf
</UL>
<BR>[Called By]<UL><LI><a href="#[14]">&gt;&gt;</a>&nbsp;&nbsp;&nbsp;drv_flash_W25Q128_write
</UL>

<P><STRONG><a name="[17]"></a>rtc_control</STRONG> (Thumb, 64 bytes, Stack size 24 bytes, drv_rtc.o(i.rtc_control))
<BR><BR>[Stack]<UL><LI>Max Depth = 80<LI>Call Chain = rtc_control &rArr; rtc_set_date_time &rArr; RTC_SetTime &rArr; RTC_WaitForSynchro
</UL>
<BR>[Calls]<UL><LI><a href="#[b2]">&gt;&gt;</a>&nbsp;&nbsp;&nbsp;dy_device_control
<LI><a href="#[df]">&gt;&gt;</a>&nbsp;&nbsp;&nbsp;rtc_set_date_time
<LI><a href="#[e0]">&gt;&gt;</a>&nbsp;&nbsp;&nbsp;rtc_get_date_time
</UL>
<BR>[Address Reference Count : 1]<UL><LI> drv_rtc.o(.data)
</UL>
<P><STRONG><a name="[e0]"></a>rtc_get_date_time</STRONG> (Thumb, 80 bytes, Stack size 24 bytes, drv_rtc.o(i.rtc_get_date_time))
<BR><BR>[Stack]<UL><LI>Max Depth = 48<LI>Call Chain = rtc_get_date_time &rArr; __2printf
</UL>
<BR>[Calls]<UL><LI><a href="#[86]">&gt;&gt;</a>&nbsp;&nbsp;&nbsp;RTC_GetTime
<LI><a href="#[84]">&gt;&gt;</a>&nbsp;&nbsp;&nbsp;RTC_GetDate
<LI><a href="#[a9]">&gt;&gt;</a>&nbsp;&nbsp;&nbsp;__2printf
</UL>
<BR>[Called By]<UL><LI><a href="#[17]">&gt;&gt;</a>&nbsp;&nbsp;&nbsp;rtc_control
</UL>

<P><STRONG><a name="[16]"></a>rtc_init</STRONG> (Thumb, 100 bytes, Stack size 24 bytes, drv_rtc.o(i.rtc_init))
<BR><BR>[Stack]<UL><LI>Max Depth = 48<LI>Call Chain = rtc_init &rArr; __2printf
</UL>
<BR>[Calls]<UL><LI><a href="#[e4]">&gt;&gt;</a>&nbsp;&nbsp;&nbsp;RCC_RTCCLKConfig
<LI><a href="#[e5]">&gt;&gt;</a>&nbsp;&nbsp;&nbsp;RCC_RTCCLKCmd
<LI><a href="#[e2]">&gt;&gt;</a>&nbsp;&nbsp;&nbsp;RCC_LSICmd
<LI><a href="#[e3]">&gt;&gt;</a>&nbsp;&nbsp;&nbsp;RCC_GetFlagStatus
<LI><a href="#[c6]">&gt;&gt;</a>&nbsp;&nbsp;&nbsp;RCC_APB1PeriphClockCmd
<LI><a href="#[e1]">&gt;&gt;</a>&nbsp;&nbsp;&nbsp;PWR_BackupAccessCmd
<LI><a href="#[8c]">&gt;&gt;</a>&nbsp;&nbsp;&nbsp;RTC_WaitForSynchro
<LI><a href="#[87]">&gt;&gt;</a>&nbsp;&nbsp;&nbsp;RTC_Init
<LI><a href="#[a9]">&gt;&gt;</a>&nbsp;&nbsp;&nbsp;__2printf
</UL>
<BR>[Address Reference Count : 1]<UL><LI> drv_rtc.o(.data)
</UL>
<P><STRONG><a name="[df]"></a>rtc_set_date_time</STRONG> (Thumb, 94 bytes, Stack size 24 bytes, drv_rtc.o(i.rtc_set_date_time))
<BR><BR>[Stack]<UL><LI>Max Depth = 56<LI>Call Chain = rtc_set_date_time &rArr; RTC_SetTime &rArr; RTC_WaitForSynchro
</UL>
<BR>[Calls]<UL><LI><a href="#[e6]">&gt;&gt;</a>&nbsp;&nbsp;&nbsp;RTC_WriteBackupRegister
<LI><a href="#[8d]">&gt;&gt;</a>&nbsp;&nbsp;&nbsp;RTC_SetTime
<LI><a href="#[8a]">&gt;&gt;</a>&nbsp;&nbsp;&nbsp;RTC_SetDate
</UL>
<BR>[Called By]<UL><LI><a href="#[17]">&gt;&gt;</a>&nbsp;&nbsp;&nbsp;rtc_control
</UL>

<P><STRONG><a name="[a6]"></a>set_rtc_time</STRONG> (Thumb, 94 bytes, Stack size 24 bytes, main.o(i.set_rtc_time))
<BR><BR>[Stack]<UL><LI>Max Depth = 48<LI>Call Chain = set_rtc_time &rArr; dy_find_device &rArr; strcmp
</UL>
<BR>[Calls]<UL><LI><a href="#[d2]">&gt;&gt;</a>&nbsp;&nbsp;&nbsp;dy_find_device
<LI><a href="#[a9]">&gt;&gt;</a>&nbsp;&nbsp;&nbsp;__2printf
</UL>
<BR>[Called By]<UL><LI><a href="#[9b]">&gt;&gt;</a>&nbsp;&nbsp;&nbsp;board_init
</UL>

<P><STRONG><a name="[94]"></a>_printf_core</STRONG> (Thumb, 984 bytes, Stack size 104 bytes, printf8.o(i._printf_core), UNUSED)
<BR><BR>[Calls]<UL><LI><a href="#[7d]">&gt;&gt;</a>&nbsp;&nbsp;&nbsp;__aeabi_uldivmod
<LI><a href="#[95]">&gt;&gt;</a>&nbsp;&nbsp;&nbsp;_printf_pre_padding
<LI><a href="#[96]">&gt;&gt;</a>&nbsp;&nbsp;&nbsp;_printf_post_padding
</UL>
<BR>[Called By]<UL><LI><a href="#[93]">&gt;&gt;</a>&nbsp;&nbsp;&nbsp;__0printf$8
</UL>

<P><STRONG><a name="[96]"></a>_printf_post_padding</STRONG> (Thumb, 36 bytes, Stack size 24 bytes, printf8.o(i._printf_post_padding), UNUSED)
<BR><BR>[Called By]<UL><LI><a href="#[94]">&gt;&gt;</a>&nbsp;&nbsp;&nbsp;_printf_core
</UL>

<P><STRONG><a name="[95]"></a>_printf_pre_padding</STRONG> (Thumb, 46 bytes, Stack size 24 bytes, printf8.o(i._printf_pre_padding), UNUSED)
<BR><BR>[Called By]<UL><LI><a href="#[94]">&gt;&gt;</a>&nbsp;&nbsp;&nbsp;_printf_core
</UL>
<P>
<H3>
Undefined Global Symbols
</H3><HR></body></html>
