<!doctype html public "-//w3c//dtd html 4.0 transitional//en">
<html><head>
<title>Static Call Graph - [.\build\rtthread.axf]</title></head>
<body><HR>
<H1>Static Call Graph for image .\build\rtthread.axf</H1><HR>
<BR><P>#&#060CALLGRAPH&#062# ARM Linker, 5060960: Last Updated: Tue Oct 14 14:09:14 2025
<BR><P>
<H3>Maximum Stack Usage =        556 bytes + Unknown(Cycles, Untraceable Function Pointers)</H3><H3>
Call chain for Maximum Stack Depth:</H3>
HardFault_Handler &rArr; rt_hw_hard_fault_exception &rArr; list_thread &rArr; list_get_next &rArr; rt_spin_unlock_irqrestore &rArr; rt_exit_critical_safe &rArr; rt_exit_critical &rArr; rt_schedule &rArr; rt_sched_remove_thread &rArr; rt_assert_handler &rArr; rt_kprintf &rArr; rt_vsnprintf &rArr; print_number &rArr; __aeabi_memclr4
<P>
<H3>
Mutually Recursive functions
</H3> <LI><a href="#[d2]">rt_object_get_type</a>&nbsp;&nbsp;&nbsp;&rArr;&nbsp;&nbsp;&nbsp;<a href="#[d1]">rt_assert_handler</a><BR>
 <LI><a href="#[ba]">rt_device_write</a>&nbsp;&nbsp;&nbsp;&rArr;&nbsp;&nbsp;&nbsp;<a href="#[d1]">rt_assert_handler</a><BR>
 <LI><a href="#[4]">NMI_Handler</a>&nbsp;&nbsp;&nbsp;&rArr;&nbsp;&nbsp;&nbsp;<a href="#[4]">NMI_Handler</a><BR>
 <LI><a href="#[6]">MemManage_Handler</a>&nbsp;&nbsp;&nbsp;&rArr;&nbsp;&nbsp;&nbsp;<a href="#[6]">MemManage_Handler</a><BR>
 <LI><a href="#[7]">BusFault_Handler</a>&nbsp;&nbsp;&nbsp;&rArr;&nbsp;&nbsp;&nbsp;<a href="#[7]">BusFault_Handler</a><BR>
 <LI><a href="#[8]">UsageFault_Handler</a>&nbsp;&nbsp;&nbsp;&rArr;&nbsp;&nbsp;&nbsp;<a href="#[8]">UsageFault_Handler</a><BR>
 <LI><a href="#[9]">SVC_Handler</a>&nbsp;&nbsp;&nbsp;&rArr;&nbsp;&nbsp;&nbsp;<a href="#[9]">SVC_Handler</a><BR>
 <LI><a href="#[a]">DebugMon_Handler</a>&nbsp;&nbsp;&nbsp;&rArr;&nbsp;&nbsp;&nbsp;<a href="#[a]">DebugMon_Handler</a><BR>
 <LI><a href="#[1f]">ADC_IRQHandler</a>&nbsp;&nbsp;&nbsp;&rArr;&nbsp;&nbsp;&nbsp;<a href="#[1f]">ADC_IRQHandler</a><BR>
</UL>
<P>
<H3>
Function Pointers
</H3><UL>
 <LI><a href="#[1f]">ADC_IRQHandler</a> from startup_gd32f407.o(.text) referenced from startup_gd32f407.o(RESET)
 <LI><a href="#[7]">BusFault_Handler</a> from startup_gd32f407.o(.text) referenced from startup_gd32f407.o(RESET)
 <LI><a href="#[23]">CAN0_EWMC_IRQHandler</a> from startup_gd32f407.o(.text) referenced from startup_gd32f407.o(RESET)
 <LI><a href="#[21]">CAN0_RX0_IRQHandler</a> from startup_gd32f407.o(.text) referenced from startup_gd32f407.o(RESET)
 <LI><a href="#[22]">CAN0_RX1_IRQHandler</a> from startup_gd32f407.o(.text) referenced from startup_gd32f407.o(RESET)
 <LI><a href="#[20]">CAN0_TX_IRQHandler</a> from startup_gd32f407.o(.text) referenced from startup_gd32f407.o(RESET)
 <LI><a href="#[4f]">CAN1_EWMC_IRQHandler</a> from startup_gd32f407.o(.text) referenced from startup_gd32f407.o(RESET)
 <LI><a href="#[4d]">CAN1_RX0_IRQHandler</a> from startup_gd32f407.o(.text) referenced from startup_gd32f407.o(RESET)
 <LI><a href="#[4e]">CAN1_RX1_IRQHandler</a> from startup_gd32f407.o(.text) referenced from startup_gd32f407.o(RESET)
 <LI><a href="#[4c]">CAN1_TX_IRQHandler</a> from startup_gd32f407.o(.text) referenced from startup_gd32f407.o(RESET)
 <LI><a href="#[5b]">DCI_IRQHandler</a> from startup_gd32f407.o(.text) referenced from startup_gd32f407.o(RESET)
 <LI><a href="#[18]">DMA0_Channel0_IRQHandler</a> from startup_gd32f407.o(.text) referenced from startup_gd32f407.o(RESET)
 <LI><a href="#[19]">DMA0_Channel1_IRQHandler</a> from startup_gd32f407.o(.text) referenced from startup_gd32f407.o(RESET)
 <LI><a href="#[1a]">DMA0_Channel2_IRQHandler</a> from startup_gd32f407.o(.text) referenced from startup_gd32f407.o(RESET)
 <LI><a href="#[1b]">DMA0_Channel3_IRQHandler</a> from startup_gd32f407.o(.text) referenced from startup_gd32f407.o(RESET)
 <LI><a href="#[1c]">DMA0_Channel4_IRQHandler</a> from startup_gd32f407.o(.text) referenced from startup_gd32f407.o(RESET)
 <LI><a href="#[1d]">DMA0_Channel5_IRQHandler</a> from startup_gd32f407.o(.text) referenced from startup_gd32f407.o(RESET)
 <LI><a href="#[1e]">DMA0_Channel6_IRQHandler</a> from startup_gd32f407.o(.text) referenced from startup_gd32f407.o(RESET)
 <LI><a href="#[3c]">DMA0_Channel7_IRQHandler</a> from startup_gd32f407.o(.text) referenced from startup_gd32f407.o(RESET)
 <LI><a href="#[45]">DMA1_Channel0_IRQHandler</a> from startup_gd32f407.o(.text) referenced from startup_gd32f407.o(RESET)
 <LI><a href="#[46]">DMA1_Channel1_IRQHandler</a> from startup_gd32f407.o(.text) referenced from startup_gd32f407.o(RESET)
 <LI><a href="#[47]">DMA1_Channel2_IRQHandler</a> from startup_gd32f407.o(.text) referenced from startup_gd32f407.o(RESET)
 <LI><a href="#[48]">DMA1_Channel3_IRQHandler</a> from startup_gd32f407.o(.text) referenced from startup_gd32f407.o(RESET)
 <LI><a href="#[49]">DMA1_Channel4_IRQHandler</a> from startup_gd32f407.o(.text) referenced from startup_gd32f407.o(RESET)
 <LI><a href="#[51]">DMA1_Channel5_IRQHandler</a> from startup_gd32f407.o(.text) referenced from startup_gd32f407.o(RESET)
 <LI><a href="#[52]">DMA1_Channel6_IRQHandler</a> from startup_gd32f407.o(.text) referenced from startup_gd32f407.o(RESET)
 <LI><a href="#[53]">DMA1_Channel7_IRQHandler</a> from startup_gd32f407.o(.text) referenced from startup_gd32f407.o(RESET)
 <LI><a href="#[a]">DebugMon_Handler</a> from startup_gd32f407.o(.text) referenced from startup_gd32f407.o(RESET)
 <LI><a href="#[4a]">ENET_IRQHandler</a> from startup_gd32f407.o(.text) referenced from startup_gd32f407.o(RESET)
 <LI><a href="#[4b]">ENET_WKUP_IRQHandler</a> from startup_gd32f407.o(.text) referenced from startup_gd32f407.o(RESET)
 <LI><a href="#[3d]">EXMC_IRQHandler</a> from startup_gd32f407.o(.text) referenced from startup_gd32f407.o(RESET)
 <LI><a href="#[13]">EXTI0_IRQHandler</a> from drv_gpio.o(.text) referenced from startup_gd32f407.o(RESET)
 <LI><a href="#[35]">EXTI10_15_IRQHandler</a> from drv_gpio.o(.text) referenced from startup_gd32f407.o(RESET)
 <LI><a href="#[14]">EXTI1_IRQHandler</a> from drv_gpio.o(.text) referenced from startup_gd32f407.o(RESET)
 <LI><a href="#[15]">EXTI2_IRQHandler</a> from drv_gpio.o(.text) referenced from startup_gd32f407.o(RESET)
 <LI><a href="#[16]">EXTI3_IRQHandler</a> from drv_gpio.o(.text) referenced from startup_gd32f407.o(RESET)
 <LI><a href="#[17]">EXTI4_IRQHandler</a> from drv_gpio.o(.text) referenced from startup_gd32f407.o(RESET)
 <LI><a href="#[24]">EXTI5_9_IRQHandler</a> from drv_gpio.o(.text) referenced from startup_gd32f407.o(RESET)
 <LI><a href="#[11]">FMC_IRQHandler</a> from startup_gd32f407.o(.text) referenced from startup_gd32f407.o(RESET)
 <LI><a href="#[5d]">FPU_IRQHandler</a> from startup_gd32f407.o(.text) referenced from startup_gd32f407.o(RESET)
 <LI><a href="#[5]">HardFault_Handler</a> from context_rvds.o(.text) referenced from startup_gd32f407.o(RESET)
 <LI><a href="#[2d]">I2C0_ER_IRQHandler</a> from startup_gd32f407.o(.text) referenced from startup_gd32f407.o(RESET)
 <LI><a href="#[2c]">I2C0_EV_IRQHandler</a> from startup_gd32f407.o(.text) referenced from startup_gd32f407.o(RESET)
 <LI><a href="#[2f]">I2C1_ER_IRQHandler</a> from startup_gd32f407.o(.text) referenced from startup_gd32f407.o(RESET)
 <LI><a href="#[2e]">I2C1_EV_IRQHandler</a> from startup_gd32f407.o(.text) referenced from startup_gd32f407.o(RESET)
 <LI><a href="#[56]">I2C2_ER_IRQHandler</a> from startup_gd32f407.o(.text) referenced from startup_gd32f407.o(RESET)
 <LI><a href="#[55]">I2C2_EV_IRQHandler</a> from startup_gd32f407.o(.text) referenced from startup_gd32f407.o(RESET)
 <LI><a href="#[e]">LVD_IRQHandler</a> from startup_gd32f407.o(.text) referenced from startup_gd32f407.o(RESET)
 <LI><a href="#[6]">MemManage_Handler</a> from startup_gd32f407.o(.text) referenced from startup_gd32f407.o(RESET)
 <LI><a href="#[4]">NMI_Handler</a> from startup_gd32f407.o(.text) referenced from startup_gd32f407.o(RESET)
 <LI><a href="#[b]">PendSV_Handler</a> from context_rvds.o(.text) referenced from startup_gd32f407.o(RESET)
 <LI><a href="#[12]">RCU_CTC_IRQHandler</a> from startup_gd32f407.o(.text) referenced from startup_gd32f407.o(RESET)
 <LI><a href="#[36]">RTC_Alarm_IRQHandler</a> from startup_gd32f407.o(.text) referenced from startup_gd32f407.o(RESET)
 <LI><a href="#[10]">RTC_WKUP_IRQHandler</a> from startup_gd32f407.o(.text) referenced from startup_gd32f407.o(RESET)
 <LI><a href="#[3]">Reset_Handler</a> from startup_gd32f407.o(.text) referenced from startup_gd32f407.o(RESET)
 <LI><a href="#[3e]">SDIO_IRQHandler</a> from startup_gd32f407.o(.text) referenced from startup_gd32f407.o(RESET)
 <LI><a href="#[30]">SPI0_IRQHandler</a> from startup_gd32f407.o(.text) referenced from startup_gd32f407.o(RESET)
 <LI><a href="#[31]">SPI1_IRQHandler</a> from startup_gd32f407.o(.text) referenced from startup_gd32f407.o(RESET)
 <LI><a href="#[40]">SPI2_IRQHandler</a> from startup_gd32f407.o(.text) referenced from startup_gd32f407.o(RESET)
 <LI><a href="#[9]">SVC_Handler</a> from startup_gd32f407.o(.text) referenced from startup_gd32f407.o(RESET)
 <LI><a href="#[c]">SysTick_Handler</a> from board.o(.text) referenced from startup_gd32f407.o(RESET)
 <LI><a href="#[72]">SystemInit</a> from system_gd32f4xx.o(.text) referenced from startup_gd32f407.o(.text)
 <LI><a href="#[f]">TAMPER_STAMP_IRQHandler</a> from startup_gd32f407.o(.text) referenced from startup_gd32f407.o(RESET)
 <LI><a href="#[25]">TIMER0_BRK_TIMER8_IRQHandler</a> from startup_gd32f407.o(.text) referenced from startup_gd32f407.o(RESET)
 <LI><a href="#[28]">TIMER0_Channel_IRQHandler</a> from startup_gd32f407.o(.text) referenced from startup_gd32f407.o(RESET)
 <LI><a href="#[27]">TIMER0_TRG_CMT_TIMER10_IRQHandler</a> from startup_gd32f407.o(.text) referenced from startup_gd32f407.o(RESET)
 <LI><a href="#[26]">TIMER0_UP_TIMER9_IRQHandler</a> from startup_gd32f407.o(.text) referenced from startup_gd32f407.o(RESET)
 <LI><a href="#[29]">TIMER1_IRQHandler</a> from startup_gd32f407.o(.text) referenced from startup_gd32f407.o(RESET)
 <LI><a href="#[2a]">TIMER2_IRQHandler</a> from startup_gd32f407.o(.text) referenced from startup_gd32f407.o(RESET)
 <LI><a href="#[2b]">TIMER3_IRQHandler</a> from startup_gd32f407.o(.text) referenced from startup_gd32f407.o(RESET)
 <LI><a href="#[3f]">TIMER4_IRQHandler</a> from startup_gd32f407.o(.text) referenced from startup_gd32f407.o(RESET)
 <LI><a href="#[43]">TIMER5_DAC_IRQHandler</a> from startup_gd32f407.o(.text) referenced from startup_gd32f407.o(RESET)
 <LI><a href="#[44]">TIMER6_IRQHandler</a> from startup_gd32f407.o(.text) referenced from startup_gd32f407.o(RESET)
 <LI><a href="#[38]">TIMER7_BRK_TIMER11_IRQHandler</a> from startup_gd32f407.o(.text) referenced from startup_gd32f407.o(RESET)
 <LI><a href="#[3b]">TIMER7_Channel_IRQHandler</a> from startup_gd32f407.o(.text) referenced from startup_gd32f407.o(RESET)
 <LI><a href="#[3a]">TIMER7_TRG_CMT_TIMER13_IRQHandler</a> from startup_gd32f407.o(.text) referenced from startup_gd32f407.o(RESET)
 <LI><a href="#[39]">TIMER7_UP_TIMER12_IRQHandler</a> from startup_gd32f407.o(.text) referenced from startup_gd32f407.o(RESET)
 <LI><a href="#[5c]">TRNG_IRQHandler</a> from startup_gd32f407.o(.text) referenced from startup_gd32f407.o(RESET)
 <LI><a href="#[41]">UART3_IRQHandler</a> from startup_gd32f407.o(.text) referenced from startup_gd32f407.o(RESET)
 <LI><a href="#[42]">UART4_IRQHandler</a> from startup_gd32f407.o(.text) referenced from startup_gd32f407.o(RESET)
 <LI><a href="#[32]">USART0_IRQHandler</a> from startup_gd32f407.o(.text) referenced from startup_gd32f407.o(RESET)
 <LI><a href="#[33]">USART1_IRQHandler</a> from drv_usart.o(.text) referenced from startup_gd32f407.o(RESET)
 <LI><a href="#[34]">USART2_IRQHandler</a> from startup_gd32f407.o(.text) referenced from startup_gd32f407.o(RESET)
 <LI><a href="#[54]">USART5_IRQHandler</a> from startup_gd32f407.o(.text) referenced from startup_gd32f407.o(RESET)
 <LI><a href="#[50]">USBFS_IRQHandler</a> from startup_gd32f407.o(.text) referenced from startup_gd32f407.o(RESET)
 <LI><a href="#[37]">USBFS_WKUP_IRQHandler</a> from startup_gd32f407.o(.text) referenced from startup_gd32f407.o(RESET)
 <LI><a href="#[58]">USBHS_EP1_In_IRQHandler</a> from startup_gd32f407.o(.text) referenced from startup_gd32f407.o(RESET)
 <LI><a href="#[57]">USBHS_EP1_Out_IRQHandler</a> from startup_gd32f407.o(.text) referenced from startup_gd32f407.o(RESET)
 <LI><a href="#[5a]">USBHS_IRQHandler</a> from startup_gd32f407.o(.text) referenced from startup_gd32f407.o(RESET)
 <LI><a href="#[59]">USBHS_WKUP_IRQHandler</a> from startup_gd32f407.o(.text) referenced from startup_gd32f407.o(RESET)
 <LI><a href="#[8]">UsageFault_Handler</a> from startup_gd32f407.o(.text) referenced from startup_gd32f407.o(RESET)
 <LI><a href="#[d]">WWDGT_IRQHandler</a> from startup_gd32f407.o(.text) referenced from startup_gd32f407.o(RESET)
 <LI><a href="#[99]">__main</a> from __main.o(!!!main) referenced from startup_gd32f407.o(.text)
 <LI><a href="#[74]">_get_lc_ctype</a> from lc_ctype_c.o(locale$$code) referenced from rt_ctype_table.o(.text)
 <LI><a href="#[6f]">_match_name</a> from object.o(.text) referenced from object.o(.text)
 <LI><a href="#[91]">_pin_cmd</a> from dev_pin.o(.text) referenced from dev_pin.o(FSymTab)
 <LI><a href="#[64]">_pin_control</a> from dev_pin.o(.text) referenced from dev_pin.o(.text)
 <LI><a href="#[62]">_pin_read</a> from dev_pin.o(.text) referenced from dev_pin.o(.text)
 <LI><a href="#[63]">_pin_write</a> from dev_pin.o(.text) referenced from dev_pin.o(.text)
 <LI><a href="#[76]">_sbackspace</a> from _sgetc.o(.text) referenced from strtod.o(.text)
 <LI><a href="#[75]">_sgetc</a> from _sgetc.o(.text) referenced from strtod.o(.text)
 <LI><a href="#[70]">_thread_exit</a> from thread.o(.text) referenced from thread.o(.text)
 <LI><a href="#[71]">_thread_timeout</a> from thread.o(.text) referenced from thread.o(.text)
 <LI><a href="#[61]">_workqueue_thread_entry</a> from workqueue.o(.text) referenced from workqueue.o(.text)
 <LI><a href="#[92]">clear</a> from cmd.o(.text) referenced from cmd.o(FSymTab)
 <LI><a href="#[98]">cmd_backtrace</a> from kservice.o(.text) referenced from kservice.o(FSymTab)
 <LI><a href="#[97]">cmd_free</a> from msh.o(.text) referenced from msh.o(FSymTab)
 <LI><a href="#[94]">cmd_list</a> from cmd.o(.text) referenced from cmd.o(FSymTab)
 <LI><a href="#[96]">cmd_ps</a> from msh.o(.text) referenced from msh.o(FSymTab)
 <LI><a href="#[6b]">finsh_rx_ind</a> from shell.o(.text) referenced from shell.o(.text)
 <LI><a href="#[8f]">finsh_system_init</a> from shell.o(.text) referenced from shell.o(.rti_fn.6)
 <LI><a href="#[6c]">finsh_thread_entry</a> from shell.o(.text) referenced from shell.o(.text)
 <LI><a href="#[82]">gd32_get_scl</a> from drv_soft_i2c.o(.text) referenced from drv_soft_i2c.o(.constdata)
 <LI><a href="#[81]">gd32_get_sda</a> from drv_soft_i2c.o(.text) referenced from drv_soft_i2c.o(.constdata)
 <LI><a href="#[84]">gd32_i2c_pin_init</a> from drv_soft_i2c.o(.text) referenced from drv_soft_i2c.o(.constdata)
 <LI><a href="#[7c]">gd32_pin_attach_irq</a> from drv_gpio.o(.text) referenced from drv_gpio.o(.constdata)
 <LI><a href="#[7d]">gd32_pin_detach_irq</a> from drv_gpio.o(.text) referenced from drv_gpio.o(.constdata)
 <LI><a href="#[7e]">gd32_pin_irq_enable</a> from drv_gpio.o(.text) referenced from drv_gpio.o(.constdata)
 <LI><a href="#[79]">gd32_pin_mode</a> from drv_gpio.o(.text) referenced from drv_gpio.o(.constdata)
 <LI><a href="#[7b]">gd32_pin_read</a> from drv_gpio.o(.text) referenced from drv_gpio.o(.constdata)
 <LI><a href="#[7a]">gd32_pin_write</a> from drv_gpio.o(.text) referenced from drv_gpio.o(.constdata)
 <LI><a href="#[80]">gd32_set_scl</a> from drv_soft_i2c.o(.text) referenced from drv_soft_i2c.o(.constdata)
 <LI><a href="#[7f]">gd32_set_sda</a> from drv_soft_i2c.o(.text) referenced from drv_soft_i2c.o(.constdata)
 <LI><a href="#[85]">gd32_uart_configure</a> from drv_usart.o(.text) referenced from drv_usart.o(.constdata)
 <LI><a href="#[86]">gd32_uart_control</a> from drv_usart.o(.text) referenced from drv_usart.o(.constdata)
 <LI><a href="#[88]">gd32_uart_getc</a> from drv_usart.o(.text) referenced from drv_usart.o(.constdata)
 <LI><a href="#[87]">gd32_uart_putc</a> from drv_usart.o(.text) referenced from drv_usart.o(.constdata)
 <LI><a href="#[83]">gd32_udelay</a> from drv_soft_i2c.o(.text) referenced from drv_soft_i2c.o(.constdata)
 <LI><a href="#[78]">i2c_bit_xfer</a> from dev_i2c_bit_ops.o(.text) referenced from dev_i2c_bit_ops.o(.constdata)
 <LI><a href="#[60]">i2c_bus_device_control</a> from dev_i2c_dev.o(.text) referenced from dev_i2c_dev.o(.text)
 <LI><a href="#[5e]">i2c_bus_device_read</a> from dev_i2c_dev.o(.text) referenced from dev_i2c_dev.o(.text)
 <LI><a href="#[5f]">i2c_bus_device_write</a> from dev_i2c_dev.o(.text) referenced from dev_i2c_dev.o(.text)
 <LI><a href="#[6e]">idle_thread_entry</a> from idle.o(.text) referenced from idle.o(.text)
 <LI><a href="#[77]">isspace</a> from isspace.o(.text) referenced from strtod.o(.text)
 <LI><a href="#[6d]">main_thread_entry</a> from components.o(.text) referenced from components.o(.text)
 <LI><a href="#[95]">msh_help</a> from msh.o(.text) referenced from msh.o(FSymTab)
 <LI><a href="#[8c]">rt_hw_i2c_init</a> from drv_soft_i2c.o(.text) referenced from drv_soft_i2c.o(.rti_fn.1)
 <LI><a href="#[8b]">rt_hw_pin_init</a> from drv_gpio.o(.text) referenced from drv_gpio.o(.rti_fn.1)
 <LI><a href="#[67]">rt_serial_close</a> from dev_serial.o(.text) referenced from dev_serial.o(.text)
 <LI><a href="#[6a]">rt_serial_control</a> from dev_serial.o(.text) referenced from dev_serial.o(.text)
 <LI><a href="#[65]">rt_serial_init</a> from dev_serial.o(.text) referenced from dev_serial.o(.text)
 <LI><a href="#[66]">rt_serial_open</a> from dev_serial.o(.text) referenced from dev_serial.o(.text)
 <LI><a href="#[68]">rt_serial_read</a> from dev_serial.o(.text) referenced from dev_serial.o(.text)
 <LI><a href="#[69]">rt_serial_write</a> from dev_serial.o(.text) referenced from dev_serial.o(.text)
 <LI><a href="#[8e]">rt_work_sys_workqueue_init</a> from workqueue.o(.text) referenced from workqueue.o(.rti_fn.2)
 <LI><a href="#[8d]">rti_board_end</a> from components.o(.text) referenced from components.o(.rti_fn.1.end)
 <LI><a href="#[8a]">rti_board_start</a> from components.o(.text) referenced from components.o(.rti_fn.0.end)
 <LI><a href="#[90]">rti_end</a> from components.o(.text) referenced from components.o(.rti_fn.6.end)
 <LI><a href="#[89]">rti_start</a> from components.o(.text) referenced from components.o(.rti_fn.0)
 <LI><a href="#[93]">version</a> from cmd.o(.text) referenced from cmd.o(FSymTab)
</UL>
<P>
<H3>
Global Symbols
</H3>
<P><STRONG><a name="[99]"></a>__main</STRONG> (Thumb, 8 bytes, Stack size 0 bytes, __main.o(!!!main))
<BR><BR>[Calls]<UL><LI><a href="#[9b]">&gt;&gt;</a>&nbsp;&nbsp;&nbsp;__rt_entry
<LI><a href="#[9a]">&gt;&gt;</a>&nbsp;&nbsp;&nbsp;__scatterload
</UL>

<P><STRONG><a name="[9a]"></a>__scatterload</STRONG> (Thumb, 0 bytes, Stack size unknown bytes, __scatter.o(!!!scatter))
<BR><BR>[Called By]<UL><LI><a href="#[99]">&gt;&gt;</a>&nbsp;&nbsp;&nbsp;__main
</UL>

<P><STRONG><a name="[9c]"></a>__scatterload_rt2</STRONG> (Thumb, 44 bytes, Stack size unknown bytes, __scatter.o(!!!scatter), UNUSED)
<BR><BR>[Calls]<UL><LI><a href="#[9b]">&gt;&gt;</a>&nbsp;&nbsp;&nbsp;__rt_entry
</UL>

<P><STRONG><a name="[2cf]"></a>__scatterload_rt2_thumb_only</STRONG> (Thumb, 0 bytes, Stack size unknown bytes, __scatter.o(!!!scatter), UNUSED)

<P><STRONG><a name="[2d0]"></a>__scatterload_null</STRONG> (Thumb, 0 bytes, Stack size unknown bytes, __scatter.o(!!!scatter), UNUSED)

<P><STRONG><a name="[2d1]"></a>__decompress</STRONG> (Thumb, 90 bytes, Stack size unknown bytes, __dczerorl2.o(!!dczerorl2), UNUSED)

<P><STRONG><a name="[2d2]"></a>__decompress1</STRONG> (Thumb, 0 bytes, Stack size unknown bytes, __dczerorl2.o(!!dczerorl2), UNUSED)

<P><STRONG><a name="[2d3]"></a>__scatterload_zeroinit</STRONG> (Thumb, 28 bytes, Stack size unknown bytes, __scatter_zi.o(!!handler_zi), UNUSED)

<P><STRONG><a name="[a7]"></a>__rt_lib_init</STRONG> (Thumb, 0 bytes, Stack size unknown bytes, libinit.o(.ARM.Collect$$libinit$$00000000))
<BR><BR>[Called By]<UL><LI><a href="#[a6]">&gt;&gt;</a>&nbsp;&nbsp;&nbsp;__rt_entry_li
</UL>

<P><STRONG><a name="[9d]"></a>__rt_lib_init_fp_1</STRONG> (Thumb, 0 bytes, Stack size unknown bytes, libinit2.o(.ARM.Collect$$libinit$$00000001))
<BR><BR>[Calls]<UL><LI><a href="#[9e]">&gt;&gt;</a>&nbsp;&nbsp;&nbsp;_fp_init
</UL>

<P><STRONG><a name="[2d4]"></a>__rt_lib_init_heap_1</STRONG> (Thumb, 0 bytes, Stack size unknown bytes, libinit2.o(.ARM.Collect$$libinit$$0000000A))

<P><STRONG><a name="[9f]"></a>__rt_lib_init_lc_common</STRONG> (Thumb, 0 bytes, Stack size unknown bytes, libinit2.o(.ARM.Collect$$libinit$$0000000F))
<BR><BR>[Calls]<UL><LI><a href="#[a0]">&gt;&gt;</a>&nbsp;&nbsp;&nbsp;__rt_locale
</UL>

<P><STRONG><a name="[2d5]"></a>__rt_lib_init_preinit_1</STRONG> (Thumb, 0 bytes, Stack size unknown bytes, libinit2.o(.ARM.Collect$$libinit$$00000004))

<P><STRONG><a name="[2d6]"></a>__rt_lib_init_rand_1</STRONG> (Thumb, 0 bytes, Stack size unknown bytes, libinit2.o(.ARM.Collect$$libinit$$0000000E))

<P><STRONG><a name="[2d7]"></a>__rt_lib_init_user_alloc_1</STRONG> (Thumb, 0 bytes, Stack size unknown bytes, libinit2.o(.ARM.Collect$$libinit$$0000000C))

<P><STRONG><a name="[2d8]"></a>__rt_lib_init_lc_collate_1</STRONG> (Thumb, 0 bytes, Stack size unknown bytes, libinit2.o(.ARM.Collect$$libinit$$00000011))

<P><STRONG><a name="[a1]"></a>__rt_lib_init_lc_ctype_2</STRONG> (Thumb, 0 bytes, Stack size unknown bytes, libinit2.o(.ARM.Collect$$libinit$$00000012))
<BR><BR>[Stack]<UL><LI>Max Depth = 8 + Unknown Stack Size
<LI>Call Chain = __rt_lib_init_lc_ctype_2 &rArr; _get_lc_ctype
</UL>
<BR>[Calls]<UL><LI><a href="#[74]">&gt;&gt;</a>&nbsp;&nbsp;&nbsp;_get_lc_ctype
</UL>

<P><STRONG><a name="[2d9]"></a>__rt_lib_init_lc_ctype_1</STRONG> (Thumb, 0 bytes, Stack size unknown bytes, libinit2.o(.ARM.Collect$$libinit$$00000013))

<P><STRONG><a name="[2da]"></a>__rt_lib_init_lc_monetary_1</STRONG> (Thumb, 0 bytes, Stack size unknown bytes, libinit2.o(.ARM.Collect$$libinit$$00000015))

<P><STRONG><a name="[a2]"></a>__rt_lib_init_lc_numeric_2</STRONG> (Thumb, 0 bytes, Stack size unknown bytes, libinit2.o(.ARM.Collect$$libinit$$00000016))
<BR><BR>[Stack]<UL><LI>Max Depth = 8 + Unknown Stack Size
<LI>Call Chain = __rt_lib_init_lc_numeric_2 &rArr; _get_lc_numeric
</UL>
<BR>[Calls]<UL><LI><a href="#[a3]">&gt;&gt;</a>&nbsp;&nbsp;&nbsp;_get_lc_numeric
</UL>

<P><STRONG><a name="[2db]"></a>__rt_lib_init_alloca_1</STRONG> (Thumb, 0 bytes, Stack size unknown bytes, libinit2.o(.ARM.Collect$$libinit$$0000002E))

<P><STRONG><a name="[2dc]"></a>__rt_lib_init_argv_1</STRONG> (Thumb, 0 bytes, Stack size unknown bytes, libinit2.o(.ARM.Collect$$libinit$$0000002C))

<P><STRONG><a name="[2dd]"></a>__rt_lib_init_atexit_1</STRONG> (Thumb, 0 bytes, Stack size unknown bytes, libinit2.o(.ARM.Collect$$libinit$$0000001B))

<P><STRONG><a name="[2de]"></a>__rt_lib_init_clock_1</STRONG> (Thumb, 0 bytes, Stack size unknown bytes, libinit2.o(.ARM.Collect$$libinit$$00000021))

<P><STRONG><a name="[2df]"></a>__rt_lib_init_cpp_1</STRONG> (Thumb, 0 bytes, Stack size unknown bytes, libinit2.o(.ARM.Collect$$libinit$$00000032))

<P><STRONG><a name="[2e0]"></a>__rt_lib_init_exceptions_1</STRONG> (Thumb, 0 bytes, Stack size unknown bytes, libinit2.o(.ARM.Collect$$libinit$$00000030))

<P><STRONG><a name="[2e1]"></a>__rt_lib_init_fp_trap_1</STRONG> (Thumb, 0 bytes, Stack size unknown bytes, libinit2.o(.ARM.Collect$$libinit$$0000001F))

<P><STRONG><a name="[2e2]"></a>__rt_lib_init_getenv_1</STRONG> (Thumb, 0 bytes, Stack size unknown bytes, libinit2.o(.ARM.Collect$$libinit$$00000023))

<P><STRONG><a name="[2e3]"></a>__rt_lib_init_lc_numeric_1</STRONG> (Thumb, 0 bytes, Stack size unknown bytes, libinit2.o(.ARM.Collect$$libinit$$00000017))

<P><STRONG><a name="[2e4]"></a>__rt_lib_init_lc_time_1</STRONG> (Thumb, 0 bytes, Stack size unknown bytes, libinit2.o(.ARM.Collect$$libinit$$00000019))

<P><STRONG><a name="[2e5]"></a>__rt_lib_init_return</STRONG> (Thumb, 0 bytes, Stack size unknown bytes, libinit2.o(.ARM.Collect$$libinit$$00000033))

<P><STRONG><a name="[2e6]"></a>__rt_lib_init_signal_1</STRONG> (Thumb, 0 bytes, Stack size unknown bytes, libinit2.o(.ARM.Collect$$libinit$$0000001D))

<P><STRONG><a name="[2e7]"></a>__rt_lib_init_stdio_1</STRONG> (Thumb, 0 bytes, Stack size unknown bytes, libinit2.o(.ARM.Collect$$libinit$$00000025))

<P><STRONG><a name="[ac]"></a>__rt_lib_shutdown</STRONG> (Thumb, 0 bytes, Stack size unknown bytes, libshutdown.o(.ARM.Collect$$libshutdown$$00000000))
<BR><BR>[Called By]<UL><LI><a href="#[ab]">&gt;&gt;</a>&nbsp;&nbsp;&nbsp;__rt_exit_ls
</UL>

<P><STRONG><a name="[2e8]"></a>__rt_lib_shutdown_cpp_1</STRONG> (Thumb, 0 bytes, Stack size unknown bytes, libshutdown2.o(.ARM.Collect$$libshutdown$$00000004))

<P><STRONG><a name="[2e9]"></a>__rt_lib_shutdown_fini_1</STRONG> (Thumb, 0 bytes, Stack size unknown bytes, libshutdown2.o(.ARM.Collect$$libshutdown$$00000002))

<P><STRONG><a name="[2ea]"></a>__rt_lib_shutdown_fp_trap_1</STRONG> (Thumb, 0 bytes, Stack size unknown bytes, libshutdown2.o(.ARM.Collect$$libshutdown$$00000009))

<P><STRONG><a name="[2eb]"></a>__rt_lib_shutdown_heap_1</STRONG> (Thumb, 0 bytes, Stack size unknown bytes, libshutdown2.o(.ARM.Collect$$libshutdown$$00000011))

<P><STRONG><a name="[2ec]"></a>__rt_lib_shutdown_return</STRONG> (Thumb, 0 bytes, Stack size unknown bytes, libshutdown2.o(.ARM.Collect$$libshutdown$$00000012))

<P><STRONG><a name="[2ed]"></a>__rt_lib_shutdown_signal_1</STRONG> (Thumb, 0 bytes, Stack size unknown bytes, libshutdown2.o(.ARM.Collect$$libshutdown$$0000000C))

<P><STRONG><a name="[2ee]"></a>__rt_lib_shutdown_stdio_1</STRONG> (Thumb, 0 bytes, Stack size unknown bytes, libshutdown2.o(.ARM.Collect$$libshutdown$$00000006))

<P><STRONG><a name="[2ef]"></a>__rt_lib_shutdown_user_alloc_1</STRONG> (Thumb, 0 bytes, Stack size unknown bytes, libshutdown2.o(.ARM.Collect$$libshutdown$$0000000E))

<P><STRONG><a name="[9b]"></a>__rt_entry</STRONG> (Thumb, 0 bytes, Stack size unknown bytes, __rtentry.o(.ARM.Collect$$rtentry$$00000000))
<BR><BR>[Called By]<UL><LI><a href="#[99]">&gt;&gt;</a>&nbsp;&nbsp;&nbsp;__main
<LI><a href="#[9c]">&gt;&gt;</a>&nbsp;&nbsp;&nbsp;__scatterload_rt2
</UL>

<P><STRONG><a name="[2f0]"></a>__rt_entry_presh_1</STRONG> (Thumb, 0 bytes, Stack size unknown bytes, __rtentry2.o(.ARM.Collect$$rtentry$$00000002))

<P><STRONG><a name="[a4]"></a>__rt_entry_sh</STRONG> (Thumb, 0 bytes, Stack size unknown bytes, __rtentry4.o(.ARM.Collect$$rtentry$$00000004))
<BR><BR>[Stack]<UL><LI>Max Depth = 8 + Unknown Stack Size
<LI>Call Chain = __rt_entry_sh &rArr; __user_setup_stackheap
</UL>
<BR>[Calls]<UL><LI><a href="#[a5]">&gt;&gt;</a>&nbsp;&nbsp;&nbsp;__user_setup_stackheap
</UL>

<P><STRONG><a name="[a6]"></a>__rt_entry_li</STRONG> (Thumb, 0 bytes, Stack size unknown bytes, __rtentry2.o(.ARM.Collect$$rtentry$$0000000A))
<BR><BR>[Calls]<UL><LI><a href="#[a7]">&gt;&gt;</a>&nbsp;&nbsp;&nbsp;__rt_lib_init
</UL>

<P><STRONG><a name="[2f1]"></a>__rt_entry_postsh_1</STRONG> (Thumb, 0 bytes, Stack size unknown bytes, __rtentry2.o(.ARM.Collect$$rtentry$$00000009))

<P><STRONG><a name="[a8]"></a>__rt_entry_main</STRONG> (Thumb, 0 bytes, Stack size unknown bytes, __rtentry2.o(.ARM.Collect$$rtentry$$0000000D))
<BR><BR>[Stack]<UL><LI>Max Depth = 516 + Unknown Stack Size
<LI>Call Chain = __rt_entry_main &rArr; main &rArr; rtthread_startup &rArr; rt_application_init &rArr; rt_thread_create &rArr; rt_object_allocate &rArr; rt_malloc &rArr; _heap_lock &rArr; rt_mutex_take &rArr; _rt_mutex_take &rArr; rt_thread_suspend_to_list &rArr; rt_sched_thread_timer_stop &rArr; rt_timer_stop &rArr; rt_spin_unlock_irqrestore &rArr; rt_exit_critical_safe &rArr; rt_exit_critical &rArr; rt_schedule &rArr; rt_sched_remove_thread &rArr; rt_assert_handler &rArr; rt_kprintf &rArr; rt_vsnprintf &rArr; print_number &rArr; __aeabi_memclr4
</UL>
<BR>[Calls]<UL><LI><a href="#[a9]">&gt;&gt;</a>&nbsp;&nbsp;&nbsp;main
<LI><a href="#[aa]">&gt;&gt;</a>&nbsp;&nbsp;&nbsp;exit
</UL>

<P><STRONG><a name="[2f2]"></a>__rt_entry_postli_1</STRONG> (Thumb, 0 bytes, Stack size unknown bytes, __rtentry2.o(.ARM.Collect$$rtentry$$0000000C))

<P><STRONG><a name="[2ae]"></a>__rt_exit</STRONG> (Thumb, 0 bytes, Stack size unknown bytes, rtexit.o(.ARM.Collect$$rtexit$$00000000))
<BR><BR>[Called By]<UL><LI><a href="#[aa]">&gt;&gt;</a>&nbsp;&nbsp;&nbsp;exit
</UL>

<P><STRONG><a name="[ab]"></a>__rt_exit_ls</STRONG> (Thumb, 0 bytes, Stack size unknown bytes, rtexit2.o(.ARM.Collect$$rtexit$$00000003))
<BR><BR>[Calls]<UL><LI><a href="#[ac]">&gt;&gt;</a>&nbsp;&nbsp;&nbsp;__rt_lib_shutdown
</UL>

<P><STRONG><a name="[2f3]"></a>__rt_exit_prels_1</STRONG> (Thumb, 0 bytes, Stack size unknown bytes, rtexit2.o(.ARM.Collect$$rtexit$$00000002))

<P><STRONG><a name="[ad]"></a>__rt_exit_exit</STRONG> (Thumb, 0 bytes, Stack size unknown bytes, rtexit2.o(.ARM.Collect$$rtexit$$00000004))
<BR><BR>[Stack]<UL><LI>Max Depth = 452 + Unknown Stack Size
<LI>Call Chain = __rt_exit_exit &rArr; _sys_exit &rArr; __rt_libc_exit &rArr; rt_thread_control &rArr; rt_thread_delete &rArr; _thread_detach &rArr; _thread_detach_from_mutex &rArr; rt_mutex_release &rArr; rt_sched_thread_ready &rArr; rt_sched_thread_timer_stop &rArr; rt_timer_stop &rArr; rt_spin_unlock_irqrestore &rArr; rt_exit_critical_safe &rArr; rt_exit_critical &rArr; rt_schedule &rArr; rt_sched_remove_thread &rArr; rt_assert_handler &rArr; rt_kprintf &rArr; rt_vsnprintf &rArr; print_number &rArr; __aeabi_memclr4
</UL>
<BR>[Calls]<UL><LI><a href="#[ae]">&gt;&gt;</a>&nbsp;&nbsp;&nbsp;_sys_exit
</UL>

<P><STRONG><a name="[24c]"></a>__rt_ffs</STRONG> (Thumb, 16 bytes, Stack size 0 bytes, cpuport.o(.emb_text))
<BR><BR>[Called By]<UL><LI><a href="#[247]">&gt;&gt;</a>&nbsp;&nbsp;&nbsp;_scheduler_get_highest_priority_thread
</UL>

<P><STRONG><a name="[290]"></a>hard_fault_handler_c</STRONG> (Thumb, 2 bytes, Stack size 0 bytes, main.o(.text))
<BR><BR>[Called By]<UL><LI><a href="#[4]">&gt;&gt;</a>&nbsp;&nbsp;&nbsp;NMI_Handler
</UL>

<P><STRONG><a name="[af]"></a>$Super$$main</STRONG> (Thumb, 56 bytes, Stack size 16 bytes, main.o(.text))
<BR><BR>[Stack]<UL><LI>Max Depth = 380<LI>Call Chain = $Super$$main &rArr; rt_thread_mdelay &rArr; _thread_sleep &rArr; rt_thread_suspend_with_flag &rArr; rt_thread_suspend_to_list &rArr; rt_sched_thread_timer_stop &rArr; rt_timer_stop &rArr; rt_spin_unlock_irqrestore &rArr; rt_exit_critical_safe &rArr; rt_exit_critical &rArr; rt_schedule &rArr; rt_sched_remove_thread &rArr; rt_assert_handler &rArr; rt_kprintf &rArr; rt_vsnprintf &rArr; print_number &rArr; __aeabi_memclr4
</UL>
<BR>[Calls]<UL><LI><a href="#[b2]">&gt;&gt;</a>&nbsp;&nbsp;&nbsp;rt_thread_mdelay
<LI><a href="#[b1]">&gt;&gt;</a>&nbsp;&nbsp;&nbsp;rt_pin_write
<LI><a href="#[b0]">&gt;&gt;</a>&nbsp;&nbsp;&nbsp;rt_pin_mode
</UL>
<BR>[Called By]<UL><LI><a href="#[6d]">&gt;&gt;</a>&nbsp;&nbsp;&nbsp;main_thread_entry
</UL>

<P><STRONG><a name="[b3]"></a>_sys_open</STRONG> (Thumb, 76 bytes, Stack size 8 bytes, syscalls.o(.text), UNUSED)
<BR><BR>[Calls]<UL><LI><a href="#[b5]">&gt;&gt;</a>&nbsp;&nbsp;&nbsp;rt_kprintf
<LI><a href="#[b4]">&gt;&gt;</a>&nbsp;&nbsp;&nbsp;strcmp
</UL>

<P><STRONG><a name="[b6]"></a>_sys_close</STRONG> (Thumb, 30 bytes, Stack size 8 bytes, syscalls.o(.text), UNUSED)
<BR><BR>[Calls]<UL><LI><a href="#[b5]">&gt;&gt;</a>&nbsp;&nbsp;&nbsp;rt_kprintf
</UL>

<P><STRONG><a name="[b7]"></a>_sys_read</STRONG> (Thumb, 30 bytes, Stack size 8 bytes, syscalls.o(.text), UNUSED)
<BR><BR>[Calls]<UL><LI><a href="#[b5]">&gt;&gt;</a>&nbsp;&nbsp;&nbsp;rt_kprintf
</UL>

<P><STRONG><a name="[b8]"></a>_sys_write</STRONG> (Thumb, 70 bytes, Stack size 16 bytes, syscalls.o(.text), UNUSED)
<BR><BR>[Calls]<UL><LI><a href="#[b5]">&gt;&gt;</a>&nbsp;&nbsp;&nbsp;rt_kprintf
<LI><a href="#[ba]">&gt;&gt;</a>&nbsp;&nbsp;&nbsp;rt_device_write
<LI><a href="#[b9]">&gt;&gt;</a>&nbsp;&nbsp;&nbsp;rt_console_get_device
</UL>

<P><STRONG><a name="[bb]"></a>_sys_ensure</STRONG> (Thumb, 30 bytes, Stack size 8 bytes, syscalls.o(.text), UNUSED)
<BR><BR>[Calls]<UL><LI><a href="#[b5]">&gt;&gt;</a>&nbsp;&nbsp;&nbsp;rt_kprintf
</UL>

<P><STRONG><a name="[bc]"></a>_sys_seek</STRONG> (Thumb, 30 bytes, Stack size 8 bytes, syscalls.o(.text), UNUSED)
<BR><BR>[Calls]<UL><LI><a href="#[b5]">&gt;&gt;</a>&nbsp;&nbsp;&nbsp;rt_kprintf
</UL>

<P><STRONG><a name="[bd]"></a>_sys_tmpnam</STRONG> (Thumb, 18 bytes, Stack size 8 bytes, syscalls.o(.text), UNUSED)
<BR><BR>[Calls]<UL><LI><a href="#[be]">&gt;&gt;</a>&nbsp;&nbsp;&nbsp;rt_snprintf
</UL>

<P><STRONG><a name="[2f4]"></a>_sys_command_string</STRONG> (Thumb, 4 bytes, Stack size 0 bytes, syscalls.o(.text), UNUSED)

<P><STRONG><a name="[bf]"></a>_ttywrch</STRONG> (Thumb, 8 bytes, Stack size 0 bytes, syscalls.o(.text), UNUSED)
<BR><BR>[Calls]<UL><LI><a href="#[b5]">&gt;&gt;</a>&nbsp;&nbsp;&nbsp;rt_kprintf
</UL>

<P><STRONG><a name="[ae]"></a>_sys_exit</STRONG> (Thumb, 8 bytes, Stack size 8 bytes, syscalls.o(.text))
<BR><BR>[Stack]<UL><LI>Max Depth = 452<LI>Call Chain = _sys_exit &rArr; __rt_libc_exit &rArr; rt_thread_control &rArr; rt_thread_delete &rArr; _thread_detach &rArr; _thread_detach_from_mutex &rArr; rt_mutex_release &rArr; rt_sched_thread_ready &rArr; rt_sched_thread_timer_stop &rArr; rt_timer_stop &rArr; rt_spin_unlock_irqrestore &rArr; rt_exit_critical_safe &rArr; rt_exit_critical &rArr; rt_schedule &rArr; rt_sched_remove_thread &rArr; rt_assert_handler &rArr; rt_kprintf &rArr; rt_vsnprintf &rArr; print_number &rArr; __aeabi_memclr4
</UL>
<BR>[Calls]<UL><LI><a href="#[c0]">&gt;&gt;</a>&nbsp;&nbsp;&nbsp;__rt_libc_exit
</UL>
<BR>[Called By]<UL><LI><a href="#[ad]">&gt;&gt;</a>&nbsp;&nbsp;&nbsp;__rt_exit_exit
</UL>

<P><STRONG><a name="[c1]"></a>_sys_flen</STRONG> (Thumb, 30 bytes, Stack size 8 bytes, syscalls.o(.text), UNUSED)
<BR><BR>[Calls]<UL><LI><a href="#[b5]">&gt;&gt;</a>&nbsp;&nbsp;&nbsp;rt_kprintf
</UL>

<P><STRONG><a name="[2f5]"></a>_sys_istty</STRONG> (Thumb, 12 bytes, Stack size 0 bytes, syscalls.o(.text), UNUSED)

<P><STRONG><a name="[c2]"></a>remove</STRONG> (Thumb, 30 bytes, Stack size 8 bytes, syscalls.o(.text), UNUSED)
<BR><BR>[Calls]<UL><LI><a href="#[b5]">&gt;&gt;</a>&nbsp;&nbsp;&nbsp;rt_kprintf
</UL>

<P><STRONG><a name="[c0]"></a>__rt_libc_exit</STRONG> (Thumb, 50 bytes, Stack size 16 bytes, cstdlib.o(.text))
<BR><BR>[Stack]<UL><LI>Max Depth = 444<LI>Call Chain = __rt_libc_exit &rArr; rt_thread_control &rArr; rt_thread_delete &rArr; _thread_detach &rArr; _thread_detach_from_mutex &rArr; rt_mutex_release &rArr; rt_sched_thread_ready &rArr; rt_sched_thread_timer_stop &rArr; rt_timer_stop &rArr; rt_spin_unlock_irqrestore &rArr; rt_exit_critical_safe &rArr; rt_exit_critical &rArr; rt_schedule &rArr; rt_sched_remove_thread &rArr; rt_assert_handler &rArr; rt_kprintf &rArr; rt_vsnprintf &rArr; print_number &rArr; __aeabi_memclr4
</UL>
<BR>[Calls]<UL><LI><a href="#[c3]">&gt;&gt;</a>&nbsp;&nbsp;&nbsp;rt_thread_self
<LI><a href="#[c4]">&gt;&gt;</a>&nbsp;&nbsp;&nbsp;rt_thread_control
<LI><a href="#[b5]">&gt;&gt;</a>&nbsp;&nbsp;&nbsp;rt_kprintf
</UL>
<BR>[Called By]<UL><LI><a href="#[ae]">&gt;&gt;</a>&nbsp;&nbsp;&nbsp;_sys_exit
</UL>

<P><STRONG><a name="[c5]"></a>system</STRONG> (Thumb, 22 bytes, Stack size 8 bytes, cstdlib.o(.text), UNUSED)
<BR><BR>[Calls]<UL><LI><a href="#[c6]">&gt;&gt;</a>&nbsp;&nbsp;&nbsp;rt_strlen
<LI><a href="#[c7]">&gt;&gt;</a>&nbsp;&nbsp;&nbsp;msh_exec
</UL>

<P><STRONG><a name="[c9]"></a>ltoa</STRONG> (Thumb, 112 bytes, Stack size 56 bytes, cstdlib.o(.text), UNUSED)
<BR><BR>[Called By]<UL><LI><a href="#[c8]">&gt;&gt;</a>&nbsp;&nbsp;&nbsp;itoa
</UL>

<P><STRONG><a name="[c8]"></a>itoa</STRONG> (Thumb, 2 bytes, Stack size 0 bytes, cstdlib.o(.text), UNUSED)
<BR><BR>[Calls]<UL><LI><a href="#[c9]">&gt;&gt;</a>&nbsp;&nbsp;&nbsp;ltoa
</UL>

<P><STRONG><a name="[cb]"></a>ultoa</STRONG> (Thumb, 84 bytes, Stack size 52 bytes, cstdlib.o(.text), UNUSED)
<BR><BR>[Called By]<UL><LI><a href="#[ca]">&gt;&gt;</a>&nbsp;&nbsp;&nbsp;utoa
</UL>

<P><STRONG><a name="[ca]"></a>utoa</STRONG> (Thumb, 2 bytes, Stack size 0 bytes, cstdlib.o(.text), UNUSED)
<BR><BR>[Calls]<UL><LI><a href="#[cb]">&gt;&gt;</a>&nbsp;&nbsp;&nbsp;ultoa
</UL>

<P><STRONG><a name="[cc]"></a>rt_device_find</STRONG> (Thumb, 6 bytes, Stack size 0 bytes, device.o(.text))
<BR><BR>[Stack]<UL><LI>Max Depth = 316<LI>Call Chain = rt_device_find &rArr; rt_object_find &rArr; rt_object_for_each &rArr; rt_spin_unlock_irqrestore &rArr; rt_exit_critical_safe &rArr; rt_exit_critical &rArr; rt_schedule &rArr; rt_sched_remove_thread &rArr; rt_assert_handler &rArr; rt_kprintf &rArr; rt_vsnprintf &rArr; print_number &rArr; __aeabi_memclr4
</UL>
<BR>[Calls]<UL><LI><a href="#[cd]">&gt;&gt;</a>&nbsp;&nbsp;&nbsp;rt_object_find
</UL>
<BR>[Called By]<UL><LI><a href="#[f1]">&gt;&gt;</a>&nbsp;&nbsp;&nbsp;rt_i2c_bus_device_find
<LI><a href="#[ce]">&gt;&gt;</a>&nbsp;&nbsp;&nbsp;rt_device_register
<LI><a href="#[1a4]">&gt;&gt;</a>&nbsp;&nbsp;&nbsp;finsh_set_device
<LI><a href="#[151]">&gt;&gt;</a>&nbsp;&nbsp;&nbsp;rt_console_set_device
</UL>

<P><STRONG><a name="[ce]"></a>rt_device_register</STRONG> (Thumb, 50 bytes, Stack size 24 bytes, device.o(.text))
<BR><BR>[Stack]<UL><LI>Max Depth = 340<LI>Call Chain = rt_device_register &rArr; rt_device_find &rArr; rt_object_find &rArr; rt_object_for_each &rArr; rt_spin_unlock_irqrestore &rArr; rt_exit_critical_safe &rArr; rt_exit_critical &rArr; rt_schedule &rArr; rt_sched_remove_thread &rArr; rt_assert_handler &rArr; rt_kprintf &rArr; rt_vsnprintf &rArr; print_number &rArr; __aeabi_memclr4
</UL>
<BR>[Calls]<UL><LI><a href="#[cf]">&gt;&gt;</a>&nbsp;&nbsp;&nbsp;rt_object_init
<LI><a href="#[cc]">&gt;&gt;</a>&nbsp;&nbsp;&nbsp;rt_device_find
</UL>
<BR>[Called By]<UL><LI><a href="#[f0]">&gt;&gt;</a>&nbsp;&nbsp;&nbsp;rt_i2c_bus_device_device_init
<LI><a href="#[145]">&gt;&gt;</a>&nbsp;&nbsp;&nbsp;rt_hw_serial_register
<LI><a href="#[12f]">&gt;&gt;</a>&nbsp;&nbsp;&nbsp;rt_device_pin_register
</UL>

<P><STRONG><a name="[d0]"></a>rt_device_unregister</STRONG> (Thumb, 64 bytes, Stack size 8 bytes, device.o(.text), UNUSED)
<BR><BR>[Calls]<UL><LI><a href="#[d3]">&gt;&gt;</a>&nbsp;&nbsp;&nbsp;rt_object_is_systemobject
<LI><a href="#[d2]">&gt;&gt;</a>&nbsp;&nbsp;&nbsp;rt_object_get_type
<LI><a href="#[d4]">&gt;&gt;</a>&nbsp;&nbsp;&nbsp;rt_object_detach
<LI><a href="#[d1]">&gt;&gt;</a>&nbsp;&nbsp;&nbsp;rt_assert_handler
</UL>

<P><STRONG><a name="[d5]"></a>rt_device_create</STRONG> (Thumb, 34 bytes, Stack size 16 bytes, device.o(.text), UNUSED)
<BR><BR>[Calls]<UL><LI><a href="#[d7]">&gt;&gt;</a>&nbsp;&nbsp;&nbsp;rt_memset
<LI><a href="#[d6]">&gt;&gt;</a>&nbsp;&nbsp;&nbsp;rt_malloc
</UL>

<P><STRONG><a name="[d8]"></a>rt_device_destroy</STRONG> (Thumb, 74 bytes, Stack size 8 bytes, device.o(.text), UNUSED)
<BR><BR>[Calls]<UL><LI><a href="#[d3]">&gt;&gt;</a>&nbsp;&nbsp;&nbsp;rt_object_is_systemobject
<LI><a href="#[d2]">&gt;&gt;</a>&nbsp;&nbsp;&nbsp;rt_object_get_type
<LI><a href="#[d4]">&gt;&gt;</a>&nbsp;&nbsp;&nbsp;rt_object_detach
<LI><a href="#[d1]">&gt;&gt;</a>&nbsp;&nbsp;&nbsp;rt_assert_handler
<LI><a href="#[d9]">&gt;&gt;</a>&nbsp;&nbsp;&nbsp;rt_free
</UL>

<P><STRONG><a name="[da]"></a>rt_device_init</STRONG> (Thumb, 80 bytes, Stack size 16 bytes, device.o(.text), UNUSED)
<BR><BR>[Calls]<UL><LI><a href="#[d1]">&gt;&gt;</a>&nbsp;&nbsp;&nbsp;rt_assert_handler
<LI><a href="#[b5]">&gt;&gt;</a>&nbsp;&nbsp;&nbsp;rt_kprintf
</UL>

<P><STRONG><a name="[db]"></a>rt_device_open</STRONG> (Thumb, 204 bytes, Stack size 24 bytes, device.o(.text))
<BR><BR>[Stack]<UL><LI>Max Depth = 220<LI>Call Chain = rt_device_open &rArr; rt_assert_handler &rArr; rt_kprintf &rArr; rt_vsnprintf &rArr; print_number &rArr; __aeabi_memclr4
</UL>
<BR>[Calls]<UL><LI><a href="#[d2]">&gt;&gt;</a>&nbsp;&nbsp;&nbsp;rt_object_get_type
<LI><a href="#[d1]">&gt;&gt;</a>&nbsp;&nbsp;&nbsp;rt_assert_handler
<LI><a href="#[b5]">&gt;&gt;</a>&nbsp;&nbsp;&nbsp;rt_kprintf
</UL>
<BR>[Called By]<UL><LI><a href="#[1a4]">&gt;&gt;</a>&nbsp;&nbsp;&nbsp;finsh_set_device
<LI><a href="#[151]">&gt;&gt;</a>&nbsp;&nbsp;&nbsp;rt_console_set_device
</UL>

<P><STRONG><a name="[dc]"></a>rt_device_close</STRONG> (Thumb, 98 bytes, Stack size 16 bytes, device.o(.text))
<BR><BR>[Stack]<UL><LI>Max Depth = 212<LI>Call Chain = rt_device_close &rArr; rt_assert_handler &rArr; rt_kprintf &rArr; rt_vsnprintf &rArr; print_number &rArr; __aeabi_memclr4
</UL>
<BR>[Calls]<UL><LI><a href="#[d2]">&gt;&gt;</a>&nbsp;&nbsp;&nbsp;rt_object_get_type
<LI><a href="#[d1]">&gt;&gt;</a>&nbsp;&nbsp;&nbsp;rt_assert_handler
</UL>
<BR>[Called By]<UL><LI><a href="#[1a4]">&gt;&gt;</a>&nbsp;&nbsp;&nbsp;finsh_set_device
<LI><a href="#[151]">&gt;&gt;</a>&nbsp;&nbsp;&nbsp;rt_console_set_device
</UL>

<P><STRONG><a name="[dd]"></a>rt_device_read</STRONG> (Thumb, 98 bytes, Stack size 24 bytes, device.o(.text))
<BR><BR>[Stack]<UL><LI>Max Depth = 220<LI>Call Chain = rt_device_read &rArr; rt_assert_handler &rArr; rt_kprintf &rArr; rt_vsnprintf &rArr; print_number &rArr; __aeabi_memclr4
</UL>
<BR>[Calls]<UL><LI><a href="#[d2]">&gt;&gt;</a>&nbsp;&nbsp;&nbsp;rt_object_get_type
<LI><a href="#[d1]">&gt;&gt;</a>&nbsp;&nbsp;&nbsp;rt_assert_handler
<LI><a href="#[de]">&gt;&gt;</a>&nbsp;&nbsp;&nbsp;rt_set_errno
</UL>
<BR>[Called By]<UL><LI><a href="#[1a3]">&gt;&gt;</a>&nbsp;&nbsp;&nbsp;finsh_getchar
</UL>

<P><STRONG><a name="[ba]"></a>rt_device_write</STRONG> (Thumb, 98 bytes, Stack size 24 bytes, device.o(.text))
<BR><BR>[Stack]<UL><LI>Max Depth = 56 + In Cycle
<LI>Call Chain = rt_device_write &rArr;  rt_assert_handler (Cycle)
</UL>
<BR>[Calls]<UL><LI><a href="#[d2]">&gt;&gt;</a>&nbsp;&nbsp;&nbsp;rt_object_get_type
<LI><a href="#[d1]">&gt;&gt;</a>&nbsp;&nbsp;&nbsp;rt_assert_handler
<LI><a href="#[de]">&gt;&gt;</a>&nbsp;&nbsp;&nbsp;rt_set_errno
</UL>
<BR>[Called By]<UL><LI><a href="#[b8]">&gt;&gt;</a>&nbsp;&nbsp;&nbsp;_sys_write
<LI><a href="#[21c]">&gt;&gt;</a>&nbsp;&nbsp;&nbsp;_kputs
</UL>

<P><STRONG><a name="[df]"></a>rt_device_control</STRONG> (Thumb, 70 bytes, Stack size 16 bytes, device.o(.text), UNUSED)
<BR><BR>[Calls]<UL><LI><a href="#[d2]">&gt;&gt;</a>&nbsp;&nbsp;&nbsp;rt_object_get_type
<LI><a href="#[d1]">&gt;&gt;</a>&nbsp;&nbsp;&nbsp;rt_assert_handler
</UL>

<P><STRONG><a name="[e0]"></a>rt_device_set_rx_indicate</STRONG> (Thumb, 52 bytes, Stack size 16 bytes, device.o(.text))
<BR><BR>[Stack]<UL><LI>Max Depth = 212<LI>Call Chain = rt_device_set_rx_indicate &rArr; rt_assert_handler &rArr; rt_kprintf &rArr; rt_vsnprintf &rArr; print_number &rArr; __aeabi_memclr4
</UL>
<BR>[Calls]<UL><LI><a href="#[d2]">&gt;&gt;</a>&nbsp;&nbsp;&nbsp;rt_object_get_type
<LI><a href="#[d1]">&gt;&gt;</a>&nbsp;&nbsp;&nbsp;rt_assert_handler
</UL>
<BR>[Called By]<UL><LI><a href="#[1a4]">&gt;&gt;</a>&nbsp;&nbsp;&nbsp;finsh_set_device
</UL>

<P><STRONG><a name="[e1]"></a>rt_device_set_tx_complete</STRONG> (Thumb, 392 bytes, Stack size 16 bytes, device.o(.text), UNUSED)
<BR><BR>[Calls]<UL><LI><a href="#[d2]">&gt;&gt;</a>&nbsp;&nbsp;&nbsp;rt_object_get_type
<LI><a href="#[d1]">&gt;&gt;</a>&nbsp;&nbsp;&nbsp;rt_assert_handler
</UL>

<P><STRONG><a name="[ed]"></a>rt_i2c_bit_add_bus</STRONG> (Thumb, 8 bytes, Stack size 0 bytes, dev_i2c_bit_ops.o(.text))
<BR><BR>[Stack]<UL><LI>Max Depth = 372<LI>Call Chain = rt_i2c_bit_add_bus &rArr; rt_i2c_bus_device_register &rArr; rt_i2c_bus_device_device_init &rArr; rt_device_register &rArr; rt_device_find &rArr; rt_object_find &rArr; rt_object_for_each &rArr; rt_spin_unlock_irqrestore &rArr; rt_exit_critical_safe &rArr; rt_exit_critical &rArr; rt_schedule &rArr; rt_sched_remove_thread &rArr; rt_assert_handler &rArr; rt_kprintf &rArr; rt_vsnprintf &rArr; print_number &rArr; __aeabi_memclr4
</UL>
<BR>[Calls]<UL><LI><a href="#[ee]">&gt;&gt;</a>&nbsp;&nbsp;&nbsp;rt_i2c_bus_device_register
</UL>
<BR>[Called By]<UL><LI><a href="#[8c]">&gt;&gt;</a>&nbsp;&nbsp;&nbsp;rt_hw_i2c_init
</UL>

<P><STRONG><a name="[ee]"></a>rt_i2c_bus_device_register</STRONG> (Thumb, 40 bytes, Stack size 16 bytes, dev_i2c_core.o(.text))
<BR><BR>[Stack]<UL><LI>Max Depth = 372<LI>Call Chain = rt_i2c_bus_device_register &rArr; rt_i2c_bus_device_device_init &rArr; rt_device_register &rArr; rt_device_find &rArr; rt_object_find &rArr; rt_object_for_each &rArr; rt_spin_unlock_irqrestore &rArr; rt_exit_critical_safe &rArr; rt_exit_critical &rArr; rt_schedule &rArr; rt_sched_remove_thread &rArr; rt_assert_handler &rArr; rt_kprintf &rArr; rt_vsnprintf &rArr; print_number &rArr; __aeabi_memclr4
</UL>
<BR>[Calls]<UL><LI><a href="#[ef]">&gt;&gt;</a>&nbsp;&nbsp;&nbsp;rt_mutex_init
<LI><a href="#[f0]">&gt;&gt;</a>&nbsp;&nbsp;&nbsp;rt_i2c_bus_device_device_init
</UL>
<BR>[Called By]<UL><LI><a href="#[ed]">&gt;&gt;</a>&nbsp;&nbsp;&nbsp;rt_i2c_bit_add_bus
</UL>

<P><STRONG><a name="[f1]"></a>rt_i2c_bus_device_find</STRONG> (Thumb, 44 bytes, Stack size 8 bytes, dev_i2c_core.o(.text), UNUSED)
<BR><BR>[Calls]<UL><LI><a href="#[cc]">&gt;&gt;</a>&nbsp;&nbsp;&nbsp;rt_device_find
<LI><a href="#[b5]">&gt;&gt;</a>&nbsp;&nbsp;&nbsp;rt_kprintf
</UL>

<P><STRONG><a name="[f2]"></a>rt_i2c_transfer</STRONG> (Thumb, 88 bytes, Stack size 24 bytes, dev_i2c_core.o(.text))
<BR><BR>[Stack]<UL><LI>Max Depth = 404<LI>Call Chain = rt_i2c_transfer &rArr; rt_mutex_take &rArr; _rt_mutex_take &rArr; rt_thread_suspend_to_list &rArr; rt_sched_thread_timer_stop &rArr; rt_timer_stop &rArr; rt_spin_unlock_irqrestore &rArr; rt_exit_critical_safe &rArr; rt_exit_critical &rArr; rt_schedule &rArr; rt_sched_remove_thread &rArr; rt_assert_handler &rArr; rt_kprintf &rArr; rt_vsnprintf &rArr; print_number &rArr; __aeabi_memclr4
</UL>
<BR>[Calls]<UL><LI><a href="#[f3]">&gt;&gt;</a>&nbsp;&nbsp;&nbsp;rt_mutex_take
<LI><a href="#[f4]">&gt;&gt;</a>&nbsp;&nbsp;&nbsp;rt_mutex_release
<LI><a href="#[b5]">&gt;&gt;</a>&nbsp;&nbsp;&nbsp;rt_kprintf
</UL>
<BR>[Called By]<UL><LI><a href="#[60]">&gt;&gt;</a>&nbsp;&nbsp;&nbsp;i2c_bus_device_control
<LI><a href="#[f7]">&gt;&gt;</a>&nbsp;&nbsp;&nbsp;rt_i2c_master_recv
<LI><a href="#[f6]">&gt;&gt;</a>&nbsp;&nbsp;&nbsp;rt_i2c_master_send
</UL>

<P><STRONG><a name="[f5]"></a>rt_i2c_control</STRONG> (Thumb, 38 bytes, Stack size 8 bytes, dev_i2c_core.o(.text))
<BR><BR>[Stack]<UL><LI>Max Depth = 188<LI>Call Chain = rt_i2c_control &rArr; rt_kprintf &rArr; rt_vsnprintf &rArr; print_number &rArr; __aeabi_memclr4
</UL>
<BR>[Calls]<UL><LI><a href="#[b5]">&gt;&gt;</a>&nbsp;&nbsp;&nbsp;rt_kprintf
</UL>
<BR>[Called By]<UL><LI><a href="#[60]">&gt;&gt;</a>&nbsp;&nbsp;&nbsp;i2c_bus_device_control
</UL>

<P><STRONG><a name="[f6]"></a>rt_i2c_master_send</STRONG> (Thumb, 34 bytes, Stack size 24 bytes, dev_i2c_core.o(.text))
<BR><BR>[Stack]<UL><LI>Max Depth = 428<LI>Call Chain = rt_i2c_master_send &rArr; rt_i2c_transfer &rArr; rt_mutex_take &rArr; _rt_mutex_take &rArr; rt_thread_suspend_to_list &rArr; rt_sched_thread_timer_stop &rArr; rt_timer_stop &rArr; rt_spin_unlock_irqrestore &rArr; rt_exit_critical_safe &rArr; rt_exit_critical &rArr; rt_schedule &rArr; rt_sched_remove_thread &rArr; rt_assert_handler &rArr; rt_kprintf &rArr; rt_vsnprintf &rArr; print_number &rArr; __aeabi_memclr4
</UL>
<BR>[Calls]<UL><LI><a href="#[f2]">&gt;&gt;</a>&nbsp;&nbsp;&nbsp;rt_i2c_transfer
</UL>
<BR>[Called By]<UL><LI><a href="#[5f]">&gt;&gt;</a>&nbsp;&nbsp;&nbsp;i2c_bus_device_write
</UL>

<P><STRONG><a name="[f7]"></a>rt_i2c_master_recv</STRONG> (Thumb, 66 bytes, Stack size 40 bytes, dev_i2c_core.o(.text))
<BR><BR>[Stack]<UL><LI>Max Depth = 444<LI>Call Chain = rt_i2c_master_recv &rArr; rt_i2c_transfer &rArr; rt_mutex_take &rArr; _rt_mutex_take &rArr; rt_thread_suspend_to_list &rArr; rt_sched_thread_timer_stop &rArr; rt_timer_stop &rArr; rt_spin_unlock_irqrestore &rArr; rt_exit_critical_safe &rArr; rt_exit_critical &rArr; rt_schedule &rArr; rt_sched_remove_thread &rArr; rt_assert_handler &rArr; rt_kprintf &rArr; rt_vsnprintf &rArr; print_number &rArr; __aeabi_memclr4
</UL>
<BR>[Calls]<UL><LI><a href="#[f2]">&gt;&gt;</a>&nbsp;&nbsp;&nbsp;rt_i2c_transfer
<LI><a href="#[d1]">&gt;&gt;</a>&nbsp;&nbsp;&nbsp;rt_assert_handler
</UL>
<BR>[Called By]<UL><LI><a href="#[5e]">&gt;&gt;</a>&nbsp;&nbsp;&nbsp;i2c_bus_device_read
</UL>

<P><STRONG><a name="[f0]"></a>rt_i2c_bus_device_device_init</STRONG> (Thumb, 60 bytes, Stack size 16 bytes, dev_i2c_dev.o(.text))
<BR><BR>[Stack]<UL><LI>Max Depth = 356<LI>Call Chain = rt_i2c_bus_device_device_init &rArr; rt_device_register &rArr; rt_device_find &rArr; rt_object_find &rArr; rt_object_for_each &rArr; rt_spin_unlock_irqrestore &rArr; rt_exit_critical_safe &rArr; rt_exit_critical &rArr; rt_schedule &rArr; rt_sched_remove_thread &rArr; rt_assert_handler &rArr; rt_kprintf &rArr; rt_vsnprintf &rArr; print_number &rArr; __aeabi_memclr4
</UL>
<BR>[Calls]<UL><LI><a href="#[d1]">&gt;&gt;</a>&nbsp;&nbsp;&nbsp;rt_assert_handler
<LI><a href="#[ce]">&gt;&gt;</a>&nbsp;&nbsp;&nbsp;rt_device_register
</UL>
<BR>[Called By]<UL><LI><a href="#[ee]">&gt;&gt;</a>&nbsp;&nbsp;&nbsp;rt_i2c_bus_device_register
</UL>

<P><STRONG><a name="[f8]"></a>rt_completion_done</STRONG> (Thumb, 8 bytes, Stack size 0 bytes, completion_comm.o(.text))
<BR><BR>[Stack]<UL><LI>Max Depth = 348<LI>Call Chain = rt_completion_done &rArr; rt_completion_wakeup_by_errno &rArr; rt_thread_resume &rArr; rt_sched_thread_ready &rArr; rt_sched_thread_timer_stop &rArr; rt_timer_stop &rArr; rt_spin_unlock_irqrestore &rArr; rt_exit_critical_safe &rArr; rt_exit_critical &rArr; rt_schedule &rArr; rt_sched_remove_thread &rArr; rt_assert_handler &rArr; rt_kprintf &rArr; rt_vsnprintf &rArr; print_number &rArr; __aeabi_memclr4
</UL>
<BR>[Calls]<UL><LI><a href="#[f9]">&gt;&gt;</a>&nbsp;&nbsp;&nbsp;rt_completion_wakeup_by_errno
</UL>
<BR>[Called By]<UL><LI><a href="#[146]">&gt;&gt;</a>&nbsp;&nbsp;&nbsp;rt_hw_serial_isr
<LI><a href="#[128]">&gt;&gt;</a>&nbsp;&nbsp;&nbsp;rt_workqueue_urgent_work
<LI><a href="#[11b]">&gt;&gt;</a>&nbsp;&nbsp;&nbsp;_workqueue_submit_work
</UL>

<P><STRONG><a name="[fa]"></a>rt_completion_wakeup</STRONG> (Thumb, 8 bytes, Stack size 0 bytes, completion_comm.o(.text), UNUSED)
<BR><BR>[Calls]<UL><LI><a href="#[f9]">&gt;&gt;</a>&nbsp;&nbsp;&nbsp;rt_completion_wakeup_by_errno
</UL>

<P><STRONG><a name="[fb]"></a>rt_completion_wait_noisr</STRONG> (Thumb, 6 bytes, Stack size 0 bytes, completion_comm.o(.text), UNUSED)
<BR><BR>[Calls]<UL><LI><a href="#[fc]">&gt;&gt;</a>&nbsp;&nbsp;&nbsp;rt_completion_wait_flags_noisr
</UL>

<P><STRONG><a name="[fd]"></a>rt_completion_wait</STRONG> (Thumb, 6 bytes, Stack size 0 bytes, completion_comm.o(.text))
<BR><BR>[Stack]<UL><LI>Max Depth = 372<LI>Call Chain = rt_completion_wait &rArr; rt_completion_wait_flags &rArr; rt_thread_suspend_with_flag &rArr; rt_thread_suspend_to_list &rArr; rt_sched_thread_timer_stop &rArr; rt_timer_stop &rArr; rt_spin_unlock_irqrestore &rArr; rt_exit_critical_safe &rArr; rt_exit_critical &rArr; rt_schedule &rArr; rt_sched_remove_thread &rArr; rt_assert_handler &rArr; rt_kprintf &rArr; rt_vsnprintf &rArr; print_number &rArr; __aeabi_memclr4
</UL>
<BR>[Calls]<UL><LI><a href="#[fe]">&gt;&gt;</a>&nbsp;&nbsp;&nbsp;rt_completion_wait_flags
</UL>
<BR>[Called By]<UL><LI><a href="#[144]">&gt;&gt;</a>&nbsp;&nbsp;&nbsp;_serial_int_tx
<LI><a href="#[61]">&gt;&gt;</a>&nbsp;&nbsp;&nbsp;_workqueue_thread_entry
</UL>

<P><STRONG><a name="[ff]"></a>rt_completion_init</STRONG> (Thumb, 22 bytes, Stack size 8 bytes, completion_up.o(.text))
<BR><BR>[Stack]<UL><LI>Max Depth = 204<LI>Call Chain = rt_completion_init &rArr; rt_assert_handler &rArr; rt_kprintf &rArr; rt_vsnprintf &rArr; print_number &rArr; __aeabi_memclr4
</UL>
<BR>[Calls]<UL><LI><a href="#[d1]">&gt;&gt;</a>&nbsp;&nbsp;&nbsp;rt_assert_handler
</UL>
<BR>[Called By]<UL><LI><a href="#[66]">&gt;&gt;</a>&nbsp;&nbsp;&nbsp;rt_serial_open
<LI><a href="#[11e]">&gt;&gt;</a>&nbsp;&nbsp;&nbsp;rt_workqueue_create
</UL>

<P><STRONG><a name="[fe]"></a>rt_completion_wait_flags</STRONG> (Thumb, 312 bytes, Stack size 48 bytes, completion_up.o(.text))
<BR><BR>[Stack]<UL><LI>Max Depth = 372<LI>Call Chain = rt_completion_wait_flags &rArr; rt_thread_suspend_with_flag &rArr; rt_thread_suspend_to_list &rArr; rt_sched_thread_timer_stop &rArr; rt_timer_stop &rArr; rt_spin_unlock_irqrestore &rArr; rt_exit_critical_safe &rArr; rt_exit_critical &rArr; rt_schedule &rArr; rt_sched_remove_thread &rArr; rt_assert_handler &rArr; rt_kprintf &rArr; rt_vsnprintf &rArr; print_number &rArr; __aeabi_memclr4
</UL>
<BR>[Calls]<UL><LI><a href="#[105]">&gt;&gt;</a>&nbsp;&nbsp;&nbsp;rt_timer_start
<LI><a href="#[104]">&gt;&gt;</a>&nbsp;&nbsp;&nbsp;rt_timer_control
<LI><a href="#[103]">&gt;&gt;</a>&nbsp;&nbsp;&nbsp;rt_thread_suspend_with_flag
<LI><a href="#[106]">&gt;&gt;</a>&nbsp;&nbsp;&nbsp;rt_spin_unlock_irqrestore
<LI><a href="#[102]">&gt;&gt;</a>&nbsp;&nbsp;&nbsp;rt_spin_lock_irqsave
<LI><a href="#[107]">&gt;&gt;</a>&nbsp;&nbsp;&nbsp;rt_schedule
<LI><a href="#[101]">&gt;&gt;</a>&nbsp;&nbsp;&nbsp;rt_interrupt_get_nest
<LI><a href="#[100]">&gt;&gt;</a>&nbsp;&nbsp;&nbsp;rt_critical_level
<LI><a href="#[d1]">&gt;&gt;</a>&nbsp;&nbsp;&nbsp;rt_assert_handler
<LI><a href="#[c3]">&gt;&gt;</a>&nbsp;&nbsp;&nbsp;rt_thread_self
<LI><a href="#[b5]">&gt;&gt;</a>&nbsp;&nbsp;&nbsp;rt_kprintf
</UL>
<BR>[Called By]<UL><LI><a href="#[fc]">&gt;&gt;</a>&nbsp;&nbsp;&nbsp;rt_completion_wait_flags_noisr
<LI><a href="#[fd]">&gt;&gt;</a>&nbsp;&nbsp;&nbsp;rt_completion_wait
</UL>

<P><STRONG><a name="[fc]"></a>rt_completion_wait_flags_noisr</STRONG> (Thumb, 2 bytes, Stack size 0 bytes, completion_up.o(.text), UNUSED)
<BR><BR>[Calls]<UL><LI><a href="#[fe]">&gt;&gt;</a>&nbsp;&nbsp;&nbsp;rt_completion_wait_flags
</UL>
<BR>[Called By]<UL><LI><a href="#[fb]">&gt;&gt;</a>&nbsp;&nbsp;&nbsp;rt_completion_wait_noisr
</UL>

<P><STRONG><a name="[f9]"></a>rt_completion_wakeup_by_errno</STRONG> (Thumb, 94 bytes, Stack size 24 bytes, completion_up.o(.text))
<BR><BR>[Stack]<UL><LI>Max Depth = 348<LI>Call Chain = rt_completion_wakeup_by_errno &rArr; rt_thread_resume &rArr; rt_sched_thread_ready &rArr; rt_sched_thread_timer_stop &rArr; rt_timer_stop &rArr; rt_spin_unlock_irqrestore &rArr; rt_exit_critical_safe &rArr; rt_exit_critical &rArr; rt_schedule &rArr; rt_sched_remove_thread &rArr; rt_assert_handler &rArr; rt_kprintf &rArr; rt_vsnprintf &rArr; print_number &rArr; __aeabi_memclr4
</UL>
<BR>[Calls]<UL><LI><a href="#[108]">&gt;&gt;</a>&nbsp;&nbsp;&nbsp;rt_thread_resume
<LI><a href="#[106]">&gt;&gt;</a>&nbsp;&nbsp;&nbsp;rt_spin_unlock_irqrestore
<LI><a href="#[102]">&gt;&gt;</a>&nbsp;&nbsp;&nbsp;rt_spin_lock_irqsave
<LI><a href="#[d1]">&gt;&gt;</a>&nbsp;&nbsp;&nbsp;rt_assert_handler
</UL>
<BR>[Called By]<UL><LI><a href="#[fa]">&gt;&gt;</a>&nbsp;&nbsp;&nbsp;rt_completion_wakeup
<LI><a href="#[f8]">&gt;&gt;</a>&nbsp;&nbsp;&nbsp;rt_completion_done
</UL>

<P><STRONG><a name="[109]"></a>rt_data_queue_init</STRONG> (Thumb, 110 bytes, Stack size 24 bytes, dataqueue.o(.text))
<BR><BR>[Stack]<UL><LI>Max Depth = 436<LI>Call Chain = rt_data_queue_init &rArr; rt_malloc &rArr; _heap_lock &rArr; rt_mutex_take &rArr; _rt_mutex_take &rArr; rt_thread_suspend_to_list &rArr; rt_sched_thread_timer_stop &rArr; rt_timer_stop &rArr; rt_spin_unlock_irqrestore &rArr; rt_exit_critical_safe &rArr; rt_exit_critical &rArr; rt_schedule &rArr; rt_sched_remove_thread &rArr; rt_assert_handler &rArr; rt_kprintf &rArr; rt_vsnprintf &rArr; print_number &rArr; __aeabi_memclr4
</UL>
<BR>[Calls]<UL><LI><a href="#[d1]">&gt;&gt;</a>&nbsp;&nbsp;&nbsp;rt_assert_handler
<LI><a href="#[d6]">&gt;&gt;</a>&nbsp;&nbsp;&nbsp;rt_malloc
<LI><a href="#[10a]">&gt;&gt;</a>&nbsp;&nbsp;&nbsp;rt_spin_lock_init
</UL>
<BR>[Called By]<UL><LI><a href="#[66]">&gt;&gt;</a>&nbsp;&nbsp;&nbsp;rt_serial_open
</UL>

<P><STRONG><a name="[10b]"></a>rt_data_queue_push</STRONG> (Thumb, 390 bytes, Stack size 56 bytes, dataqueue.o(.text))
<BR><BR>[Stack]<UL><LI>Max Depth = 380<LI>Call Chain = rt_data_queue_push &rArr; rt_thread_suspend_to_list &rArr; rt_sched_thread_timer_stop &rArr; rt_timer_stop &rArr; rt_spin_unlock_irqrestore &rArr; rt_exit_critical_safe &rArr; rt_exit_critical &rArr; rt_schedule &rArr; rt_sched_remove_thread &rArr; rt_assert_handler &rArr; rt_kprintf &rArr; rt_vsnprintf &rArr; print_number &rArr; __aeabi_memclr4
</UL>
<BR>[Calls]<UL><LI><a href="#[105]">&gt;&gt;</a>&nbsp;&nbsp;&nbsp;rt_timer_start
<LI><a href="#[104]">&gt;&gt;</a>&nbsp;&nbsp;&nbsp;rt_timer_control
<LI><a href="#[106]">&gt;&gt;</a>&nbsp;&nbsp;&nbsp;rt_spin_unlock_irqrestore
<LI><a href="#[102]">&gt;&gt;</a>&nbsp;&nbsp;&nbsp;rt_spin_lock_irqsave
<LI><a href="#[107]">&gt;&gt;</a>&nbsp;&nbsp;&nbsp;rt_schedule
<LI><a href="#[101]">&gt;&gt;</a>&nbsp;&nbsp;&nbsp;rt_interrupt_get_nest
<LI><a href="#[100]">&gt;&gt;</a>&nbsp;&nbsp;&nbsp;rt_critical_level
<LI><a href="#[d1]">&gt;&gt;</a>&nbsp;&nbsp;&nbsp;rt_assert_handler
<LI><a href="#[c3]">&gt;&gt;</a>&nbsp;&nbsp;&nbsp;rt_thread_self
<LI><a href="#[b5]">&gt;&gt;</a>&nbsp;&nbsp;&nbsp;rt_kprintf
<LI><a href="#[10c]">&gt;&gt;</a>&nbsp;&nbsp;&nbsp;rt_thread_suspend_to_list
<LI><a href="#[10d]">&gt;&gt;</a>&nbsp;&nbsp;&nbsp;rt_susp_list_dequeue
</UL>
<BR>[Called By]<UL><LI><a href="#[69]">&gt;&gt;</a>&nbsp;&nbsp;&nbsp;rt_serial_write
</UL>

<P><STRONG><a name="[10e]"></a>rt_data_queue_len</STRONG> (Thumb, 98 bytes, Stack size 16 bytes, dataqueue.o(.text))
<BR><BR>[Stack]<UL><LI>Max Depth = 284<LI>Call Chain = rt_data_queue_len &rArr; rt_spin_unlock_irqrestore &rArr; rt_exit_critical_safe &rArr; rt_exit_critical &rArr; rt_schedule &rArr; rt_sched_remove_thread &rArr; rt_assert_handler &rArr; rt_kprintf &rArr; rt_vsnprintf &rArr; print_number &rArr; __aeabi_memclr4
</UL>
<BR>[Calls]<UL><LI><a href="#[106]">&gt;&gt;</a>&nbsp;&nbsp;&nbsp;rt_spin_unlock_irqrestore
<LI><a href="#[102]">&gt;&gt;</a>&nbsp;&nbsp;&nbsp;rt_spin_lock_irqsave
<LI><a href="#[d1]">&gt;&gt;</a>&nbsp;&nbsp;&nbsp;rt_assert_handler
</UL>
<BR>[Called By]<UL><LI><a href="#[10f]">&gt;&gt;</a>&nbsp;&nbsp;&nbsp;rt_data_queue_pop
</UL>

<P><STRONG><a name="[10f]"></a>rt_data_queue_pop</STRONG> (Thumb, 714 bytes, Stack size 64 bytes, dataqueue.o(.text))
<BR><BR>[Stack]<UL><LI>Max Depth = 388<LI>Call Chain = rt_data_queue_pop &rArr; rt_thread_suspend_to_list &rArr; rt_sched_thread_timer_stop &rArr; rt_timer_stop &rArr; rt_spin_unlock_irqrestore &rArr; rt_exit_critical_safe &rArr; rt_exit_critical &rArr; rt_schedule &rArr; rt_sched_remove_thread &rArr; rt_assert_handler &rArr; rt_kprintf &rArr; rt_vsnprintf &rArr; print_number &rArr; __aeabi_memclr4
</UL>
<BR>[Calls]<UL><LI><a href="#[105]">&gt;&gt;</a>&nbsp;&nbsp;&nbsp;rt_timer_start
<LI><a href="#[104]">&gt;&gt;</a>&nbsp;&nbsp;&nbsp;rt_timer_control
<LI><a href="#[106]">&gt;&gt;</a>&nbsp;&nbsp;&nbsp;rt_spin_unlock_irqrestore
<LI><a href="#[102]">&gt;&gt;</a>&nbsp;&nbsp;&nbsp;rt_spin_lock_irqsave
<LI><a href="#[107]">&gt;&gt;</a>&nbsp;&nbsp;&nbsp;rt_schedule
<LI><a href="#[101]">&gt;&gt;</a>&nbsp;&nbsp;&nbsp;rt_interrupt_get_nest
<LI><a href="#[100]">&gt;&gt;</a>&nbsp;&nbsp;&nbsp;rt_critical_level
<LI><a href="#[d1]">&gt;&gt;</a>&nbsp;&nbsp;&nbsp;rt_assert_handler
<LI><a href="#[c3]">&gt;&gt;</a>&nbsp;&nbsp;&nbsp;rt_thread_self
<LI><a href="#[b5]">&gt;&gt;</a>&nbsp;&nbsp;&nbsp;rt_kprintf
<LI><a href="#[10c]">&gt;&gt;</a>&nbsp;&nbsp;&nbsp;rt_thread_suspend_to_list
<LI><a href="#[10d]">&gt;&gt;</a>&nbsp;&nbsp;&nbsp;rt_susp_list_dequeue
<LI><a href="#[10e]">&gt;&gt;</a>&nbsp;&nbsp;&nbsp;rt_data_queue_len
</UL>
<BR>[Called By]<UL><LI><a href="#[146]">&gt;&gt;</a>&nbsp;&nbsp;&nbsp;rt_hw_serial_isr
</UL>

<P><STRONG><a name="[110]"></a>rt_data_queue_peek</STRONG> (Thumb, 114 bytes, Stack size 24 bytes, dataqueue.o(.text))
<BR><BR>[Stack]<UL><LI>Max Depth = 292<LI>Call Chain = rt_data_queue_peek &rArr; rt_spin_unlock_irqrestore &rArr; rt_exit_critical_safe &rArr; rt_exit_critical &rArr; rt_schedule &rArr; rt_sched_remove_thread &rArr; rt_assert_handler &rArr; rt_kprintf &rArr; rt_vsnprintf &rArr; print_number &rArr; __aeabi_memclr4
</UL>
<BR>[Calls]<UL><LI><a href="#[106]">&gt;&gt;</a>&nbsp;&nbsp;&nbsp;rt_spin_unlock_irqrestore
<LI><a href="#[102]">&gt;&gt;</a>&nbsp;&nbsp;&nbsp;rt_spin_lock_irqsave
<LI><a href="#[d1]">&gt;&gt;</a>&nbsp;&nbsp;&nbsp;rt_assert_handler
</UL>
<BR>[Called By]<UL><LI><a href="#[146]">&gt;&gt;</a>&nbsp;&nbsp;&nbsp;rt_hw_serial_isr
</UL>

<P><STRONG><a name="[111]"></a>rt_data_queue_reset</STRONG> (Thumb, 124 bytes, Stack size 16 bytes, dataqueue.o(.text))
<BR><BR>[Stack]<UL><LI>Max Depth = 364<LI>Call Chain = rt_data_queue_reset &rArr; rt_susp_list_resume_all_irq &rArr; rt_susp_list_dequeue &rArr; rt_sched_thread_ready &rArr; rt_sched_thread_timer_stop &rArr; rt_timer_stop &rArr; rt_spin_unlock_irqrestore &rArr; rt_exit_critical_safe &rArr; rt_exit_critical &rArr; rt_schedule &rArr; rt_sched_remove_thread &rArr; rt_assert_handler &rArr; rt_kprintf &rArr; rt_vsnprintf &rArr; print_number &rArr; __aeabi_memclr4
</UL>
<BR>[Calls]<UL><LI><a href="#[106]">&gt;&gt;</a>&nbsp;&nbsp;&nbsp;rt_spin_unlock_irqrestore
<LI><a href="#[102]">&gt;&gt;</a>&nbsp;&nbsp;&nbsp;rt_spin_lock_irqsave
<LI><a href="#[107]">&gt;&gt;</a>&nbsp;&nbsp;&nbsp;rt_schedule
<LI><a href="#[d1]">&gt;&gt;</a>&nbsp;&nbsp;&nbsp;rt_assert_handler
<LI><a href="#[113]">&gt;&gt;</a>&nbsp;&nbsp;&nbsp;rt_susp_list_resume_all_irq
<LI><a href="#[114]">&gt;&gt;</a>&nbsp;&nbsp;&nbsp;rt_exit_critical
<LI><a href="#[112]">&gt;&gt;</a>&nbsp;&nbsp;&nbsp;rt_enter_critical
</UL>
<BR>[Called By]<UL><LI><a href="#[115]">&gt;&gt;</a>&nbsp;&nbsp;&nbsp;rt_data_queue_deinit
</UL>

<P><STRONG><a name="[115]"></a>rt_data_queue_deinit</STRONG> (Thumb, 84 bytes, Stack size 16 bytes, dataqueue.o(.text))
<BR><BR>[Stack]<UL><LI>Max Depth = 420<LI>Call Chain = rt_data_queue_deinit &rArr; rt_free &rArr; _heap_lock &rArr; rt_mutex_take &rArr; _rt_mutex_take &rArr; rt_thread_suspend_to_list &rArr; rt_sched_thread_timer_stop &rArr; rt_timer_stop &rArr; rt_spin_unlock_irqrestore &rArr; rt_exit_critical_safe &rArr; rt_exit_critical &rArr; rt_schedule &rArr; rt_sched_remove_thread &rArr; rt_assert_handler &rArr; rt_kprintf &rArr; rt_vsnprintf &rArr; print_number &rArr; __aeabi_memclr4
</UL>
<BR>[Calls]<UL><LI><a href="#[106]">&gt;&gt;</a>&nbsp;&nbsp;&nbsp;rt_spin_unlock_irqrestore
<LI><a href="#[102]">&gt;&gt;</a>&nbsp;&nbsp;&nbsp;rt_spin_lock_irqsave
<LI><a href="#[d1]">&gt;&gt;</a>&nbsp;&nbsp;&nbsp;rt_assert_handler
<LI><a href="#[d9]">&gt;&gt;</a>&nbsp;&nbsp;&nbsp;rt_free
<LI><a href="#[111]">&gt;&gt;</a>&nbsp;&nbsp;&nbsp;rt_data_queue_reset
</UL>
<BR>[Called By]<UL><LI><a href="#[67]">&gt;&gt;</a>&nbsp;&nbsp;&nbsp;rt_serial_close
</UL>

<P><STRONG><a name="[11d]"></a>rt_work_init</STRONG> (Thumb, 54 bytes, Stack size 16 bytes, workqueue.o(.text), UNUSED)
<BR><BR>[Calls]<UL><LI><a href="#[d1]">&gt;&gt;</a>&nbsp;&nbsp;&nbsp;rt_assert_handler
</UL>

<P><STRONG><a name="[11e]"></a>rt_workqueue_create</STRONG> (Thumb, 118 bytes, Stack size 32 bytes, workqueue.o(.text))
<BR><BR>[Stack]<UL><LI>Max Depth = 516<LI>Call Chain = rt_workqueue_create &rArr; rt_thread_create &rArr; rt_object_allocate &rArr; rt_malloc &rArr; _heap_lock &rArr; rt_mutex_take &rArr; _rt_mutex_take &rArr; rt_thread_suspend_to_list &rArr; rt_sched_thread_timer_stop &rArr; rt_timer_stop &rArr; rt_spin_unlock_irqrestore &rArr; rt_exit_critical_safe &rArr; rt_exit_critical &rArr; rt_schedule &rArr; rt_sched_remove_thread &rArr; rt_assert_handler &rArr; rt_kprintf &rArr; rt_vsnprintf &rArr; print_number &rArr; __aeabi_memclr4
</UL>
<BR>[Calls]<UL><LI><a href="#[ff]">&gt;&gt;</a>&nbsp;&nbsp;&nbsp;rt_completion_init
<LI><a href="#[d6]">&gt;&gt;</a>&nbsp;&nbsp;&nbsp;rt_malloc
<LI><a href="#[d9]">&gt;&gt;</a>&nbsp;&nbsp;&nbsp;rt_free
<LI><a href="#[121]">&gt;&gt;</a>&nbsp;&nbsp;&nbsp;rt_thread_startup
<LI><a href="#[120]">&gt;&gt;</a>&nbsp;&nbsp;&nbsp;rt_thread_create
<LI><a href="#[11f]">&gt;&gt;</a>&nbsp;&nbsp;&nbsp;rt_sem_init
<LI><a href="#[122]">&gt;&gt;</a>&nbsp;&nbsp;&nbsp;rt_sem_detach
<LI><a href="#[10a]">&gt;&gt;</a>&nbsp;&nbsp;&nbsp;rt_spin_lock_init
</UL>
<BR>[Called By]<UL><LI><a href="#[8e]">&gt;&gt;</a>&nbsp;&nbsp;&nbsp;rt_work_sys_workqueue_init
</UL>

<P><STRONG><a name="[123]"></a>rt_workqueue_cancel_all_work</STRONG> (Thumb, 74 bytes, Stack size 16 bytes, workqueue.o(.text), UNUSED)
<BR><BR>[Calls]<UL><LI><a href="#[d1]">&gt;&gt;</a>&nbsp;&nbsp;&nbsp;rt_assert_handler
<LI><a href="#[118]">&gt;&gt;</a>&nbsp;&nbsp;&nbsp;rt_list_isempty
<LI><a href="#[11c]">&gt;&gt;</a>&nbsp;&nbsp;&nbsp;_workqueue_cancel_work
<LI><a href="#[114]">&gt;&gt;</a>&nbsp;&nbsp;&nbsp;rt_exit_critical
<LI><a href="#[112]">&gt;&gt;</a>&nbsp;&nbsp;&nbsp;rt_enter_critical
</UL>
<BR>[Called By]<UL><LI><a href="#[124]">&gt;&gt;</a>&nbsp;&nbsp;&nbsp;rt_workqueue_destroy
</UL>

<P><STRONG><a name="[124]"></a>rt_workqueue_destroy</STRONG> (Thumb, 50 bytes, Stack size 8 bytes, workqueue.o(.text), UNUSED)
<BR><BR>[Calls]<UL><LI><a href="#[d1]">&gt;&gt;</a>&nbsp;&nbsp;&nbsp;rt_assert_handler
<LI><a href="#[d9]">&gt;&gt;</a>&nbsp;&nbsp;&nbsp;rt_free
<LI><a href="#[125]">&gt;&gt;</a>&nbsp;&nbsp;&nbsp;rt_thread_delete
<LI><a href="#[122]">&gt;&gt;</a>&nbsp;&nbsp;&nbsp;rt_sem_detach
<LI><a href="#[123]">&gt;&gt;</a>&nbsp;&nbsp;&nbsp;rt_workqueue_cancel_all_work
</UL>

<P><STRONG><a name="[126]"></a>rt_workqueue_dowork</STRONG> (Thumb, 50 bytes, Stack size 16 bytes, workqueue.o(.text), UNUSED)
<BR><BR>[Calls]<UL><LI><a href="#[d1]">&gt;&gt;</a>&nbsp;&nbsp;&nbsp;rt_assert_handler
<LI><a href="#[11b]">&gt;&gt;</a>&nbsp;&nbsp;&nbsp;_workqueue_submit_work
</UL>

<P><STRONG><a name="[127]"></a>rt_workqueue_submit_work</STRONG> (Thumb, 74 bytes, Stack size 16 bytes, workqueue.o(.text), UNUSED)
<BR><BR>[Calls]<UL><LI><a href="#[d1]">&gt;&gt;</a>&nbsp;&nbsp;&nbsp;rt_assert_handler
<LI><a href="#[11b]">&gt;&gt;</a>&nbsp;&nbsp;&nbsp;_workqueue_submit_work
</UL>
<BR>[Called By]<UL><LI><a href="#[12c]">&gt;&gt;</a>&nbsp;&nbsp;&nbsp;rt_work_submit
</UL>

<P><STRONG><a name="[128]"></a>rt_workqueue_urgent_work</STRONG> (Thumb, 86 bytes, Stack size 24 bytes, workqueue.o(.text), UNUSED)
<BR><BR>[Calls]<UL><LI><a href="#[106]">&gt;&gt;</a>&nbsp;&nbsp;&nbsp;rt_spin_unlock_irqrestore
<LI><a href="#[102]">&gt;&gt;</a>&nbsp;&nbsp;&nbsp;rt_spin_lock_irqsave
<LI><a href="#[f8]">&gt;&gt;</a>&nbsp;&nbsp;&nbsp;rt_completion_done
<LI><a href="#[d1]">&gt;&gt;</a>&nbsp;&nbsp;&nbsp;rt_assert_handler
<LI><a href="#[116]">&gt;&gt;</a>&nbsp;&nbsp;&nbsp;rt_list_remove
<LI><a href="#[117]">&gt;&gt;</a>&nbsp;&nbsp;&nbsp;rt_list_insert_after
</UL>
<BR>[Called By]<UL><LI><a href="#[12d]">&gt;&gt;</a>&nbsp;&nbsp;&nbsp;rt_work_urgent
</UL>

<P><STRONG><a name="[129]"></a>rt_workqueue_cancel_work</STRONG> (Thumb, 48 bytes, Stack size 16 bytes, workqueue.o(.text), UNUSED)
<BR><BR>[Calls]<UL><LI><a href="#[d1]">&gt;&gt;</a>&nbsp;&nbsp;&nbsp;rt_assert_handler
<LI><a href="#[11c]">&gt;&gt;</a>&nbsp;&nbsp;&nbsp;_workqueue_cancel_work
</UL>
<BR>[Called By]<UL><LI><a href="#[12e]">&gt;&gt;</a>&nbsp;&nbsp;&nbsp;rt_work_cancel
</UL>

<P><STRONG><a name="[12a]"></a>rt_workqueue_cancel_work_sync</STRONG> (Thumb, 172 bytes, Stack size 16 bytes, workqueue.o(.text), UNUSED)
<BR><BR>[Calls]<UL><LI><a href="#[d1]">&gt;&gt;</a>&nbsp;&nbsp;&nbsp;rt_assert_handler
<LI><a href="#[12b]">&gt;&gt;</a>&nbsp;&nbsp;&nbsp;rt_sem_take
<LI><a href="#[11c]">&gt;&gt;</a>&nbsp;&nbsp;&nbsp;_workqueue_cancel_work
</UL>

<P><STRONG><a name="[12c]"></a>rt_work_submit</STRONG> (Thumb, 10 bytes, Stack size 0 bytes, workqueue.o(.text), UNUSED)
<BR><BR>[Calls]<UL><LI><a href="#[127]">&gt;&gt;</a>&nbsp;&nbsp;&nbsp;rt_workqueue_submit_work
</UL>

<P><STRONG><a name="[12d]"></a>rt_work_urgent</STRONG> (Thumb, 8 bytes, Stack size 0 bytes, workqueue.o(.text), UNUSED)
<BR><BR>[Calls]<UL><LI><a href="#[128]">&gt;&gt;</a>&nbsp;&nbsp;&nbsp;rt_workqueue_urgent_work
</UL>

<P><STRONG><a name="[12e]"></a>rt_work_cancel</STRONG> (Thumb, 8 bytes, Stack size 0 bytes, workqueue.o(.text), UNUSED)
<BR><BR>[Calls]<UL><LI><a href="#[129]">&gt;&gt;</a>&nbsp;&nbsp;&nbsp;rt_workqueue_cancel_work
</UL>

<P><STRONG><a name="[12f]"></a>rt_device_pin_register</STRONG> (Thumb, 52 bytes, Stack size 8 bytes, dev_pin.o(.text))
<BR><BR>[Stack]<UL><LI>Max Depth = 348<LI>Call Chain = rt_device_pin_register &rArr; rt_device_register &rArr; rt_device_find &rArr; rt_object_find &rArr; rt_object_for_each &rArr; rt_spin_unlock_irqrestore &rArr; rt_exit_critical_safe &rArr; rt_exit_critical &rArr; rt_schedule &rArr; rt_sched_remove_thread &rArr; rt_assert_handler &rArr; rt_kprintf &rArr; rt_vsnprintf &rArr; print_number &rArr; __aeabi_memclr4
</UL>
<BR>[Calls]<UL><LI><a href="#[ce]">&gt;&gt;</a>&nbsp;&nbsp;&nbsp;rt_device_register
</UL>
<BR>[Called By]<UL><LI><a href="#[8b]">&gt;&gt;</a>&nbsp;&nbsp;&nbsp;rt_hw_pin_init
</UL>

<P><STRONG><a name="[130]"></a>rt_pin_attach_irq</STRONG> (Thumb, 58 bytes, Stack size 32 bytes, dev_pin.o(.text), UNUSED)
<BR><BR>[Calls]<UL><LI><a href="#[d1]">&gt;&gt;</a>&nbsp;&nbsp;&nbsp;rt_assert_handler
</UL>

<P><STRONG><a name="[131]"></a>rt_pin_detach_irq</STRONG> (Thumb, 44 bytes, Stack size 16 bytes, dev_pin.o(.text), UNUSED)
<BR><BR>[Calls]<UL><LI><a href="#[d1]">&gt;&gt;</a>&nbsp;&nbsp;&nbsp;rt_assert_handler
</UL>

<P><STRONG><a name="[132]"></a>rt_pin_irq_enable</STRONG> (Thumb, 48 bytes, Stack size 16 bytes, dev_pin.o(.text), UNUSED)
<BR><BR>[Calls]<UL><LI><a href="#[d1]">&gt;&gt;</a>&nbsp;&nbsp;&nbsp;rt_assert_handler
</UL>

<P><STRONG><a name="[133]"></a>rt_pin_debounce</STRONG> (Thumb, 48 bytes, Stack size 16 bytes, dev_pin.o(.text), UNUSED)
<BR><BR>[Calls]<UL><LI><a href="#[d1]">&gt;&gt;</a>&nbsp;&nbsp;&nbsp;rt_assert_handler
</UL>

<P><STRONG><a name="[b0]"></a>rt_pin_mode</STRONG> (Thumb, 40 bytes, Stack size 16 bytes, dev_pin.o(.text))
<BR><BR>[Stack]<UL><LI>Max Depth = 212<LI>Call Chain = rt_pin_mode &rArr; rt_assert_handler &rArr; rt_kprintf &rArr; rt_vsnprintf &rArr; print_number &rArr; __aeabi_memclr4
</UL>
<BR>[Calls]<UL><LI><a href="#[d1]">&gt;&gt;</a>&nbsp;&nbsp;&nbsp;rt_assert_handler
</UL>
<BR>[Called By]<UL><LI><a href="#[84]">&gt;&gt;</a>&nbsp;&nbsp;&nbsp;gd32_i2c_pin_init
<LI><a href="#[137]">&gt;&gt;</a>&nbsp;&nbsp;&nbsp;_pin_cmd_mode
<LI><a href="#[af]">&gt;&gt;</a>&nbsp;&nbsp;&nbsp;$Super$$main
</UL>

<P><STRONG><a name="[b1]"></a>rt_pin_write</STRONG> (Thumb, 40 bytes, Stack size 16 bytes, dev_pin.o(.text))
<BR><BR>[Stack]<UL><LI>Max Depth = 212<LI>Call Chain = rt_pin_write &rArr; rt_assert_handler &rArr; rt_kprintf &rArr; rt_vsnprintf &rArr; print_number &rArr; __aeabi_memclr4
</UL>
<BR>[Calls]<UL><LI><a href="#[d1]">&gt;&gt;</a>&nbsp;&nbsp;&nbsp;rt_assert_handler
</UL>
<BR>[Called By]<UL><LI><a href="#[8c]">&gt;&gt;</a>&nbsp;&nbsp;&nbsp;rt_hw_i2c_init
<LI><a href="#[80]">&gt;&gt;</a>&nbsp;&nbsp;&nbsp;gd32_set_scl
<LI><a href="#[7f]">&gt;&gt;</a>&nbsp;&nbsp;&nbsp;gd32_set_sda
<LI><a href="#[84]">&gt;&gt;</a>&nbsp;&nbsp;&nbsp;gd32_i2c_pin_init
<LI><a href="#[13d]">&gt;&gt;</a>&nbsp;&nbsp;&nbsp;_pin_cmd_write
<LI><a href="#[af]">&gt;&gt;</a>&nbsp;&nbsp;&nbsp;$Super$$main
</UL>

<P><STRONG><a name="[134]"></a>rt_pin_read</STRONG> (Thumb, 36 bytes, Stack size 16 bytes, dev_pin.o(.text))
<BR><BR>[Stack]<UL><LI>Max Depth = 212<LI>Call Chain = rt_pin_read &rArr; rt_assert_handler &rArr; rt_kprintf &rArr; rt_vsnprintf &rArr; print_number &rArr; __aeabi_memclr4
</UL>
<BR>[Calls]<UL><LI><a href="#[d1]">&gt;&gt;</a>&nbsp;&nbsp;&nbsp;rt_assert_handler
</UL>
<BR>[Called By]<UL><LI><a href="#[8c]">&gt;&gt;</a>&nbsp;&nbsp;&nbsp;rt_hw_i2c_init
<LI><a href="#[82]">&gt;&gt;</a>&nbsp;&nbsp;&nbsp;gd32_get_scl
<LI><a href="#[81]">&gt;&gt;</a>&nbsp;&nbsp;&nbsp;gd32_get_sda
<LI><a href="#[13c]">&gt;&gt;</a>&nbsp;&nbsp;&nbsp;_pin_cmd_read
</UL>

<P><STRONG><a name="[135]"></a>rt_pin_get</STRONG> (Thumb, 42 bytes, Stack size 16 bytes, dev_pin.o(.text))
<BR><BR>[Stack]<UL><LI>Max Depth = 212<LI>Call Chain = rt_pin_get &rArr; rt_assert_handler &rArr; rt_kprintf &rArr; rt_vsnprintf &rArr; print_number &rArr; __aeabi_memclr4
</UL>
<BR>[Calls]<UL><LI><a href="#[d1]">&gt;&gt;</a>&nbsp;&nbsp;&nbsp;rt_assert_handler
</UL>
<BR>[Called By]<UL><LI><a href="#[13b]">&gt;&gt;</a>&nbsp;&nbsp;&nbsp;_pin_cmd_conv
<LI><a href="#[136]">&gt;&gt;</a>&nbsp;&nbsp;&nbsp;_pin_cmd_print_usage
</UL>

<P><STRONG><a name="[145]"></a>rt_hw_serial_register</STRONG> (Thumb, 84 bytes, Stack size 24 bytes, dev_serial.o(.text))
<BR><BR>[Stack]<UL><LI>Max Depth = 364<LI>Call Chain = rt_hw_serial_register &rArr; rt_device_register &rArr; rt_device_find &rArr; rt_object_find &rArr; rt_object_for_each &rArr; rt_spin_unlock_irqrestore &rArr; rt_exit_critical_safe &rArr; rt_exit_critical &rArr; rt_schedule &rArr; rt_sched_remove_thread &rArr; rt_assert_handler &rArr; rt_kprintf &rArr; rt_vsnprintf &rArr; print_number &rArr; __aeabi_memclr4
</UL>
<BR>[Calls]<UL><LI><a href="#[d1]">&gt;&gt;</a>&nbsp;&nbsp;&nbsp;rt_assert_handler
<LI><a href="#[ce]">&gt;&gt;</a>&nbsp;&nbsp;&nbsp;rt_device_register
<LI><a href="#[10a]">&gt;&gt;</a>&nbsp;&nbsp;&nbsp;rt_spin_lock_init
</UL>
<BR>[Called By]<UL><LI><a href="#[14f]">&gt;&gt;</a>&nbsp;&nbsp;&nbsp;rt_hw_usart_init
</UL>

<P><STRONG><a name="[146]"></a>rt_hw_serial_isr</STRONG> (Thumb, 424 bytes, Stack size 48 bytes, dev_serial.o(.text))
<BR><BR>[Stack]<UL><LI>Max Depth = 436<LI>Call Chain = rt_hw_serial_isr &rArr; rt_data_queue_pop &rArr; rt_thread_suspend_to_list &rArr; rt_sched_thread_timer_stop &rArr; rt_timer_stop &rArr; rt_spin_unlock_irqrestore &rArr; rt_exit_critical_safe &rArr; rt_exit_critical &rArr; rt_schedule &rArr; rt_sched_remove_thread &rArr; rt_assert_handler &rArr; rt_kprintf &rArr; rt_vsnprintf &rArr; print_number &rArr; __aeabi_memclr4
</UL>
<BR>[Calls]<UL><LI><a href="#[106]">&gt;&gt;</a>&nbsp;&nbsp;&nbsp;rt_spin_unlock_irqrestore
<LI><a href="#[102]">&gt;&gt;</a>&nbsp;&nbsp;&nbsp;rt_spin_lock_irqsave
<LI><a href="#[f8]">&gt;&gt;</a>&nbsp;&nbsp;&nbsp;rt_completion_done
<LI><a href="#[d1]">&gt;&gt;</a>&nbsp;&nbsp;&nbsp;rt_assert_handler
<LI><a href="#[147]">&gt;&gt;</a>&nbsp;&nbsp;&nbsp;rt_dma_recv_update_put_index
<LI><a href="#[13f]">&gt;&gt;</a>&nbsp;&nbsp;&nbsp;rt_dma_calc_recved_len
<LI><a href="#[13e]">&gt;&gt;</a>&nbsp;&nbsp;&nbsp;_serial_check_buffer_size
<LI><a href="#[110]">&gt;&gt;</a>&nbsp;&nbsp;&nbsp;rt_data_queue_peek
<LI><a href="#[10f]">&gt;&gt;</a>&nbsp;&nbsp;&nbsp;rt_data_queue_pop
</UL>
<BR>[Called By]<UL><LI><a href="#[165]">&gt;&gt;</a>&nbsp;&nbsp;&nbsp;GD32_UART_IRQHandler
</UL>

<P><STRONG><a name="[148]"></a>Error_Handler</STRONG> (Thumb, 2 bytes, Stack size 0 bytes, board.o(.text), UNUSED)
<BR><BR>[Calls]<UL><LI><a href="#[148]">&gt;&gt;</a>&nbsp;&nbsp;&nbsp;Error_Handler
</UL>
<BR>[Called By]<UL><LI><a href="#[148]">&gt;&gt;</a>&nbsp;&nbsp;&nbsp;Error_Handler
</UL>

<P><STRONG><a name="[149]"></a>SystemClock_Config</STRONG> (Thumb, 58 bytes, Stack size 16 bytes, board.o(.text))
<BR><BR>[Stack]<UL><LI>Max Depth = 16<LI>Call Chain = SystemClock_Config
</UL>
<BR>[Calls]<UL><LI><a href="#[14a]">&gt;&gt;</a>&nbsp;&nbsp;&nbsp;__NVIC_SetPriority
</UL>
<BR>[Called By]<UL><LI><a href="#[14e]">&gt;&gt;</a>&nbsp;&nbsp;&nbsp;rt_hw_board_init
</UL>

<P><STRONG><a name="[c]"></a>SysTick_Handler</STRONG> (Thumb, 18 bytes, Stack size 8 bytes, board.o(.text))
<BR><BR>[Stack]<UL><LI>Max Depth = 332<LI>Call Chain = SysTick_Handler &rArr; rt_tick_increase &rArr; rt_timer_check &rArr; _timer_check &rArr; rt_spin_unlock_irqrestore &rArr; rt_exit_critical_safe &rArr; rt_exit_critical &rArr; rt_schedule &rArr; rt_sched_remove_thread &rArr; rt_assert_handler &rArr; rt_kprintf &rArr; rt_vsnprintf &rArr; print_number &rArr; __aeabi_memclr4
</UL>
<BR>[Calls]<UL><LI><a href="#[14c]">&gt;&gt;</a>&nbsp;&nbsp;&nbsp;rt_tick_increase
<LI><a href="#[14d]">&gt;&gt;</a>&nbsp;&nbsp;&nbsp;rt_interrupt_leave
<LI><a href="#[14b]">&gt;&gt;</a>&nbsp;&nbsp;&nbsp;rt_interrupt_enter
</UL>
<BR>[Address Reference Count : 1]<UL><LI> startup_gd32f407.o(RESET)
</UL>
<P><STRONG><a name="[14e]"></a>rt_hw_board_init</STRONG> (Thumb, 40 bytes, Stack size 8 bytes, board.o(.text))
<BR><BR>[Stack]<UL><LI>Max Depth = 404<LI>Call Chain = rt_hw_board_init &rArr; rt_hw_usart_init &rArr; rt_hw_serial_register &rArr; rt_device_register &rArr; rt_device_find &rArr; rt_object_find &rArr; rt_object_for_each &rArr; rt_spin_unlock_irqrestore &rArr; rt_exit_critical_safe &rArr; rt_exit_critical &rArr; rt_schedule &rArr; rt_sched_remove_thread &rArr; rt_assert_handler &rArr; rt_kprintf &rArr; rt_vsnprintf &rArr; print_number &rArr; __aeabi_memclr4
</UL>
<BR>[Calls]<UL><LI><a href="#[150]">&gt;&gt;</a>&nbsp;&nbsp;&nbsp;rt_system_heap_init
<LI><a href="#[14f]">&gt;&gt;</a>&nbsp;&nbsp;&nbsp;rt_hw_usart_init
<LI><a href="#[151]">&gt;&gt;</a>&nbsp;&nbsp;&nbsp;rt_console_set_device
<LI><a href="#[152]">&gt;&gt;</a>&nbsp;&nbsp;&nbsp;rt_components_board_init
<LI><a href="#[149]">&gt;&gt;</a>&nbsp;&nbsp;&nbsp;SystemClock_Config
</UL>
<BR>[Called By]<UL><LI><a href="#[1b8]">&gt;&gt;</a>&nbsp;&nbsp;&nbsp;rtthread_startup
</UL>

<P><STRONG><a name="[153]"></a>get_pin</STRONG> (Thumb, 22 bytes, Stack size 0 bytes, drv_gpio.o(.text))
<BR><BR>[Called By]<UL><LI><a href="#[7e]">&gt;&gt;</a>&nbsp;&nbsp;&nbsp;gd32_pin_irq_enable
<LI><a href="#[7d]">&gt;&gt;</a>&nbsp;&nbsp;&nbsp;gd32_pin_detach_irq
<LI><a href="#[7c]">&gt;&gt;</a>&nbsp;&nbsp;&nbsp;gd32_pin_attach_irq
<LI><a href="#[7b]">&gt;&gt;</a>&nbsp;&nbsp;&nbsp;gd32_pin_read
<LI><a href="#[7a]">&gt;&gt;</a>&nbsp;&nbsp;&nbsp;gd32_pin_write
<LI><a href="#[79]">&gt;&gt;</a>&nbsp;&nbsp;&nbsp;gd32_pin_mode
</UL>

<P><STRONG><a name="[161]"></a>GD32_GPIO_EXTI_IRQHandler</STRONG> (Thumb, 44 bytes, Stack size 16 bytes, drv_gpio.o(.text))
<BR><BR>[Stack]<UL><LI>Max Depth = 16<LI>Call Chain = GD32_GPIO_EXTI_IRQHandler
</UL>
<BR>[Calls]<UL><LI><a href="#[162]">&gt;&gt;</a>&nbsp;&nbsp;&nbsp;exti_interrupt_flag_get
<LI><a href="#[15f]">&gt;&gt;</a>&nbsp;&nbsp;&nbsp;exti_interrupt_flag_clear
</UL>
<BR>[Called By]<UL><LI><a href="#[35]">&gt;&gt;</a>&nbsp;&nbsp;&nbsp;EXTI10_15_IRQHandler
<LI><a href="#[24]">&gt;&gt;</a>&nbsp;&nbsp;&nbsp;EXTI5_9_IRQHandler
<LI><a href="#[17]">&gt;&gt;</a>&nbsp;&nbsp;&nbsp;EXTI4_IRQHandler
<LI><a href="#[16]">&gt;&gt;</a>&nbsp;&nbsp;&nbsp;EXTI3_IRQHandler
<LI><a href="#[15]">&gt;&gt;</a>&nbsp;&nbsp;&nbsp;EXTI2_IRQHandler
<LI><a href="#[14]">&gt;&gt;</a>&nbsp;&nbsp;&nbsp;EXTI1_IRQHandler
<LI><a href="#[13]">&gt;&gt;</a>&nbsp;&nbsp;&nbsp;EXTI0_IRQHandler
</UL>

<P><STRONG><a name="[13]"></a>EXTI0_IRQHandler</STRONG> (Thumb, 20 bytes, Stack size 8 bytes, drv_gpio.o(.text))
<BR><BR>[Stack]<UL><LI>Max Depth = 24<LI>Call Chain = EXTI0_IRQHandler &rArr; GD32_GPIO_EXTI_IRQHandler
</UL>
<BR>[Calls]<UL><LI><a href="#[161]">&gt;&gt;</a>&nbsp;&nbsp;&nbsp;GD32_GPIO_EXTI_IRQHandler
<LI><a href="#[14d]">&gt;&gt;</a>&nbsp;&nbsp;&nbsp;rt_interrupt_leave
<LI><a href="#[14b]">&gt;&gt;</a>&nbsp;&nbsp;&nbsp;rt_interrupt_enter
</UL>
<BR>[Address Reference Count : 1]<UL><LI> startup_gd32f407.o(RESET)
</UL>
<P><STRONG><a name="[14]"></a>EXTI1_IRQHandler</STRONG> (Thumb, 20 bytes, Stack size 8 bytes, drv_gpio.o(.text))
<BR><BR>[Stack]<UL><LI>Max Depth = 24<LI>Call Chain = EXTI1_IRQHandler &rArr; GD32_GPIO_EXTI_IRQHandler
</UL>
<BR>[Calls]<UL><LI><a href="#[161]">&gt;&gt;</a>&nbsp;&nbsp;&nbsp;GD32_GPIO_EXTI_IRQHandler
<LI><a href="#[14d]">&gt;&gt;</a>&nbsp;&nbsp;&nbsp;rt_interrupt_leave
<LI><a href="#[14b]">&gt;&gt;</a>&nbsp;&nbsp;&nbsp;rt_interrupt_enter
</UL>
<BR>[Address Reference Count : 1]<UL><LI> startup_gd32f407.o(RESET)
</UL>
<P><STRONG><a name="[15]"></a>EXTI2_IRQHandler</STRONG> (Thumb, 20 bytes, Stack size 8 bytes, drv_gpio.o(.text))
<BR><BR>[Stack]<UL><LI>Max Depth = 24<LI>Call Chain = EXTI2_IRQHandler &rArr; GD32_GPIO_EXTI_IRQHandler
</UL>
<BR>[Calls]<UL><LI><a href="#[161]">&gt;&gt;</a>&nbsp;&nbsp;&nbsp;GD32_GPIO_EXTI_IRQHandler
<LI><a href="#[14d]">&gt;&gt;</a>&nbsp;&nbsp;&nbsp;rt_interrupt_leave
<LI><a href="#[14b]">&gt;&gt;</a>&nbsp;&nbsp;&nbsp;rt_interrupt_enter
</UL>
<BR>[Address Reference Count : 1]<UL><LI> startup_gd32f407.o(RESET)
</UL>
<P><STRONG><a name="[16]"></a>EXTI3_IRQHandler</STRONG> (Thumb, 20 bytes, Stack size 8 bytes, drv_gpio.o(.text))
<BR><BR>[Stack]<UL><LI>Max Depth = 24<LI>Call Chain = EXTI3_IRQHandler &rArr; GD32_GPIO_EXTI_IRQHandler
</UL>
[...]
</UL>
<BR>[Calls]<UL><LI><a href="#[f3]">&gt;&gt;</a>&nbsp;&nbsp;&nbsp;rt_mutex_take
<LI><a href="#[c3]">&gt;&gt;</a>&nbsp;&nbsp;&nbsp;rt_thread_self
</UL>
<BR>[Called By]<UL><LI><a href="#[22d]">&gt;&gt;</a>&nbsp;&nbsp;&nbsp;rt_realloc
<LI><a href="#[d6]">&gt;&gt;</a>&nbsp;&nbsp;&nbsp;rt_malloc
<LI><a href="#[d9]">&gt;&gt;</a>&nbsp;&nbsp;&nbsp;rt_free
<LI><a href="#[190]">&gt;&gt;</a>&nbsp;&nbsp;&nbsp;rt_memory_info
</UL>

<P><STRONG><a name="[22c]"></a>_heap_unlock</STRONG> (Thumb, 36 bytes, Stack size 8 bytes, kservice.o(.text))
<BR><BR>[Stack]<UL><LI>Max Depth = 364<LI>Call Chain = _heap_unlock &rArr; rt_mutex_release &rArr; rt_sched_thread_ready &rArr; rt_sched_thread_timer_stop &rArr; rt_timer_stop &rArr; rt_spin_unlock_irqrestore &rArr; rt_exit_critical_safe &rArr; rt_exit_critical &rArr; rt_schedule &rArr; rt_sched_remove_thread &rArr; rt_assert_handler &rArr; rt_kprintf &rArr; rt_vsnprintf &rArr; print_number &rArr; __aeabi_memclr4
</UL>
<BR>[Calls]<UL><LI><a href="#[f4]">&gt;&gt;</a>&nbsp;&nbsp;&nbsp;rt_mutex_release
<LI><a href="#[d1]">&gt;&gt;</a>&nbsp;&nbsp;&nbsp;rt_assert_handler
<LI><a href="#[c3]">&gt;&gt;</a>&nbsp;&nbsp;&nbsp;rt_thread_self
</UL>
<BR>[Called By]<UL><LI><a href="#[22d]">&gt;&gt;</a>&nbsp;&nbsp;&nbsp;rt_realloc
<LI><a href="#[d6]">&gt;&gt;</a>&nbsp;&nbsp;&nbsp;rt_malloc
<LI><a href="#[d9]">&gt;&gt;</a>&nbsp;&nbsp;&nbsp;rt_free
<LI><a href="#[190]">&gt;&gt;</a>&nbsp;&nbsp;&nbsp;rt_memory_info
</UL>

<P><STRONG><a name="[233]"></a>plug_holes</STRONG> (Thumb, 128 bytes, Stack size 16 bytes, mem.o(.text))
<BR><BR>[Stack]<UL><LI>Max Depth = 212<LI>Call Chain = plug_holes &rArr; rt_assert_handler &rArr; rt_kprintf &rArr; rt_vsnprintf &rArr; print_number &rArr; __aeabi_memclr4
</UL>
<BR>[Calls]<UL><LI><a href="#[d1]">&gt;&gt;</a>&nbsp;&nbsp;&nbsp;rt_assert_handler
</UL>
<BR>[Called By]<UL><LI><a href="#[22e]">&gt;&gt;</a>&nbsp;&nbsp;&nbsp;rt_smem_realloc
<LI><a href="#[22f]">&gt;&gt;</a>&nbsp;&nbsp;&nbsp;rt_smem_free
</UL>

<P><STRONG><a name="[6f]"></a>_match_name</STRONG> (Thumb, 268 bytes, Stack size 24 bytes, object.o(.text))
<BR><BR>[Stack]<UL><LI>Max Depth = 32<LI>Call Chain = _match_name &rArr; rt_strncpy
</UL>
<BR>[Calls]<UL><LI><a href="#[197]">&gt;&gt;</a>&nbsp;&nbsp;&nbsp;rt_strncpy
<LI><a href="#[13a]">&gt;&gt;</a>&nbsp;&nbsp;&nbsp;rt_strcmp
</UL>
<BR>[Address Reference Count : 1]<UL><LI> object.o(.text)
</UL>
<P><STRONG><a name="[237]"></a>rt_list_insert_after</STRONG> (Thumb, 14 bytes, Stack size 0 bytes, object.o(.text))
<BR><BR>[Called By]<UL><LI><a href="#[cf]">&gt;&gt;</a>&nbsp;&nbsp;&nbsp;rt_object_init
<LI><a href="#[1d4]">&gt;&gt;</a>&nbsp;&nbsp;&nbsp;rt_object_allocate
</UL>

<P><STRONG><a name="[238]"></a>rt_list_remove</STRONG> (Thumb, 18 bytes, Stack size 0 bytes, object.o(.text))
<BR><BR>[Called By]<UL><LI><a href="#[d4]">&gt;&gt;</a>&nbsp;&nbsp;&nbsp;rt_object_detach
<LI><a href="#[1c5]">&gt;&gt;</a>&nbsp;&nbsp;&nbsp;rt_object_delete
</UL>

<P><STRONG><a name="[243]"></a>_rt_sched_update_priority</STRONG> (Thumb, 92 bytes, Stack size 24 bytes, scheduler_comm.o(.text))
<BR><BR>[Stack]<UL><LI>Max Depth = 236<LI>Call Chain = _rt_sched_update_priority &rArr; rt_sched_remove_thread &rArr; rt_assert_handler &rArr; rt_kprintf &rArr; rt_vsnprintf &rArr; print_number &rArr; __aeabi_memclr4
</UL>
<BR>[Calls]<UL><LI><a href="#[d1]">&gt;&gt;</a>&nbsp;&nbsp;&nbsp;rt_assert_handler
<LI><a href="#[244]">&gt;&gt;</a>&nbsp;&nbsp;&nbsp;rt_sched_remove_thread
<LI><a href="#[241]">&gt;&gt;</a>&nbsp;&nbsp;&nbsp;rt_sched_insert_thread
</UL>
<BR>[Called By]<UL><LI><a href="#[245]">&gt;&gt;</a>&nbsp;&nbsp;&nbsp;rt_sched_thread_reset_priority
<LI><a href="#[1dd]">&gt;&gt;</a>&nbsp;&nbsp;&nbsp;rt_sched_thread_change_priority
</UL>

<P><STRONG><a name="[247]"></a>_scheduler_get_highest_priority_thread</STRONG> (Thumb, 28 bytes, Stack size 8 bytes, scheduler_up.o(.text))
<BR><BR>[Stack]<UL><LI>Max Depth = 8<LI>Call Chain = _scheduler_get_highest_priority_thread
</UL>
<BR>[Calls]<UL><LI><a href="#[24c]">&gt;&gt;</a>&nbsp;&nbsp;&nbsp;__rt_ffs
</UL>
<BR>[Called By]<UL><LI><a href="#[107]">&gt;&gt;</a>&nbsp;&nbsp;&nbsp;rt_schedule
<LI><a href="#[1be]">&gt;&gt;</a>&nbsp;&nbsp;&nbsp;rt_system_scheduler_start
</UL>

<P><STRONG><a name="[24d]"></a>_thread_detach_from_mutex</STRONG> (Thumb, 86 bytes, Stack size 24 bytes, thread.o(.text))
<BR><BR>[Stack]<UL><LI>Max Depth = 380<LI>Call Chain = _thread_detach_from_mutex &rArr; rt_mutex_release &rArr; rt_sched_thread_ready &rArr; rt_sched_thread_timer_stop &rArr; rt_timer_stop &rArr; rt_spin_unlock_irqrestore &rArr; rt_exit_critical_safe &rArr; rt_exit_critical &rArr; rt_schedule &rArr; rt_sched_remove_thread &rArr; rt_assert_handler &rArr; rt_kprintf &rArr; rt_vsnprintf &rArr; print_number &rArr; __aeabi_memclr4
</UL>
<BR>[Calls]<UL><LI><a href="#[106]">&gt;&gt;</a>&nbsp;&nbsp;&nbsp;rt_spin_unlock_irqrestore
<LI><a href="#[102]">&gt;&gt;</a>&nbsp;&nbsp;&nbsp;rt_spin_lock_irqsave
<LI><a href="#[f4]">&gt;&gt;</a>&nbsp;&nbsp;&nbsp;rt_mutex_release
<LI><a href="#[d2]">&gt;&gt;</a>&nbsp;&nbsp;&nbsp;rt_object_get_type
<LI><a href="#[1e4]">&gt;&gt;</a>&nbsp;&nbsp;&nbsp;rt_mutex_drop_thread
</UL>
<BR>[Called By]<UL><LI><a href="#[257]">&gt;&gt;</a>&nbsp;&nbsp;&nbsp;_thread_detach
<LI><a href="#[70]">&gt;&gt;</a>&nbsp;&nbsp;&nbsp;_thread_exit
</UL>

<P><STRONG><a name="[70]"></a>_thread_exit</STRONG> (Thumb, 46 bytes, Stack size 16 bytes, thread.o(.text))
<BR><BR>[Stack]<UL><LI>Max Depth = 396<LI>Call Chain = _thread_exit &rArr; _thread_detach_from_mutex &rArr; rt_mutex_release &rArr; rt_sched_thread_ready &rArr; rt_sched_thread_timer_stop &rArr; rt_timer_stop &rArr; rt_spin_unlock_irqrestore &rArr; rt_exit_critical_safe &rArr; rt_exit_critical &rArr; rt_schedule &rArr; rt_sched_remove_thread &rArr; rt_assert_handler &rArr; rt_kprintf &rArr; rt_vsnprintf &rArr; print_number &rArr; __aeabi_memclr4
</UL>
<BR>[Calls]<UL><LI><a href="#[107]">&gt;&gt;</a>&nbsp;&nbsp;&nbsp;rt_schedule
<LI><a href="#[c3]">&gt;&gt;</a>&nbsp;&nbsp;&nbsp;rt_thread_self
<LI><a href="#[112]">&gt;&gt;</a>&nbsp;&nbsp;&nbsp;rt_enter_critical
<LI><a href="#[24e]">&gt;&gt;</a>&nbsp;&nbsp;&nbsp;rt_thread_close
<LI><a href="#[24d]">&gt;&gt;</a>&nbsp;&nbsp;&nbsp;_thread_detach_from_mutex
<LI><a href="#[1c2]">&gt;&gt;</a>&nbsp;&nbsp;&nbsp;rt_thread_defunct_enqueue
<LI><a href="#[1c1]">&gt;&gt;</a>&nbsp;&nbsp;&nbsp;rt_exit_critical_safe
</UL>
<BR>[Address Reference Count : 1]<UL><LI> thread.o(.text)
</UL>
<P><STRONG><a name="[71]"></a>_thread_timeout</STRONG> (Thumb, 106 bytes, Stack size 16 bytes, thread.o(.text))
<BR><BR>[Stack]<UL><LI>Max Depth = 268<LI>Call Chain = _thread_timeout &rArr; rt_sched_unlock_n_resched &rArr; rt_schedule &rArr; rt_sched_remove_thread &rArr; rt_assert_handler &rArr; rt_kprintf &rArr; rt_vsnprintf &rArr; print_number &rArr; __aeabi_memclr4
</UL>
<BR>[Calls]<UL><LI><a href="#[d2]">&gt;&gt;</a>&nbsp;&nbsp;&nbsp;rt_object_get_type
<LI><a href="#[d1]">&gt;&gt;</a>&nbsp;&nbsp;&nbsp;rt_assert_handler
<LI><a href="#[241]">&gt;&gt;</a>&nbsp;&nbsp;&nbsp;rt_sched_insert_thread
<LI><a href="#[1e2]">&gt;&gt;</a>&nbsp;&nbsp;&nbsp;rt_sched_unlock_n_resched
<LI><a href="#[1de]">&gt;&gt;</a>&nbsp;&nbsp;&nbsp;rt_sched_thread_is_suspended
<LI><a href="#[1ca]">&gt;&gt;</a>&nbsp;&nbsp;&nbsp;rt_sched_lock
</UL>
<BR>[Address Reference Count : 1]<UL><LI> thread.o(.text)
</UL>
<P><STRONG><a name="[252]"></a>_thread_init</STRONG> (Thumb, 124 bytes, Stack size 32 bytes, thread.o(.text))
<BR><BR>[Stack]<UL><LI>Max Depth = 372<LI>Call Chain = _thread_init &rArr; rt_timer_init &rArr; rt_object_init &rArr; rt_spin_unlock_irqrestore &rArr; rt_exit_critical_safe &rArr; rt_exit_critical &rArr; rt_schedule &rArr; rt_sched_remove_thread &rArr; rt_assert_handler &rArr; rt_kprintf &rArr; rt_vsnprintf &rArr; print_number &rArr; __aeabi_memclr4
</UL>
<BR>[Calls]<UL><LI><a href="#[d7]">&gt;&gt;</a>&nbsp;&nbsp;&nbsp;rt_memset
<LI><a href="#[10a]">&gt;&gt;</a>&nbsp;&nbsp;&nbsp;rt_spin_lock_init
<LI><a href="#[254]">&gt;&gt;</a>&nbsp;&nbsp;&nbsp;rt_timer_init
<LI><a href="#[253]">&gt;&gt;</a>&nbsp;&nbsp;&nbsp;rt_hw_stack_init
<LI><a href="#[23d]">&gt;&gt;</a>&nbsp;&nbsp;&nbsp;rt_sched_thread_init_ctx
</UL>
<BR>[Called By]<UL><LI><a href="#[120]">&gt;&gt;</a>&nbsp;&nbsp;&nbsp;rt_thread_create
<LI><a href="#[1c8]">&gt;&gt;</a>&nbsp;&nbsp;&nbsp;rt_thread_init
</UL>

<P><STRONG><a name="[259]"></a>_thread_sleep</STRONG> (Thumb, 228 bytes, Stack size 32 bytes, thread.o(.text))
<BR><BR>[Stack]<UL><LI>Max Depth = 356<LI>Call Chain = _thread_sleep &rArr; rt_thread_suspend_with_flag &rArr; rt_thread_suspend_to_list &rArr; rt_sched_thread_timer_stop &rArr; rt_timer_stop &rArr; rt_spin_unlock_irqrestore &rArr; rt_exit_critical_safe &rArr; rt_exit_critical &rArr; rt_schedule &rArr; rt_sched_remove_thread &rArr; rt_assert_handler &rArr; rt_kprintf &rArr; rt_vsnprintf &rArr; print_number &rArr; __aeabi_memclr4
</UL>
<BR>[Calls]<UL><LI><a href="#[105]">&gt;&gt;</a>&nbsp;&nbsp;&nbsp;rt_timer_start
<LI><a href="#[104]">&gt;&gt;</a>&nbsp;&nbsp;&nbsp;rt_timer_control
<LI><a href="#[103]">&gt;&gt;</a>&nbsp;&nbsp;&nbsp;rt_thread_suspend_with_flag
<LI><a href="#[107]">&gt;&gt;</a>&nbsp;&nbsp;&nbsp;rt_schedule
<LI><a href="#[101]">&gt;&gt;</a>&nbsp;&nbsp;&nbsp;rt_interrupt_get_nest
<LI><a href="#[100]">&gt;&gt;</a>&nbsp;&nbsp;&nbsp;rt_critical_level
<LI><a href="#[d2]">&gt;&gt;</a>&nbsp;&nbsp;&nbsp;rt_object_get_type
<LI><a href="#[d1]">&gt;&gt;</a>&nbsp;&nbsp;&nbsp;rt_assert_handler
<LI><a href="#[c3]">&gt;&gt;</a>&nbsp;&nbsp;&nbsp;rt_thread_self
<LI><a href="#[b5]">&gt;&gt;</a>&nbsp;&nbsp;&nbsp;rt_kprintf
<LI><a href="#[112]">&gt;&gt;</a>&nbsp;&nbsp;&nbsp;rt_enter_critical
<LI><a href="#[1c1]">&gt;&gt;</a>&nbsp;&nbsp;&nbsp;rt_exit_critical_safe
</UL>
<BR>[Called By]<UL><LI><a href="#[b2]">&gt;&gt;</a>&nbsp;&nbsp;&nbsp;rt_thread_mdelay
<LI><a href="#[25a]">&gt;&gt;</a>&nbsp;&nbsp;&nbsp;rt_thread_delay
</UL>

<P><STRONG><a name="[257]"></a>_thread_detach</STRONG> (Thumb, 40 bytes, Stack size 16 bytes, thread.o(.text))
<BR><BR>[Stack]<UL><LI>Max Depth = 396<LI>Call Chain = _thread_detach &rArr; _thread_detach_from_mutex &rArr; rt_mutex_release &rArr; rt_sched_thread_ready &rArr; rt_sched_thread_timer_stop &rArr; rt_timer_stop &rArr; rt_spin_unlock_irqrestore &rArr; rt_exit_critical_safe &rArr; rt_exit_critical &rArr; rt_schedule &rArr; rt_sched_remove_thread &rArr; rt_assert_handler &rArr; rt_kprintf &rArr; rt_vsnprintf &rArr; print_number &rArr; __aeabi_memclr4
</UL>
<BR>[Calls]<UL><LI><a href="#[112]">&gt;&gt;</a>&nbsp;&nbsp;&nbsp;rt_enter_critical
<LI><a href="#[24e]">&gt;&gt;</a>&nbsp;&nbsp;&nbsp;rt_thread_close
<LI><a href="#[24d]">&gt;&gt;</a>&nbsp;&nbsp;&nbsp;_thread_detach_from_mutex
<LI><a href="#[1c2]">&gt;&gt;</a>&nbsp;&nbsp;&nbsp;rt_thread_defunct_enqueue
<LI><a href="#[1c1]">&gt;&gt;</a>&nbsp;&nbsp;&nbsp;rt_exit_critical_safe
</UL>
<BR>[Called By]<UL><LI><a href="#[125]">&gt;&gt;</a>&nbsp;&nbsp;&nbsp;rt_thread_delete
<LI><a href="#[256]">&gt;&gt;</a>&nbsp;&nbsp;&nbsp;rt_thread_detach
</UL>

<P><STRONG><a name="[265]"></a>_timer_start</STRONG> (Thumb, 132 bytes, Stack size 24 bytes, timer.o(.text))
<BR><BR>[Stack]<UL><LI>Max Depth = 40<LI>Call Chain = _timer_start &rArr; _timer_remove
</UL>
<BR>[Calls]<UL><LI><a href="#[e3]">&gt;&gt;</a>&nbsp;&nbsp;&nbsp;rt_tick_get
<LI><a href="#[262]">&gt;&gt;</a>&nbsp;&nbsp;&nbsp;_timer_remove
<LI><a href="#[266]">&gt;&gt;</a>&nbsp;&nbsp;&nbsp;rt_list_insert_after
</UL>
<BR>[Called By]<UL><LI><a href="#[105]">&gt;&gt;</a>&nbsp;&nbsp;&nbsp;rt_timer_start
<LI><a href="#[267]">&gt;&gt;</a>&nbsp;&nbsp;&nbsp;_timer_check
</UL>

<P><STRONG><a name="[267]"></a>_timer_check</STRONG> (Thumb, 180 bytes, Stack size 40 bytes, timer.o(.text))
<BR><BR>[Stack]<UL><LI>Max Depth = 308<LI>Call Chain = _timer_check &rArr; rt_spin_unlock_irqrestore &rArr; rt_exit_critical_safe &rArr; rt_exit_critical &rArr; rt_schedule &rArr; rt_sched_remove_thread &rArr; rt_assert_handler &rArr; rt_kprintf &rArr; rt_vsnprintf &rArr; print_number &rArr; __aeabi_memclr4
</UL>
<BR>[Calls]<UL><LI><a href="#[106]">&gt;&gt;</a>&nbsp;&nbsp;&nbsp;rt_spin_unlock_irqrestore
<LI><a href="#[102]">&gt;&gt;</a>&nbsp;&nbsp;&nbsp;rt_spin_lock_irqsave
<LI><a href="#[e3]">&gt;&gt;</a>&nbsp;&nbsp;&nbsp;rt_tick_get
<LI><a href="#[262]">&gt;&gt;</a>&nbsp;&nbsp;&nbsp;_timer_remove
<LI><a href="#[268]">&gt;&gt;</a>&nbsp;&nbsp;&nbsp;rt_list_isempty
<LI><a href="#[269]">&gt;&gt;</a>&nbsp;&nbsp;&nbsp;rt_list_remove
<LI><a href="#[266]">&gt;&gt;</a>&nbsp;&nbsp;&nbsp;rt_list_insert_after
<LI><a href="#[265]">&gt;&gt;</a>&nbsp;&nbsp;&nbsp;_timer_start
</UL>
<BR>[Called By]<UL><LI><a href="#[1b3]">&gt;&gt;</a>&nbsp;&nbsp;&nbsp;rt_timer_check
</UL>

<P><STRONG><a name="[266]"></a>rt_list_insert_after</STRONG> (Thumb, 14 bytes, Stack size 0 bytes, timer.o(.text))
<BR><BR>[Called By]<UL><LI><a href="#[267]">&gt;&gt;</a>&nbsp;&nbsp;&nbsp;_timer_check
<LI><a href="#[265]">&gt;&gt;</a>&nbsp;&nbsp;&nbsp;_timer_start
</UL>

<P><STRONG><a name="[269]"></a>rt_list_remove</STRONG> (Thumb, 18 bytes, Stack size 0 bytes, timer.o(.text))
<BR><BR>[Called By]<UL><LI><a href="#[262]">&gt;&gt;</a>&nbsp;&nbsp;&nbsp;_timer_remove
<LI><a href="#[267]">&gt;&gt;</a>&nbsp;&nbsp;&nbsp;_timer_check
</UL>

<P><STRONG><a name="[268]"></a>rt_list_isempty</STRONG> (Thumb, 14 bytes, Stack size 0 bytes, timer.o(.text))
<BR><BR>[Called By]<UL><LI><a href="#[26b]">&gt;&gt;</a>&nbsp;&nbsp;&nbsp;rt_timer_next_timeout_tick
<LI><a href="#[267]">&gt;&gt;</a>&nbsp;&nbsp;&nbsp;_timer_check
</UL>

<P><STRONG><a name="[261]"></a>_timer_init</STRONG> (Thumb, 38 bytes, Stack size 8 bytes, timer.o(.text))
<BR><BR>[Stack]<UL><LI>Max Depth = 8<LI>Call Chain = _timer_init
</UL>
<BR>[Called By]<UL><LI><a href="#[263]">&gt;&gt;</a>&nbsp;&nbsp;&nbsp;rt_timer_create
<LI><a href="#[254]">&gt;&gt;</a>&nbsp;&nbsp;&nbsp;rt_timer_init
</UL>

<P><STRONG><a name="[262]"></a>_timer_remove</STRONG> (Thumb, 24 bytes, Stack size 16 bytes, timer.o(.text))
<BR><BR>[Stack]<UL><LI>Max Depth = 16<LI>Call Chain = _timer_remove
</UL>
<BR>[Calls]<UL><LI><a href="#[269]">&gt;&gt;</a>&nbsp;&nbsp;&nbsp;rt_list_remove
</UL>
<BR>[Called By]<UL><LI><a href="#[104]">&gt;&gt;</a>&nbsp;&nbsp;&nbsp;rt_timer_control
<LI><a href="#[264]">&gt;&gt;</a>&nbsp;&nbsp;&nbsp;rt_timer_delete
<LI><a href="#[267]">&gt;&gt;</a>&nbsp;&nbsp;&nbsp;_timer_check
<LI><a href="#[265]">&gt;&gt;</a>&nbsp;&nbsp;&nbsp;_timer_start
<LI><a href="#[250]">&gt;&gt;</a>&nbsp;&nbsp;&nbsp;rt_timer_detach
<LI><a href="#[240]">&gt;&gt;</a>&nbsp;&nbsp;&nbsp;rt_timer_stop
</UL>

<P><STRONG><a name="[275]"></a>scanf_parse</STRONG> (Thumb, 1656 bytes, Stack size 120 bytes, rt_vsscanf.o(.text), UNUSED)
<BR><BR>[Calls]<UL><LI><a href="#[141]">&gt;&gt;</a>&nbsp;&nbsp;&nbsp;rt_memcpy
<LI><a href="#[c6]">&gt;&gt;</a>&nbsp;&nbsp;&nbsp;rt_strlen
<LI><a href="#[276]">&gt;&gt;</a>&nbsp;&nbsp;&nbsp;__sccl
<LI><a href="#[277]">&gt;&gt;</a>&nbsp;&nbsp;&nbsp;rt_strncmp
<LI><a href="#[27a]">&gt;&gt;</a>&nbsp;&nbsp;&nbsp;__hardfp_strtold
<LI><a href="#[27d]">&gt;&gt;</a>&nbsp;&nbsp;&nbsp;__hardfp_strtof
<LI><a href="#[27b]">&gt;&gt;</a>&nbsp;&nbsp;&nbsp;__hardfp_strtod
<LI><a href="#[27c]">&gt;&gt;</a>&nbsp;&nbsp;&nbsp;__aeabi_cdcmpeq
<LI><a href="#[279]">&gt;&gt;</a>&nbsp;&nbsp;&nbsp;strtoull
<LI><a href="#[278]">&gt;&gt;</a>&nbsp;&nbsp;&nbsp;strtoll
<LI><a href="#[18c]">&gt;&gt;</a>&nbsp;&nbsp;&nbsp;__rt_ctype_table
</UL>
<BR>[Called By]<UL><LI><a href="#[26f]">&gt;&gt;</a>&nbsp;&nbsp;&nbsp;rt_vsscanf
</UL>

<P><STRONG><a name="[276]"></a>__sccl</STRONG> (Thumb, 106 bytes, Stack size 24 bytes, rt_vsscanf.o(.text), UNUSED)
<BR><BR>[Calls]<UL><LI><a href="#[d7]">&gt;&gt;</a>&nbsp;&nbsp;&nbsp;rt_memset
</UL>
<BR>[Called By]<UL><LI><a href="#[275]">&gt;&gt;</a>&nbsp;&nbsp;&nbsp;scanf_parse
</UL>

<P><STRONG><a name="[27e]"></a>print_number</STRONG> (Thumb, 464 bytes, Stack size 80 bytes, rt_vsnprintf_tiny.o(.text))
<BR><BR>[Stack]<UL><LI>Max Depth = 84<LI>Call Chain = print_number &rArr; __aeabi_memclr4
</UL>
<BR>[Calls]<UL><LI><a href="#[27f]">&gt;&gt;</a>&nbsp;&nbsp;&nbsp;__aeabi_memclr4
</UL>
<BR>[Called By]<UL><LI><a href="#[21b]">&gt;&gt;</a>&nbsp;&nbsp;&nbsp;rt_vsnprintf
</UL>

<P><STRONG><a name="[280]"></a>skip_atoi</STRONG> (Thumb, 40 bytes, Stack size 8 bytes, rt_vsnprintf_tiny.o(.text))
<BR><BR>[Stack]<UL><LI>Max Depth = 8<LI>Call Chain = skip_atoi
</UL>
<BR>[Called By]<UL><LI><a href="#[21b]">&gt;&gt;</a>&nbsp;&nbsp;&nbsp;rt_vsnprintf
</UL>

<P><STRONG><a name="[283]"></a>bus_fault_track</STRONG> (Thumb, 110 bytes, Stack size 8 bytes, cpuport.o(.text))
<BR><BR>[Stack]<UL><LI>Max Depth = 188<LI>Call Chain = bus_fault_track &rArr; rt_kprintf &rArr; rt_vsnprintf &rArr; print_number &rArr; __aeabi_memclr4
</UL>
<BR>[Calls]<UL><LI><a href="#[b5]">&gt;&gt;</a>&nbsp;&nbsp;&nbsp;rt_kprintf
</UL>
<BR>[Called By]<UL><LI><a href="#[284]">&gt;&gt;</a>&nbsp;&nbsp;&nbsp;hard_fault_track
</UL>

<P><STRONG><a name="[284]"></a>hard_fault_track</STRONG> (Thumb, 76 bytes, Stack size 8 bytes, cpuport.o(.text))
<BR><BR>[Stack]<UL><LI>Max Depth = 196<LI>Call Chain = hard_fault_track &rArr; mem_manage_fault_track &rArr; rt_kprintf &rArr; rt_vsnprintf &rArr; print_number &rArr; __aeabi_memclr4
</UL>
<BR>[Calls]<UL><LI><a href="#[b5]">&gt;&gt;</a>&nbsp;&nbsp;&nbsp;rt_kprintf
<LI><a href="#[285]">&gt;&gt;</a>&nbsp;&nbsp;&nbsp;mem_manage_fault_track
<LI><a href="#[286]">&gt;&gt;</a>&nbsp;&nbsp;&nbsp;usage_fault_track
<LI><a href="#[283]">&gt;&gt;</a>&nbsp;&nbsp;&nbsp;bus_fault_track
</UL>
<BR>[Called By]<UL><LI><a href="#[282]">&gt;&gt;</a>&nbsp;&nbsp;&nbsp;rt_hw_hard_fault_exception
</UL>

<P><STRONG><a name="[286]"></a>usage_fault_track</STRONG> (Thumb, 102 bytes, Stack size 8 bytes, cpuport.o(.text))
<BR><BR>[Stack]<UL><LI>Max Depth = 188<LI>Call Chain = usage_fault_track &rArr; rt_kprintf &rArr; rt_vsnprintf &rArr; print_number &rArr; __aeabi_memclr4
</UL>
<BR>[Calls]<UL><LI><a href="#[b5]">&gt;&gt;</a>&nbsp;&nbsp;&nbsp;rt_kprintf
</UL>
<BR>[Called By]<UL><LI><a href="#[284]">&gt;&gt;</a>&nbsp;&nbsp;&nbsp;hard_fault_track
</UL>

<P><STRONG><a name="[285]"></a>mem_manage_fault_track</STRONG> (Thumb, 100 bytes, Stack size 8 bytes, cpuport.o(.text))
<BR><BR>[Stack]<UL><LI>Max Depth = 188<LI>Call Chain = mem_manage_fault_track &rArr; rt_kprintf &rArr; rt_vsnprintf &rArr; print_number &rArr; __aeabi_memclr4
</UL>
<BR>[Calls]<UL><LI><a href="#[b5]">&gt;&gt;</a>&nbsp;&nbsp;&nbsp;rt_kprintf
</UL>
<BR>[Called By]<UL><LI><a href="#[284]">&gt;&gt;</a>&nbsp;&nbsp;&nbsp;hard_fault_track
</UL>

<P><STRONG><a name="[291]"></a>system_clock_168m_25m_hxtal</STRONG> (Thumb, 158 bytes, Stack size 8 bytes, system_gd32f4xx.o(.text))
<BR><BR>[Stack]<UL><LI>Max Depth = 8<LI>Call Chain = system_clock_168m_25m_hxtal
</UL>
<BR>[Called By]<UL><LI><a href="#[72]">&gt;&gt;</a>&nbsp;&nbsp;&nbsp;SystemInit
</UL>

<P><STRONG><a name="[29a]"></a>_local_sscanf</STRONG> (Thumb, 60 bytes, Stack size 56 bytes, strtod.o(.text), UNUSED)
<BR><BR>[Calls]<UL><LI><a href="#[29b]">&gt;&gt;</a>&nbsp;&nbsp;&nbsp;_scanf_real
</UL>
<BR>[Called By]<UL><LI><a href="#[29c]">&gt;&gt;</a>&nbsp;&nbsp;&nbsp;__strtod_int
</UL>

<P><STRONG><a name="[2a6]"></a>_fp_value</STRONG> (Thumb, 588 bytes, Stack size 96 bytes, scanf_fp.o(.text), UNUSED)
<BR><BR>[Calls]<UL><LI><a href="#[293]">&gt;&gt;</a>&nbsp;&nbsp;&nbsp;__aeabi_errno_addr
<LI><a href="#[2a8]">&gt;&gt;</a>&nbsp;&nbsp;&nbsp;_btod_emuld
<LI><a href="#[2a9]">&gt;&gt;</a>&nbsp;&nbsp;&nbsp;_btod_edivd
<LI><a href="#[2a7]">&gt;&gt;</a>&nbsp;&nbsp;&nbsp;_btod_etento
<LI><a href="#[1]">&gt;&gt;</a>&nbsp;&nbsp;&nbsp;__ieee_status
</UL>
<BR>[Called By]<UL><LI><a href="#[2aa]">&gt;&gt;</a>&nbsp;&nbsp;&nbsp;_scanf_really_real
</UL>
<P>
<H3>
Undefined Global Symbols
</H3><HR></body></html>
